[guard] avail RAM 16G | GPU used 81MiB, compute procs 0 | load 1
[guard] hard caps on: RAM<=9G (no swap), CPU<=300%
2026-09-29 14:34:47,058 checkpoint_path: data/logs/checkpoints/release_r2r/ckpt.iter12000.pth
2026-09-29 14:34:47,061 Initializing dataset VLN-CE-v1
2026-09-29 14:34:47,081 SPLTI: tour_zsNo4H_n15_s1_o0, NUMBER OF SCENES: 1
2026-09-29 14:34:49,619 Initializing dataset VLN-CE-v1
2026-09-29 14:34:49,639 initializing sim Sim-v1
WARNING: Logging before InitGoogleLogging() is written to STDERR
I0929 14:34:49.644732 22990 ManagedContainerBase.cpp:19] ManagedContainerBase::convertFilenameToJSON : Filename : default changed to proposed JSON configuration filename : default.scene_dataset_config.json
I0929 14:34:49.644758 22990 AttributesManagerBase.h:283] AttributesManager<T>::createFromJsonOrDefaultInternal  (Dataset) : Proposing JSON name : default.scene_dataset_config.json from original name : default | This file  does not exist.
I0929 14:34:49.644815 22990 AssetAttributesManager.cpp:117] Asset attributes (capsule3DSolid : capsule3DSolid_hemiRings_4_cylRings_1_segments_12_halfLen_0.75_useTexCoords_false_useTangents_false) created and registered.
I0929 14:34:49.644833 22990 AssetAttributesManager.cpp:117] Asset attributes (capsule3DWireframe : capsule3DWireframe_hemiRings_8_cylRings_1_segments_16_halfLen_1) created and registered.
I0929 14:34:49.644850 22990 AssetAttributesManager.cpp:117] Asset attributes (coneSolid : coneSolid_segments_12_halfLen_1.25_rings_1_useTexCoords_false_useTangents_false_capEnd_true) created and registered.
I0929 14:34:49.644858 22990 AssetAttributesManager.cpp:117] Asset attributes (coneWireframe : coneWireframe_segments_32_halfLen_1.25) created and registered.
I0929 14:34:49.644863 22990 AssetAttributesManager.cpp:117] Asset attributes (cubeSolid : cubeSolid) created and registered.
I0929 14:34:49.644868 22990 AssetAttributesManager.cpp:117] Asset attributes (cubeWireframe : cubeWireframe) created and registered.
I0929 14:34:49.644881 22990 AssetAttributesManager.cpp:117] Asset attributes (cylinderSolid : cylinderSolid_rings_1_segments_12_halfLen_1_useTexCoords_false_useTangents_false_capEnds_true) created and registered.
I0929 14:34:49.644891 22990 AssetAttributesManager.cpp:117] Asset attributes (cylinderWireframe : cylinderWireframe_rings_1_segments_32_halfLen_1) created and registered.
I0929 14:34:49.644898 22990 AssetAttributesManager.cpp:117] Asset attributes (icosphereSolid : icosphereSolid_subdivs_1) created and registered.
I0929 14:34:49.644904 22990 AssetAttributesManager.cpp:117] Asset attributes (icosphereWireframe : icosphereWireframe_subdivs_1) created and registered.
I0929 14:34:49.644913 22990 AssetAttributesManager.cpp:117] Asset attributes (uvSphereSolid : uvSphereSolid_rings_8_segments_16_useTexCoords_false_useTangents_false) created and registered.
I0929 14:34:49.644920 22990 AssetAttributesManager.cpp:117] Asset attributes (uvSphereWireframe : uvSphereWireframe_rings_16_segments_32) created and registered.
I0929 14:34:49.644928 22990 AssetAttributesManager.cpp:105] AssetAttributesManager::buildCtorFuncPtrMaps : Built default primitive asset templates : 12
I0929 14:34:49.645188 22990 SceneDatasetAttributesManager.cpp:23] File (default) not found, so new default dataset attributes created and registered.
I0929 14:34:49.645190 22990 MetadataMediator.cpp:47] MetadataMediator::createDataset : Dataset default successfully created.
I0929 14:34:49.647212 22990 AttributesManagerBase.h:283] AttributesManager<T>::createFromJsonOrDefaultInternal  (Physics Manager) : Proposing JSON name : ./data/default.physics_config.json from original name : ./data/default.physics_config.json | This file  does not exist.
I0929 14:34:49.647222 22990 PhysicsAttributesManager.cpp:27] File (./data/default.physics_config.json) not found, so new default physics manager attributes created and registered.
I0929 14:34:49.647225 22990 AbstractObjectAttributesManagerBase.h:175] AbstractObjectAttributesManager<T>::createObject  (Stage) : Making attributes with handle : data/scene_datasets/mp3d/zsNo4HB9uLZ/zsNo4HB9uLZ.glb
I0929 14:34:49.647235 22990 ManagedContainerBase.cpp:19] ManagedContainerBase::convertFilenameToJSON : Filename : data/scene_datasets/mp3d/zsNo4HB9uLZ/zsNo4HB9uLZ.glb changed to proposed JSON configuration filename : data/scene_datasets/mp3d/zsNo4HB9uLZ/zsNo4HB9uLZ.stage_config.json
I0929 14:34:49.647240 22990 AttributesManagerBase.h:283] AttributesManager<T>::createFromJsonOrDefaultInternal  (Stage) : Proposing JSON name : data/scene_datasets/mp3d/zsNo4HB9uLZ/zsNo4HB9uLZ.stage_config.json from original name : data/scene_datasets/mp3d/zsNo4HB9uLZ/zsNo4HB9uLZ.glb | This file  does not exist.
I0929 14:34:49.647270 22990 AbstractObjectAttributesManagerBase.h:181] AbstractObjectAttributesManager<T>::createObject  (Stage) : Done making attributes with handle : data/scene_datasets/mp3d/zsNo4HB9uLZ/zsNo4HB9uLZ.glb
I0929 14:34:49.647271 22990 AbstractObjectAttributesManagerBase.h:188] File (data/scene_datasets/mp3d/zsNo4HB9uLZ/zsNo4HB9uLZ.glb) exists but is not a recognized config filename extension, so new default Stage attributes created and registered.
I0929 14:34:49.647275 22990 Simulator.cpp:156] Loading navmesh from data/scene_datasets/mp3d/zsNo4HB9uLZ/zsNo4HB9uLZ.navmesh
I0929 14:34:49.647329 22990 Simulator.cpp:158] Loaded.
I0929 14:34:49.647336 22990 SceneGraph.h:93] Created DrawableGroup: 
Renderer: NVIDIA T1000 8GB/PCIe/SSE2 by NVIDIA Corporation
OpenGL version: 4.6.0 NVIDIA 590.48.01
Using optional features:
    GL_ARB_ES2_compatibility
    GL_ARB_direct_state_access
    GL_ARB_get_texture_sub_image
    GL_ARB_invalidate_subdata
    GL_ARB_multi_bind
    GL_ARB_robustness
    GL_ARB_separate_shader_objects
    GL_ARB_texture_filter_anisotropic
    GL_ARB_texture_storage
    GL_ARB_texture_storage_multisample
    GL_ARB_vertex_array_object
    GL_KHR_debug
Using driver workarounds:
    no-forward-compatible-core-context
    nv-egl-incorrect-gl11-function-pointers
    no-layout-qualifiers-on-old-glsl
    nv-zero-context-profile-mask
    nv-implementation-color-read-format-dsa-broken
    nv-cubemap-inconsistent-compressed-image-size
    nv-cubemap-broken-full-compressed-image-query
    nv-compressed-block-size-in-bits
I0929 14:34:49.745127 22990 ResourceManager.cpp:234] ResourceManager::loadStage : Not loading semantic mesh
I0929 14:34:49.745136 22990 ResourceManager.cpp:262] ResourceManager::loadStage : start load render asset data/scene_datasets/mp3d/zsNo4HB9uLZ/zsNo4HB9uLZ.glb.
I0929 14:34:49.745136 22990 ResourceManager.cpp:569] ResourceManager::loadStageInternal : Attempting to load stage data/scene_datasets/mp3d/zsNo4HB9uLZ/zsNo4HB9uLZ.glb 
I0929 14:34:49.745147 22990 ResourceManager.cpp:1119] Importing Basis files as BC7 for zsNo4HB9uLZ.glb
W0929 14:34:50.610908 22990 Simulator.cpp:248] :
---
 The active scene does not contain semantic annotations. 
---
I0929 14:34:50.649925 22990 simulator.py:213] Loaded navmesh data/scene_datasets/mp3d/zsNo4HB9uLZ/zsNo4HB9uLZ.navmesh
2026-09-29 14:34:50,654 Initializing task VLN-v0
You are using a model of type bert to instantiate a model of type . This is not supported for all configurations of models and can yield errors.
Some weights of the model checkpoint at None were not used when initializing GlocalTextPathNavCMT: ['bert.global_encoder.encoder.x_layers.2.lang_output.dense.bias', 'bert.global_encoder.encoder.x_layers.0.lang_inter.dense.bias', 'bert.global_encoder.encoder.x_layers.2.lang_inter.dense.weight', 'bert.global_encoder.encoder.x_layers.0.lang_self_att.output.LayerNorm.weight', 'bert.global_encoder.encoder.x_layers.2.lang_output.dense.weight', 'bert.global_encoder.encoder.x_layers.2.lang_self_att.self.key.weight', 'bert.global_encoder.encoder.x_layers.1.lang_inter.dense.bias', 'bert.global_encoder.encoder.x_layers.2.lang_self_att.output.dense.weight', 'bert.global_encoder.encoder.x_layers.2.lang_self_att.self.key.bias', 'bert.global_encoder.encoder.x_layers.3.lang_self_att.self.key.weight', 'bert.global_encoder.encoder.x_layers.3.lang_output.dense.weight', 'bert.global_encoder.encoder.x_layers.1.lang_self_att.self.value.weight', 'bert.global_encoder.encoder.x_layers.0.lang_self_att.self.value.weight', 'bert.global_encoder.encoder.x_layers.1.lang_output.LayerNorm.weight', 'bert.global_encoder.encoder.x_layers.2.lang_output.LayerNorm.weight', 'bert.global_encoder.encoder.x_layers.2.lang_self_att.output.dense.bias', 'mlm_head.predictions.transform.LayerNorm.bias', 'bert.global_encoder.encoder.x_layers.3.lang_self_att.output.LayerNorm.bias', 'bert.global_encoder.encoder.x_layers.0.lang_self_att.self.key.weight', 'bert.global_encoder.encoder.x_layers.1.lang_self_att.output.LayerNorm.bias', 'bert.global_encoder.encoder.x_layers.3.lang_self_att.self.value.weight', 'bert.global_encoder.encoder.x_layers.2.lang_self_att.self.query.weight', 'bert.global_encoder.encoder.x_layers.0.lang_output.dense.weight', 'bert.global_encoder.encoder.x_layers.0.lang_self_att.output.dense.weight', 'bert.global_encoder.encoder.x_layers.1.lang_inter.dense.weight', 'bert.global_encoder.encoder.x_layers.1.lang_self_att.self.key.bias', 'bert.global_encoder.encoder.x_layers.2.lang_output.LayerNorm.bias', 'bert.global_encoder.encoder.x_layers.3.lang_output.LayerNorm.bias', 'bert.global_encoder.encoder.x_layers.2.lang_self_att.self.value.bias', 'bert.global_encoder.encoder.x_layers.3.lang_self_att.output.dense.weight', 'bert.global_encoder.encoder.x_layers.3.lang_self_att.output.LayerNorm.weight', 'bert.global_encoder.encoder.x_layers.1.lang_self_att.output.dense.weight', 'bert.global_encoder.encoder.x_layers.1.lang_output.dense.weight', 'bert.global_encoder.encoder.x_layers.0.lang_self_att.self.query.weight', 'bert.global_encoder.encoder.x_layers.0.lang_self_att.self.value.bias', 'bert.global_encoder.encoder.x_layers.3.lang_inter.dense.bias', 'bert.global_encoder.encoder.x_layers.3.lang_output.LayerNorm.weight', 'bert.global_encoder.encoder.x_layers.0.lang_self_att.self.key.bias', 'bert.global_encoder.encoder.x_layers.0.lang_self_att.output.LayerNorm.bias', 'bert.global_encoder.encoder.x_layers.3.lang_self_att.self.value.bias', 'bert.global_encoder.encoder.x_layers.3.lang_self_att.self.key.bias', 'bert.global_encoder.encoder.x_layers.3.lang_inter.dense.weight', 'bert.global_encoder.encoder.x_layers.3.lang_output.dense.bias', 'bert.global_encoder.encoder.x_layers.1.lang_output.LayerNorm.bias', 'bert.global_encoder.encoder.x_layers.2.lang_self_att.self.value.weight', 'bert.global_encoder.encoder.x_layers.3.lang_self_att.self.query.weight', 'bert.global_encoder.encoder.x_layers.2.lang_inter.dense.bias', 'bert.global_encoder.encoder.x_layers.1.lang_self_att.self.query.weight', 'mlm_head.predictions.transform.dense.bias', 'bert.global_encoder.encoder.x_layers.1.lang_output.dense.bias', 'mlm_head.predictions.bias', 'bert.global_encoder.encoder.x_layers.1.lang_self_att.self.query.bias', 'bert.global_encoder.encoder.x_layers.1.lang_self_att.self.key.weight', 'bert.global_encoder.encoder.x_layers.3.lang_self_att.self.query.bias', 'bert.global_encoder.encoder.x_layers.1.lang_self_att.output.dense.bias', 'bert.global_encoder.encoder.x_layers.0.lang_output.LayerNorm.weight', 'mlm_head.predictions.transform.LayerNorm.weight', 'bert.global_encoder.encoder.x_layers.1.lang_self_att.output.LayerNorm.weight', 'bert.global_encoder.encoder.x_layers.0.lang_inter.dense.weight', 'bert.global_encoder.encoder.x_layers.0.lang_output.dense.bias', 'bert.global_encoder.encoder.x_layers.2.lang_self_att.self.query.bias', 'bert.global_encoder.encoder.x_layers.2.lang_self_att.output.LayerNorm.bias', 'bert.global_encoder.encoder.x_layers.0.lang_self_att.output.dense.bias', 'bert.global_encoder.encoder.x_layers.0.lang_output.LayerNorm.bias', 'bert.global_encoder.encoder.x_layers.2.lang_self_att.output.LayerNorm.weight', 'bert.global_encoder.encoder.x_layers.3.lang_self_att.output.dense.bias', 'mlm_head.predictions.decoder.weight', 'bert.global_encoder.encoder.x_layers.1.lang_self_att.self.value.bias', 'mlm_head.predictions.transform.dense.weight', 'bert.global_encoder.encoder.x_layers.0.lang_self_att.self.query.bias']
- This IS expected if you are initializing GlocalTextPathNavCMT from the checkpoint of a model trained on another task or with another architecture (e.g. initializing a BertForSequenceClassification model from a BertForPreTraining model).
- This IS NOT expected if you are initializing GlocalTextPathNavCMT from the checkpoint of a model that you expect to be exactly identical (initializing a BertForSequenceClassification model from a BertForSequenceClassification model).
2026-09-29 14:34:55,595 Loaded weights from checkpoint: data/logs/checkpoints/release_r2r/ckpt.iter12000.pth, iteration: 12000
2026-09-29 14:34:55,597 Agent parameters: 299.14 MB. Trainable: 140.79 MB.
2026-09-29 14:34:55,597 Finished setting up policy.
local rank: 0 | dataset length: 15

Initalizing the ETP model ...
  0%|          | 0/15 [00:00<?, ?it/s]  7%|▋         | 1/15 [00:06<01:37,  6.97s/it] 13%|█▎        | 2/15 [00:13<01:30,  6.93s/it] 20%|██        | 3/15 [00:18<01:10,  5.87s/it] 27%|██▋       | 4/15 [00:26<01:12,  6.60s/it] 33%|███▎      | 5/15 [00:30<00:58,  5.90s/it] 40%|████      | 6/15 [00:35<00:49,  5.47s/it] 47%|████▋     | 7/15 [00:38<00:37,  4.70s/it] 53%|█████▎    | 8/15 [00:43<00:32,  4.68s/it] 60%|██████    | 9/15 [00:50<00:32,  5.39s/it] 67%|██████▋   | 10/15 [00:54<00:25,  5.16s/it] 73%|███████▎  | 11/15 [01:01<00:21,  5.49s/it] 80%|████████  | 12/15 [01:04<00:14,  5.00s/it] 87%|████████▋ | 13/15 [01:12<00:11,  5.83s/it] 93%|█████████▎| 14/15 [01:17<00:05,  5.48s/it]100%|██████████| 15/15 [01:21<00:00,  5.00s/it]I0929 14:36:16.850812 22990 PhysicsManager.cpp:33] Deconstructing PhysicsManager
I0929 14:36:16.850832 22990 SemanticScene.h:41] Deconstructing SemanticScene
I0929 14:36:16.851868 22990 SceneManager.h:25] Deconstructing SceneManager
I0929 14:36:16.851876 22990 SceneGraph.h:26] Deconstructing SceneGraph
I0929 14:36:16.852104 22990 Sensor.h:87] Deconstructing Sensor
I0929 14:36:16.852244 22990 Sensor.h:87] Deconstructing Sensor
I0929 14:36:16.852344 22990 Sensor.h:87] Deconstructing Sensor
I0929 14:36:16.852427 22990 Sensor.h:87] Deconstructing Sensor
I0929 14:36:16.852509 22990 Sensor.h:87] Deconstructing Sensor
I0929 14:36:16.852595 22990 Sensor.h:87] Deconstructing Sensor
I0929 14:36:16.852676 22990 Sensor.h:87] Deconstructing Sensor
I0929 14:36:16.852759 22990 Sensor.h:87] Deconstructing Sensor
I0929 14:36:16.852852 22990 Sensor.h:87] Deconstructing Sensor
I0929 14:36:16.852934 22990 Sensor.h:87] Deconstructing Sensor
I0929 14:36:16.853020 22990 Sensor.h:87] Deconstructing Sensor
I0929 14:36:16.853101 22990 Sensor.h:87] Deconstructing Sensor
I0929 14:36:16.853178 22990 Sensor.h:87] Deconstructing Sensor
I0929 14:36:16.853284 22990 Sensor.h:87] Deconstructing Sensor
I0929 14:36:16.853389 22990 Sensor.h:87] Deconstructing Sensor
I0929 14:36:16.853492 22990 Sensor.h:87] Deconstructing Sensor
I0929 14:36:16.853595 22990 Sensor.h:87] Deconstructing Sensor
I0929 14:36:16.853703 22990 Sensor.h:87] Deconstructing Sensor
I0929 14:36:16.853809 22990 Sensor.h:87] Deconstructing Sensor
I0929 14:36:16.853914 22990 Sensor.h:87] Deconstructing Sensor
I0929 14:36:16.854017 22990 Sensor.h:87] Deconstructing Sensor
I0929 14:36:16.854118 22990 Sensor.h:87] Deconstructing Sensor
I0929 14:36:16.854218 22990 Sensor.h:87] Deconstructing Sensor
I0929 14:36:16.854285 22990 Sensor.h:87] Deconstructing Sensor
I0929 14:36:16.855707 22990 Renderer.cpp:34] Deconstructing Renderer
I0929 14:36:16.855717 22990 WindowlessContext.h:17] Deconstructing WindowlessContext
I0929 14:36:16.858350 22990 Simulator.cpp:49] Deconstructing Simulator
2026-09-29 14:36:16,865 Episodes evaluated: 15
2026-09-29 14:36:16,865 Average episode steps_taken: 53.266667
2026-09-29 14:36:16,865 Average episode distance_to_goal: 2.157206
2026-09-29 14:36:16,865 Average episode success: 0.800000
2026-09-29 14:36:16,865 Average episode oracle_success: 0.800000
2026-09-29 14:36:16,866 Average episode path_length: 8.485367
2026-09-29 14:36:16,866 Average episode collisions: 0.026492
2026-09-29 14:36:16,866 Average episode spl: 0.771625
2026-09-29 14:36:16,866 Average episode ndtw: 0.837093
2026-09-29 14:36:16,866 Average episode sdtw: 0.720687
2026-09-29 14:36:16,866 Average episode ghost_cnt: 160.600000
2026-09-29 14:36:16,866 Average episode tour_idx: 7.000000
2026-09-29 14:36:16,866 Average episode g_nodes_total: 58.333333
2026-09-29 14:36:16,866 Average episode g_ghosts_total: 115.400000
2026-09-29 14:36:16,866 Average episode g_active_mean: 15.267778
2026-09-29 14:36:16,866 Average episode g_old_visible_mean: 11.267778
2026-09-29 14:36:16,866 Average episode g_comp_mean: 48.464444
2026-09-29 14:36:16,866 Average episode g_ghosts_visible_mean: 10.060741
2026-09-29 14:36:16,866 Average episode g_reloc_mean: 2.207037
2026-09-29 14:36:16,866 Average episode g_old_visible_max: 14.266667
2026-09-29 14:36:16,866 Average episode g_start_reloc: 1.466667
2026-09-29 14:36:16,866 Average episode g_start_comp: 36.066667
2026-09-29 14:36:16,866 Average episode g_stop_no_vp_left: 0.000000
100%|██████████| 15/15 [01:21<00:00,  5.42s/it]
[guard] finished rc=0 in 93s | peak footprint vs baseline: RAM +5308MiB, VRAM +2677MiB
