[guard] avail RAM 16G | GPU used 81MiB, compute procs 0 | load 1
[guard] hard caps on: RAM<=9G (no swap), CPU<=300%
2026-09-29 14:54:37,948 checkpoint_path: data/logs/checkpoints/release_r2r/ckpt.iter12000.pth
2026-09-29 14:54:37,948 Initializing dataset VLN-CE-v1
2026-09-29 14:54:37,969 SPLTI: tour_zsNo4H_n15_s2_o0, NUMBER OF SCENES: 1
2026-09-29 14:54:39,886 Initializing dataset VLN-CE-v1
2026-09-29 14:54:39,907 initializing sim Sim-v1
WARNING: Logging before InitGoogleLogging() is written to STDERR
I0929 14:54:39.912212 32334 ManagedContainerBase.cpp:19] ManagedContainerBase::convertFilenameToJSON : Filename : default changed to proposed JSON configuration filename : default.scene_dataset_config.json
I0929 14:54:39.912235 32334 AttributesManagerBase.h:283] AttributesManager<T>::createFromJsonOrDefaultInternal  (Dataset) : Proposing JSON name : default.scene_dataset_config.json from original name : default | This file  does not exist.
I0929 14:54:39.912276 32334 AssetAttributesManager.cpp:117] Asset attributes (capsule3DSolid : capsule3DSolid_hemiRings_4_cylRings_1_segments_12_halfLen_0.75_useTexCoords_false_useTangents_false) created and registered.
I0929 14:54:39.912297 32334 AssetAttributesManager.cpp:117] Asset attributes (capsule3DWireframe : capsule3DWireframe_hemiRings_8_cylRings_1_segments_16_halfLen_1) created and registered.
I0929 14:54:39.912312 32334 AssetAttributesManager.cpp:117] Asset attributes (coneSolid : coneSolid_segments_12_halfLen_1.25_rings_1_useTexCoords_false_useTangents_false_capEnd_true) created and registered.
I0929 14:54:39.912322 32334 AssetAttributesManager.cpp:117] Asset attributes (coneWireframe : coneWireframe_segments_32_halfLen_1.25) created and registered.
I0929 14:54:39.912328 32334 AssetAttributesManager.cpp:117] Asset attributes (cubeSolid : cubeSolid) created and registered.
I0929 14:54:39.912333 32334 AssetAttributesManager.cpp:117] Asset attributes (cubeWireframe : cubeWireframe) created and registered.
I0929 14:54:39.912351 32334 AssetAttributesManager.cpp:117] Asset attributes (cylinderSolid : cylinderSolid_rings_1_segments_12_halfLen_1_useTexCoords_false_useTangents_false_capEnds_true) created and registered.
I0929 14:54:39.912375 32334 AssetAttributesManager.cpp:117] Asset attributes (cylinderWireframe : cylinderWireframe_rings_1_segments_32_halfLen_1) created and registered.
I0929 14:54:39.912381 32334 AssetAttributesManager.cpp:117] Asset attributes (icosphereSolid : icosphereSolid_subdivs_1) created and registered.
I0929 14:54:39.912387 32334 AssetAttributesManager.cpp:117] Asset attributes (icosphereWireframe : icosphereWireframe_subdivs_1) created and registered.
I0929 14:54:39.912408 32334 AssetAttributesManager.cpp:117] Asset attributes (uvSphereSolid : uvSphereSolid_rings_8_segments_16_useTexCoords_false_useTangents_false) created and registered.
I0929 14:54:39.912416 32334 AssetAttributesManager.cpp:117] Asset attributes (uvSphereWireframe : uvSphereWireframe_rings_16_segments_32) created and registered.
I0929 14:54:39.912420 32334 AssetAttributesManager.cpp:105] AssetAttributesManager::buildCtorFuncPtrMaps : Built default primitive asset templates : 12
I0929 14:54:39.912742 32334 SceneDatasetAttributesManager.cpp:23] File (default) not found, so new default dataset attributes created and registered.
I0929 14:54:39.912745 32334 MetadataMediator.cpp:47] MetadataMediator::createDataset : Dataset default successfully created.
I0929 14:54:39.914819 32334 AttributesManagerBase.h:283] AttributesManager<T>::createFromJsonOrDefaultInternal  (Physics Manager) : Proposing JSON name : ./data/default.physics_config.json from original name : ./data/default.physics_config.json | This file  does not exist.
I0929 14:54:39.914837 32334 PhysicsAttributesManager.cpp:27] File (./data/default.physics_config.json) not found, so new default physics manager attributes created and registered.
I0929 14:54:39.914840 32334 AbstractObjectAttributesManagerBase.h:175] AbstractObjectAttributesManager<T>::createObject  (Stage) : Making attributes with handle : data/scene_datasets/mp3d/zsNo4HB9uLZ/zsNo4HB9uLZ.glb
I0929 14:54:39.914850 32334 ManagedContainerBase.cpp:19] ManagedContainerBase::convertFilenameToJSON : Filename : data/scene_datasets/mp3d/zsNo4HB9uLZ/zsNo4HB9uLZ.glb changed to proposed JSON configuration filename : data/scene_datasets/mp3d/zsNo4HB9uLZ/zsNo4HB9uLZ.stage_config.json
I0929 14:54:39.914856 32334 AttributesManagerBase.h:283] AttributesManager<T>::createFromJsonOrDefaultInternal  (Stage) : Proposing JSON name : data/scene_datasets/mp3d/zsNo4HB9uLZ/zsNo4HB9uLZ.stage_config.json from original name : data/scene_datasets/mp3d/zsNo4HB9uLZ/zsNo4HB9uLZ.glb | This file  does not exist.
I0929 14:54:39.914892 32334 AbstractObjectAttributesManagerBase.h:181] AbstractObjectAttributesManager<T>::createObject  (Stage) : Done making attributes with handle : data/scene_datasets/mp3d/zsNo4HB9uLZ/zsNo4HB9uLZ.glb
I0929 14:54:39.914894 32334 AbstractObjectAttributesManagerBase.h:188] File (data/scene_datasets/mp3d/zsNo4HB9uLZ/zsNo4HB9uLZ.glb) exists but is not a recognized config filename extension, so new default Stage attributes created and registered.
I0929 14:54:39.914897 32334 Simulator.cpp:156] Loading navmesh from data/scene_datasets/mp3d/zsNo4HB9uLZ/zsNo4HB9uLZ.navmesh
I0929 14:54:39.914952 32334 Simulator.cpp:158] Loaded.
I0929 14:54:39.914959 32334 SceneGraph.h:93] Created DrawableGroup: 
Renderer: NVIDIA T1000 8GB/PCIe/SSE2 by NVIDIA Corporation
OpenGL version: 4.6.0 NVIDIA 590.48.01
Using optional features:
    GL_ARB_ES2_compatibility
    GL_ARB_direct_state_access
    GL_ARB_get_texture_sub_image
    GL_ARB_invalidate_subdata
    GL_ARB_multi_bind
    GL_ARB_robustness
    GL_ARB_separate_shader_objects
    GL_ARB_texture_filter_anisotropic
    GL_ARB_texture_storage
    GL_ARB_texture_storage_multisample
    GL_ARB_vertex_array_object
    GL_KHR_debug
Using driver workarounds:
    no-forward-compatible-core-context
    nv-egl-incorrect-gl11-function-pointers
    no-layout-qualifiers-on-old-glsl
    nv-zero-context-profile-mask
    nv-implementation-color-read-format-dsa-broken
    nv-cubemap-inconsistent-compressed-image-size
    nv-cubemap-broken-full-compressed-image-query
    nv-compressed-block-size-in-bits
I0929 14:54:40.015818 32334 ResourceManager.cpp:234] ResourceManager::loadStage : Not loading semantic mesh
I0929 14:54:40.015828 32334 ResourceManager.cpp:262] ResourceManager::loadStage : start load render asset data/scene_datasets/mp3d/zsNo4HB9uLZ/zsNo4HB9uLZ.glb.
I0929 14:54:40.015829 32334 ResourceManager.cpp:569] ResourceManager::loadStageInternal : Attempting to load stage data/scene_datasets/mp3d/zsNo4HB9uLZ/zsNo4HB9uLZ.glb 
I0929 14:54:40.015841 32334 ResourceManager.cpp:1119] Importing Basis files as BC7 for zsNo4HB9uLZ.glb
W0929 14:54:40.879961 32334 Simulator.cpp:248] :
---
 The active scene does not contain semantic annotations. 
---
I0929 14:54:40.919109 32334 simulator.py:213] Loaded navmesh data/scene_datasets/mp3d/zsNo4HB9uLZ/zsNo4HB9uLZ.navmesh
2026-09-29 14:54:40,923 Initializing task VLN-v0
You are using a model of type bert to instantiate a model of type . This is not supported for all configurations of models and can yield errors.
Some weights of the model checkpoint at None were not used when initializing GlocalTextPathNavCMT: ['bert.global_encoder.encoder.x_layers.1.lang_output.LayerNorm.bias', 'bert.global_encoder.encoder.x_layers.0.lang_self_att.self.key.bias', 'bert.global_encoder.encoder.x_layers.1.lang_self_att.self.value.weight', 'bert.global_encoder.encoder.x_layers.3.lang_self_att.self.key.bias', 'mlm_head.predictions.transform.LayerNorm.weight', 'bert.global_encoder.encoder.x_layers.1.lang_self_att.output.LayerNorm.weight', 'bert.global_encoder.encoder.x_layers.0.lang_self_att.output.dense.weight', 'bert.global_encoder.encoder.x_layers.3.lang_self_att.self.key.weight', 'bert.global_encoder.encoder.x_layers.2.lang_self_att.self.key.bias', 'bert.global_encoder.encoder.x_layers.2.lang_output.dense.weight', 'mlm_head.predictions.transform.dense.bias', 'bert.global_encoder.encoder.x_layers.0.lang_inter.dense.bias', 'bert.global_encoder.encoder.x_layers.0.lang_self_att.output.LayerNorm.bias', 'bert.global_encoder.encoder.x_layers.0.lang_self_att.self.value.bias', 'bert.global_encoder.encoder.x_layers.3.lang_inter.dense.bias', 'bert.global_encoder.encoder.x_layers.2.lang_self_att.output.LayerNorm.bias', 'bert.global_encoder.encoder.x_layers.1.lang_self_att.self.key.bias', 'bert.global_encoder.encoder.x_layers.3.lang_self_att.self.value.bias', 'bert.global_encoder.encoder.x_layers.0.lang_self_att.output.LayerNorm.weight', 'bert.global_encoder.encoder.x_layers.3.lang_self_att.output.dense.bias', 'mlm_head.predictions.decoder.weight', 'bert.global_encoder.encoder.x_layers.1.lang_self_att.self.query.weight', 'bert.global_encoder.encoder.x_layers.2.lang_self_att.self.query.bias', 'bert.global_encoder.encoder.x_layers.0.lang_self_att.self.value.weight', 'bert.global_encoder.encoder.x_layers.1.lang_self_att.self.value.bias', 'bert.global_encoder.encoder.x_layers.2.lang_self_att.output.dense.weight', 'bert.global_encoder.encoder.x_layers.3.lang_output.dense.bias', 'bert.global_encoder.encoder.x_layers.1.lang_self_att.self.query.bias', 'bert.global_encoder.encoder.x_layers.1.lang_output.dense.weight', 'bert.global_encoder.encoder.x_layers.3.lang_self_att.output.LayerNorm.bias', 'bert.global_encoder.encoder.x_layers.3.lang_output.dense.weight', 'bert.global_encoder.encoder.x_layers.3.lang_self_att.output.dense.weight', 'bert.global_encoder.encoder.x_layers.3.lang_self_att.self.value.weight', 'bert.global_encoder.encoder.x_layers.2.lang_self_att.self.value.weight', 'bert.global_encoder.encoder.x_layers.0.lang_output.dense.bias', 'bert.global_encoder.encoder.x_layers.0.lang_self_att.self.key.weight', 'bert.global_encoder.encoder.x_layers.3.lang_self_att.output.LayerNorm.weight', 'bert.global_encoder.encoder.x_layers.2.lang_self_att.output.LayerNorm.weight', 'bert.global_encoder.encoder.x_layers.1.lang_inter.dense.bias', 'bert.global_encoder.encoder.x_layers.0.lang_output.LayerNorm.weight', 'bert.global_encoder.encoder.x_layers.1.lang_output.LayerNorm.weight', 'bert.global_encoder.encoder.x_layers.3.lang_output.LayerNorm.bias', 'mlm_head.predictions.transform.LayerNorm.bias', 'bert.global_encoder.encoder.x_layers.0.lang_output.LayerNorm.bias', 'bert.global_encoder.encoder.x_layers.0.lang_self_att.self.query.weight', 'bert.global_encoder.encoder.x_layers.2.lang_output.dense.bias', 'bert.global_encoder.encoder.x_layers.0.lang_self_att.self.query.bias', 'bert.global_encoder.encoder.x_layers.1.lang_output.dense.bias', 'bert.global_encoder.encoder.x_layers.1.lang_self_att.self.key.weight', 'bert.global_encoder.encoder.x_layers.2.lang_output.LayerNorm.bias', 'bert.global_encoder.encoder.x_layers.3.lang_inter.dense.weight', 'bert.global_encoder.encoder.x_layers.3.lang_self_att.self.query.weight', 'bert.global_encoder.encoder.x_layers.2.lang_self_att.self.query.weight', 'bert.global_encoder.encoder.x_layers.2.lang_self_att.self.value.bias', 'bert.global_encoder.encoder.x_layers.1.lang_inter.dense.weight', 'bert.global_encoder.encoder.x_layers.3.lang_self_att.self.query.bias', 'bert.global_encoder.encoder.x_layers.0.lang_self_att.output.dense.bias', 'bert.global_encoder.encoder.x_layers.0.lang_inter.dense.weight', 'bert.global_encoder.encoder.x_layers.2.lang_self_att.self.key.weight', 'bert.global_encoder.encoder.x_layers.1.lang_self_att.output.dense.bias', 'bert.global_encoder.encoder.x_layers.0.lang_output.dense.weight', 'bert.global_encoder.encoder.x_layers.1.lang_self_att.output.dense.weight', 'bert.global_encoder.encoder.x_layers.2.lang_inter.dense.bias', 'bert.global_encoder.encoder.x_layers.3.lang_output.LayerNorm.weight', 'bert.global_encoder.encoder.x_layers.1.lang_self_att.output.LayerNorm.bias', 'mlm_head.predictions.bias', 'bert.global_encoder.encoder.x_layers.2.lang_output.LayerNorm.weight', 'mlm_head.predictions.transform.dense.weight', 'bert.global_encoder.encoder.x_layers.2.lang_inter.dense.weight', 'bert.global_encoder.encoder.x_layers.2.lang_self_att.output.dense.bias']
- This IS expected if you are initializing GlocalTextPathNavCMT from the checkpoint of a model trained on another task or with another architecture (e.g. initializing a BertForSequenceClassification model from a BertForPreTraining model).
- This IS NOT expected if you are initializing GlocalTextPathNavCMT from the checkpoint of a model that you expect to be exactly identical (initializing a BertForSequenceClassification model from a BertForSequenceClassification model).
2026-09-29 14:54:45,855 Loaded weights from checkpoint: data/logs/checkpoints/release_r2r/ckpt.iter12000.pth, iteration: 12000
2026-09-29 14:54:45,857 Agent parameters: 299.14 MB. Trainable: 140.79 MB.
2026-09-29 14:54:45,857 Finished setting up policy.
local rank: 0 | dataset length: 15

Initalizing the ETP model ...
  0%|          | 0/15 [00:00<?, ?it/s]  7%|▋         | 1/15 [00:05<01:16,  5.46s/it] 13%|█▎        | 2/15 [00:13<01:28,  6.80s/it] 20%|██        | 3/15 [00:19<01:18,  6.51s/it] 27%|██▋       | 4/15 [00:22<00:56,  5.18s/it] 33%|███▎      | 5/15 [00:29<00:58,  5.81s/it] 40%|████      | 6/15 [00:31<00:41,  4.64s/it] 47%|████▋     | 7/15 [00:34<00:33,  4.14s/it] 53%|█████▎    | 8/15 [00:39<00:30,  4.30s/it] 60%|██████    | 9/15 [00:44<00:26,  4.41s/it] 67%|██████▋   | 10/15 [00:55<00:32,  6.41s/it] 73%|███████▎  | 11/15 [00:59<00:23,  5.88s/it] 80%|████████  | 12/15 [01:03<00:15,  5.28s/it] 87%|████████▋ | 13/15 [01:15<00:14,  7.23s/it] 93%|█████████▎| 14/15 [01:21<00:06,  6.93s/it]100%|██████████| 15/15 [01:26<00:00,  6.25s/it]I0929 14:56:12.166144 32334 PhysicsManager.cpp:33] Deconstructing PhysicsManager
I0929 14:56:12.166165 32334 SemanticScene.h:41] Deconstructing SemanticScene
I0929 14:56:12.167730 32334 SceneManager.h:25] Deconstructing SceneManager
I0929 14:56:12.167769 32334 SceneGraph.h:26] Deconstructing SceneGraph
I0929 14:56:12.168092 32334 Sensor.h:87] Deconstructing Sensor
I0929 14:56:12.168267 32334 Sensor.h:87] Deconstructing Sensor
I0929 14:56:12.168380 32334 Sensor.h:87] Deconstructing Sensor
I0929 14:56:12.168462 32334 Sensor.h:87] Deconstructing Sensor
I0929 14:56:12.168540 32334 Sensor.h:87] Deconstructing Sensor
I0929 14:56:12.168622 32334 Sensor.h:87] Deconstructing Sensor
I0929 14:56:12.168700 32334 Sensor.h:87] Deconstructing Sensor
I0929 14:56:12.168785 32334 Sensor.h:87] Deconstructing Sensor
I0929 14:56:12.168865 32334 Sensor.h:87] Deconstructing Sensor
I0929 14:56:12.168941 32334 Sensor.h:87] Deconstructing Sensor
I0929 14:56:12.169018 32334 Sensor.h:87] Deconstructing Sensor
I0929 14:56:12.169094 32334 Sensor.h:87] Deconstructing Sensor
I0929 14:56:12.169170 32334 Sensor.h:87] Deconstructing Sensor
I0929 14:56:12.169273 32334 Sensor.h:87] Deconstructing Sensor
I0929 14:56:12.169368 32334 Sensor.h:87] Deconstructing Sensor
I0929 14:56:12.169463 32334 Sensor.h:87] Deconstructing Sensor
I0929 14:56:12.169557 32334 Sensor.h:87] Deconstructing Sensor
I0929 14:56:12.169655 32334 Sensor.h:87] Deconstructing Sensor
I0929 14:56:12.169751 32334 Sensor.h:87] Deconstructing Sensor
I0929 14:56:12.169852 32334 Sensor.h:87] Deconstructing Sensor
I0929 14:56:12.169948 32334 Sensor.h:87] Deconstructing Sensor
I0929 14:56:12.170044 32334 Sensor.h:87] Deconstructing Sensor
I0929 14:56:12.170137 32334 Sensor.h:87] Deconstructing Sensor
I0929 14:56:12.170202 32334 Sensor.h:87] Deconstructing Sensor
I0929 14:56:12.171623 32334 Renderer.cpp:34] Deconstructing Renderer
I0929 14:56:12.171633 32334 WindowlessContext.h:17] Deconstructing WindowlessContext
I0929 14:56:12.174173 32334 Simulator.cpp:49] Deconstructing Simulator
2026-09-29 14:56:12,175 Episodes evaluated: 15
2026-09-29 14:56:12,175 Average episode steps_taken: 90.533333
2026-09-29 14:56:12,175 Average episode distance_to_goal: 5.539034
2026-09-29 14:56:12,175 Average episode success: 0.266667
2026-09-29 14:56:12,175 Average episode oracle_success: 0.333333
2026-09-29 14:56:12,175 Average episode path_length: 11.913135
2026-09-29 14:56:12,175 Average episode collisions: 0.037340
2026-09-29 14:56:12,175 Average episode spl: 0.219516
2026-09-29 14:56:12,175 Average episode ndtw: 0.587858
2026-09-29 14:56:12,175 Average episode sdtw: 0.228647
2026-09-29 14:56:12,176 Average episode ghost_cnt: 147.866667
2026-09-29 14:56:12,176 Average episode tour_idx: 7.000000
2026-09-29 14:56:12,176 Average episode g_nodes_total: 56.866667
2026-09-29 14:56:12,176 Average episode g_ghosts_total: 144.133333
2026-09-29 14:56:12,176 Average episode g_active_mean: 15.711984
2026-09-29 14:56:12,176 Average episode g_old_visible_mean: 11.511984
2026-09-29 14:56:12,176 Average episode g_comp_mean: 45.152381
2026-09-29 14:56:12,176 Average episode g_ghosts_visible_mean: 19.577487
2026-09-29 14:56:12,176 Average episode g_reloc_mean: 1.937063
2026-09-29 14:56:12,176 Average episode g_old_visible_max: 14.933333
2026-09-29 14:56:12,176 Average episode g_start_reloc: 1.666667
2026-09-29 14:56:12,176 Average episode g_start_comp: 32.933333
2026-09-29 14:56:12,176 Average episode g_stop_no_vp_left: 0.000000
100%|██████████| 15/15 [01:26<00:00,  5.75s/it]
[guard] finished rc=0 in 97s | peak footprint vs baseline: RAM +6447MiB, VRAM +2677MiB
