[guard] avail RAM 16G | GPU used 81MiB, compute procs 0 | load 1
[guard] hard caps on: RAM<=9G (no swap), CPU<=300%
2026-09-29 13:49:05,245 checkpoint_path: data/logs/checkpoints/release_r2r/ckpt.iter12000.pth
2026-09-29 13:49:05,245 Initializing dataset VLN-CE-v1
2026-09-29 13:49:05,266 SPLTI: tour_zsNo4H_n15_s2_o0, NUMBER OF SCENES: 1
2026-09-29 13:49:07,199 Initializing dataset VLN-CE-v1
2026-09-29 13:49:07,220 initializing sim Sim-v1
WARNING: Logging before InitGoogleLogging() is written to STDERR
I0929 13:49:07.224431 13325 ManagedContainerBase.cpp:19] ManagedContainerBase::convertFilenameToJSON : Filename : default changed to proposed JSON configuration filename : default.scene_dataset_config.json
I0929 13:49:07.224455 13325 AttributesManagerBase.h:283] AttributesManager<T>::createFromJsonOrDefaultInternal  (Dataset) : Proposing JSON name : default.scene_dataset_config.json from original name : default | This file  does not exist.
I0929 13:49:07.224495 13325 AssetAttributesManager.cpp:117] Asset attributes (capsule3DSolid : capsule3DSolid_hemiRings_4_cylRings_1_segments_12_halfLen_0.75_useTexCoords_false_useTangents_false) created and registered.
I0929 13:49:07.224511 13325 AssetAttributesManager.cpp:117] Asset attributes (capsule3DWireframe : capsule3DWireframe_hemiRings_8_cylRings_1_segments_16_halfLen_1) created and registered.
I0929 13:49:07.224526 13325 AssetAttributesManager.cpp:117] Asset attributes (coneSolid : coneSolid_segments_12_halfLen_1.25_rings_1_useTexCoords_false_useTangents_false_capEnd_true) created and registered.
I0929 13:49:07.224535 13325 AssetAttributesManager.cpp:117] Asset attributes (coneWireframe : coneWireframe_segments_32_halfLen_1.25) created and registered.
I0929 13:49:07.224541 13325 AssetAttributesManager.cpp:117] Asset attributes (cubeSolid : cubeSolid) created and registered.
I0929 13:49:07.224545 13325 AssetAttributesManager.cpp:117] Asset attributes (cubeWireframe : cubeWireframe) created and registered.
I0929 13:49:07.224558 13325 AssetAttributesManager.cpp:117] Asset attributes (cylinderSolid : cylinderSolid_rings_1_segments_12_halfLen_1_useTexCoords_false_useTangents_false_capEnds_true) created and registered.
I0929 13:49:07.224568 13325 AssetAttributesManager.cpp:117] Asset attributes (cylinderWireframe : cylinderWireframe_rings_1_segments_32_halfLen_1) created and registered.
I0929 13:49:07.224573 13325 AssetAttributesManager.cpp:117] Asset attributes (icosphereSolid : icosphereSolid_subdivs_1) created and registered.
I0929 13:49:07.224579 13325 AssetAttributesManager.cpp:117] Asset attributes (icosphereWireframe : icosphereWireframe_subdivs_1) created and registered.
I0929 13:49:07.224588 13325 AssetAttributesManager.cpp:117] Asset attributes (uvSphereSolid : uvSphereSolid_rings_8_segments_16_useTexCoords_false_useTangents_false) created and registered.
I0929 13:49:07.224596 13325 AssetAttributesManager.cpp:117] Asset attributes (uvSphereWireframe : uvSphereWireframe_rings_16_segments_32) created and registered.
I0929 13:49:07.224597 13325 AssetAttributesManager.cpp:105] AssetAttributesManager::buildCtorFuncPtrMaps : Built default primitive asset templates : 12
I0929 13:49:07.224874 13325 SceneDatasetAttributesManager.cpp:23] File (default) not found, so new default dataset attributes created and registered.
I0929 13:49:07.224876 13325 MetadataMediator.cpp:47] MetadataMediator::createDataset : Dataset default successfully created.
I0929 13:49:07.226872 13325 AttributesManagerBase.h:283] AttributesManager<T>::createFromJsonOrDefaultInternal  (Physics Manager) : Proposing JSON name : ./data/default.physics_config.json from original name : ./data/default.physics_config.json | This file  does not exist.
I0929 13:49:07.226884 13325 PhysicsAttributesManager.cpp:27] File (./data/default.physics_config.json) not found, so new default physics manager attributes created and registered.
I0929 13:49:07.226886 13325 AbstractObjectAttributesManagerBase.h:175] AbstractObjectAttributesManager<T>::createObject  (Stage) : Making attributes with handle : data/scene_datasets/mp3d/zsNo4HB9uLZ/zsNo4HB9uLZ.glb
I0929 13:49:07.226895 13325 ManagedContainerBase.cpp:19] ManagedContainerBase::convertFilenameToJSON : Filename : data/scene_datasets/mp3d/zsNo4HB9uLZ/zsNo4HB9uLZ.glb changed to proposed JSON configuration filename : data/scene_datasets/mp3d/zsNo4HB9uLZ/zsNo4HB9uLZ.stage_config.json
I0929 13:49:07.226900 13325 AttributesManagerBase.h:283] AttributesManager<T>::createFromJsonOrDefaultInternal  (Stage) : Proposing JSON name : data/scene_datasets/mp3d/zsNo4HB9uLZ/zsNo4HB9uLZ.stage_config.json from original name : data/scene_datasets/mp3d/zsNo4HB9uLZ/zsNo4HB9uLZ.glb | This file  does not exist.
I0929 13:49:07.226931 13325 AbstractObjectAttributesManagerBase.h:181] AbstractObjectAttributesManager<T>::createObject  (Stage) : Done making attributes with handle : data/scene_datasets/mp3d/zsNo4HB9uLZ/zsNo4HB9uLZ.glb
I0929 13:49:07.226933 13325 AbstractObjectAttributesManagerBase.h:188] File (data/scene_datasets/mp3d/zsNo4HB9uLZ/zsNo4HB9uLZ.glb) exists but is not a recognized config filename extension, so new default Stage attributes created and registered.
I0929 13:49:07.226936 13325 Simulator.cpp:156] Loading navmesh from data/scene_datasets/mp3d/zsNo4HB9uLZ/zsNo4HB9uLZ.navmesh
I0929 13:49:07.226989 13325 Simulator.cpp:158] Loaded.
I0929 13:49:07.226994 13325 SceneGraph.h:93] Created DrawableGroup: 
Renderer: NVIDIA T1000 8GB/PCIe/SSE2 by NVIDIA Corporation
OpenGL version: 4.6.0 NVIDIA 590.48.01
Using optional features:
    GL_ARB_ES2_compatibility
    GL_ARB_direct_state_access
    GL_ARB_get_texture_sub_image
    GL_ARB_invalidate_subdata
    GL_ARB_multi_bind
    GL_ARB_robustness
    GL_ARB_separate_shader_objects
    GL_ARB_texture_filter_anisotropic
    GL_ARB_texture_storage
    GL_ARB_texture_storage_multisample
    GL_ARB_vertex_array_object
    GL_KHR_debug
Using driver workarounds:
    no-forward-compatible-core-context
    nv-egl-incorrect-gl11-function-pointers
    no-layout-qualifiers-on-old-glsl
    nv-zero-context-profile-mask
    nv-implementation-color-read-format-dsa-broken
    nv-cubemap-inconsistent-compressed-image-size
    nv-cubemap-broken-full-compressed-image-query
    nv-compressed-block-size-in-bits
I0929 13:49:07.313823 13325 ResourceManager.cpp:234] ResourceManager::loadStage : Not loading semantic mesh
I0929 13:49:07.313836 13325 ResourceManager.cpp:262] ResourceManager::loadStage : start load render asset data/scene_datasets/mp3d/zsNo4HB9uLZ/zsNo4HB9uLZ.glb.
I0929 13:49:07.313838 13325 ResourceManager.cpp:569] ResourceManager::loadStageInternal : Attempting to load stage data/scene_datasets/mp3d/zsNo4HB9uLZ/zsNo4HB9uLZ.glb 
I0929 13:49:07.313851 13325 ResourceManager.cpp:1119] Importing Basis files as BC7 for zsNo4HB9uLZ.glb
W0929 13:49:08.189625 13325 Simulator.cpp:248] :
---
 The active scene does not contain semantic annotations. 
---
I0929 13:49:08.229034 13325 simulator.py:213] Loaded navmesh data/scene_datasets/mp3d/zsNo4HB9uLZ/zsNo4HB9uLZ.navmesh
2026-09-29 13:49:08,233 Initializing task VLN-v0
You are using a model of type bert to instantiate a model of type . This is not supported for all configurations of models and can yield errors.
Some weights of the model checkpoint at None were not used when initializing GlocalTextPathNavCMT: ['bert.global_encoder.encoder.x_layers.0.lang_self_att.self.query.bias', 'bert.global_encoder.encoder.x_layers.1.lang_self_att.self.query.weight', 'bert.global_encoder.encoder.x_layers.0.lang_inter.dense.weight', 'bert.global_encoder.encoder.x_layers.3.lang_inter.dense.bias', 'bert.global_encoder.encoder.x_layers.0.lang_output.LayerNorm.bias', 'bert.global_encoder.encoder.x_layers.1.lang_self_att.output.dense.bias', 'bert.global_encoder.encoder.x_layers.3.lang_output.LayerNorm.weight', 'bert.global_encoder.encoder.x_layers.0.lang_self_att.self.key.bias', 'bert.global_encoder.encoder.x_layers.3.lang_output.dense.weight', 'bert.global_encoder.encoder.x_layers.3.lang_self_att.output.dense.bias', 'mlm_head.predictions.decoder.weight', 'mlm_head.predictions.transform.LayerNorm.bias', 'bert.global_encoder.encoder.x_layers.2.lang_self_att.self.query.bias', 'bert.global_encoder.encoder.x_layers.1.lang_self_att.self.key.weight', 'bert.global_encoder.encoder.x_layers.2.lang_self_att.self.key.bias', 'bert.global_encoder.encoder.x_layers.2.lang_output.LayerNorm.bias', 'bert.global_encoder.encoder.x_layers.3.lang_output.LayerNorm.bias', 'bert.global_encoder.encoder.x_layers.3.lang_self_att.self.query.bias', 'bert.global_encoder.encoder.x_layers.1.lang_inter.dense.weight', 'bert.global_encoder.encoder.x_layers.0.lang_self_att.self.value.weight', 'bert.global_encoder.encoder.x_layers.3.lang_self_att.self.value.bias', 'bert.global_encoder.encoder.x_layers.3.lang_self_att.self.key.weight', 'bert.global_encoder.encoder.x_layers.2.lang_self_att.self.query.weight', 'bert.global_encoder.encoder.x_layers.1.lang_self_att.self.query.bias', 'bert.global_encoder.encoder.x_layers.3.lang_self_att.output.LayerNorm.weight', 'bert.global_encoder.encoder.x_layers.1.lang_self_att.self.value.weight', 'bert.global_encoder.encoder.x_layers.2.lang_self_att.output.dense.bias', 'bert.global_encoder.encoder.x_layers.0.lang_output.dense.bias', 'bert.global_encoder.encoder.x_layers.2.lang_self_att.self.value.bias', 'bert.global_encoder.encoder.x_layers.0.lang_self_att.self.value.bias', 'bert.global_encoder.encoder.x_layers.3.lang_output.dense.bias', 'bert.global_encoder.encoder.x_layers.3.lang_self_att.output.LayerNorm.bias', 'bert.global_encoder.encoder.x_layers.2.lang_self_att.self.key.weight', 'mlm_head.predictions.bias', 'bert.global_encoder.encoder.x_layers.3.lang_self_att.output.dense.weight', 'bert.global_encoder.encoder.x_layers.2.lang_self_att.self.value.weight', 'bert.global_encoder.encoder.x_layers.1.lang_self_att.self.key.bias', 'bert.global_encoder.encoder.x_layers.3.lang_self_att.self.query.weight', 'bert.global_encoder.encoder.x_layers.1.lang_self_att.output.LayerNorm.weight', 'bert.global_encoder.encoder.x_layers.0.lang_self_att.output.LayerNorm.bias', 'bert.global_encoder.encoder.x_layers.2.lang_output.dense.weight', 'bert.global_encoder.encoder.x_layers.0.lang_inter.dense.bias', 'bert.global_encoder.encoder.x_layers.1.lang_self_att.output.dense.weight', 'bert.global_encoder.encoder.x_layers.2.lang_self_att.output.LayerNorm.weight', 'bert.global_encoder.encoder.x_layers.1.lang_self_att.output.LayerNorm.bias', 'bert.global_encoder.encoder.x_layers.0.lang_self_att.self.query.weight', 'bert.global_encoder.encoder.x_layers.0.lang_output.dense.weight', 'bert.global_encoder.encoder.x_layers.2.lang_output.dense.bias', 'bert.global_encoder.encoder.x_layers.1.lang_self_att.self.value.bias', 'bert.global_encoder.encoder.x_layers.3.lang_inter.dense.weight', 'mlm_head.predictions.transform.dense.weight', 'bert.global_encoder.encoder.x_layers.2.lang_self_att.output.LayerNorm.bias', 'bert.global_encoder.encoder.x_layers.3.lang_self_att.self.key.bias', 'bert.global_encoder.encoder.x_layers.2.lang_output.LayerNorm.weight', 'mlm_head.predictions.transform.LayerNorm.weight', 'bert.global_encoder.encoder.x_layers.0.lang_self_att.output.dense.weight', 'mlm_head.predictions.transform.dense.bias', 'bert.global_encoder.encoder.x_layers.1.lang_output.dense.bias', 'bert.global_encoder.encoder.x_layers.0.lang_self_att.self.key.weight', 'bert.global_encoder.encoder.x_layers.1.lang_inter.dense.bias', 'bert.global_encoder.encoder.x_layers.2.lang_inter.dense.bias', 'bert.global_encoder.encoder.x_layers.1.lang_output.LayerNorm.bias', 'bert.global_encoder.encoder.x_layers.2.lang_self_att.output.dense.weight', 'bert.global_encoder.encoder.x_layers.2.lang_inter.dense.weight', 'bert.global_encoder.encoder.x_layers.1.lang_output.LayerNorm.weight', 'bert.global_encoder.encoder.x_layers.0.lang_output.LayerNorm.weight', 'bert.global_encoder.encoder.x_layers.0.lang_self_att.output.LayerNorm.weight', 'bert.global_encoder.encoder.x_layers.0.lang_self_att.output.dense.bias', 'bert.global_encoder.encoder.x_layers.3.lang_self_att.self.value.weight', 'bert.global_encoder.encoder.x_layers.1.lang_output.dense.weight']
- This IS expected if you are initializing GlocalTextPathNavCMT from the checkpoint of a model trained on another task or with another architecture (e.g. initializing a BertForSequenceClassification model from a BertForPreTraining model).
- This IS NOT expected if you are initializing GlocalTextPathNavCMT from the checkpoint of a model that you expect to be exactly identical (initializing a BertForSequenceClassification model from a BertForSequenceClassification model).
2026-09-29 13:49:13,209 Loaded weights from checkpoint: data/logs/checkpoints/release_r2r/ckpt.iter12000.pth, iteration: 12000
2026-09-29 13:49:13,211 Agent parameters: 299.14 MB. Trainable: 140.79 MB.
2026-09-29 13:49:13,211 Finished setting up policy.
local rank: 0 | dataset length: 15

Initalizing the ETP model ...
  0%|          | 0/15 [00:00<?, ?it/s]  7%|▋         | 1/15 [00:05<01:16,  5.44s/it] 13%|█▎        | 2/15 [00:17<01:57,  9.07s/it] 20%|██        | 3/15 [00:23<01:32,  7.73s/it] 27%|██▋       | 4/15 [00:28<01:14,  6.82s/it] 33%|███▎      | 5/15 [00:35<01:08,  6.85s/it] 40%|████      | 6/15 [00:42<01:01,  6.89s/it] 47%|████▋     | 7/15 [00:48<00:53,  6.67s/it] 53%|█████▎    | 8/15 [00:53<00:42,  6.02s/it] 60%|██████    | 9/15 [01:01<00:39,  6.55s/it] 67%|██████▋   | 10/15 [01:09<00:35,  7.16s/it] 73%|███████▎  | 11/15 [01:17<00:29,  7.34s/it] 80%|████████  | 12/15 [01:21<00:18,  6.29s/it] 87%|████████▋ | 13/15 [01:26<00:12,  6.04s/it] 93%|█████████▎| 14/15 [01:32<00:05,  5.86s/it]100%|██████████| 15/15 [01:36<00:00,  5.51s/it]I0929 13:50:50.015341 13325 PhysicsManager.cpp:33] Deconstructing PhysicsManager
I0929 13:50:50.015365 13325 SemanticScene.h:41] Deconstructing SemanticScene
I0929 13:50:50.016650 13325 SceneManager.h:25] Deconstructing SceneManager
I0929 13:50:50.016659 13325 SceneGraph.h:26] Deconstructing SceneGraph
I0929 13:50:50.016934 13325 Sensor.h:87] Deconstructing Sensor
I0929 13:50:50.017076 13325 Sensor.h:87] Deconstructing Sensor
I0929 13:50:50.017160 13325 Sensor.h:87] Deconstructing Sensor
I0929 13:50:50.017235 13325 Sensor.h:87] Deconstructing Sensor
I0929 13:50:50.017311 13325 Sensor.h:87] Deconstructing Sensor
I0929 13:50:50.017390 13325 Sensor.h:87] Deconstructing Sensor
I0929 13:50:50.017463 13325 Sensor.h:87] Deconstructing Sensor
I0929 13:50:50.017539 13325 Sensor.h:87] Deconstructing Sensor
I0929 13:50:50.017612 13325 Sensor.h:87] Deconstructing Sensor
I0929 13:50:50.017685 13325 Sensor.h:87] Deconstructing Sensor
I0929 13:50:50.017761 13325 Sensor.h:87] Deconstructing Sensor
I0929 13:50:50.017839 13325 Sensor.h:87] Deconstructing Sensor
I0929 13:50:50.017915 13325 Sensor.h:87] Deconstructing Sensor
I0929 13:50:50.018013 13325 Sensor.h:87] Deconstructing Sensor
I0929 13:50:50.018105 13325 Sensor.h:87] Deconstructing Sensor
I0929 13:50:50.018198 13325 Sensor.h:87] Deconstructing Sensor
I0929 13:50:50.018291 13325 Sensor.h:87] Deconstructing Sensor
I0929 13:50:50.018392 13325 Sensor.h:87] Deconstructing Sensor
I0929 13:50:50.018489 13325 Sensor.h:87] Deconstructing Sensor
I0929 13:50:50.018585 13325 Sensor.h:87] Deconstructing Sensor
I0929 13:50:50.018683 13325 Sensor.h:87] Deconstructing Sensor
I0929 13:50:50.018785 13325 Sensor.h:87] Deconstructing Sensor
I0929 13:50:50.018883 13325 Sensor.h:87] Deconstructing Sensor
I0929 13:50:50.018947 13325 Sensor.h:87] Deconstructing Sensor
I0929 13:50:50.020534 13325 Renderer.cpp:34] Deconstructing Renderer
I0929 13:50:50.020546 13325 WindowlessContext.h:17] Deconstructing WindowlessContext
I0929 13:50:50.022584 13325 Simulator.cpp:49] Deconstructing Simulator
2026-09-29 13:50:50,023 Episodes evaluated: 15
2026-09-29 13:50:50,023 Average episode steps_taken: 74.533333
2026-09-29 13:50:50,023 Average episode distance_to_goal: 3.280079
2026-09-29 13:50:50,024 Average episode success: 0.466667
2026-09-29 13:50:50,024 Average episode oracle_success: 0.466667
2026-09-29 13:50:50,024 Average episode path_length: 11.119548
2026-09-29 13:50:50,024 Average episode collisions: 0.029245
2026-09-29 13:50:50,024 Average episode spl: 0.442952
2026-09-29 13:50:50,024 Average episode ndtw: 0.735841
2026-09-29 13:50:50,024 Average episode sdtw: 0.423461
2026-09-29 13:50:50,024 Average episode ghost_cnt: 179.466667
2026-09-29 13:50:50,024 Average episode tour_idx: 7.000000
2026-09-29 13:50:50,024 Average episode g_nodes_total: 70.600000
2026-09-29 13:50:50,024 Average episode g_ghosts_total: 116.866667
2026-09-29 13:50:50,024 Average episode g_active_mean: 15.780560
2026-09-29 13:50:50,024 Average episode g_old_visible_mean: 11.113894
2026-09-29 13:50:50,025 Average episode g_comp_mean: 55.710303
2026-09-29 13:50:50,025 Average episode g_ghosts_visible_mean: 8.532030
2026-09-29 13:50:50,025 Average episode g_reloc_mean: 3.784529
2026-09-29 13:50:50,025 Average episode g_old_visible_max: 14.533333
2026-09-29 13:50:50,025 Average episode g_start_reloc: 2.133333
2026-09-29 13:50:50,025 Average episode g_start_comp: 42.000000
2026-09-29 13:50:50,025 Average episode g_stop_no_vp_left: 0.000000
100%|██████████| 15/15 [01:36<00:00,  6.45s/it]
[guard] finished rc=0 in 107s | peak footprint vs baseline: RAM +5174MiB, VRAM +2675MiB
