[guard] avail RAM 16G | GPU used 80MiB, compute procs 0 | load 0
[guard] hard caps on: RAM<=9G (no swap), CPU<=300%
2026-09-29 13:36:05,733 checkpoint_path: data/logs/checkpoints/release_r2r/ckpt.iter12000.pth
2026-09-29 13:36:05,734 Initializing dataset VLN-CE-v1
2026-09-29 13:36:05,755 SPLTI: tour_zsNo4H_n15_s1_o0, NUMBER OF SCENES: 1
2026-09-29 13:36:07,618 Initializing dataset VLN-CE-v1
2026-09-29 13:36:07,639 initializing sim Sim-v1
WARNING: Logging before InitGoogleLogging() is written to STDERR
I0929 13:36:07.643671  7731 ManagedContainerBase.cpp:19] ManagedContainerBase::convertFilenameToJSON : Filename : default changed to proposed JSON configuration filename : default.scene_dataset_config.json
I0929 13:36:07.643693  7731 AttributesManagerBase.h:283] AttributesManager<T>::createFromJsonOrDefaultInternal  (Dataset) : Proposing JSON name : default.scene_dataset_config.json from original name : default | This file  does not exist.
I0929 13:36:07.643733  7731 AssetAttributesManager.cpp:117] Asset attributes (capsule3DSolid : capsule3DSolid_hemiRings_4_cylRings_1_segments_12_halfLen_0.75_useTexCoords_false_useTangents_false) created and registered.
I0929 13:36:07.643748  7731 AssetAttributesManager.cpp:117] Asset attributes (capsule3DWireframe : capsule3DWireframe_hemiRings_8_cylRings_1_segments_16_halfLen_1) created and registered.
I0929 13:36:07.643764  7731 AssetAttributesManager.cpp:117] Asset attributes (coneSolid : coneSolid_segments_12_halfLen_1.25_rings_1_useTexCoords_false_useTangents_false_capEnd_true) created and registered.
I0929 13:36:07.643772  7731 AssetAttributesManager.cpp:117] Asset attributes (coneWireframe : coneWireframe_segments_32_halfLen_1.25) created and registered.
I0929 13:36:07.643777  7731 AssetAttributesManager.cpp:117] Asset attributes (cubeSolid : cubeSolid) created and registered.
I0929 13:36:07.643781  7731 AssetAttributesManager.cpp:117] Asset attributes (cubeWireframe : cubeWireframe) created and registered.
I0929 13:36:07.643795  7731 AssetAttributesManager.cpp:117] Asset attributes (cylinderSolid : cylinderSolid_rings_1_segments_12_halfLen_1_useTexCoords_false_useTangents_false_capEnds_true) created and registered.
I0929 13:36:07.643805  7731 AssetAttributesManager.cpp:117] Asset attributes (cylinderWireframe : cylinderWireframe_rings_1_segments_32_halfLen_1) created and registered.
I0929 13:36:07.643810  7731 AssetAttributesManager.cpp:117] Asset attributes (icosphereSolid : icosphereSolid_subdivs_1) created and registered.
I0929 13:36:07.643815  7731 AssetAttributesManager.cpp:117] Asset attributes (icosphereWireframe : icosphereWireframe_subdivs_1) created and registered.
I0929 13:36:07.643823  7731 AssetAttributesManager.cpp:117] Asset attributes (uvSphereSolid : uvSphereSolid_rings_8_segments_16_useTexCoords_false_useTangents_false) created and registered.
I0929 13:36:07.643831  7731 AssetAttributesManager.cpp:117] Asset attributes (uvSphereWireframe : uvSphereWireframe_rings_16_segments_32) created and registered.
I0929 13:36:07.643833  7731 AssetAttributesManager.cpp:105] AssetAttributesManager::buildCtorFuncPtrMaps : Built default primitive asset templates : 12
I0929 13:36:07.644078  7731 SceneDatasetAttributesManager.cpp:23] File (default) not found, so new default dataset attributes created and registered.
I0929 13:36:07.644078  7731 MetadataMediator.cpp:47] MetadataMediator::createDataset : Dataset default successfully created.
I0929 13:36:07.646097  7731 AttributesManagerBase.h:283] AttributesManager<T>::createFromJsonOrDefaultInternal  (Physics Manager) : Proposing JSON name : ./data/default.physics_config.json from original name : ./data/default.physics_config.json | This file  does not exist.
I0929 13:36:07.646111  7731 PhysicsAttributesManager.cpp:27] File (./data/default.physics_config.json) not found, so new default physics manager attributes created and registered.
I0929 13:36:07.646113  7731 AbstractObjectAttributesManagerBase.h:175] AbstractObjectAttributesManager<T>::createObject  (Stage) : Making attributes with handle : data/scene_datasets/mp3d/zsNo4HB9uLZ/zsNo4HB9uLZ.glb
I0929 13:36:07.646124  7731 ManagedContainerBase.cpp:19] ManagedContainerBase::convertFilenameToJSON : Filename : data/scene_datasets/mp3d/zsNo4HB9uLZ/zsNo4HB9uLZ.glb changed to proposed JSON configuration filename : data/scene_datasets/mp3d/zsNo4HB9uLZ/zsNo4HB9uLZ.stage_config.json
I0929 13:36:07.646130  7731 AttributesManagerBase.h:283] AttributesManager<T>::createFromJsonOrDefaultInternal  (Stage) : Proposing JSON name : data/scene_datasets/mp3d/zsNo4HB9uLZ/zsNo4HB9uLZ.stage_config.json from original name : data/scene_datasets/mp3d/zsNo4HB9uLZ/zsNo4HB9uLZ.glb | This file  does not exist.
I0929 13:36:07.646160  7731 AbstractObjectAttributesManagerBase.h:181] AbstractObjectAttributesManager<T>::createObject  (Stage) : Done making attributes with handle : data/scene_datasets/mp3d/zsNo4HB9uLZ/zsNo4HB9uLZ.glb
I0929 13:36:07.646162  7731 AbstractObjectAttributesManagerBase.h:188] File (data/scene_datasets/mp3d/zsNo4HB9uLZ/zsNo4HB9uLZ.glb) exists but is not a recognized config filename extension, so new default Stage attributes created and registered.
I0929 13:36:07.646164  7731 Simulator.cpp:156] Loading navmesh from data/scene_datasets/mp3d/zsNo4HB9uLZ/zsNo4HB9uLZ.navmesh
I0929 13:36:07.646219  7731 Simulator.cpp:158] Loaded.
I0929 13:36:07.646225  7731 SceneGraph.h:93] Created DrawableGroup: 
Renderer: NVIDIA T1000 8GB/PCIe/SSE2 by NVIDIA Corporation
OpenGL version: 4.6.0 NVIDIA 590.48.01
Using optional features:
    GL_ARB_ES2_compatibility
    GL_ARB_direct_state_access
    GL_ARB_get_texture_sub_image
    GL_ARB_invalidate_subdata
    GL_ARB_multi_bind
    GL_ARB_robustness
    GL_ARB_separate_shader_objects
    GL_ARB_texture_filter_anisotropic
    GL_ARB_texture_storage
    GL_ARB_texture_storage_multisample
    GL_ARB_vertex_array_object
    GL_KHR_debug
Using driver workarounds:
    no-forward-compatible-core-context
    nv-egl-incorrect-gl11-function-pointers
    no-layout-qualifiers-on-old-glsl
    nv-zero-context-profile-mask
    nv-implementation-color-read-format-dsa-broken
    nv-cubemap-inconsistent-compressed-image-size
    nv-cubemap-broken-full-compressed-image-query
    nv-compressed-block-size-in-bits
I0929 13:36:07.731936  7731 ResourceManager.cpp:234] ResourceManager::loadStage : Not loading semantic mesh
I0929 13:36:07.731943  7731 ResourceManager.cpp:262] ResourceManager::loadStage : start load render asset data/scene_datasets/mp3d/zsNo4HB9uLZ/zsNo4HB9uLZ.glb.
I0929 13:36:07.731945  7731 ResourceManager.cpp:569] ResourceManager::loadStageInternal : Attempting to load stage data/scene_datasets/mp3d/zsNo4HB9uLZ/zsNo4HB9uLZ.glb 
I0929 13:36:07.731956  7731 ResourceManager.cpp:1119] Importing Basis files as BC7 for zsNo4HB9uLZ.glb
W0929 13:36:08.597028  7731 Simulator.cpp:248] :
---
 The active scene does not contain semantic annotations. 
---
I0929 13:36:08.636375 7731 simulator.py:213] Loaded navmesh data/scene_datasets/mp3d/zsNo4HB9uLZ/zsNo4HB9uLZ.navmesh
2026-09-29 13:36:08,640 Initializing task VLN-v0
You are using a model of type bert to instantiate a model of type . This is not supported for all configurations of models and can yield errors.
Some weights of the model checkpoint at None were not used when initializing GlocalTextPathNavCMT: ['bert.global_encoder.encoder.x_layers.0.lang_self_att.output.dense.weight', 'mlm_head.predictions.decoder.weight', 'bert.global_encoder.encoder.x_layers.0.lang_self_att.self.key.weight', 'bert.global_encoder.encoder.x_layers.0.lang_self_att.self.query.weight', 'bert.global_encoder.encoder.x_layers.3.lang_self_att.self.key.bias', 'bert.global_encoder.encoder.x_layers.0.lang_output.LayerNorm.weight', 'bert.global_encoder.encoder.x_layers.2.lang_self_att.self.query.bias', 'bert.global_encoder.encoder.x_layers.3.lang_output.dense.bias', 'bert.global_encoder.encoder.x_layers.2.lang_inter.dense.weight', 'bert.global_encoder.encoder.x_layers.0.lang_output.dense.weight', 'bert.global_encoder.encoder.x_layers.0.lang_self_att.self.value.weight', 'mlm_head.predictions.transform.dense.weight', 'bert.global_encoder.encoder.x_layers.0.lang_output.dense.bias', 'bert.global_encoder.encoder.x_layers.0.lang_self_att.self.key.bias', 'bert.global_encoder.encoder.x_layers.3.lang_output.LayerNorm.bias', 'bert.global_encoder.encoder.x_layers.2.lang_self_att.self.query.weight', 'bert.global_encoder.encoder.x_layers.0.lang_self_att.output.dense.bias', 'bert.global_encoder.encoder.x_layers.2.lang_self_att.output.dense.weight', 'bert.global_encoder.encoder.x_layers.0.lang_self_att.self.value.bias', 'bert.global_encoder.encoder.x_layers.0.lang_self_att.self.query.bias', 'bert.global_encoder.encoder.x_layers.1.lang_output.LayerNorm.bias', 'bert.global_encoder.encoder.x_layers.1.lang_self_att.self.query.bias', 'bert.global_encoder.encoder.x_layers.2.lang_output.dense.bias', 'bert.global_encoder.encoder.x_layers.2.lang_self_att.self.key.weight', 'bert.global_encoder.encoder.x_layers.2.lang_output.LayerNorm.weight', 'bert.global_encoder.encoder.x_layers.0.lang_self_att.output.LayerNorm.weight', 'bert.global_encoder.encoder.x_layers.1.lang_self_att.output.LayerNorm.weight', 'bert.global_encoder.encoder.x_layers.1.lang_output.dense.bias', 'bert.global_encoder.encoder.x_layers.3.lang_inter.dense.weight', 'bert.global_encoder.encoder.x_layers.1.lang_inter.dense.weight', 'bert.global_encoder.encoder.x_layers.1.lang_output.LayerNorm.weight', 'bert.global_encoder.encoder.x_layers.1.lang_self_att.self.value.weight', 'mlm_head.predictions.transform.LayerNorm.weight', 'bert.global_encoder.encoder.x_layers.2.lang_self_att.output.dense.bias', 'bert.global_encoder.encoder.x_layers.1.lang_self_att.self.key.bias', 'bert.global_encoder.encoder.x_layers.2.lang_self_att.self.value.bias', 'bert.global_encoder.encoder.x_layers.1.lang_self_att.output.dense.bias', 'mlm_head.predictions.transform.LayerNorm.bias', 'bert.global_encoder.encoder.x_layers.0.lang_inter.dense.weight', 'bert.global_encoder.encoder.x_layers.3.lang_self_att.self.query.weight', 'bert.global_encoder.encoder.x_layers.2.lang_output.dense.weight', 'bert.global_encoder.encoder.x_layers.0.lang_output.LayerNorm.bias', 'bert.global_encoder.encoder.x_layers.2.lang_self_att.self.key.bias', 'bert.global_encoder.encoder.x_layers.1.lang_self_att.self.value.bias', 'bert.global_encoder.encoder.x_layers.3.lang_self_att.output.dense.bias', 'bert.global_encoder.encoder.x_layers.0.lang_inter.dense.bias', 'mlm_head.predictions.transform.dense.bias', 'bert.global_encoder.encoder.x_layers.3.lang_self_att.output.LayerNorm.weight', 'bert.global_encoder.encoder.x_layers.2.lang_self_att.self.value.weight', 'bert.global_encoder.encoder.x_layers.3.lang_output.LayerNorm.weight', 'bert.global_encoder.encoder.x_layers.2.lang_inter.dense.bias', 'bert.global_encoder.encoder.x_layers.3.lang_self_att.self.value.bias', 'bert.global_encoder.encoder.x_layers.2.lang_self_att.output.LayerNorm.bias', 'mlm_head.predictions.bias', 'bert.global_encoder.encoder.x_layers.3.lang_self_att.self.query.bias', 'bert.global_encoder.encoder.x_layers.1.lang_self_att.output.dense.weight', 'bert.global_encoder.encoder.x_layers.1.lang_self_att.self.query.weight', 'bert.global_encoder.encoder.x_layers.3.lang_self_att.output.LayerNorm.bias', 'bert.global_encoder.encoder.x_layers.2.lang_self_att.output.LayerNorm.weight', 'bert.global_encoder.encoder.x_layers.1.lang_inter.dense.bias', 'bert.global_encoder.encoder.x_layers.3.lang_output.dense.weight', 'bert.global_encoder.encoder.x_layers.2.lang_output.LayerNorm.bias', 'bert.global_encoder.encoder.x_layers.1.lang_output.dense.weight', 'bert.global_encoder.encoder.x_layers.3.lang_self_att.output.dense.weight', 'bert.global_encoder.encoder.x_layers.3.lang_self_att.self.key.weight', 'bert.global_encoder.encoder.x_layers.0.lang_self_att.output.LayerNorm.bias', 'bert.global_encoder.encoder.x_layers.1.lang_self_att.self.key.weight', 'bert.global_encoder.encoder.x_layers.3.lang_self_att.self.value.weight', 'bert.global_encoder.encoder.x_layers.1.lang_self_att.output.LayerNorm.bias', 'bert.global_encoder.encoder.x_layers.3.lang_inter.dense.bias']
- This IS expected if you are initializing GlocalTextPathNavCMT from the checkpoint of a model trained on another task or with another architecture (e.g. initializing a BertForSequenceClassification model from a BertForPreTraining model).
- This IS NOT expected if you are initializing GlocalTextPathNavCMT from the checkpoint of a model that you expect to be exactly identical (initializing a BertForSequenceClassification model from a BertForSequenceClassification model).
2026-09-29 13:36:15,897 Loaded weights from checkpoint: data/logs/checkpoints/release_r2r/ckpt.iter12000.pth, iteration: 12000
2026-09-29 13:36:15,899 Agent parameters: 299.14 MB. Trainable: 140.79 MB.
2026-09-29 13:36:15,899 Finished setting up policy.
local rank: 0 | dataset length: 15

Initalizing the ETP model ...
  0%|          | 0/15 [00:00<?, ?it/s]  7%|▋         | 1/15 [00:06<01:37,  6.97s/it] 13%|█▎        | 2/15 [00:13<01:30,  6.93s/it] 20%|██        | 3/15 [00:18<01:10,  5.90s/it] 27%|██▋       | 4/15 [00:20<00:49,  4.50s/it] 33%|███▎      | 5/15 [00:22<00:34,  3.45s/it] 40%|████      | 6/15 [00:24<00:27,  3.08s/it] 47%|████▋     | 7/15 [00:26<00:20,  2.59s/it] 53%|█████▎    | 8/15 [00:30<00:21,  3.01s/it] 60%|██████    | 9/15 [00:34<00:19,  3.29s/it] 67%|██████▋   | 10/15 [00:36<00:15,  3.00s/it] 73%|███████▎  | 11/15 [00:38<00:11,  2.81s/it] 80%|████████  | 12/15 [00:40<00:07,  2.44s/it] 87%|████████▋ | 13/15 [00:45<00:06,  3.13s/it] 93%|█████████▎| 14/15 [00:49<00:03,  3.60s/it]100%|██████████| 15/15 [00:52<00:00,  3.23s/it]I0929 13:37:08.225862  7731 PhysicsManager.cpp:33] Deconstructing PhysicsManager
I0929 13:37:08.225880  7731 SemanticScene.h:41] Deconstructing SemanticScene
I0929 13:37:08.227176  7731 SceneManager.h:25] Deconstructing SceneManager
I0929 13:37:08.227196  7731 SceneGraph.h:26] Deconstructing SceneGraph
I0929 13:37:08.227698  7731 Sensor.h:87] Deconstructing Sensor
I0929 13:37:08.227891  7731 Sensor.h:87] Deconstructing Sensor
I0929 13:37:08.228012  7731 Sensor.h:87] Deconstructing Sensor
I0929 13:37:08.228119  7731 Sensor.h:87] Deconstructing Sensor
I0929 13:37:08.228236  7731 Sensor.h:87] Deconstructing Sensor
I0929 13:37:08.228355  7731 Sensor.h:87] Deconstructing Sensor
I0929 13:37:08.228442  7731 Sensor.h:87] Deconstructing Sensor
I0929 13:37:08.228525  7731 Sensor.h:87] Deconstructing Sensor
I0929 13:37:08.228627  7731 Sensor.h:87] Deconstructing Sensor
I0929 13:37:08.228705  7731 Sensor.h:87] Deconstructing Sensor
I0929 13:37:08.228785  7731 Sensor.h:87] Deconstructing Sensor
I0929 13:37:08.228860  7731 Sensor.h:87] Deconstructing Sensor
I0929 13:37:08.228938  7731 Sensor.h:87] Deconstructing Sensor
I0929 13:37:08.229038  7731 Sensor.h:87] Deconstructing Sensor
I0929 13:37:08.229146  7731 Sensor.h:87] Deconstructing Sensor
I0929 13:37:08.229246  7731 Sensor.h:87] Deconstructing Sensor
I0929 13:37:08.229362  7731 Sensor.h:87] Deconstructing Sensor
I0929 13:37:08.229465  7731 Sensor.h:87] Deconstructing Sensor
I0929 13:37:08.229563  7731 Sensor.h:87] Deconstructing Sensor
I0929 13:37:08.229660  7731 Sensor.h:87] Deconstructing Sensor
I0929 13:37:08.229758  7731 Sensor.h:87] Deconstructing Sensor
I0929 13:37:08.229854  7731 Sensor.h:87] Deconstructing Sensor
I0929 13:37:08.229948  7731 Sensor.h:87] Deconstructing Sensor
I0929 13:37:08.230008  7731 Sensor.h:87] Deconstructing Sensor
I0929 13:37:08.231329  7731 Renderer.cpp:34] Deconstructing Renderer
I0929 13:37:08.231338  7731 WindowlessContext.h:17] Deconstructing WindowlessContext
I0929 13:37:08.233691  7731 Simulator.cpp:49] Deconstructing Simulator
2026-09-29 13:37:08,234 Episodes evaluated: 15
2026-09-29 13:37:08,234 Average episode steps_taken: 87.000000
2026-09-29 13:37:08,234 Average episode distance_to_goal: 5.456066
2026-09-29 13:37:08,235 Average episode success: 0.333333
2026-09-29 13:37:08,235 Average episode oracle_success: 0.600000
2026-09-29 13:37:08,235 Average episode path_length: 12.760675
2026-09-29 13:37:08,235 Average episode collisions: 0.033918
2026-09-29 13:37:08,235 Average episode spl: 0.290583
2026-09-29 13:37:08,235 Average episode ndtw: 0.480276
2026-09-29 13:37:08,235 Average episode sdtw: 0.285749
2026-09-29 13:37:08,235 Average episode ghost_cnt: 81.066667
2026-09-29 13:37:08,235 Average episode tour_idx: 7.000000
2026-09-29 13:37:08,235 Average episode g_nodes_total: 39.600000
2026-09-29 13:37:08,235 Average episode g_ghosts_total: 49.466667
2026-09-29 13:37:08,235 Average episode g_active_mean: 16.124444
2026-09-29 13:37:08,235 Average episode g_old_visible_mean: 13.391111
2026-09-29 13:37:08,235 Average episode g_comp_mean: 31.355556
2026-09-29 13:37:08,235 Average episode g_ghosts_visible_mean: 20.468148
2026-09-29 13:37:08,236 Average episode g_reloc_mean: 0.766667
2026-09-29 13:37:08,236 Average episode g_old_visible_max: 15.133333
2026-09-29 13:37:08,236 Average episode g_start_reloc: 1.133333
2026-09-29 13:37:08,236 Average episode g_start_comp: 26.933333
2026-09-29 13:37:08,236 Average episode g_stop_no_vp_left: 0.000000
100%|██████████| 15/15 [00:52<00:00,  3.49s/it]
[guard] finished rc=0 in 65s | peak footprint vs baseline: RAM +5534MiB, VRAM +2676MiB
