[guard] avail RAM 16G | GPU used 81MiB, compute procs 0 | load 1
[guard] hard caps on: RAM<=9G (no swap), CPU<=300%
2026-09-29 13:40:22,569 checkpoint_path: data/logs/checkpoints/release_r2r/ckpt.iter12000.pth
2026-09-29 13:40:22,569 Initializing dataset VLN-CE-v1
2026-09-29 13:40:22,590 SPLTI: tour_zsNo4H_n15_s2_o0, NUMBER OF SCENES: 1
2026-09-29 13:40:24,576 Initializing dataset VLN-CE-v1
2026-09-29 13:40:24,596 initializing sim Sim-v1
WARNING: Logging before InitGoogleLogging() is written to STDERR
I0929 13:40:24.600863  9664 ManagedContainerBase.cpp:19] ManagedContainerBase::convertFilenameToJSON : Filename : default changed to proposed JSON configuration filename : default.scene_dataset_config.json
I0929 13:40:24.600885  9664 AttributesManagerBase.h:283] AttributesManager<T>::createFromJsonOrDefaultInternal  (Dataset) : Proposing JSON name : default.scene_dataset_config.json from original name : default | This file  does not exist.
I0929 13:40:24.600926  9664 AssetAttributesManager.cpp:117] Asset attributes (capsule3DSolid : capsule3DSolid_hemiRings_4_cylRings_1_segments_12_halfLen_0.75_useTexCoords_false_useTangents_false) created and registered.
I0929 13:40:24.600941  9664 AssetAttributesManager.cpp:117] Asset attributes (capsule3DWireframe : capsule3DWireframe_hemiRings_8_cylRings_1_segments_16_halfLen_1) created and registered.
I0929 13:40:24.600957  9664 AssetAttributesManager.cpp:117] Asset attributes (coneSolid : coneSolid_segments_12_halfLen_1.25_rings_1_useTexCoords_false_useTangents_false_capEnd_true) created and registered.
I0929 13:40:24.600965  9664 AssetAttributesManager.cpp:117] Asset attributes (coneWireframe : coneWireframe_segments_32_halfLen_1.25) created and registered.
I0929 13:40:24.600970  9664 AssetAttributesManager.cpp:117] Asset attributes (cubeSolid : cubeSolid) created and registered.
I0929 13:40:24.600975  9664 AssetAttributesManager.cpp:117] Asset attributes (cubeWireframe : cubeWireframe) created and registered.
I0929 13:40:24.600988  9664 AssetAttributesManager.cpp:117] Asset attributes (cylinderSolid : cylinderSolid_rings_1_segments_12_halfLen_1_useTexCoords_false_useTangents_false_capEnds_true) created and registered.
I0929 13:40:24.600998  9664 AssetAttributesManager.cpp:117] Asset attributes (cylinderWireframe : cylinderWireframe_rings_1_segments_32_halfLen_1) created and registered.
I0929 13:40:24.601004  9664 AssetAttributesManager.cpp:117] Asset attributes (icosphereSolid : icosphereSolid_subdivs_1) created and registered.
I0929 13:40:24.601009  9664 AssetAttributesManager.cpp:117] Asset attributes (icosphereWireframe : icosphereWireframe_subdivs_1) created and registered.
I0929 13:40:24.601022  9664 AssetAttributesManager.cpp:117] Asset attributes (uvSphereSolid : uvSphereSolid_rings_8_segments_16_useTexCoords_false_useTangents_false) created and registered.
I0929 13:40:24.601032  9664 AssetAttributesManager.cpp:117] Asset attributes (uvSphereWireframe : uvSphereWireframe_rings_16_segments_32) created and registered.
I0929 13:40:24.601033  9664 AssetAttributesManager.cpp:105] AssetAttributesManager::buildCtorFuncPtrMaps : Built default primitive asset templates : 12
I0929 13:40:24.601296  9664 SceneDatasetAttributesManager.cpp:23] File (default) not found, so new default dataset attributes created and registered.
I0929 13:40:24.601298  9664 MetadataMediator.cpp:47] MetadataMediator::createDataset : Dataset default successfully created.
I0929 13:40:24.603304  9664 AttributesManagerBase.h:283] AttributesManager<T>::createFromJsonOrDefaultInternal  (Physics Manager) : Proposing JSON name : ./data/default.physics_config.json from original name : ./data/default.physics_config.json | This file  does not exist.
I0929 13:40:24.603313  9664 PhysicsAttributesManager.cpp:27] File (./data/default.physics_config.json) not found, so new default physics manager attributes created and registered.
I0929 13:40:24.603317  9664 AbstractObjectAttributesManagerBase.h:175] AbstractObjectAttributesManager<T>::createObject  (Stage) : Making attributes with handle : data/scene_datasets/mp3d/zsNo4HB9uLZ/zsNo4HB9uLZ.glb
I0929 13:40:24.603325  9664 ManagedContainerBase.cpp:19] ManagedContainerBase::convertFilenameToJSON : Filename : data/scene_datasets/mp3d/zsNo4HB9uLZ/zsNo4HB9uLZ.glb changed to proposed JSON configuration filename : data/scene_datasets/mp3d/zsNo4HB9uLZ/zsNo4HB9uLZ.stage_config.json
I0929 13:40:24.603330  9664 AttributesManagerBase.h:283] AttributesManager<T>::createFromJsonOrDefaultInternal  (Stage) : Proposing JSON name : data/scene_datasets/mp3d/zsNo4HB9uLZ/zsNo4HB9uLZ.stage_config.json from original name : data/scene_datasets/mp3d/zsNo4HB9uLZ/zsNo4HB9uLZ.glb | This file  does not exist.
I0929 13:40:24.603360  9664 AbstractObjectAttributesManagerBase.h:181] AbstractObjectAttributesManager<T>::createObject  (Stage) : Done making attributes with handle : data/scene_datasets/mp3d/zsNo4HB9uLZ/zsNo4HB9uLZ.glb
I0929 13:40:24.603361  9664 AbstractObjectAttributesManagerBase.h:188] File (data/scene_datasets/mp3d/zsNo4HB9uLZ/zsNo4HB9uLZ.glb) exists but is not a recognized config filename extension, so new default Stage attributes created and registered.
I0929 13:40:24.603365  9664 Simulator.cpp:156] Loading navmesh from data/scene_datasets/mp3d/zsNo4HB9uLZ/zsNo4HB9uLZ.navmesh
I0929 13:40:24.603416  9664 Simulator.cpp:158] Loaded.
I0929 13:40:24.603423  9664 SceneGraph.h:93] Created DrawableGroup: 
Renderer: NVIDIA T1000 8GB/PCIe/SSE2 by NVIDIA Corporation
OpenGL version: 4.6.0 NVIDIA 590.48.01
Using optional features:
    GL_ARB_ES2_compatibility
    GL_ARB_direct_state_access
    GL_ARB_get_texture_sub_image
    GL_ARB_invalidate_subdata
    GL_ARB_multi_bind
    GL_ARB_robustness
    GL_ARB_separate_shader_objects
    GL_ARB_texture_filter_anisotropic
    GL_ARB_texture_storage
    GL_ARB_texture_storage_multisample
    GL_ARB_vertex_array_object
    GL_KHR_debug
Using driver workarounds:
    no-forward-compatible-core-context
    nv-egl-incorrect-gl11-function-pointers
    no-layout-qualifiers-on-old-glsl
    nv-zero-context-profile-mask
    nv-implementation-color-read-format-dsa-broken
    nv-cubemap-inconsistent-compressed-image-size
    nv-cubemap-broken-full-compressed-image-query
    nv-compressed-block-size-in-bits
I0929 13:40:24.692909  9664 ResourceManager.cpp:234] ResourceManager::loadStage : Not loading semantic mesh
I0929 13:40:24.692916  9664 ResourceManager.cpp:262] ResourceManager::loadStage : start load render asset data/scene_datasets/mp3d/zsNo4HB9uLZ/zsNo4HB9uLZ.glb.
I0929 13:40:24.692919  9664 ResourceManager.cpp:569] ResourceManager::loadStageInternal : Attempting to load stage data/scene_datasets/mp3d/zsNo4HB9uLZ/zsNo4HB9uLZ.glb 
I0929 13:40:24.692929  9664 ResourceManager.cpp:1119] Importing Basis files as BC7 for zsNo4HB9uLZ.glb
W0929 13:40:25.591778  9664 Simulator.cpp:248] :
---
 The active scene does not contain semantic annotations. 
---
I0929 13:40:25.631077 9664 simulator.py:213] Loaded navmesh data/scene_datasets/mp3d/zsNo4HB9uLZ/zsNo4HB9uLZ.navmesh
2026-09-29 13:40:25,635 Initializing task VLN-v0
You are using a model of type bert to instantiate a model of type . This is not supported for all configurations of models and can yield errors.
Some weights of the model checkpoint at None were not used when initializing GlocalTextPathNavCMT: ['bert.global_encoder.encoder.x_layers.3.lang_self_att.output.dense.bias', 'bert.global_encoder.encoder.x_layers.1.lang_inter.dense.bias', 'bert.global_encoder.encoder.x_layers.1.lang_self_att.output.dense.weight', 'bert.global_encoder.encoder.x_layers.1.lang_self_att.self.value.bias', 'bert.global_encoder.encoder.x_layers.1.lang_self_att.self.key.bias', 'bert.global_encoder.encoder.x_layers.3.lang_self_att.output.LayerNorm.bias', 'bert.global_encoder.encoder.x_layers.2.lang_inter.dense.weight', 'mlm_head.predictions.transform.dense.bias', 'bert.global_encoder.encoder.x_layers.0.lang_self_att.output.LayerNorm.weight', 'bert.global_encoder.encoder.x_layers.2.lang_self_att.output.LayerNorm.weight', 'bert.global_encoder.encoder.x_layers.2.lang_self_att.self.key.weight', 'bert.global_encoder.encoder.x_layers.3.lang_self_att.self.query.weight', 'bert.global_encoder.encoder.x_layers.0.lang_output.LayerNorm.bias', 'bert.global_encoder.encoder.x_layers.1.lang_self_att.self.query.bias', 'bert.global_encoder.encoder.x_layers.3.lang_output.LayerNorm.weight', 'bert.global_encoder.encoder.x_layers.3.lang_output.dense.weight', 'bert.global_encoder.encoder.x_layers.3.lang_self_att.self.query.bias', 'bert.global_encoder.encoder.x_layers.2.lang_output.dense.weight', 'bert.global_encoder.encoder.x_layers.2.lang_inter.dense.bias', 'bert.global_encoder.encoder.x_layers.1.lang_self_att.self.query.weight', 'bert.global_encoder.encoder.x_layers.0.lang_inter.dense.bias', 'bert.global_encoder.encoder.x_layers.2.lang_self_att.self.key.bias', 'bert.global_encoder.encoder.x_layers.0.lang_self_att.self.query.bias', 'bert.global_encoder.encoder.x_layers.2.lang_output.LayerNorm.weight', 'bert.global_encoder.encoder.x_layers.2.lang_self_att.self.value.weight', 'bert.global_encoder.encoder.x_layers.0.lang_self_att.self.key.bias', 'bert.global_encoder.encoder.x_layers.3.lang_self_att.self.key.bias', 'bert.global_encoder.encoder.x_layers.3.lang_inter.dense.weight', 'mlm_head.predictions.bias', 'bert.global_encoder.encoder.x_layers.1.lang_output.dense.bias', 'bert.global_encoder.encoder.x_layers.1.lang_self_att.output.LayerNorm.weight', 'bert.global_encoder.encoder.x_layers.2.lang_self_att.self.value.bias', 'bert.global_encoder.encoder.x_layers.1.lang_output.LayerNorm.weight', 'bert.global_encoder.encoder.x_layers.0.lang_inter.dense.weight', 'mlm_head.predictions.transform.LayerNorm.bias', 'mlm_head.predictions.transform.dense.weight', 'bert.global_encoder.encoder.x_layers.1.lang_self_att.self.value.weight', 'bert.global_encoder.encoder.x_layers.3.lang_self_att.output.dense.weight', 'bert.global_encoder.encoder.x_layers.1.lang_self_att.self.key.weight', 'bert.global_encoder.encoder.x_layers.3.lang_output.LayerNorm.bias', 'bert.global_encoder.encoder.x_layers.0.lang_self_att.self.value.weight', 'bert.global_encoder.encoder.x_layers.2.lang_self_att.self.query.bias', 'bert.global_encoder.encoder.x_layers.1.lang_inter.dense.weight', 'bert.global_encoder.encoder.x_layers.3.lang_self_att.self.value.bias', 'bert.global_encoder.encoder.x_layers.3.lang_self_att.self.value.weight', 'bert.global_encoder.encoder.x_layers.2.lang_self_att.self.query.weight', 'mlm_head.predictions.transform.LayerNorm.weight', 'bert.global_encoder.encoder.x_layers.2.lang_self_att.output.LayerNorm.bias', 'bert.global_encoder.encoder.x_layers.0.lang_self_att.self.value.bias', 'bert.global_encoder.encoder.x_layers.2.lang_self_att.output.dense.weight', 'bert.global_encoder.encoder.x_layers.2.lang_output.dense.bias', 'bert.global_encoder.encoder.x_layers.1.lang_self_att.output.LayerNorm.bias', 'bert.global_encoder.encoder.x_layers.1.lang_output.dense.weight', 'bert.global_encoder.encoder.x_layers.3.lang_inter.dense.bias', 'bert.global_encoder.encoder.x_layers.0.lang_output.dense.bias', 'mlm_head.predictions.decoder.weight', 'bert.global_encoder.encoder.x_layers.3.lang_self_att.self.key.weight', 'bert.global_encoder.encoder.x_layers.2.lang_self_att.output.dense.bias', 'bert.global_encoder.encoder.x_layers.0.lang_self_att.self.key.weight', 'bert.global_encoder.encoder.x_layers.0.lang_self_att.output.dense.bias', 'bert.global_encoder.encoder.x_layers.3.lang_self_att.output.LayerNorm.weight', 'bert.global_encoder.encoder.x_layers.0.lang_self_att.self.query.weight', 'bert.global_encoder.encoder.x_layers.2.lang_output.LayerNorm.bias', 'bert.global_encoder.encoder.x_layers.0.lang_output.LayerNorm.weight', 'bert.global_encoder.encoder.x_layers.1.lang_output.LayerNorm.bias', 'bert.global_encoder.encoder.x_layers.0.lang_self_att.output.dense.weight', 'bert.global_encoder.encoder.x_layers.0.lang_self_att.output.LayerNorm.bias', 'bert.global_encoder.encoder.x_layers.1.lang_self_att.output.dense.bias', 'bert.global_encoder.encoder.x_layers.3.lang_output.dense.bias', 'bert.global_encoder.encoder.x_layers.0.lang_output.dense.weight']
- This IS expected if you are initializing GlocalTextPathNavCMT from the checkpoint of a model trained on another task or with another architecture (e.g. initializing a BertForSequenceClassification model from a BertForPreTraining model).
- This IS NOT expected if you are initializing GlocalTextPathNavCMT from the checkpoint of a model that you expect to be exactly identical (initializing a BertForSequenceClassification model from a BertForSequenceClassification model).
2026-09-29 13:40:30,592 Loaded weights from checkpoint: data/logs/checkpoints/release_r2r/ckpt.iter12000.pth, iteration: 12000
2026-09-29 13:40:30,594 Agent parameters: 299.14 MB. Trainable: 140.79 MB.
2026-09-29 13:40:30,594 Finished setting up policy.
local rank: 0 | dataset length: 15

Initalizing the ETP model ...
  0%|          | 0/15 [00:00<?, ?it/s]  7%|▋         | 1/15 [00:05<01:16,  5.44s/it] 13%|█▎        | 2/15 [00:07<00:41,  3.16s/it] 20%|██        | 3/15 [00:12<00:50,  4.18s/it] 27%|██▋       | 4/15 [00:13<00:34,  3.15s/it] 33%|███▎      | 5/15 [00:20<00:45,  4.51s/it] 40%|████      | 6/15 [00:22<00:31,  3.52s/it] 47%|████▋     | 7/15 [00:24<00:25,  3.14s/it] 53%|█████▎    | 8/15 [00:29<00:25,  3.62s/it] 60%|██████    | 9/15 [00:32<00:20,  3.46s/it] 67%|██████▋   | 10/15 [00:40<00:23,  4.80s/it] 73%|███████▎  | 11/15 [00:46<00:20,  5.24s/it] 80%|████████  | 12/15 [00:49<00:13,  4.60s/it] 87%|████████▋ | 13/15 [00:51<00:07,  3.69s/it] 93%|█████████▎| 14/15 [00:54<00:03,  3.52s/it]100%|██████████| 15/15 [00:57<00:00,  3.41s/it]I0929 13:41:28.240366  9664 PhysicsManager.cpp:33] Deconstructing PhysicsManager
I0929 13:41:28.240383  9664 SemanticScene.h:41] Deconstructing SemanticScene
I0929 13:41:28.241513  9664 SceneManager.h:25] Deconstructing SceneManager
I0929 13:41:28.241520  9664 SceneGraph.h:26] Deconstructing SceneGraph
I0929 13:41:28.241739  9664 Sensor.h:87] Deconstructing Sensor
I0929 13:41:28.241890  9664 Sensor.h:87] Deconstructing Sensor
I0929 13:41:28.241981  9664 Sensor.h:87] Deconstructing Sensor
I0929 13:41:28.242064  9664 Sensor.h:87] Deconstructing Sensor
I0929 13:41:28.242149  9664 Sensor.h:87] Deconstructing Sensor
I0929 13:41:28.242254  9664 Sensor.h:87] Deconstructing Sensor
I0929 13:41:28.242339  9664 Sensor.h:87] Deconstructing Sensor
I0929 13:41:28.242422  9664 Sensor.h:87] Deconstructing Sensor
I0929 13:41:28.242504  9664 Sensor.h:87] Deconstructing Sensor
I0929 13:41:28.242586  9664 Sensor.h:87] Deconstructing Sensor
I0929 13:41:28.242667  9664 Sensor.h:87] Deconstructing Sensor
I0929 13:41:28.242750  9664 Sensor.h:87] Deconstructing Sensor
I0929 13:41:28.242836  9664 Sensor.h:87] Deconstructing Sensor
I0929 13:41:28.242944  9664 Sensor.h:87] Deconstructing Sensor
I0929 13:41:28.243043  9664 Sensor.h:87] Deconstructing Sensor
I0929 13:41:28.243144  9664 Sensor.h:87] Deconstructing Sensor
I0929 13:41:28.243258  9664 Sensor.h:87] Deconstructing Sensor
I0929 13:41:28.243366  9664 Sensor.h:87] Deconstructing Sensor
I0929 13:41:28.243471  9664 Sensor.h:87] Deconstructing Sensor
I0929 13:41:28.243573  9664 Sensor.h:87] Deconstructing Sensor
I0929 13:41:28.243678  9664 Sensor.h:87] Deconstructing Sensor
I0929 13:41:28.243783  9664 Sensor.h:87] Deconstructing Sensor
I0929 13:41:28.243891  9664 Sensor.h:87] Deconstructing Sensor
I0929 13:41:28.243956  9664 Sensor.h:87] Deconstructing Sensor
I0929 13:41:28.245297  9664 Renderer.cpp:34] Deconstructing Renderer
I0929 13:41:28.245306  9664 WindowlessContext.h:17] Deconstructing WindowlessContext
I0929 13:41:28.247809  9664 Simulator.cpp:49] Deconstructing Simulator
2026-09-29 13:41:28,248 Episodes evaluated: 15
2026-09-29 13:41:28,248 Average episode steps_taken: 76.133333
2026-09-29 13:41:28,249 Average episode distance_to_goal: 5.857600
2026-09-29 13:41:28,249 Average episode success: 0.333333
2026-09-29 13:41:28,249 Average episode oracle_success: 0.400000
2026-09-29 13:41:28,249 Average episode path_length: 11.371068
2026-09-29 13:41:28,249 Average episode collisions: 0.030159
2026-09-29 13:41:28,249 Average episode spl: 0.261714
2026-09-29 13:41:28,249 Average episode ndtw: 0.609147
2026-09-29 13:41:28,249 Average episode sdtw: 0.268634
2026-09-29 13:41:28,249 Average episode ghost_cnt: 77.733333
2026-09-29 13:41:28,249 Average episode tour_idx: 7.000000
2026-09-29 13:41:28,249 Average episode g_nodes_total: 40.266667
2026-09-29 13:41:28,249 Average episode g_ghosts_total: 45.466667
2026-09-29 13:41:28,249 Average episode g_active_mean: 15.383095
2026-09-29 13:41:28,249 Average episode g_old_visible_mean: 12.416429
2026-09-29 13:41:28,249 Average episode g_comp_mean: 33.644762
2026-09-29 13:41:28,249 Average episode g_ghosts_visible_mean: 18.593201
2026-09-29 13:41:28,250 Average episode g_reloc_mean: 0.882857
2026-09-29 13:41:28,250 Average episode g_old_visible_max: 14.466667
2026-09-29 13:41:28,250 Average episode g_start_reloc: 1.333333
2026-09-29 13:41:28,250 Average episode g_start_comp: 28.400000
2026-09-29 13:41:28,250 Average episode g_stop_no_vp_left: 0.000000
100%|██████████| 15/15 [00:57<00:00,  3.84s/it]
[guard] finished rc=0 in 68s | peak footprint vs baseline: RAM +6341MiB, VRAM +2675MiB
