[guard] avail RAM 16G | GPU used 81MiB, compute procs 0 | load 1
[guard] hard caps on: RAM<=9G (no swap), CPU<=300%
2026-09-29 13:47:32,117 checkpoint_path: data/logs/checkpoints/release_r2r/ckpt.iter12000.pth
2026-09-29 13:47:32,117 Initializing dataset VLN-CE-v1
2026-09-29 13:47:32,138 SPLTI: tour_zsNo4H_n15_s1_o0, NUMBER OF SCENES: 1
2026-09-29 13:47:34,009 Initializing dataset VLN-CE-v1
2026-09-29 13:47:34,029 initializing sim Sim-v1
WARNING: Logging before InitGoogleLogging() is written to STDERR
I0929 13:47:34.034430 12619 ManagedContainerBase.cpp:19] ManagedContainerBase::convertFilenameToJSON : Filename : default changed to proposed JSON configuration filename : default.scene_dataset_config.json
I0929 13:47:34.034452 12619 AttributesManagerBase.h:283] AttributesManager<T>::createFromJsonOrDefaultInternal  (Dataset) : Proposing JSON name : default.scene_dataset_config.json from original name : default | This file  does not exist.
I0929 13:47:34.034493 12619 AssetAttributesManager.cpp:117] Asset attributes (capsule3DSolid : capsule3DSolid_hemiRings_4_cylRings_1_segments_12_halfLen_0.75_useTexCoords_false_useTangents_false) created and registered.
I0929 13:47:34.034509 12619 AssetAttributesManager.cpp:117] Asset attributes (capsule3DWireframe : capsule3DWireframe_hemiRings_8_cylRings_1_segments_16_halfLen_1) created and registered.
I0929 13:47:34.034525 12619 AssetAttributesManager.cpp:117] Asset attributes (coneSolid : coneSolid_segments_12_halfLen_1.25_rings_1_useTexCoords_false_useTangents_false_capEnd_true) created and registered.
I0929 13:47:34.034534 12619 AssetAttributesManager.cpp:117] Asset attributes (coneWireframe : coneWireframe_segments_32_halfLen_1.25) created and registered.
I0929 13:47:34.034539 12619 AssetAttributesManager.cpp:117] Asset attributes (cubeSolid : cubeSolid) created and registered.
I0929 13:47:34.034549 12619 AssetAttributesManager.cpp:117] Asset attributes (cubeWireframe : cubeWireframe) created and registered.
I0929 13:47:34.034562 12619 AssetAttributesManager.cpp:117] Asset attributes (cylinderSolid : cylinderSolid_rings_1_segments_12_halfLen_1_useTexCoords_false_useTangents_false_capEnds_true) created and registered.
I0929 13:47:34.034572 12619 AssetAttributesManager.cpp:117] Asset attributes (cylinderWireframe : cylinderWireframe_rings_1_segments_32_halfLen_1) created and registered.
I0929 13:47:34.034601 12619 AssetAttributesManager.cpp:117] Asset attributes (icosphereSolid : icosphereSolid_subdivs_1) created and registered.
I0929 13:47:34.034606 12619 AssetAttributesManager.cpp:117] Asset attributes (icosphereWireframe : icosphereWireframe_subdivs_1) created and registered.
I0929 13:47:34.034615 12619 AssetAttributesManager.cpp:117] Asset attributes (uvSphereSolid : uvSphereSolid_rings_8_segments_16_useTexCoords_false_useTangents_false) created and registered.
I0929 13:47:34.034622 12619 AssetAttributesManager.cpp:117] Asset attributes (uvSphereWireframe : uvSphereWireframe_rings_16_segments_32) created and registered.
I0929 13:47:34.034626 12619 AssetAttributesManager.cpp:105] AssetAttributesManager::buildCtorFuncPtrMaps : Built default primitive asset templates : 12
I0929 13:47:34.034929 12619 SceneDatasetAttributesManager.cpp:23] File (default) not found, so new default dataset attributes created and registered.
I0929 13:47:34.034934 12619 MetadataMediator.cpp:47] MetadataMediator::createDataset : Dataset default successfully created.
I0929 13:47:34.036918 12619 AttributesManagerBase.h:283] AttributesManager<T>::createFromJsonOrDefaultInternal  (Physics Manager) : Proposing JSON name : ./data/default.physics_config.json from original name : ./data/default.physics_config.json | This file  does not exist.
I0929 13:47:34.036928 12619 PhysicsAttributesManager.cpp:27] File (./data/default.physics_config.json) not found, so new default physics manager attributes created and registered.
I0929 13:47:34.036931 12619 AbstractObjectAttributesManagerBase.h:175] AbstractObjectAttributesManager<T>::createObject  (Stage) : Making attributes with handle : data/scene_datasets/mp3d/zsNo4HB9uLZ/zsNo4HB9uLZ.glb
I0929 13:47:34.036940 12619 ManagedContainerBase.cpp:19] ManagedContainerBase::convertFilenameToJSON : Filename : data/scene_datasets/mp3d/zsNo4HB9uLZ/zsNo4HB9uLZ.glb changed to proposed JSON configuration filename : data/scene_datasets/mp3d/zsNo4HB9uLZ/zsNo4HB9uLZ.stage_config.json
I0929 13:47:34.036945 12619 AttributesManagerBase.h:283] AttributesManager<T>::createFromJsonOrDefaultInternal  (Stage) : Proposing JSON name : data/scene_datasets/mp3d/zsNo4HB9uLZ/zsNo4HB9uLZ.stage_config.json from original name : data/scene_datasets/mp3d/zsNo4HB9uLZ/zsNo4HB9uLZ.glb | This file  does not exist.
I0929 13:47:34.036976 12619 AbstractObjectAttributesManagerBase.h:181] AbstractObjectAttributesManager<T>::createObject  (Stage) : Done making attributes with handle : data/scene_datasets/mp3d/zsNo4HB9uLZ/zsNo4HB9uLZ.glb
I0929 13:47:34.036978 12619 AbstractObjectAttributesManagerBase.h:188] File (data/scene_datasets/mp3d/zsNo4HB9uLZ/zsNo4HB9uLZ.glb) exists but is not a recognized config filename extension, so new default Stage attributes created and registered.
I0929 13:47:34.036981 12619 Simulator.cpp:156] Loading navmesh from data/scene_datasets/mp3d/zsNo4HB9uLZ/zsNo4HB9uLZ.navmesh
I0929 13:47:34.037034 12619 Simulator.cpp:158] Loaded.
I0929 13:47:34.037041 12619 SceneGraph.h:93] Created DrawableGroup: 
Renderer: NVIDIA T1000 8GB/PCIe/SSE2 by NVIDIA Corporation
OpenGL version: 4.6.0 NVIDIA 590.48.01
Using optional features:
    GL_ARB_ES2_compatibility
    GL_ARB_direct_state_access
    GL_ARB_get_texture_sub_image
    GL_ARB_invalidate_subdata
    GL_ARB_multi_bind
    GL_ARB_robustness
    GL_ARB_separate_shader_objects
    GL_ARB_texture_filter_anisotropic
    GL_ARB_texture_storage
    GL_ARB_texture_storage_multisample
    GL_ARB_vertex_array_object
    GL_KHR_debug
Using driver workarounds:
    no-forward-compatible-core-context
    nv-egl-incorrect-gl11-function-pointers
    no-layout-qualifiers-on-old-glsl
    nv-zero-context-profile-mask
    nv-implementation-color-read-format-dsa-broken
    nv-cubemap-inconsistent-compressed-image-size
    nv-cubemap-broken-full-compressed-image-query
    nv-compressed-block-size-in-bits
I0929 13:47:34.122720 12619 ResourceManager.cpp:234] ResourceManager::loadStage : Not loading semantic mesh
I0929 13:47:34.122726 12619 ResourceManager.cpp:262] ResourceManager::loadStage : start load render asset data/scene_datasets/mp3d/zsNo4HB9uLZ/zsNo4HB9uLZ.glb.
I0929 13:47:34.122728 12619 ResourceManager.cpp:569] ResourceManager::loadStageInternal : Attempting to load stage data/scene_datasets/mp3d/zsNo4HB9uLZ/zsNo4HB9uLZ.glb 
I0929 13:47:34.122738 12619 ResourceManager.cpp:1119] Importing Basis files as BC7 for zsNo4HB9uLZ.glb
W0929 13:47:34.994534 12619 Simulator.cpp:248] :
---
 The active scene does not contain semantic annotations. 
---
I0929 13:47:35.034003 12619 simulator.py:213] Loaded navmesh data/scene_datasets/mp3d/zsNo4HB9uLZ/zsNo4HB9uLZ.navmesh
2026-09-29 13:47:35,038 Initializing task VLN-v0
You are using a model of type bert to instantiate a model of type . This is not supported for all configurations of models and can yield errors.
Some weights of the model checkpoint at None were not used when initializing GlocalTextPathNavCMT: ['bert.global_encoder.encoder.x_layers.0.lang_output.LayerNorm.bias', 'bert.global_encoder.encoder.x_layers.1.lang_self_att.self.key.weight', 'bert.global_encoder.encoder.x_layers.0.lang_self_att.output.LayerNorm.bias', 'bert.global_encoder.encoder.x_layers.3.lang_inter.dense.weight', 'bert.global_encoder.encoder.x_layers.1.lang_self_att.self.value.bias', 'bert.global_encoder.encoder.x_layers.2.lang_self_att.self.key.weight', 'bert.global_encoder.encoder.x_layers.0.lang_self_att.self.key.weight', 'bert.global_encoder.encoder.x_layers.3.lang_output.LayerNorm.bias', 'bert.global_encoder.encoder.x_layers.0.lang_self_att.output.dense.bias', 'bert.global_encoder.encoder.x_layers.1.lang_inter.dense.bias', 'mlm_head.predictions.bias', 'bert.global_encoder.encoder.x_layers.0.lang_inter.dense.bias', 'bert.global_encoder.encoder.x_layers.2.lang_self_att.output.LayerNorm.bias', 'bert.global_encoder.encoder.x_layers.1.lang_output.dense.bias', 'bert.global_encoder.encoder.x_layers.2.lang_self_att.self.key.bias', 'bert.global_encoder.encoder.x_layers.2.lang_self_att.self.value.weight', 'bert.global_encoder.encoder.x_layers.1.lang_self_att.output.dense.bias', 'bert.global_encoder.encoder.x_layers.0.lang_inter.dense.weight', 'mlm_head.predictions.decoder.weight', 'bert.global_encoder.encoder.x_layers.1.lang_self_att.output.dense.weight', 'bert.global_encoder.encoder.x_layers.0.lang_self_att.self.key.bias', 'bert.global_encoder.encoder.x_layers.0.lang_output.LayerNorm.weight', 'bert.global_encoder.encoder.x_layers.2.lang_output.LayerNorm.weight', 'bert.global_encoder.encoder.x_layers.3.lang_self_att.self.key.bias', 'bert.global_encoder.encoder.x_layers.0.lang_output.dense.bias', 'bert.global_encoder.encoder.x_layers.3.lang_self_att.self.key.weight', 'bert.global_encoder.encoder.x_layers.2.lang_output.dense.bias', 'bert.global_encoder.encoder.x_layers.3.lang_self_att.output.LayerNorm.weight', 'bert.global_encoder.encoder.x_layers.3.lang_self_att.output.LayerNorm.bias', 'bert.global_encoder.encoder.x_layers.3.lang_output.dense.bias', 'mlm_head.predictions.transform.LayerNorm.weight', 'bert.global_encoder.encoder.x_layers.3.lang_self_att.self.query.bias', 'bert.global_encoder.encoder.x_layers.3.lang_self_att.self.value.bias', 'bert.global_encoder.encoder.x_layers.2.lang_output.LayerNorm.bias', 'bert.global_encoder.encoder.x_layers.0.lang_output.dense.weight', 'bert.global_encoder.encoder.x_layers.3.lang_output.dense.weight', 'mlm_head.predictions.transform.LayerNorm.bias', 'bert.global_encoder.encoder.x_layers.3.lang_self_att.output.dense.weight', 'bert.global_encoder.encoder.x_layers.3.lang_self_att.output.dense.bias', 'bert.global_encoder.encoder.x_layers.1.lang_self_att.output.LayerNorm.weight', 'mlm_head.predictions.transform.dense.bias', 'mlm_head.predictions.transform.dense.weight', 'bert.global_encoder.encoder.x_layers.1.lang_self_att.self.value.weight', 'bert.global_encoder.encoder.x_layers.0.lang_self_att.self.query.bias', 'bert.global_encoder.encoder.x_layers.3.lang_inter.dense.bias', 'bert.global_encoder.encoder.x_layers.1.lang_self_att.output.LayerNorm.bias', 'bert.global_encoder.encoder.x_layers.1.lang_inter.dense.weight', 'bert.global_encoder.encoder.x_layers.2.lang_inter.dense.bias', 'bert.global_encoder.encoder.x_layers.2.lang_self_att.output.LayerNorm.weight', 'bert.global_encoder.encoder.x_layers.1.lang_self_att.self.query.bias', 'bert.global_encoder.encoder.x_layers.1.lang_output.LayerNorm.bias', 'bert.global_encoder.encoder.x_layers.2.lang_self_att.self.query.bias', 'bert.global_encoder.encoder.x_layers.0.lang_self_att.self.value.weight', 'bert.global_encoder.encoder.x_layers.1.lang_self_att.self.key.bias', 'bert.global_encoder.encoder.x_layers.2.lang_self_att.output.dense.bias', 'bert.global_encoder.encoder.x_layers.3.lang_output.LayerNorm.weight', 'bert.global_encoder.encoder.x_layers.0.lang_self_att.self.query.weight', 'bert.global_encoder.encoder.x_layers.3.lang_self_att.self.value.weight', 'bert.global_encoder.encoder.x_layers.3.lang_self_att.self.query.weight', 'bert.global_encoder.encoder.x_layers.1.lang_self_att.self.query.weight', 'bert.global_encoder.encoder.x_layers.0.lang_self_att.output.dense.weight', 'bert.global_encoder.encoder.x_layers.0.lang_self_att.output.LayerNorm.weight', 'bert.global_encoder.encoder.x_layers.2.lang_output.dense.weight', 'bert.global_encoder.encoder.x_layers.1.lang_output.LayerNorm.weight', 'bert.global_encoder.encoder.x_layers.2.lang_self_att.self.query.weight', 'bert.global_encoder.encoder.x_layers.2.lang_inter.dense.weight', 'bert.global_encoder.encoder.x_layers.2.lang_self_att.output.dense.weight', 'bert.global_encoder.encoder.x_layers.0.lang_self_att.self.value.bias', 'bert.global_encoder.encoder.x_layers.1.lang_output.dense.weight', 'bert.global_encoder.encoder.x_layers.2.lang_self_att.self.value.bias']
- This IS expected if you are initializing GlocalTextPathNavCMT from the checkpoint of a model trained on another task or with another architecture (e.g. initializing a BertForSequenceClassification model from a BertForPreTraining model).
- This IS NOT expected if you are initializing GlocalTextPathNavCMT from the checkpoint of a model that you expect to be exactly identical (initializing a BertForSequenceClassification model from a BertForSequenceClassification model).
2026-09-29 13:47:40,185 Loaded weights from checkpoint: data/logs/checkpoints/release_r2r/ckpt.iter12000.pth, iteration: 12000
2026-09-29 13:47:40,187 Agent parameters: 299.14 MB. Trainable: 140.79 MB.
2026-09-29 13:47:40,187 Finished setting up policy.
local rank: 0 | dataset length: 15

Initalizing the ETP model ...
  0%|          | 0/15 [00:00<?, ?it/s]  7%|▋         | 1/15 [00:06<01:37,  6.98s/it] 13%|█▎        | 2/15 [00:13<01:30,  6.93s/it] 20%|██        | 3/15 [00:18<01:10,  5.88s/it] 27%|██▋       | 4/15 [00:26<01:12,  6.59s/it] 33%|███▎      | 5/15 [00:31<01:01,  6.17s/it] 40%|████      | 6/15 [00:36<00:50,  5.64s/it] 47%|████▋     | 7/15 [00:39<00:38,  4.81s/it] 53%|█████▎    | 8/15 [00:43<00:33,  4.76s/it] 60%|██████    | 9/15 [00:50<00:32,  5.45s/it] 67%|██████▋   | 10/15 [00:55<00:26,  5.20s/it] 73%|███████▎  | 11/15 [01:00<00:20,  5.04s/it] 80%|████████  | 12/15 [01:04<00:14,  4.69s/it] 87%|████████▋ | 13/15 [01:11<00:11,  5.61s/it] 93%|█████████▎| 14/15 [01:18<00:05,  5.79s/it]100%|██████████| 15/15 [01:21<00:00,  5.22s/it]I0929 13:49:02.180035 12619 PhysicsManager.cpp:33] Deconstructing PhysicsManager
I0929 13:49:02.180053 12619 SemanticScene.h:41] Deconstructing SemanticScene
I0929 13:49:02.181195 12619 SceneManager.h:25] Deconstructing SceneManager
I0929 13:49:02.181205 12619 SceneGraph.h:26] Deconstructing SceneGraph
I0929 13:49:02.181452 12619 Sensor.h:87] Deconstructing Sensor
I0929 13:49:02.181602 12619 Sensor.h:87] Deconstructing Sensor
I0929 13:49:02.181723 12619 Sensor.h:87] Deconstructing Sensor
I0929 13:49:02.181813 12619 Sensor.h:87] Deconstructing Sensor
I0929 13:49:02.181910 12619 Sensor.h:87] Deconstructing Sensor
I0929 13:49:02.182015 12619 Sensor.h:87] Deconstructing Sensor
I0929 13:49:02.182127 12619 Sensor.h:87] Deconstructing Sensor
I0929 13:49:02.182212 12619 Sensor.h:87] Deconstructing Sensor
I0929 13:49:02.182294 12619 Sensor.h:87] Deconstructing Sensor
I0929 13:49:02.182379 12619 Sensor.h:87] Deconstructing Sensor
I0929 13:49:02.182476 12619 Sensor.h:87] Deconstructing Sensor
I0929 13:49:02.182559 12619 Sensor.h:87] Deconstructing Sensor
I0929 13:49:02.182639 12619 Sensor.h:87] Deconstructing Sensor
I0929 13:49:02.182744 12619 Sensor.h:87] Deconstructing Sensor
I0929 13:49:02.182853 12619 Sensor.h:87] Deconstructing Sensor
I0929 13:49:02.182955 12619 Sensor.h:87] Deconstructing Sensor
I0929 13:49:02.183055 12619 Sensor.h:87] Deconstructing Sensor
I0929 13:49:02.183197 12619 Sensor.h:87] Deconstructing Sensor
I0929 13:49:02.183317 12619 Sensor.h:87] Deconstructing Sensor
I0929 13:49:02.183424 12619 Sensor.h:87] Deconstructing Sensor
I0929 13:49:02.183538 12619 Sensor.h:87] Deconstructing Sensor
I0929 13:49:02.183645 12619 Sensor.h:87] Deconstructing Sensor
I0929 13:49:02.183755 12619 Sensor.h:87] Deconstructing Sensor
I0929 13:49:02.183867 12619 Sensor.h:87] Deconstructing Sensor
I0929 13:49:02.185489 12619 Renderer.cpp:34] Deconstructing Renderer
I0929 13:49:02.185499 12619 WindowlessContext.h:17] Deconstructing WindowlessContext
I0929 13:49:02.187912 12619 Simulator.cpp:49] Deconstructing Simulator
2026-09-29 13:49:02,189 Episodes evaluated: 15
2026-09-29 13:49:02,189 Average episode steps_taken: 52.066667
2026-09-29 13:49:02,189 Average episode distance_to_goal: 3.601372
2026-09-29 13:49:02,189 Average episode success: 0.666667
2026-09-29 13:49:02,189 Average episode oracle_success: 0.666667
2026-09-29 13:49:02,189 Average episode path_length: 8.402802
2026-09-29 13:49:02,189 Average episode collisions: 0.024193
2026-09-29 13:49:02,189 Average episode spl: 0.640764
2026-09-29 13:49:02,189 Average episode ndtw: 0.737623
2026-09-29 13:49:02,189 Average episode sdtw: 0.596727
2026-09-29 13:49:02,189 Average episode ghost_cnt: 162.000000
2026-09-29 13:49:02,189 Average episode tour_idx: 7.000000
2026-09-29 13:49:02,190 Average episode g_nodes_total: 58.666667
2026-09-29 13:49:02,190 Average episode g_ghosts_total: 111.333333
2026-09-29 13:49:02,190 Average episode g_active_mean: 14.789074
2026-09-29 13:49:02,190 Average episode g_old_visible_mean: 10.755741
2026-09-29 13:49:02,190 Average episode g_comp_mean: 44.284444
2026-09-29 13:49:02,190 Average episode g_ghosts_visible_mean: 8.875847
2026-09-29 13:49:02,190 Average episode g_reloc_mean: 2.142037
2026-09-29 13:49:02,190 Average episode g_old_visible_max: 13.466667
2026-09-29 13:49:02,190 Average episode g_start_reloc: 1.600000
2026-09-29 13:49:02,190 Average episode g_start_comp: 34.000000
2026-09-29 13:49:02,190 Average episode g_stop_no_vp_left: 0.000000
100%|██████████| 15/15 [01:21<00:00,  5.47s/it]
[guard] finished rc=0 in 92s | peak footprint vs baseline: RAM +5267MiB, VRAM +2677MiB
