[guard] avail RAM 13G | GPU used 828MiB, compute procs 0 | load 4
[guard] hard caps on: RAM<=9G (no swap), CPU<=300%
2026-09-20 14:06:32,253 checkpoint_path: data/logs/checkpoints/release_r2r/ckpt.iter12000.pth
2026-09-20 14:06:32,253 Initializing dataset VLN-CE-v1
2026-09-20 14:06:32,278 SPLTI: tour_zsNo4H_n15_s1_o0, NUMBER OF SCENES: 1
2026-09-20 14:06:48,299 Initializing dataset VLN-CE-v1
2026-09-20 14:06:48,329 initializing sim Sim-v1
WARNING: Logging before InitGoogleLogging() is written to STDERR
I0920 14:06:48.334510 485738 ManagedContainerBase.cpp:19] ManagedContainerBase::convertFilenameToJSON : Filename : default changed to proposed JSON configuration filename : default.scene_dataset_config.json
I0920 14:06:48.334537 485738 AttributesManagerBase.h:283] AttributesManager<T>::createFromJsonOrDefaultInternal  (Dataset) : Proposing JSON name : default.scene_dataset_config.json from original name : default | This file  does not exist.
I0920 14:06:48.334583 485738 AssetAttributesManager.cpp:117] Asset attributes (capsule3DSolid : capsule3DSolid_hemiRings_4_cylRings_1_segments_12_halfLen_0.75_useTexCoords_false_useTangents_false) created and registered.
I0920 14:06:48.334601 485738 AssetAttributesManager.cpp:117] Asset attributes (capsule3DWireframe : capsule3DWireframe_hemiRings_8_cylRings_1_segments_16_halfLen_1) created and registered.
I0920 14:06:48.334618 485738 AssetAttributesManager.cpp:117] Asset attributes (coneSolid : coneSolid_segments_12_halfLen_1.25_rings_1_useTexCoords_false_useTangents_false_capEnd_true) created and registered.
I0920 14:06:48.334628 485738 AssetAttributesManager.cpp:117] Asset attributes (coneWireframe : coneWireframe_segments_32_halfLen_1.25) created and registered.
I0920 14:06:48.334635 485738 AssetAttributesManager.cpp:117] Asset attributes (cubeSolid : cubeSolid) created and registered.
I0920 14:06:48.334640 485738 AssetAttributesManager.cpp:117] Asset attributes (cubeWireframe : cubeWireframe) created and registered.
I0920 14:06:48.334656 485738 AssetAttributesManager.cpp:117] Asset attributes (cylinderSolid : cylinderSolid_rings_1_segments_12_halfLen_1_useTexCoords_false_useTangents_false_capEnds_true) created and registered.
I0920 14:06:48.334666 485738 AssetAttributesManager.cpp:117] Asset attributes (cylinderWireframe : cylinderWireframe_rings_1_segments_32_halfLen_1) created and registered.
I0920 14:06:48.334673 485738 AssetAttributesManager.cpp:117] Asset attributes (icosphereSolid : icosphereSolid_subdivs_1) created and registered.
I0920 14:06:48.334679 485738 AssetAttributesManager.cpp:117] Asset attributes (icosphereWireframe : icosphereWireframe_subdivs_1) created and registered.
I0920 14:06:48.334688 485738 AssetAttributesManager.cpp:117] Asset attributes (uvSphereSolid : uvSphereSolid_rings_8_segments_16_useTexCoords_false_useTangents_false) created and registered.
I0920 14:06:48.334697 485738 AssetAttributesManager.cpp:117] Asset attributes (uvSphereWireframe : uvSphereWireframe_rings_16_segments_32) created and registered.
I0920 14:06:48.334700 485738 AssetAttributesManager.cpp:105] AssetAttributesManager::buildCtorFuncPtrMaps : Built default primitive asset templates : 12
I0920 14:06:48.334997 485738 SceneDatasetAttributesManager.cpp:23] File (default) not found, so new default dataset attributes created and registered.
I0920 14:06:48.335000 485738 MetadataMediator.cpp:47] MetadataMediator::createDataset : Dataset default successfully created.
I0920 14:06:48.337348 485738 AttributesManagerBase.h:283] AttributesManager<T>::createFromJsonOrDefaultInternal  (Physics Manager) : Proposing JSON name : ./data/default.physics_config.json from original name : ./data/default.physics_config.json | This file  does not exist.
I0920 14:06:48.337368 485738 PhysicsAttributesManager.cpp:27] File (./data/default.physics_config.json) not found, so new default physics manager attributes created and registered.
I0920 14:06:48.337373 485738 AbstractObjectAttributesManagerBase.h:175] AbstractObjectAttributesManager<T>::createObject  (Stage) : Making attributes with handle : data/scene_datasets/mp3d/zsNo4HB9uLZ/zsNo4HB9uLZ.glb
I0920 14:06:48.337384 485738 ManagedContainerBase.cpp:19] ManagedContainerBase::convertFilenameToJSON : Filename : data/scene_datasets/mp3d/zsNo4HB9uLZ/zsNo4HB9uLZ.glb changed to proposed JSON configuration filename : data/scene_datasets/mp3d/zsNo4HB9uLZ/zsNo4HB9uLZ.stage_config.json
I0920 14:06:48.337388 485738 AttributesManagerBase.h:283] AttributesManager<T>::createFromJsonOrDefaultInternal  (Stage) : Proposing JSON name : data/scene_datasets/mp3d/zsNo4HB9uLZ/zsNo4HB9uLZ.stage_config.json from original name : data/scene_datasets/mp3d/zsNo4HB9uLZ/zsNo4HB9uLZ.glb | This file  does not exist.
I0920 14:06:48.337424 485738 AbstractObjectAttributesManagerBase.h:181] AbstractObjectAttributesManager<T>::createObject  (Stage) : Done making attributes with handle : data/scene_datasets/mp3d/zsNo4HB9uLZ/zsNo4HB9uLZ.glb
I0920 14:06:48.337425 485738 AbstractObjectAttributesManagerBase.h:188] File (data/scene_datasets/mp3d/zsNo4HB9uLZ/zsNo4HB9uLZ.glb) exists but is not a recognized config filename extension, so new default Stage attributes created and registered.
I0920 14:06:48.337430 485738 Simulator.cpp:156] Loading navmesh from data/scene_datasets/mp3d/zsNo4HB9uLZ/zsNo4HB9uLZ.navmesh
I0920 14:06:48.337486 485738 Simulator.cpp:158] Loaded.
I0920 14:06:48.337496 485738 SceneGraph.h:93] Created DrawableGroup: 
Renderer: NVIDIA T1000 8GB/PCIe/SSE2 by NVIDIA Corporation
OpenGL version: 4.6.0 NVIDIA 595.84
Using optional features:
    GL_ARB_ES2_compatibility
    GL_ARB_direct_state_access
    GL_ARB_get_texture_sub_image
    GL_ARB_invalidate_subdata
    GL_ARB_multi_bind
    GL_ARB_robustness
    GL_ARB_separate_shader_objects
    GL_ARB_texture_filter_anisotropic
    GL_ARB_texture_storage
    GL_ARB_texture_storage_multisample
    GL_ARB_vertex_array_object
    GL_KHR_debug
Using driver workarounds:
    no-forward-compatible-core-context
    nv-egl-incorrect-gl11-function-pointers
    no-layout-qualifiers-on-old-glsl
    nv-zero-context-profile-mask
    nv-implementation-color-read-format-dsa-broken
    nv-cubemap-inconsistent-compressed-image-size
    nv-cubemap-broken-full-compressed-image-query
    nv-compressed-block-size-in-bits
I0920 14:06:48.550812 485738 ResourceManager.cpp:234] ResourceManager::loadStage : Not loading semantic mesh
I0920 14:06:48.550827 485738 ResourceManager.cpp:262] ResourceManager::loadStage : start load render asset data/scene_datasets/mp3d/zsNo4HB9uLZ/zsNo4HB9uLZ.glb.
I0920 14:06:48.550829 485738 ResourceManager.cpp:569] ResourceManager::loadStageInternal : Attempting to load stage data/scene_datasets/mp3d/zsNo4HB9uLZ/zsNo4HB9uLZ.glb 
I0920 14:06:48.550845 485738 ResourceManager.cpp:1119] Importing Basis files as BC7 for zsNo4HB9uLZ.glb
W0920 14:06:49.746085 485738 Simulator.cpp:248] :
---
 The active scene does not contain semantic annotations. 
---
I0920 14:06:49.896647 485738 simulator.py:213] Loaded navmesh data/scene_datasets/mp3d/zsNo4HB9uLZ/zsNo4HB9uLZ.navmesh
2026-09-20 14:06:49,901 Initializing task VLN-v0
You are using a model of type bert to instantiate a model of type . This is not supported for all configurations of models and can yield errors.
Some weights of the model checkpoint at None were not used when initializing GlocalTextPathNavCMT: ['bert.global_encoder.encoder.x_layers.2.lang_self_att.output.LayerNorm.bias', 'bert.global_encoder.encoder.x_layers.3.lang_inter.dense.bias', 'bert.global_encoder.encoder.x_layers.1.lang_self_att.self.key.weight', 'bert.global_encoder.encoder.x_layers.3.lang_output.LayerNorm.bias', 'bert.global_encoder.encoder.x_layers.3.lang_output.dense.weight', 'bert.global_encoder.encoder.x_layers.1.lang_self_att.self.value.weight', 'bert.global_encoder.encoder.x_layers.2.lang_inter.dense.bias', 'bert.global_encoder.encoder.x_layers.3.lang_self_att.output.dense.bias', 'bert.global_encoder.encoder.x_layers.3.lang_output.LayerNorm.weight', 'bert.global_encoder.encoder.x_layers.0.lang_self_att.self.query.weight', 'bert.global_encoder.encoder.x_layers.0.lang_self_att.output.LayerNorm.weight', 'bert.global_encoder.encoder.x_layers.2.lang_self_att.self.key.weight', 'bert.global_encoder.encoder.x_layers.1.lang_output.dense.weight', 'bert.global_encoder.encoder.x_layers.1.lang_output.LayerNorm.weight', 'bert.global_encoder.encoder.x_layers.1.lang_self_att.output.LayerNorm.weight', 'bert.global_encoder.encoder.x_layers.3.lang_self_att.self.value.weight', 'bert.global_encoder.encoder.x_layers.0.lang_inter.dense.bias', 'bert.global_encoder.encoder.x_layers.1.lang_inter.dense.bias', 'mlm_head.predictions.transform.LayerNorm.weight', 'bert.global_encoder.encoder.x_layers.3.lang_output.dense.bias', 'bert.global_encoder.encoder.x_layers.3.lang_inter.dense.weight', 'bert.global_encoder.encoder.x_layers.1.lang_inter.dense.weight', 'bert.global_encoder.encoder.x_layers.0.lang_self_att.self.value.weight', 'bert.global_encoder.encoder.x_layers.1.lang_self_att.self.query.bias', 'bert.global_encoder.encoder.x_layers.3.lang_self_att.self.query.bias', 'bert.global_encoder.encoder.x_layers.0.lang_self_att.self.value.bias', 'bert.global_encoder.encoder.x_layers.3.lang_self_att.self.value.bias', 'bert.global_encoder.encoder.x_layers.0.lang_output.dense.bias', 'bert.global_encoder.encoder.x_layers.1.lang_output.LayerNorm.bias', 'bert.global_encoder.encoder.x_layers.1.lang_self_att.output.dense.bias', 'bert.global_encoder.encoder.x_layers.2.lang_self_att.self.key.bias', 'bert.global_encoder.encoder.x_layers.3.lang_self_att.self.key.weight', 'bert.global_encoder.encoder.x_layers.2.lang_inter.dense.weight', 'bert.global_encoder.encoder.x_layers.2.lang_self_att.output.dense.bias', 'bert.global_encoder.encoder.x_layers.2.lang_self_att.self.query.weight', 'bert.global_encoder.encoder.x_layers.3.lang_self_att.output.dense.weight', 'bert.global_encoder.encoder.x_layers.2.lang_output.dense.weight', 'bert.global_encoder.encoder.x_layers.0.lang_output.dense.weight', 'bert.global_encoder.encoder.x_layers.0.lang_output.LayerNorm.bias', 'mlm_head.predictions.transform.dense.weight', 'bert.global_encoder.encoder.x_layers.2.lang_output.LayerNorm.bias', 'bert.global_encoder.encoder.x_layers.0.lang_inter.dense.weight', 'bert.global_encoder.encoder.x_layers.0.lang_self_att.output.dense.bias', 'bert.global_encoder.encoder.x_layers.2.lang_self_att.self.query.bias', 'bert.global_encoder.encoder.x_layers.3.lang_self_att.self.query.weight', 'mlm_head.predictions.bias', 'bert.global_encoder.encoder.x_layers.2.lang_self_att.self.value.bias', 'bert.global_encoder.encoder.x_layers.1.lang_output.dense.bias', 'bert.global_encoder.encoder.x_layers.3.lang_self_att.output.LayerNorm.bias', 'bert.global_encoder.encoder.x_layers.1.lang_self_att.self.key.bias', 'bert.global_encoder.encoder.x_layers.0.lang_self_att.self.key.weight', 'bert.global_encoder.encoder.x_layers.0.lang_output.LayerNorm.weight', 'bert.global_encoder.encoder.x_layers.0.lang_self_att.output.LayerNorm.bias', 'bert.global_encoder.encoder.x_layers.0.lang_self_att.output.dense.weight', 'bert.global_encoder.encoder.x_layers.1.lang_self_att.self.query.weight', 'mlm_head.predictions.transform.dense.bias', 'bert.global_encoder.encoder.x_layers.2.lang_self_att.self.value.weight', 'mlm_head.predictions.transform.LayerNorm.bias', 'bert.global_encoder.encoder.x_layers.3.lang_self_att.self.key.bias', 'bert.global_encoder.encoder.x_layers.0.lang_self_att.self.query.bias', 'bert.global_encoder.encoder.x_layers.1.lang_self_att.self.value.bias', 'mlm_head.predictions.decoder.weight', 'bert.global_encoder.encoder.x_layers.3.lang_self_att.output.LayerNorm.weight', 'bert.global_encoder.encoder.x_layers.2.lang_self_att.output.dense.weight', 'bert.global_encoder.encoder.x_layers.0.lang_self_att.self.key.bias', 'bert.global_encoder.encoder.x_layers.2.lang_output.dense.bias', 'bert.global_encoder.encoder.x_layers.1.lang_self_att.output.dense.weight', 'bert.global_encoder.encoder.x_layers.2.lang_self_att.output.LayerNorm.weight', 'bert.global_encoder.encoder.x_layers.1.lang_self_att.output.LayerNorm.bias', 'bert.global_encoder.encoder.x_layers.2.lang_output.LayerNorm.weight']
- This IS expected if you are initializing GlocalTextPathNavCMT from the checkpoint of a model trained on another task or with another architecture (e.g. initializing a BertForSequenceClassification model from a BertForPreTraining model).
- This IS NOT expected if you are initializing GlocalTextPathNavCMT from the checkpoint of a model that you expect to be exactly identical (initializing a BertForSequenceClassification model from a BertForSequenceClassification model).
2026-09-20 14:07:12,270 Loaded weights from checkpoint: data/logs/checkpoints/release_r2r/ckpt.iter12000.pth, iteration: 12000
2026-09-20 14:07:12,278 Agent parameters: 299.14 MB. Trainable: 140.79 MB.
2026-09-20 14:07:12,278 Finished setting up policy.
local rank: 0 | dataset length: 15

Initalizing the ETP model ...
  0%|          | 0/15 [00:00<?, ?it/s]  7%|▋         | 1/15 [00:05<01:13,  5.24s/it] 13%|█▎        | 2/15 [00:10<01:06,  5.14s/it] 20%|██        | 3/15 [00:11<00:39,  3.33s/it] 27%|██▋       | 4/15 [00:12<00:27,  2.47s/it] 33%|███▎      | 5/15 [00:14<00:22,  2.21s/it] 40%|████      | 6/15 [00:16<00:18,  2.06s/it] 47%|████▋     | 7/15 [00:17<00:14,  1.79s/it] 53%|█████▎    | 8/15 [00:19<00:13,  1.96s/it] 60%|██████    | 9/15 [00:20<00:09,  1.54s/it] 67%|██████▋   | 10/15 [00:22<00:08,  1.64s/it] 73%|███████▎  | 11/15 [00:23<00:06,  1.53s/it] 80%|████████  | 12/15 [00:24<00:03,  1.26s/it] 87%|████████▋ | 13/15 [00:25<00:02,  1.27s/it] 93%|█████████▎| 14/15 [00:27<00:01,  1.45s/it]100%|██████████| 15/15 [00:29<00:00,  1.56s/it]I0920 14:07:41.445283 485738 PhysicsManager.cpp:33] Deconstructing PhysicsManager
I0920 14:07:41.445302 485738 SemanticScene.h:41] Deconstructing SemanticScene
I0920 14:07:41.446519 485738 SceneManager.h:25] Deconstructing SceneManager
I0920 14:07:41.446527 485738 SceneGraph.h:26] Deconstructing SceneGraph
I0920 14:07:41.446767 485738 Sensor.h:87] Deconstructing Sensor
I0920 14:07:41.446956 485738 Sensor.h:87] Deconstructing Sensor
I0920 14:07:41.447052 485738 Sensor.h:87] Deconstructing Sensor
I0920 14:07:41.447153 485738 Sensor.h:87] Deconstructing Sensor
I0920 14:07:41.447242 485738 Sensor.h:87] Deconstructing Sensor
I0920 14:07:41.447335 485738 Sensor.h:87] Deconstructing Sensor
I0920 14:07:41.447417 485738 Sensor.h:87] Deconstructing Sensor
I0920 14:07:41.447499 485738 Sensor.h:87] Deconstructing Sensor
I0920 14:07:41.447582 485738 Sensor.h:87] Deconstructing Sensor
I0920 14:07:41.447666 485738 Sensor.h:87] Deconstructing Sensor
I0920 14:07:41.447750 485738 Sensor.h:87] Deconstructing Sensor
I0920 14:07:41.447836 485738 Sensor.h:87] Deconstructing Sensor
I0920 14:07:41.447917 485738 Sensor.h:87] Deconstructing Sensor
I0920 14:07:41.448024 485738 Sensor.h:87] Deconstructing Sensor
I0920 14:07:41.448130 485738 Sensor.h:87] Deconstructing Sensor
I0920 14:07:41.448232 485738 Sensor.h:87] Deconstructing Sensor
I0920 14:07:41.448333 485738 Sensor.h:87] Deconstructing Sensor
I0920 14:07:41.448441 485738 Sensor.h:87] Deconstructing Sensor
I0920 14:07:41.448547 485738 Sensor.h:87] Deconstructing Sensor
I0920 14:07:41.448648 485738 Sensor.h:87] Deconstructing Sensor
I0920 14:07:41.448751 485738 Sensor.h:87] Deconstructing Sensor
I0920 14:07:41.448861 485738 Sensor.h:87] Deconstructing Sensor
I0920 14:07:41.448962 485738 Sensor.h:87] Deconstructing Sensor
I0920 14:07:41.449035 485738 Sensor.h:87] Deconstructing Sensor
I0920 14:07:41.450651 485738 Renderer.cpp:34] Deconstructing Renderer
I0920 14:07:41.450662 485738 WindowlessContext.h:17] Deconstructing WindowlessContext
I0920 14:07:41.452848 485738 Simulator.cpp:49] Deconstructing Simulator
2026-09-20 14:07:41,454 Episodes evaluated: 15
2026-09-20 14:07:41,454 Average episode steps_taken: 54.666667
2026-09-20 14:07:41,454 Average episode distance_to_goal: 6.825913
2026-09-20 14:07:41,454 Average episode success: 0.400000
2026-09-20 14:07:41,454 Average episode oracle_success: 0.533333
2026-09-20 14:07:41,454 Average episode path_length: 8.267237
2026-09-20 14:07:41,454 Average episode collisions: 0.023435
2026-09-20 14:07:41,454 Average episode spl: 0.337230
2026-09-20 14:07:41,454 Average episode ndtw: 0.464387
2026-09-20 14:07:41,454 Average episode sdtw: 0.327719
2026-09-20 14:07:41,454 Average episode ghost_cnt: 69.200000
2026-09-20 14:07:41,454 Average episode tour_idx: 7.000000
2026-09-20 14:07:41,454 Average episode g_nodes_total: 31.866667
2026-09-20 14:07:41,455 Average episode g_ghosts_total: 45.333333
2026-09-20 14:07:41,455 Average episode g_active_mean: 21.400000
2026-09-20 14:07:41,455 Average episode g_old_visible_mean: 19.266667
2026-09-20 14:07:41,455 Average episode g_comp_mean: 22.344444
2026-09-20 14:07:41,455 Average episode g_ghosts_visible_mean: 30.681481
2026-09-20 14:07:41,455 Average episode g_reloc_mean: 0.922222
2026-09-20 14:07:41,455 Average episode g_old_visible_max: 21.733333
2026-09-20 14:07:41,455 Average episode g_start_reloc: 1.133333
2026-09-20 14:07:41,455 Average episode g_start_comp: 17.533333
2026-09-20 14:07:41,455 Average episode g_stop_no_vp_left: 0.000000
100%|██████████| 15/15 [00:29<00:00,  1.94s/it]
[guard] finished rc=0 in 90s | peak footprint vs baseline: RAM +5813MiB, VRAM +2699MiB
