[guard] avail RAM 14G | GPU used 811MiB, compute procs 0 | load 2
[guard] hard caps on: RAM<=9G (no swap), CPU<=300%
2026-09-20 14:04:39,387 checkpoint_path: data/logs/checkpoints/release_r2r/ckpt.iter12000.pth
2026-09-20 14:04:39,388 Initializing dataset VLN-CE-v1
2026-09-20 14:04:39,411 SPLTI: tour_zsNo4H_n15_s1_o0, NUMBER OF SCENES: 1
2026-09-20 14:04:54,581 Initializing dataset VLN-CE-v1
2026-09-20 14:04:54,603 initializing sim Sim-v1
WARNING: Logging before InitGoogleLogging() is written to STDERR
I0920 14:04:54.607945 484716 ManagedContainerBase.cpp:19] ManagedContainerBase::convertFilenameToJSON : Filename : default changed to proposed JSON configuration filename : default.scene_dataset_config.json
I0920 14:04:54.607973 484716 AttributesManagerBase.h:283] AttributesManager<T>::createFromJsonOrDefaultInternal  (Dataset) : Proposing JSON name : default.scene_dataset_config.json from original name : default | This file  does not exist.
I0920 14:04:54.608026 484716 AssetAttributesManager.cpp:117] Asset attributes (capsule3DSolid : capsule3DSolid_hemiRings_4_cylRings_1_segments_12_halfLen_0.75_useTexCoords_false_useTangents_false) created and registered.
I0920 14:04:54.608044 484716 AssetAttributesManager.cpp:117] Asset attributes (capsule3DWireframe : capsule3DWireframe_hemiRings_8_cylRings_1_segments_16_halfLen_1) created and registered.
I0920 14:04:54.608070 484716 AssetAttributesManager.cpp:117] Asset attributes (coneSolid : coneSolid_segments_12_halfLen_1.25_rings_1_useTexCoords_false_useTangents_false_capEnd_true) created and registered.
I0920 14:04:54.608081 484716 AssetAttributesManager.cpp:117] Asset attributes (coneWireframe : coneWireframe_segments_32_halfLen_1.25) created and registered.
I0920 14:04:54.608088 484716 AssetAttributesManager.cpp:117] Asset attributes (cubeSolid : cubeSolid) created and registered.
I0920 14:04:54.608093 484716 AssetAttributesManager.cpp:117] Asset attributes (cubeWireframe : cubeWireframe) created and registered.
I0920 14:04:54.608107 484716 AssetAttributesManager.cpp:117] Asset attributes (cylinderSolid : cylinderSolid_rings_1_segments_12_halfLen_1_useTexCoords_false_useTangents_false_capEnds_true) created and registered.
I0920 14:04:54.608119 484716 AssetAttributesManager.cpp:117] Asset attributes (cylinderWireframe : cylinderWireframe_rings_1_segments_32_halfLen_1) created and registered.
I0920 14:04:54.608125 484716 AssetAttributesManager.cpp:117] Asset attributes (icosphereSolid : icosphereSolid_subdivs_1) created and registered.
I0920 14:04:54.608131 484716 AssetAttributesManager.cpp:117] Asset attributes (icosphereWireframe : icosphereWireframe_subdivs_1) created and registered.
I0920 14:04:54.608141 484716 AssetAttributesManager.cpp:117] Asset attributes (uvSphereSolid : uvSphereSolid_rings_8_segments_16_useTexCoords_false_useTangents_false) created and registered.
I0920 14:04:54.608150 484716 AssetAttributesManager.cpp:117] Asset attributes (uvSphereWireframe : uvSphereWireframe_rings_16_segments_32) created and registered.
I0920 14:04:54.608153 484716 AssetAttributesManager.cpp:105] AssetAttributesManager::buildCtorFuncPtrMaps : Built default primitive asset templates : 12
I0920 14:04:54.608441 484716 SceneDatasetAttributesManager.cpp:23] File (default) not found, so new default dataset attributes created and registered.
I0920 14:04:54.608443 484716 MetadataMediator.cpp:47] MetadataMediator::createDataset : Dataset default successfully created.
I0920 14:04:54.610631 484716 AttributesManagerBase.h:283] AttributesManager<T>::createFromJsonOrDefaultInternal  (Physics Manager) : Proposing JSON name : ./data/default.physics_config.json from original name : ./data/default.physics_config.json | This file  does not exist.
I0920 14:04:54.610644 484716 PhysicsAttributesManager.cpp:27] File (./data/default.physics_config.json) not found, so new default physics manager attributes created and registered.
I0920 14:04:54.610647 484716 AbstractObjectAttributesManagerBase.h:175] AbstractObjectAttributesManager<T>::createObject  (Stage) : Making attributes with handle : data/scene_datasets/mp3d/zsNo4HB9uLZ/zsNo4HB9uLZ.glb
I0920 14:04:54.610666 484716 ManagedContainerBase.cpp:19] ManagedContainerBase::convertFilenameToJSON : Filename : data/scene_datasets/mp3d/zsNo4HB9uLZ/zsNo4HB9uLZ.glb changed to proposed JSON configuration filename : data/scene_datasets/mp3d/zsNo4HB9uLZ/zsNo4HB9uLZ.stage_config.json
I0920 14:04:54.610671 484716 AttributesManagerBase.h:283] AttributesManager<T>::createFromJsonOrDefaultInternal  (Stage) : Proposing JSON name : data/scene_datasets/mp3d/zsNo4HB9uLZ/zsNo4HB9uLZ.stage_config.json from original name : data/scene_datasets/mp3d/zsNo4HB9uLZ/zsNo4HB9uLZ.glb | This file  does not exist.
I0920 14:04:54.610704 484716 AbstractObjectAttributesManagerBase.h:181] AbstractObjectAttributesManager<T>::createObject  (Stage) : Done making attributes with handle : data/scene_datasets/mp3d/zsNo4HB9uLZ/zsNo4HB9uLZ.glb
I0920 14:04:54.610705 484716 AbstractObjectAttributesManagerBase.h:188] File (data/scene_datasets/mp3d/zsNo4HB9uLZ/zsNo4HB9uLZ.glb) exists but is not a recognized config filename extension, so new default Stage attributes created and registered.
I0920 14:04:54.610709 484716 Simulator.cpp:156] Loading navmesh from data/scene_datasets/mp3d/zsNo4HB9uLZ/zsNo4HB9uLZ.navmesh
I0920 14:04:54.610782 484716 Simulator.cpp:158] Loaded.
I0920 14:04:54.610792 484716 SceneGraph.h:93] Created DrawableGroup: 
Renderer: NVIDIA T1000 8GB/PCIe/SSE2 by NVIDIA Corporation
OpenGL version: 4.6.0 NVIDIA 595.84
Using optional features:
    GL_ARB_ES2_compatibility
    GL_ARB_direct_state_access
    GL_ARB_get_texture_sub_image
    GL_ARB_invalidate_subdata
    GL_ARB_multi_bind
    GL_ARB_robustness
    GL_ARB_separate_shader_objects
    GL_ARB_texture_filter_anisotropic
    GL_ARB_texture_storage
    GL_ARB_texture_storage_multisample
    GL_ARB_vertex_array_object
    GL_KHR_debug
Using driver workarounds:
    no-forward-compatible-core-context
    nv-egl-incorrect-gl11-function-pointers
    no-layout-qualifiers-on-old-glsl
    nv-zero-context-profile-mask
    nv-implementation-color-read-format-dsa-broken
    nv-cubemap-inconsistent-compressed-image-size
    nv-cubemap-broken-full-compressed-image-query
    nv-compressed-block-size-in-bits
I0920 14:04:54.736811 484716 ResourceManager.cpp:234] ResourceManager::loadStage : Not loading semantic mesh
I0920 14:04:54.736820 484716 ResourceManager.cpp:262] ResourceManager::loadStage : start load render asset data/scene_datasets/mp3d/zsNo4HB9uLZ/zsNo4HB9uLZ.glb.
I0920 14:04:54.736822 484716 ResourceManager.cpp:569] ResourceManager::loadStageInternal : Attempting to load stage data/scene_datasets/mp3d/zsNo4HB9uLZ/zsNo4HB9uLZ.glb 
I0920 14:04:54.736832 484716 ResourceManager.cpp:1119] Importing Basis files as BC7 for zsNo4HB9uLZ.glb
W0920 14:04:55.704916 484716 Simulator.cpp:248] :
---
 The active scene does not contain semantic annotations. 
---
I0920 14:04:55.747788 484716 simulator.py:213] Loaded navmesh data/scene_datasets/mp3d/zsNo4HB9uLZ/zsNo4HB9uLZ.navmesh
2026-09-20 14:04:55,752 Initializing task VLN-v0
You are using a model of type bert to instantiate a model of type . This is not supported for all configurations of models and can yield errors.
Some weights of the model checkpoint at None were not used when initializing GlocalTextPathNavCMT: ['bert.global_encoder.encoder.x_layers.0.lang_output.dense.weight', 'bert.global_encoder.encoder.x_layers.1.lang_inter.dense.bias', 'bert.global_encoder.encoder.x_layers.0.lang_output.LayerNorm.weight', 'bert.global_encoder.encoder.x_layers.2.lang_self_att.output.LayerNorm.bias', 'bert.global_encoder.encoder.x_layers.1.lang_output.dense.bias', 'bert.global_encoder.encoder.x_layers.0.lang_self_att.self.query.weight', 'bert.global_encoder.encoder.x_layers.2.lang_inter.dense.bias', 'bert.global_encoder.encoder.x_layers.3.lang_self_att.output.dense.weight', 'bert.global_encoder.encoder.x_layers.3.lang_output.dense.bias', 'bert.global_encoder.encoder.x_layers.1.lang_self_att.output.dense.bias', 'bert.global_encoder.encoder.x_layers.1.lang_output.LayerNorm.weight', 'bert.global_encoder.encoder.x_layers.0.lang_inter.dense.bias', 'bert.global_encoder.encoder.x_layers.2.lang_self_att.self.key.bias', 'bert.global_encoder.encoder.x_layers.0.lang_self_att.output.LayerNorm.bias', 'bert.global_encoder.encoder.x_layers.1.lang_self_att.self.value.weight', 'bert.global_encoder.encoder.x_layers.3.lang_self_att.self.query.weight', 'bert.global_encoder.encoder.x_layers.3.lang_self_att.output.LayerNorm.weight', 'bert.global_encoder.encoder.x_layers.3.lang_inter.dense.bias', 'bert.global_encoder.encoder.x_layers.1.lang_self_att.self.key.bias', 'mlm_head.predictions.transform.LayerNorm.weight', 'bert.global_encoder.encoder.x_layers.2.lang_inter.dense.weight', 'bert.global_encoder.encoder.x_layers.0.lang_self_att.output.dense.weight', 'bert.global_encoder.encoder.x_layers.2.lang_self_att.self.query.weight', 'bert.global_encoder.encoder.x_layers.0.lang_self_att.self.query.bias', 'mlm_head.predictions.bias', 'bert.global_encoder.encoder.x_layers.1.lang_self_att.self.key.weight', 'bert.global_encoder.encoder.x_layers.0.lang_self_att.self.value.weight', 'bert.global_encoder.encoder.x_layers.0.lang_self_att.self.key.bias', 'bert.global_encoder.encoder.x_layers.1.lang_inter.dense.weight', 'bert.global_encoder.encoder.x_layers.0.lang_self_att.output.LayerNorm.weight', 'bert.global_encoder.encoder.x_layers.2.lang_self_att.self.value.bias', 'bert.global_encoder.encoder.x_layers.2.lang_output.LayerNorm.bias', 'bert.global_encoder.encoder.x_layers.1.lang_output.dense.weight', 'bert.global_encoder.encoder.x_layers.3.lang_self_att.self.key.bias', 'bert.global_encoder.encoder.x_layers.3.lang_self_att.output.dense.bias', 'mlm_head.predictions.transform.LayerNorm.bias', 'bert.global_encoder.encoder.x_layers.3.lang_output.LayerNorm.bias', 'bert.global_encoder.encoder.x_layers.1.lang_output.LayerNorm.bias', 'bert.global_encoder.encoder.x_layers.1.lang_self_att.self.query.bias', 'bert.global_encoder.encoder.x_layers.2.lang_self_att.self.value.weight', 'bert.global_encoder.encoder.x_layers.2.lang_output.dense.bias', 'bert.global_encoder.encoder.x_layers.3.lang_output.LayerNorm.weight', 'mlm_head.predictions.transform.dense.bias', 'bert.global_encoder.encoder.x_layers.2.lang_self_att.self.key.weight', 'mlm_head.predictions.decoder.weight', 'bert.global_encoder.encoder.x_layers.3.lang_output.dense.weight', 'bert.global_encoder.encoder.x_layers.1.lang_self_att.output.LayerNorm.bias', 'bert.global_encoder.encoder.x_layers.1.lang_self_att.self.value.bias', 'bert.global_encoder.encoder.x_layers.1.lang_self_att.output.dense.weight', 'bert.global_encoder.encoder.x_layers.0.lang_inter.dense.weight', 'bert.global_encoder.encoder.x_layers.3.lang_self_att.output.LayerNorm.bias', 'bert.global_encoder.encoder.x_layers.3.lang_inter.dense.weight', 'bert.global_encoder.encoder.x_layers.3.lang_self_att.self.value.bias', 'bert.global_encoder.encoder.x_layers.0.lang_self_att.output.dense.bias', 'bert.global_encoder.encoder.x_layers.1.lang_self_att.output.LayerNorm.weight', 'bert.global_encoder.encoder.x_layers.2.lang_self_att.output.LayerNorm.weight', 'bert.global_encoder.encoder.x_layers.2.lang_output.LayerNorm.weight', 'bert.global_encoder.encoder.x_layers.1.lang_self_att.self.query.weight', 'bert.global_encoder.encoder.x_layers.2.lang_output.dense.weight', 'bert.global_encoder.encoder.x_layers.2.lang_self_att.self.query.bias', 'bert.global_encoder.encoder.x_layers.0.lang_output.LayerNorm.bias', 'bert.global_encoder.encoder.x_layers.3.lang_self_att.self.query.bias', 'bert.global_encoder.encoder.x_layers.3.lang_self_att.self.key.weight', 'mlm_head.predictions.transform.dense.weight', 'bert.global_encoder.encoder.x_layers.3.lang_self_att.self.value.weight', 'bert.global_encoder.encoder.x_layers.0.lang_self_att.self.value.bias', 'bert.global_encoder.encoder.x_layers.0.lang_output.dense.bias', 'bert.global_encoder.encoder.x_layers.2.lang_self_att.output.dense.bias', 'bert.global_encoder.encoder.x_layers.0.lang_self_att.self.key.weight', 'bert.global_encoder.encoder.x_layers.2.lang_self_att.output.dense.weight']
- This IS expected if you are initializing GlocalTextPathNavCMT from the checkpoint of a model trained on another task or with another architecture (e.g. initializing a BertForSequenceClassification model from a BertForPreTraining model).
- This IS NOT expected if you are initializing GlocalTextPathNavCMT from the checkpoint of a model that you expect to be exactly identical (initializing a BertForSequenceClassification model from a BertForSequenceClassification model).
2026-09-20 14:05:20,413 Loaded weights from checkpoint: data/logs/checkpoints/release_r2r/ckpt.iter12000.pth, iteration: 12000
2026-09-20 14:05:20,431 Agent parameters: 299.14 MB. Trainable: 140.79 MB.
2026-09-20 14:05:20,431 Finished setting up policy.
local rank: 0 | dataset length: 15

Initalizing the ETP model ...
  0%|          | 0/15 [00:00<?, ?it/s]  7%|▋         | 1/15 [00:05<01:11,  5.13s/it] 13%|█▎        | 2/15 [00:10<01:05,  5.06s/it] 20%|██        | 3/15 [00:11<00:39,  3.28s/it] 27%|██▋       | 4/15 [00:12<00:26,  2.44s/it] 33%|███▎      | 5/15 [00:15<00:25,  2.58s/it] 40%|████      | 6/15 [00:18<00:25,  2.87s/it] 47%|████▋     | 7/15 [00:21<00:22,  2.86s/it] 53%|█████▎    | 8/15 [00:24<00:19,  2.84s/it] 60%|██████    | 9/15 [00:24<00:12,  2.14s/it] 67%|██████▋   | 10/15 [00:29<00:14,  2.89s/it] 73%|███████▎  | 11/15 [00:32<00:12,  3.05s/it] 80%|████████  | 12/15 [00:33<00:06,  2.30s/it] 87%|████████▋ | 13/15 [00:37<00:05,  2.81s/it] 93%|█████████▎| 14/15 [00:46<00:04,  4.54s/it]100%|██████████| 15/15 [00:51<00:00,  4.71s/it]I0920 14:06:11.612888 484716 PhysicsManager.cpp:33] Deconstructing PhysicsManager
I0920 14:06:11.612923 484716 SemanticScene.h:41] Deconstructing SemanticScene
I0920 14:06:11.614766 484716 SceneManager.h:25] Deconstructing SceneManager
I0920 14:06:11.614802 484716 SceneGraph.h:26] Deconstructing SceneGraph
I0920 14:06:11.615175 484716 Sensor.h:87] Deconstructing Sensor
I0920 14:06:11.615397 484716 Sensor.h:87] Deconstructing Sensor
I0920 14:06:11.615520 484716 Sensor.h:87] Deconstructing Sensor
I0920 14:06:11.615622 484716 Sensor.h:87] Deconstructing Sensor
I0920 14:06:11.615721 484716 Sensor.h:87] Deconstructing Sensor
I0920 14:06:11.615828 484716 Sensor.h:87] Deconstructing Sensor
I0920 14:06:11.615926 484716 Sensor.h:87] Deconstructing Sensor
I0920 14:06:11.616027 484716 Sensor.h:87] Deconstructing Sensor
I0920 14:06:11.616140 484716 Sensor.h:87] Deconstructing Sensor
I0920 14:06:11.616243 484716 Sensor.h:87] Deconstructing Sensor
I0920 14:06:11.616431 484716 Sensor.h:87] Deconstructing Sensor
I0920 14:06:11.616537 484716 Sensor.h:87] Deconstructing Sensor
I0920 14:06:11.616636 484716 Sensor.h:87] Deconstructing Sensor
I0920 14:06:11.616762 484716 Sensor.h:87] Deconstructing Sensor
I0920 14:06:11.616881 484716 Sensor.h:87] Deconstructing Sensor
I0920 14:06:11.617002 484716 Sensor.h:87] Deconstructing Sensor
I0920 14:06:11.617197 484716 Sensor.h:87] Deconstructing Sensor
I0920 14:06:11.617334 484716 Sensor.h:87] Deconstructing Sensor
I0920 14:06:11.617460 484716 Sensor.h:87] Deconstructing Sensor
I0920 14:06:11.617594 484716 Sensor.h:87] Deconstructing Sensor
I0920 14:06:11.617717 484716 Sensor.h:87] Deconstructing Sensor
I0920 14:06:11.617841 484716 Sensor.h:87] Deconstructing Sensor
I0920 14:06:11.617962 484716 Sensor.h:87] Deconstructing Sensor
I0920 14:06:11.618048 484716 Sensor.h:87] Deconstructing Sensor
I0920 14:06:11.619881 484716 Renderer.cpp:34] Deconstructing Renderer
I0920 14:06:11.619902 484716 WindowlessContext.h:17] Deconstructing WindowlessContext
I0920 14:06:11.622611 484716 Simulator.cpp:49] Deconstructing Simulator
2026-09-20 14:06:11,624 Episodes evaluated: 15
2026-09-20 14:06:11,624 Average episode steps_taken: 95.133333
2026-09-20 14:06:11,625 Average episode distance_to_goal: 6.955778
2026-09-20 14:06:11,625 Average episode success: 0.200000
2026-09-20 14:06:11,625 Average episode oracle_success: 0.400000
2026-09-20 14:06:11,625 Average episode path_length: 11.669770
2026-09-20 14:06:11,625 Average episode collisions: 0.043017
2026-09-20 14:06:11,626 Average episode spl: 0.148034
2026-09-20 14:06:11,626 Average episode ndtw: 0.389736
2026-09-20 14:06:11,626 Average episode sdtw: 0.151628
2026-09-20 14:06:11,626 Average episode ghost_cnt: 80.533333
2026-09-20 14:06:11,626 Average episode tour_idx: 7.000000
2026-09-20 14:06:11,626 Average episode g_nodes_total: 44.000000
2026-09-20 14:06:11,626 Average episode g_ghosts_total: 44.533333
2026-09-20 14:06:11,626 Average episode g_active_mean: 9.521534
2026-09-20 14:06:11,626 Average episode g_old_visible_mean: 6.021534
2026-09-20 14:06:11,627 Average episode g_comp_mean: 33.282222
2026-09-20 14:06:11,627 Average episode g_ghosts_visible_mean: 12.617937
2026-09-20 14:06:11,627 Average episode g_reloc_mean: 0.856429
2026-09-20 14:06:11,627 Average episode g_old_visible_max: 7.733333
2026-09-20 14:06:11,627 Average episode g_start_reloc: 1.200000
2026-09-20 14:06:11,627 Average episode g_start_comp: 28.066667
2026-09-20 14:06:11,627 Average episode g_stop_no_vp_left: 0.000000
100%|██████████| 15/15 [00:51<00:00,  3.41s/it]
[guard] finished rc=0 in 109s | peak footprint vs baseline: RAM +6427MiB, VRAM +2692MiB
