[guard] avail RAM 12G | GPU used 954MiB, compute procs 0 | load 2
[guard] hard caps on: RAM<=9G (no swap), CPU<=300%
2026-09-20 14:39:23,466 checkpoint_path: data/logs/checkpoints/release_r2r/ckpt.iter12000.pth
2026-09-20 14:39:23,467 Initializing dataset VLN-CE-v1
2026-09-20 14:39:23,493 SPLTI: tour_zsNo4H_n15_s0_o0, NUMBER OF SCENES: 1
2026-09-20 14:39:39,552 Initializing dataset VLN-CE-v1
2026-09-20 14:39:39,575 initializing sim Sim-v1
WARNING: Logging before InitGoogleLogging() is written to STDERR
I0920 14:39:39.580138 503312 ManagedContainerBase.cpp:19] ManagedContainerBase::convertFilenameToJSON : Filename : default changed to proposed JSON configuration filename : default.scene_dataset_config.json
I0920 14:39:39.580164 503312 AttributesManagerBase.h:283] AttributesManager<T>::createFromJsonOrDefaultInternal  (Dataset) : Proposing JSON name : default.scene_dataset_config.json from original name : default | This file  does not exist.
I0920 14:39:39.580214 503312 AssetAttributesManager.cpp:117] Asset attributes (capsule3DSolid : capsule3DSolid_hemiRings_4_cylRings_1_segments_12_halfLen_0.75_useTexCoords_false_useTangents_false) created and registered.
I0920 14:39:39.580233 503312 AssetAttributesManager.cpp:117] Asset attributes (capsule3DWireframe : capsule3DWireframe_hemiRings_8_cylRings_1_segments_16_halfLen_1) created and registered.
I0920 14:39:39.580250 503312 AssetAttributesManager.cpp:117] Asset attributes (coneSolid : coneSolid_segments_12_halfLen_1.25_rings_1_useTexCoords_false_useTangents_false_capEnd_true) created and registered.
I0920 14:39:39.580260 503312 AssetAttributesManager.cpp:117] Asset attributes (coneWireframe : coneWireframe_segments_32_halfLen_1.25) created and registered.
I0920 14:39:39.580266 503312 AssetAttributesManager.cpp:117] Asset attributes (cubeSolid : cubeSolid) created and registered.
I0920 14:39:39.580271 503312 AssetAttributesManager.cpp:117] Asset attributes (cubeWireframe : cubeWireframe) created and registered.
I0920 14:39:39.580286 503312 AssetAttributesManager.cpp:117] Asset attributes (cylinderSolid : cylinderSolid_rings_1_segments_12_halfLen_1_useTexCoords_false_useTangents_false_capEnds_true) created and registered.
I0920 14:39:39.580296 503312 AssetAttributesManager.cpp:117] Asset attributes (cylinderWireframe : cylinderWireframe_rings_1_segments_32_halfLen_1) created and registered.
I0920 14:39:39.580303 503312 AssetAttributesManager.cpp:117] Asset attributes (icosphereSolid : icosphereSolid_subdivs_1) created and registered.
I0920 14:39:39.580308 503312 AssetAttributesManager.cpp:117] Asset attributes (icosphereWireframe : icosphereWireframe_subdivs_1) created and registered.
I0920 14:39:39.580318 503312 AssetAttributesManager.cpp:117] Asset attributes (uvSphereSolid : uvSphereSolid_rings_8_segments_16_useTexCoords_false_useTangents_false) created and registered.
I0920 14:39:39.580327 503312 AssetAttributesManager.cpp:117] Asset attributes (uvSphereWireframe : uvSphereWireframe_rings_16_segments_32) created and registered.
I0920 14:39:39.580330 503312 AssetAttributesManager.cpp:105] AssetAttributesManager::buildCtorFuncPtrMaps : Built default primitive asset templates : 12
I0920 14:39:39.580622 503312 SceneDatasetAttributesManager.cpp:23] File (default) not found, so new default dataset attributes created and registered.
I0920 14:39:39.580624 503312 MetadataMediator.cpp:47] MetadataMediator::createDataset : Dataset default successfully created.
I0920 14:39:39.582903 503312 AttributesManagerBase.h:283] AttributesManager<T>::createFromJsonOrDefaultInternal  (Physics Manager) : Proposing JSON name : ./data/default.physics_config.json from original name : ./data/default.physics_config.json | This file  does not exist.
I0920 14:39:39.582916 503312 PhysicsAttributesManager.cpp:27] File (./data/default.physics_config.json) not found, so new default physics manager attributes created and registered.
I0920 14:39:39.582918 503312 AbstractObjectAttributesManagerBase.h:175] AbstractObjectAttributesManager<T>::createObject  (Stage) : Making attributes with handle : data/scene_datasets/mp3d/zsNo4HB9uLZ/zsNo4HB9uLZ.glb
I0920 14:39:39.582928 503312 ManagedContainerBase.cpp:19] ManagedContainerBase::convertFilenameToJSON : Filename : data/scene_datasets/mp3d/zsNo4HB9uLZ/zsNo4HB9uLZ.glb changed to proposed JSON configuration filename : data/scene_datasets/mp3d/zsNo4HB9uLZ/zsNo4HB9uLZ.stage_config.json
I0920 14:39:39.582932 503312 AttributesManagerBase.h:283] AttributesManager<T>::createFromJsonOrDefaultInternal  (Stage) : Proposing JSON name : data/scene_datasets/mp3d/zsNo4HB9uLZ/zsNo4HB9uLZ.stage_config.json from original name : data/scene_datasets/mp3d/zsNo4HB9uLZ/zsNo4HB9uLZ.glb | This file  does not exist.
I0920 14:39:39.582966 503312 AbstractObjectAttributesManagerBase.h:181] AbstractObjectAttributesManager<T>::createObject  (Stage) : Done making attributes with handle : data/scene_datasets/mp3d/zsNo4HB9uLZ/zsNo4HB9uLZ.glb
I0920 14:39:39.582967 503312 AbstractObjectAttributesManagerBase.h:188] File (data/scene_datasets/mp3d/zsNo4HB9uLZ/zsNo4HB9uLZ.glb) exists but is not a recognized config filename extension, so new default Stage attributes created and registered.
I0920 14:39:39.582971 503312 Simulator.cpp:156] Loading navmesh from data/scene_datasets/mp3d/zsNo4HB9uLZ/zsNo4HB9uLZ.navmesh
I0920 14:39:39.583029 503312 Simulator.cpp:158] Loaded.
I0920 14:39:39.583038 503312 SceneGraph.h:93] Created DrawableGroup: 
Renderer: NVIDIA T1000 8GB/PCIe/SSE2 by NVIDIA Corporation
OpenGL version: 4.6.0 NVIDIA 595.84
Using optional features:
    GL_ARB_ES2_compatibility
    GL_ARB_direct_state_access
    GL_ARB_get_texture_sub_image
    GL_ARB_invalidate_subdata
    GL_ARB_multi_bind
    GL_ARB_robustness
    GL_ARB_separate_shader_objects
    GL_ARB_texture_filter_anisotropic
    GL_ARB_texture_storage
    GL_ARB_texture_storage_multisample
    GL_ARB_vertex_array_object
    GL_KHR_debug
Using driver workarounds:
    no-forward-compatible-core-context
    nv-egl-incorrect-gl11-function-pointers
    no-layout-qualifiers-on-old-glsl
    nv-zero-context-profile-mask
    nv-implementation-color-read-format-dsa-broken
    nv-cubemap-inconsistent-compressed-image-size
    nv-cubemap-broken-full-compressed-image-query
    nv-compressed-block-size-in-bits
I0920 14:39:39.803404 503312 ResourceManager.cpp:234] ResourceManager::loadStage : Not loading semantic mesh
I0920 14:39:39.803412 503312 ResourceManager.cpp:262] ResourceManager::loadStage : start load render asset data/scene_datasets/mp3d/zsNo4HB9uLZ/zsNo4HB9uLZ.glb.
I0920 14:39:39.803414 503312 ResourceManager.cpp:569] ResourceManager::loadStageInternal : Attempting to load stage data/scene_datasets/mp3d/zsNo4HB9uLZ/zsNo4HB9uLZ.glb 
I0920 14:39:39.803424 503312 ResourceManager.cpp:1119] Importing Basis files as BC7 for zsNo4HB9uLZ.glb
W0920 14:39:41.032356 503312 Simulator.cpp:248] :
---
 The active scene does not contain semantic annotations. 
---
I0920 14:39:41.096559 503312 simulator.py:213] Loaded navmesh data/scene_datasets/mp3d/zsNo4HB9uLZ/zsNo4HB9uLZ.navmesh
2026-09-20 14:39:41,101 Initializing task VLN-v0
You are using a model of type bert to instantiate a model of type . This is not supported for all configurations of models and can yield errors.
Some weights of the model checkpoint at None were not used when initializing GlocalTextPathNavCMT: ['bert.global_encoder.encoder.x_layers.1.lang_self_att.self.key.bias', 'bert.global_encoder.encoder.x_layers.3.lang_self_att.output.LayerNorm.bias', 'bert.global_encoder.encoder.x_layers.1.lang_self_att.self.query.bias', 'bert.global_encoder.encoder.x_layers.1.lang_self_att.self.value.weight', 'mlm_head.predictions.transform.LayerNorm.bias', 'mlm_head.predictions.bias', 'bert.global_encoder.encoder.x_layers.0.lang_self_att.output.LayerNorm.bias', 'bert.global_encoder.encoder.x_layers.3.lang_self_att.output.LayerNorm.weight', 'mlm_head.predictions.transform.dense.bias', 'bert.global_encoder.encoder.x_layers.0.lang_inter.dense.weight', 'bert.global_encoder.encoder.x_layers.1.lang_self_att.output.LayerNorm.weight', 'bert.global_encoder.encoder.x_layers.0.lang_self_att.self.query.weight', 'bert.global_encoder.encoder.x_layers.1.lang_self_att.self.key.weight', 'bert.global_encoder.encoder.x_layers.2.lang_self_att.self.query.weight', 'bert.global_encoder.encoder.x_layers.3.lang_self_att.self.query.bias', 'bert.global_encoder.encoder.x_layers.3.lang_output.LayerNorm.weight', 'bert.global_encoder.encoder.x_layers.0.lang_output.LayerNorm.bias', 'bert.global_encoder.encoder.x_layers.0.lang_self_att.self.key.weight', 'bert.global_encoder.encoder.x_layers.3.lang_output.LayerNorm.bias', 'bert.global_encoder.encoder.x_layers.0.lang_output.dense.bias', 'bert.global_encoder.encoder.x_layers.2.lang_self_att.output.LayerNorm.bias', 'bert.global_encoder.encoder.x_layers.2.lang_self_att.output.LayerNorm.weight', 'bert.global_encoder.encoder.x_layers.2.lang_output.LayerNorm.weight', 'bert.global_encoder.encoder.x_layers.0.lang_output.LayerNorm.weight', 'bert.global_encoder.encoder.x_layers.1.lang_inter.dense.weight', 'bert.global_encoder.encoder.x_layers.1.lang_self_att.self.value.bias', 'bert.global_encoder.encoder.x_layers.1.lang_self_att.self.query.weight', 'bert.global_encoder.encoder.x_layers.0.lang_self_att.self.value.weight', 'bert.global_encoder.encoder.x_layers.0.lang_output.dense.weight', 'bert.global_encoder.encoder.x_layers.3.lang_self_att.self.value.weight', 'bert.global_encoder.encoder.x_layers.1.lang_output.dense.bias', 'bert.global_encoder.encoder.x_layers.2.lang_self_att.self.key.bias', 'mlm_head.predictions.transform.LayerNorm.weight', 'bert.global_encoder.encoder.x_layers.0.lang_self_att.output.dense.weight', 'bert.global_encoder.encoder.x_layers.3.lang_self_att.self.value.bias', 'bert.global_encoder.encoder.x_layers.1.lang_self_att.output.dense.bias', 'mlm_head.predictions.transform.dense.weight', 'bert.global_encoder.encoder.x_layers.1.lang_self_att.output.dense.weight', 'bert.global_encoder.encoder.x_layers.3.lang_self_att.self.key.bias', 'bert.global_encoder.encoder.x_layers.0.lang_self_att.output.LayerNorm.weight', 'bert.global_encoder.encoder.x_layers.1.lang_output.LayerNorm.weight', 'bert.global_encoder.encoder.x_layers.2.lang_inter.dense.bias', 'bert.global_encoder.encoder.x_layers.1.lang_output.LayerNorm.bias', 'bert.global_encoder.encoder.x_layers.0.lang_self_att.self.value.bias', 'bert.global_encoder.encoder.x_layers.1.lang_inter.dense.bias', 'bert.global_encoder.encoder.x_layers.0.lang_self_att.output.dense.bias', 'bert.global_encoder.encoder.x_layers.2.lang_output.dense.bias', 'bert.global_encoder.encoder.x_layers.3.lang_self_att.self.key.weight', 'bert.global_encoder.encoder.x_layers.2.lang_self_att.self.value.bias', 'bert.global_encoder.encoder.x_layers.2.lang_self_att.output.dense.bias', 'bert.global_encoder.encoder.x_layers.3.lang_output.dense.bias', 'bert.global_encoder.encoder.x_layers.0.lang_self_att.self.query.bias', 'bert.global_encoder.encoder.x_layers.3.lang_self_att.output.dense.weight', 'bert.global_encoder.encoder.x_layers.3.lang_inter.dense.bias', 'bert.global_encoder.encoder.x_layers.3.lang_inter.dense.weight', 'bert.global_encoder.encoder.x_layers.2.lang_output.dense.weight', 'bert.global_encoder.encoder.x_layers.2.lang_self_att.self.key.weight', 'bert.global_encoder.encoder.x_layers.2.lang_inter.dense.weight', 'bert.global_encoder.encoder.x_layers.1.lang_output.dense.weight', 'bert.global_encoder.encoder.x_layers.0.lang_inter.dense.bias', 'bert.global_encoder.encoder.x_layers.2.lang_output.LayerNorm.bias', 'bert.global_encoder.encoder.x_layers.1.lang_self_att.output.LayerNorm.bias', 'bert.global_encoder.encoder.x_layers.3.lang_self_att.self.query.weight', 'bert.global_encoder.encoder.x_layers.0.lang_self_att.self.key.bias', 'bert.global_encoder.encoder.x_layers.2.lang_self_att.output.dense.weight', 'bert.global_encoder.encoder.x_layers.2.lang_self_att.self.query.bias', 'mlm_head.predictions.decoder.weight', 'bert.global_encoder.encoder.x_layers.3.lang_output.dense.weight', 'bert.global_encoder.encoder.x_layers.2.lang_self_att.self.value.weight', 'bert.global_encoder.encoder.x_layers.3.lang_self_att.output.dense.bias']
- This IS expected if you are initializing GlocalTextPathNavCMT from the checkpoint of a model trained on another task or with another architecture (e.g. initializing a BertForSequenceClassification model from a BertForPreTraining model).
- This IS NOT expected if you are initializing GlocalTextPathNavCMT from the checkpoint of a model that you expect to be exactly identical (initializing a BertForSequenceClassification model from a BertForSequenceClassification model).
2026-09-20 14:40:05,294 Loaded weights from checkpoint: data/logs/checkpoints/release_r2r/ckpt.iter12000.pth, iteration: 12000
2026-09-20 14:40:05,315 Agent parameters: 299.14 MB. Trainable: 140.79 MB.
2026-09-20 14:40:05,315 Finished setting up policy.
local rank: 0 | dataset length: 15

Initalizing the ETP model ...
  0%|          | 0/15 [00:00<?, ?it/s]  7%|▋         | 1/15 [00:05<01:23,  6.00s/it] 13%|█▎        | 2/15 [00:11<01:16,  5.85s/it] 20%|██        | 3/15 [00:12<00:44,  3.72s/it] 27%|██▋       | 4/15 [00:14<00:32,  2.95s/it] 33%|███▎      | 5/15 [00:17<00:29,  2.94s/it] 40%|████      | 6/15 [00:21<00:28,  3.15s/it] 47%|████▋     | 7/15 [00:22<00:20,  2.51s/it] 53%|█████▎    | 8/15 [00:31<00:31,  4.47s/it] 60%|██████    | 9/15 [00:32<00:21,  3.63s/it] 67%|██████▋   | 10/15 [00:34<00:15,  3.07s/it] 73%|███████▎  | 11/15 [00:37<00:11,  2.87s/it] 80%|████████  | 12/15 [00:38<00:07,  2.57s/it] 87%|████████▋ | 13/15 [00:40<00:04,  2.19s/it] 93%|█████████▎| 14/15 [00:40<00:01,  1.73s/it]100%|██████████| 15/15 [00:42<00:00,  1.60s/it]I0920 14:40:47.521708 503312 PhysicsManager.cpp:33] Deconstructing PhysicsManager
I0920 14:40:47.521732 503312 SemanticScene.h:41] Deconstructing SemanticScene
I0920 14:40:47.522840 503312 SceneManager.h:25] Deconstructing SceneManager
I0920 14:40:47.522850 503312 SceneGraph.h:26] Deconstructing SceneGraph
I0920 14:40:47.523101 503312 Sensor.h:87] Deconstructing Sensor
I0920 14:40:47.523247 503312 Sensor.h:87] Deconstructing Sensor
I0920 14:40:47.523335 503312 Sensor.h:87] Deconstructing Sensor
I0920 14:40:47.523414 503312 Sensor.h:87] Deconstructing Sensor
I0920 14:40:47.523495 503312 Sensor.h:87] Deconstructing Sensor
I0920 14:40:47.523586 503312 Sensor.h:87] Deconstructing Sensor
I0920 14:40:47.523666 503312 Sensor.h:87] Deconstructing Sensor
I0920 14:40:47.523746 503312 Sensor.h:87] Deconstructing Sensor
I0920 14:40:47.523825 503312 Sensor.h:87] Deconstructing Sensor
I0920 14:40:47.523904 503312 Sensor.h:87] Deconstructing Sensor
I0920 14:40:47.523985 503312 Sensor.h:87] Deconstructing Sensor
I0920 14:40:47.524070 503312 Sensor.h:87] Deconstructing Sensor
I0920 14:40:47.524152 503312 Sensor.h:87] Deconstructing Sensor
I0920 14:40:47.524256 503312 Sensor.h:87] Deconstructing Sensor
I0920 14:40:47.524358 503312 Sensor.h:87] Deconstructing Sensor
I0920 14:40:47.524456 503312 Sensor.h:87] Deconstructing Sensor
I0920 14:40:47.524562 503312 Sensor.h:87] Deconstructing Sensor
I0920 14:40:47.524670 503312 Sensor.h:87] Deconstructing Sensor
I0920 14:40:47.524777 503312 Sensor.h:87] Deconstructing Sensor
I0920 14:40:47.524875 503312 Sensor.h:87] Deconstructing Sensor
I0920 14:40:47.524978 503312 Sensor.h:87] Deconstructing Sensor
I0920 14:40:47.525101 503312 Sensor.h:87] Deconstructing Sensor
I0920 14:40:47.525202 503312 Sensor.h:87] Deconstructing Sensor
I0920 14:40:47.525286 503312 Sensor.h:87] Deconstructing Sensor
I0920 14:40:47.526857 503312 Renderer.cpp:34] Deconstructing Renderer
I0920 14:40:47.526873 503312 WindowlessContext.h:17] Deconstructing WindowlessContext
I0920 14:40:47.529100 503312 Simulator.cpp:49] Deconstructing Simulator
2026-09-20 14:40:47,530 Episodes evaluated: 15
2026-09-20 14:40:47,530 Average episode steps_taken: 70.666667
2026-09-20 14:40:47,530 Average episode distance_to_goal: 6.953463
2026-09-20 14:40:47,530 Average episode success: 0.400000
2026-09-20 14:40:47,530 Average episode oracle_success: 0.466667
2026-09-20 14:40:47,530 Average episode path_length: 10.481559
2026-09-20 14:40:47,530 Average episode collisions: 0.586946
2026-09-20 14:40:47,530 Average episode spl: 0.377230
2026-09-20 14:40:47,531 Average episode ndtw: 0.518452
2026-09-20 14:40:47,531 Average episode sdtw: 0.330729
2026-09-20 14:40:47,531 Average episode ghost_cnt: 83.333333
2026-09-20 14:40:47,531 Average episode tour_idx: 7.000000
2026-09-20 14:40:47,531 Average episode g_nodes_total: 43.733333
2026-09-20 14:40:47,531 Average episode g_ghosts_total: 47.600000
2026-09-20 14:40:47,531 Average episode g_active_mean: 22.288889
2026-09-20 14:40:47,531 Average episode g_old_visible_mean: 19.488889
2026-09-20 14:40:47,531 Average episode g_comp_mean: 22.288889
2026-09-20 14:40:47,531 Average episode g_ghosts_visible_mean: 28.520000
2026-09-20 14:40:47,531 Average episode g_reloc_mean: 0.668889
2026-09-20 14:40:47,532 Average episode g_old_visible_max: 22.133333
2026-09-20 14:40:47,532 Average episode g_start_reloc: 0.733333
2026-09-20 14:40:47,532 Average episode g_start_comp: 17.266667
2026-09-20 14:40:47,532 Average episode g_stop_no_vp_left: 0.000000
100%|██████████| 15/15 [00:42<00:00,  2.81s/it]
[guard] finished rc=0 in 105s | peak footprint vs baseline: RAM +6092MiB, VRAM +2675MiB
