[guard] avail RAM 16G | GPU used 81MiB, compute procs 0 | load 1
[guard] hard caps on: RAM<=9G (no swap), CPU<=300%
2026-09-29 14:32:45,467 checkpoint_path: data/logs/checkpoints/release_r2r/ckpt.iter12000.pth
2026-09-29 14:32:45,468 Initializing dataset VLN-CE-v1
2026-09-29 14:32:45,489 SPLTI: tour_zsNo4H_n15_s0_o0, NUMBER OF SCENES: 1
2026-09-29 14:32:47,483 Initializing dataset VLN-CE-v1
2026-09-29 14:32:47,504 initializing sim Sim-v1
WARNING: Logging before InitGoogleLogging() is written to STDERR
I0929 14:32:47.509189 21761 ManagedContainerBase.cpp:19] ManagedContainerBase::convertFilenameToJSON : Filename : default changed to proposed JSON configuration filename : default.scene_dataset_config.json
I0929 14:32:47.509222 21761 AttributesManagerBase.h:283] AttributesManager<T>::createFromJsonOrDefaultInternal  (Dataset) : Proposing JSON name : default.scene_dataset_config.json from original name : default | This file  does not exist.
I0929 14:32:47.509263 21761 AssetAttributesManager.cpp:117] Asset attributes (capsule3DSolid : capsule3DSolid_hemiRings_4_cylRings_1_segments_12_halfLen_0.75_useTexCoords_false_useTangents_false) created and registered.
I0929 14:32:47.509280 21761 AssetAttributesManager.cpp:117] Asset attributes (capsule3DWireframe : capsule3DWireframe_hemiRings_8_cylRings_1_segments_16_halfLen_1) created and registered.
I0929 14:32:47.509296 21761 AssetAttributesManager.cpp:117] Asset attributes (coneSolid : coneSolid_segments_12_halfLen_1.25_rings_1_useTexCoords_false_useTangents_false_capEnd_true) created and registered.
I0929 14:32:47.509306 21761 AssetAttributesManager.cpp:117] Asset attributes (coneWireframe : coneWireframe_segments_32_halfLen_1.25) created and registered.
I0929 14:32:47.509311 21761 AssetAttributesManager.cpp:117] Asset attributes (cubeSolid : cubeSolid) created and registered.
I0929 14:32:47.509315 21761 AssetAttributesManager.cpp:117] Asset attributes (cubeWireframe : cubeWireframe) created and registered.
I0929 14:32:47.509330 21761 AssetAttributesManager.cpp:117] Asset attributes (cylinderSolid : cylinderSolid_rings_1_segments_12_halfLen_1_useTexCoords_false_useTangents_false_capEnds_true) created and registered.
I0929 14:32:47.509339 21761 AssetAttributesManager.cpp:117] Asset attributes (cylinderWireframe : cylinderWireframe_rings_1_segments_32_halfLen_1) created and registered.
I0929 14:32:47.509346 21761 AssetAttributesManager.cpp:117] Asset attributes (icosphereSolid : icosphereSolid_subdivs_1) created and registered.
I0929 14:32:47.509351 21761 AssetAttributesManager.cpp:117] Asset attributes (icosphereWireframe : icosphereWireframe_subdivs_1) created and registered.
I0929 14:32:47.509359 21761 AssetAttributesManager.cpp:117] Asset attributes (uvSphereSolid : uvSphereSolid_rings_8_segments_16_useTexCoords_false_useTangents_false) created and registered.
I0929 14:32:47.509367 21761 AssetAttributesManager.cpp:117] Asset attributes (uvSphereWireframe : uvSphereWireframe_rings_16_segments_32) created and registered.
I0929 14:32:47.509369 21761 AssetAttributesManager.cpp:105] AssetAttributesManager::buildCtorFuncPtrMaps : Built default primitive asset templates : 12
I0929 14:32:47.509632 21761 SceneDatasetAttributesManager.cpp:23] File (default) not found, so new default dataset attributes created and registered.
I0929 14:32:47.509634 21761 MetadataMediator.cpp:47] MetadataMediator::createDataset : Dataset default successfully created.
I0929 14:32:47.511642 21761 AttributesManagerBase.h:283] AttributesManager<T>::createFromJsonOrDefaultInternal  (Physics Manager) : Proposing JSON name : ./data/default.physics_config.json from original name : ./data/default.physics_config.json | This file  does not exist.
I0929 14:32:47.511654 21761 PhysicsAttributesManager.cpp:27] File (./data/default.physics_config.json) not found, so new default physics manager attributes created and registered.
I0929 14:32:47.511657 21761 AbstractObjectAttributesManagerBase.h:175] AbstractObjectAttributesManager<T>::createObject  (Stage) : Making attributes with handle : data/scene_datasets/mp3d/zsNo4HB9uLZ/zsNo4HB9uLZ.glb
I0929 14:32:47.511667 21761 ManagedContainerBase.cpp:19] ManagedContainerBase::convertFilenameToJSON : Filename : data/scene_datasets/mp3d/zsNo4HB9uLZ/zsNo4HB9uLZ.glb changed to proposed JSON configuration filename : data/scene_datasets/mp3d/zsNo4HB9uLZ/zsNo4HB9uLZ.stage_config.json
I0929 14:32:47.511673 21761 AttributesManagerBase.h:283] AttributesManager<T>::createFromJsonOrDefaultInternal  (Stage) : Proposing JSON name : data/scene_datasets/mp3d/zsNo4HB9uLZ/zsNo4HB9uLZ.stage_config.json from original name : data/scene_datasets/mp3d/zsNo4HB9uLZ/zsNo4HB9uLZ.glb | This file  does not exist.
I0929 14:32:47.511705 21761 AbstractObjectAttributesManagerBase.h:181] AbstractObjectAttributesManager<T>::createObject  (Stage) : Done making attributes with handle : data/scene_datasets/mp3d/zsNo4HB9uLZ/zsNo4HB9uLZ.glb
I0929 14:32:47.511706 21761 AbstractObjectAttributesManagerBase.h:188] File (data/scene_datasets/mp3d/zsNo4HB9uLZ/zsNo4HB9uLZ.glb) exists but is not a recognized config filename extension, so new default Stage attributes created and registered.
I0929 14:32:47.511710 21761 Simulator.cpp:156] Loading navmesh from data/scene_datasets/mp3d/zsNo4HB9uLZ/zsNo4HB9uLZ.navmesh
I0929 14:32:47.511771 21761 Simulator.cpp:158] Loaded.
I0929 14:32:47.511780 21761 SceneGraph.h:93] Created DrawableGroup: 
Renderer: NVIDIA T1000 8GB/PCIe/SSE2 by NVIDIA Corporation
OpenGL version: 4.6.0 NVIDIA 590.48.01
Using optional features:
    GL_ARB_ES2_compatibility
    GL_ARB_direct_state_access
    GL_ARB_get_texture_sub_image
    GL_ARB_invalidate_subdata
    GL_ARB_multi_bind
    GL_ARB_robustness
    GL_ARB_separate_shader_objects
    GL_ARB_texture_filter_anisotropic
    GL_ARB_texture_storage
    GL_ARB_texture_storage_multisample
    GL_ARB_vertex_array_object
    GL_KHR_debug
Using driver workarounds:
    no-forward-compatible-core-context
    nv-egl-incorrect-gl11-function-pointers
    no-layout-qualifiers-on-old-glsl
    nv-zero-context-profile-mask
    nv-implementation-color-read-format-dsa-broken
    nv-cubemap-inconsistent-compressed-image-size
    nv-cubemap-broken-full-compressed-image-query
    nv-compressed-block-size-in-bits
I0929 14:32:47.602785 21761 ResourceManager.cpp:234] ResourceManager::loadStage : Not loading semantic mesh
I0929 14:32:47.602795 21761 ResourceManager.cpp:262] ResourceManager::loadStage : start load render asset data/scene_datasets/mp3d/zsNo4HB9uLZ/zsNo4HB9uLZ.glb.
I0929 14:32:47.602797 21761 ResourceManager.cpp:569] ResourceManager::loadStageInternal : Attempting to load stage data/scene_datasets/mp3d/zsNo4HB9uLZ/zsNo4HB9uLZ.glb 
I0929 14:32:47.602813 21761 ResourceManager.cpp:1119] Importing Basis files as BC7 for zsNo4HB9uLZ.glb
W0929 14:32:48.483596 21761 Simulator.cpp:248] :
---
 The active scene does not contain semantic annotations. 
---
I0929 14:32:48.522093 21761 simulator.py:213] Loaded navmesh data/scene_datasets/mp3d/zsNo4HB9uLZ/zsNo4HB9uLZ.navmesh
2026-09-29 14:32:48,526 Initializing task VLN-v0
You are using a model of type bert to instantiate a model of type . This is not supported for all configurations of models and can yield errors.
Some weights of the model checkpoint at None were not used when initializing GlocalTextPathNavCMT: ['mlm_head.predictions.transform.LayerNorm.weight', 'bert.global_encoder.encoder.x_layers.3.lang_self_att.self.key.weight', 'bert.global_encoder.encoder.x_layers.2.lang_self_att.self.key.weight', 'bert.global_encoder.encoder.x_layers.2.lang_self_att.output.LayerNorm.bias', 'bert.global_encoder.encoder.x_layers.0.lang_self_att.self.key.bias', 'bert.global_encoder.encoder.x_layers.0.lang_self_att.output.dense.weight', 'bert.global_encoder.encoder.x_layers.1.lang_self_att.self.value.bias', 'bert.global_encoder.encoder.x_layers.1.lang_output.LayerNorm.bias', 'mlm_head.predictions.transform.LayerNorm.bias', 'bert.global_encoder.encoder.x_layers.3.lang_self_att.self.query.weight', 'bert.global_encoder.encoder.x_layers.1.lang_self_att.self.value.weight', 'bert.global_encoder.encoder.x_layers.1.lang_self_att.self.key.bias', 'bert.global_encoder.encoder.x_layers.2.lang_output.LayerNorm.bias', 'bert.global_encoder.encoder.x_layers.1.lang_self_att.output.dense.weight', 'bert.global_encoder.encoder.x_layers.1.lang_self_att.self.query.weight', 'bert.global_encoder.encoder.x_layers.2.lang_self_att.output.dense.weight', 'bert.global_encoder.encoder.x_layers.3.lang_self_att.output.LayerNorm.weight', 'mlm_head.predictions.bias', 'bert.global_encoder.encoder.x_layers.2.lang_output.dense.bias', 'bert.global_encoder.encoder.x_layers.3.lang_output.LayerNorm.weight', 'bert.global_encoder.encoder.x_layers.0.lang_self_att.output.dense.bias', 'bert.global_encoder.encoder.x_layers.2.lang_self_att.self.value.bias', 'mlm_head.predictions.decoder.weight', 'bert.global_encoder.encoder.x_layers.2.lang_output.LayerNorm.weight', 'bert.global_encoder.encoder.x_layers.1.lang_output.dense.bias', 'bert.global_encoder.encoder.x_layers.2.lang_self_att.self.key.bias', 'bert.global_encoder.encoder.x_layers.1.lang_self_att.self.key.weight', 'bert.global_encoder.encoder.x_layers.0.lang_self_att.self.query.weight', 'bert.global_encoder.encoder.x_layers.0.lang_self_att.self.value.weight', 'bert.global_encoder.encoder.x_layers.2.lang_self_att.self.query.bias', 'bert.global_encoder.encoder.x_layers.3.lang_output.dense.weight', 'bert.global_encoder.encoder.x_layers.0.lang_output.LayerNorm.weight', 'mlm_head.predictions.transform.dense.weight', 'bert.global_encoder.encoder.x_layers.2.lang_self_att.output.LayerNorm.weight', 'bert.global_encoder.encoder.x_layers.1.lang_self_att.output.LayerNorm.bias', 'bert.global_encoder.encoder.x_layers.3.lang_self_att.self.value.bias', 'bert.global_encoder.encoder.x_layers.3.lang_self_att.self.query.bias', 'bert.global_encoder.encoder.x_layers.1.lang_output.dense.weight', 'bert.global_encoder.encoder.x_layers.0.lang_output.dense.weight', 'bert.global_encoder.encoder.x_layers.0.lang_output.dense.bias', 'bert.global_encoder.encoder.x_layers.0.lang_self_att.output.LayerNorm.weight', 'bert.global_encoder.encoder.x_layers.0.lang_inter.dense.weight', 'bert.global_encoder.encoder.x_layers.1.lang_self_att.self.query.bias', 'bert.global_encoder.encoder.x_layers.2.lang_self_att.self.value.weight', 'bert.global_encoder.encoder.x_layers.2.lang_self_att.output.dense.bias', 'bert.global_encoder.encoder.x_layers.0.lang_self_att.self.key.weight', 'mlm_head.predictions.transform.dense.bias', 'bert.global_encoder.encoder.x_layers.1.lang_inter.dense.bias', 'bert.global_encoder.encoder.x_layers.3.lang_output.dense.bias', 'bert.global_encoder.encoder.x_layers.0.lang_output.LayerNorm.bias', 'bert.global_encoder.encoder.x_layers.1.lang_self_att.output.LayerNorm.weight', 'bert.global_encoder.encoder.x_layers.2.lang_output.dense.weight', 'bert.global_encoder.encoder.x_layers.1.lang_self_att.output.dense.bias', 'bert.global_encoder.encoder.x_layers.3.lang_self_att.output.LayerNorm.bias', 'bert.global_encoder.encoder.x_layers.3.lang_inter.dense.bias', 'bert.global_encoder.encoder.x_layers.1.lang_output.LayerNorm.weight', 'bert.global_encoder.encoder.x_layers.3.lang_inter.dense.weight', 'bert.global_encoder.encoder.x_layers.0.lang_self_att.self.value.bias', 'bert.global_encoder.encoder.x_layers.3.lang_self_att.output.dense.weight', 'bert.global_encoder.encoder.x_layers.3.lang_self_att.self.key.bias', 'bert.global_encoder.encoder.x_layers.1.lang_inter.dense.weight', 'bert.global_encoder.encoder.x_layers.3.lang_output.LayerNorm.bias', 'bert.global_encoder.encoder.x_layers.0.lang_inter.dense.bias', 'bert.global_encoder.encoder.x_layers.0.lang_self_att.self.query.bias', 'bert.global_encoder.encoder.x_layers.2.lang_inter.dense.bias', 'bert.global_encoder.encoder.x_layers.3.lang_self_att.self.value.weight', 'bert.global_encoder.encoder.x_layers.2.lang_inter.dense.weight', 'bert.global_encoder.encoder.x_layers.3.lang_self_att.output.dense.bias', 'bert.global_encoder.encoder.x_layers.2.lang_self_att.self.query.weight', 'bert.global_encoder.encoder.x_layers.0.lang_self_att.output.LayerNorm.bias']
- This IS expected if you are initializing GlocalTextPathNavCMT from the checkpoint of a model trained on another task or with another architecture (e.g. initializing a BertForSequenceClassification model from a BertForPreTraining model).
- This IS NOT expected if you are initializing GlocalTextPathNavCMT from the checkpoint of a model that you expect to be exactly identical (initializing a BertForSequenceClassification model from a BertForSequenceClassification model).
2026-09-29 14:32:53,652 Loaded weights from checkpoint: data/logs/checkpoints/release_r2r/ckpt.iter12000.pth, iteration: 12000
2026-09-29 14:32:53,654 Agent parameters: 299.14 MB. Trainable: 140.79 MB.
2026-09-29 14:32:53,654 Finished setting up policy.
local rank: 0 | dataset length: 15

Initalizing the ETP model ...
  0%|          | 0/15 [00:00<?, ?it/s]  7%|▋         | 1/15 [00:06<01:26,  6.19s/it] 13%|█▎        | 2/15 [00:13<01:31,  7.07s/it] 20%|██        | 3/15 [00:18<01:11,  5.95s/it] 27%|██▋       | 4/15 [00:27<01:16,  6.96s/it] 33%|███▎      | 5/15 [00:31<01:01,  6.12s/it] 40%|████      | 6/15 [00:37<00:52,  5.88s/it] 47%|████▋     | 7/15 [00:45<00:53,  6.74s/it] 53%|█████▎    | 8/15 [00:57<00:57,  8.26s/it] 60%|██████    | 9/15 [01:01<00:42,  7.13s/it] 67%|██████▋   | 10/15 [01:08<00:35,  7.08s/it] 73%|███████▎  | 11/15 [01:17<00:31,  7.75s/it] 80%|████████  | 12/15 [01:28<00:26,  8.71s/it] 87%|████████▋ | 13/15 [01:34<00:15,  7.71s/it] 93%|█████████▎| 14/15 [01:42<00:07,  7.74s/it]100%|██████████| 15/15 [01:49<00:00,  7.75s/it]I0929 14:34:43.527554 21761 PhysicsManager.cpp:33] Deconstructing PhysicsManager
I0929 14:34:43.527575 21761 SemanticScene.h:41] Deconstructing SemanticScene
I0929 14:34:43.528786 21761 SceneManager.h:25] Deconstructing SceneManager
I0929 14:34:43.528792 21761 SceneGraph.h:26] Deconstructing SceneGraph
I0929 14:34:43.529009 21761 Sensor.h:87] Deconstructing Sensor
I0929 14:34:43.529170 21761 Sensor.h:87] Deconstructing Sensor
I0929 14:34:43.529269 21761 Sensor.h:87] Deconstructing Sensor
I0929 14:34:43.529345 21761 Sensor.h:87] Deconstructing Sensor
I0929 14:34:43.529428 21761 Sensor.h:87] Deconstructing Sensor
I0929 14:34:43.529507 21761 Sensor.h:87] Deconstructing Sensor
I0929 14:34:43.529583 21761 Sensor.h:87] Deconstructing Sensor
I0929 14:34:43.529661 21761 Sensor.h:87] Deconstructing Sensor
I0929 14:34:43.529776 21761 Sensor.h:87] Deconstructing Sensor
I0929 14:34:43.529856 21761 Sensor.h:87] Deconstructing Sensor
I0929 14:34:43.529933 21761 Sensor.h:87] Deconstructing Sensor
I0929 14:34:43.530009 21761 Sensor.h:87] Deconstructing Sensor
I0929 14:34:43.530083 21761 Sensor.h:87] Deconstructing Sensor
I0929 14:34:43.530181 21761 Sensor.h:87] Deconstructing Sensor
I0929 14:34:43.530275 21761 Sensor.h:87] Deconstructing Sensor
I0929 14:34:43.530370 21761 Sensor.h:87] Deconstructing Sensor
I0929 14:34:43.530464 21761 Sensor.h:87] Deconstructing Sensor
I0929 14:34:43.530565 21761 Sensor.h:87] Deconstructing Sensor
I0929 14:34:43.530663 21761 Sensor.h:87] Deconstructing Sensor
I0929 14:34:43.530761 21761 Sensor.h:87] Deconstructing Sensor
I0929 14:34:43.530864 21761 Sensor.h:87] Deconstructing Sensor
I0929 14:34:43.530961 21761 Sensor.h:87] Deconstructing Sensor
I0929 14:34:43.531052 21761 Sensor.h:87] Deconstructing Sensor
I0929 14:34:43.531116 21761 Sensor.h:87] Deconstructing Sensor
I0929 14:34:43.532552 21761 Renderer.cpp:34] Deconstructing Renderer
I0929 14:34:43.532560 21761 WindowlessContext.h:17] Deconstructing WindowlessContext
I0929 14:34:43.534998 21761 Simulator.cpp:49] Deconstructing Simulator
2026-09-29 14:34:43,536 Episodes evaluated: 15
2026-09-29 14:34:43,536 Average episode steps_taken: 70.600000
2026-09-29 14:34:43,536 Average episode distance_to_goal: 3.755878
2026-09-29 14:34:43,536 Average episode success: 0.666667
2026-09-29 14:34:43,536 Average episode oracle_success: 0.733333
2026-09-29 14:34:43,536 Average episode path_length: 9.561626
2026-09-29 14:34:43,536 Average episode collisions: 0.608368
2026-09-29 14:34:43,536 Average episode spl: 0.615586
2026-09-29 14:34:43,536 Average episode ndtw: 0.733920
2026-09-29 14:34:43,536 Average episode sdtw: 0.601046
2026-09-29 14:34:43,536 Average episode ghost_cnt: 177.866667
2026-09-29 14:34:43,537 Average episode tour_idx: 7.000000
2026-09-29 14:34:43,537 Average episode g_nodes_total: 72.533333
2026-09-29 14:34:43,537 Average episode g_ghosts_total: 113.600000
2026-09-29 14:34:43,537 Average episode g_active_mean: 15.212126
2026-09-29 14:34:43,537 Average episode g_old_visible_mean: 9.978793
2026-09-29 14:34:43,537 Average episode g_comp_mean: 47.172092
2026-09-29 14:34:43,537 Average episode g_ghosts_visible_mean: 8.553425
2026-09-29 14:34:43,537 Average episode g_reloc_mean: 2.754805
2026-09-29 14:34:43,537 Average episode g_old_visible_max: 13.733333
2026-09-29 14:34:43,537 Average episode g_start_reloc: 0.800000
2026-09-29 14:34:43,537 Average episode g_start_comp: 22.600000
2026-09-29 14:34:43,537 Average episode g_stop_no_vp_left: 0.000000
100%|██████████| 15/15 [01:49<00:00,  7.33s/it]
[guard] finished rc=0 in 121s | peak footprint vs baseline: RAM +6646MiB, VRAM +2677MiB
