[guard] avail RAM 16G | GPU used 81MiB, compute procs 0 | load 0
[guard] hard caps on: RAM<=9G (no swap), CPU<=300%
2026-09-29 15:12:06,755 checkpoint_path: data/logs/checkpoints/release_r2r/ckpt.iter12000.pth
2026-09-29 15:12:06,756 Initializing dataset VLN-CE-v1
2026-09-29 15:12:06,777 SPLTI: tour_zsNo4H_n15_s0_o0, NUMBER OF SCENES: 1
2026-09-29 15:12:08,864 Initializing dataset VLN-CE-v1
2026-09-29 15:12:08,885 initializing sim Sim-v1
WARNING: Logging before InitGoogleLogging() is written to STDERR
I0929 15:12:08.889369 35412 ManagedContainerBase.cpp:19] ManagedContainerBase::convertFilenameToJSON : Filename : default changed to proposed JSON configuration filename : default.scene_dataset_config.json
I0929 15:12:08.889391 35412 AttributesManagerBase.h:283] AttributesManager<T>::createFromJsonOrDefaultInternal  (Dataset) : Proposing JSON name : default.scene_dataset_config.json from original name : default | This file  does not exist.
I0929 15:12:08.889432 35412 AssetAttributesManager.cpp:117] Asset attributes (capsule3DSolid : capsule3DSolid_hemiRings_4_cylRings_1_segments_12_halfLen_0.75_useTexCoords_false_useTangents_false) created and registered.
I0929 15:12:08.889449 35412 AssetAttributesManager.cpp:117] Asset attributes (capsule3DWireframe : capsule3DWireframe_hemiRings_8_cylRings_1_segments_16_halfLen_1) created and registered.
I0929 15:12:08.889465 35412 AssetAttributesManager.cpp:117] Asset attributes (coneSolid : coneSolid_segments_12_halfLen_1.25_rings_1_useTexCoords_false_useTangents_false_capEnd_true) created and registered.
I0929 15:12:08.889474 35412 AssetAttributesManager.cpp:117] Asset attributes (coneWireframe : coneWireframe_segments_32_halfLen_1.25) created and registered.
I0929 15:12:08.889480 35412 AssetAttributesManager.cpp:117] Asset attributes (cubeSolid : cubeSolid) created and registered.
I0929 15:12:08.889484 35412 AssetAttributesManager.cpp:117] Asset attributes (cubeWireframe : cubeWireframe) created and registered.
I0929 15:12:08.889497 35412 AssetAttributesManager.cpp:117] Asset attributes (cylinderSolid : cylinderSolid_rings_1_segments_12_halfLen_1_useTexCoords_false_useTangents_false_capEnds_true) created and registered.
I0929 15:12:08.889508 35412 AssetAttributesManager.cpp:117] Asset attributes (cylinderWireframe : cylinderWireframe_rings_1_segments_32_halfLen_1) created and registered.
I0929 15:12:08.889513 35412 AssetAttributesManager.cpp:117] Asset attributes (icosphereSolid : icosphereSolid_subdivs_1) created and registered.
I0929 15:12:08.889518 35412 AssetAttributesManager.cpp:117] Asset attributes (icosphereWireframe : icosphereWireframe_subdivs_1) created and registered.
I0929 15:12:08.889526 35412 AssetAttributesManager.cpp:117] Asset attributes (uvSphereSolid : uvSphereSolid_rings_8_segments_16_useTexCoords_false_useTangents_false) created and registered.
I0929 15:12:08.889534 35412 AssetAttributesManager.cpp:117] Asset attributes (uvSphereWireframe : uvSphereWireframe_rings_16_segments_32) created and registered.
I0929 15:12:08.889536 35412 AssetAttributesManager.cpp:105] AssetAttributesManager::buildCtorFuncPtrMaps : Built default primitive asset templates : 12
I0929 15:12:08.889814 35412 SceneDatasetAttributesManager.cpp:23] File (default) not found, so new default dataset attributes created and registered.
I0929 15:12:08.889817 35412 MetadataMediator.cpp:47] MetadataMediator::createDataset : Dataset default successfully created.
I0929 15:12:08.891806 35412 AttributesManagerBase.h:283] AttributesManager<T>::createFromJsonOrDefaultInternal  (Physics Manager) : Proposing JSON name : ./data/default.physics_config.json from original name : ./data/default.physics_config.json | This file  does not exist.
I0929 15:12:08.891815 35412 PhysicsAttributesManager.cpp:27] File (./data/default.physics_config.json) not found, so new default physics manager attributes created and registered.
I0929 15:12:08.891817 35412 AbstractObjectAttributesManagerBase.h:175] AbstractObjectAttributesManager<T>::createObject  (Stage) : Making attributes with handle : data/scene_datasets/mp3d/zsNo4HB9uLZ/zsNo4HB9uLZ.glb
I0929 15:12:08.891826 35412 ManagedContainerBase.cpp:19] ManagedContainerBase::convertFilenameToJSON : Filename : data/scene_datasets/mp3d/zsNo4HB9uLZ/zsNo4HB9uLZ.glb changed to proposed JSON configuration filename : data/scene_datasets/mp3d/zsNo4HB9uLZ/zsNo4HB9uLZ.stage_config.json
I0929 15:12:08.891831 35412 AttributesManagerBase.h:283] AttributesManager<T>::createFromJsonOrDefaultInternal  (Stage) : Proposing JSON name : data/scene_datasets/mp3d/zsNo4HB9uLZ/zsNo4HB9uLZ.stage_config.json from original name : data/scene_datasets/mp3d/zsNo4HB9uLZ/zsNo4HB9uLZ.glb | This file  does not exist.
I0929 15:12:08.891861 35412 AbstractObjectAttributesManagerBase.h:181] AbstractObjectAttributesManager<T>::createObject  (Stage) : Done making attributes with handle : data/scene_datasets/mp3d/zsNo4HB9uLZ/zsNo4HB9uLZ.glb
I0929 15:12:08.891863 35412 AbstractObjectAttributesManagerBase.h:188] File (data/scene_datasets/mp3d/zsNo4HB9uLZ/zsNo4HB9uLZ.glb) exists but is not a recognized config filename extension, so new default Stage attributes created and registered.
I0929 15:12:08.891866 35412 Simulator.cpp:156] Loading navmesh from data/scene_datasets/mp3d/zsNo4HB9uLZ/zsNo4HB9uLZ.navmesh
I0929 15:12:08.891917 35412 Simulator.cpp:158] Loaded.
I0929 15:12:08.891924 35412 SceneGraph.h:93] Created DrawableGroup: 
Renderer: NVIDIA T1000 8GB/PCIe/SSE2 by NVIDIA Corporation
OpenGL version: 4.6.0 NVIDIA 590.48.01
Using optional features:
    GL_ARB_ES2_compatibility
    GL_ARB_direct_state_access
    GL_ARB_get_texture_sub_image
    GL_ARB_invalidate_subdata
    GL_ARB_multi_bind
    GL_ARB_robustness
    GL_ARB_separate_shader_objects
    GL_ARB_texture_filter_anisotropic
    GL_ARB_texture_storage
    GL_ARB_texture_storage_multisample
    GL_ARB_vertex_array_object
    GL_KHR_debug
Using driver workarounds:
    no-forward-compatible-core-context
    nv-egl-incorrect-gl11-function-pointers
    no-layout-qualifiers-on-old-glsl
    nv-zero-context-profile-mask
    nv-implementation-color-read-format-dsa-broken
    nv-cubemap-inconsistent-compressed-image-size
    nv-cubemap-broken-full-compressed-image-query
    nv-compressed-block-size-in-bits
I0929 15:12:08.979650 35412 ResourceManager.cpp:234] ResourceManager::loadStage : Not loading semantic mesh
I0929 15:12:08.979658 35412 ResourceManager.cpp:262] ResourceManager::loadStage : start load render asset data/scene_datasets/mp3d/zsNo4HB9uLZ/zsNo4HB9uLZ.glb.
I0929 15:12:08.979660 35412 ResourceManager.cpp:569] ResourceManager::loadStageInternal : Attempting to load stage data/scene_datasets/mp3d/zsNo4HB9uLZ/zsNo4HB9uLZ.glb 
I0929 15:12:08.979681 35412 ResourceManager.cpp:1119] Importing Basis files as BC7 for zsNo4HB9uLZ.glb
W0929 15:12:09.844684 35412 Simulator.cpp:248] :
---
 The active scene does not contain semantic annotations. 
---
I0929 15:12:09.883279 35412 simulator.py:213] Loaded navmesh data/scene_datasets/mp3d/zsNo4HB9uLZ/zsNo4HB9uLZ.navmesh
2026-09-29 15:12:09,887 Initializing task VLN-v0
You are using a model of type bert to instantiate a model of type . This is not supported for all configurations of models and can yield errors.
Some weights of the model checkpoint at None were not used when initializing GlocalTextPathNavCMT: ['bert.global_encoder.encoder.x_layers.2.lang_self_att.output.dense.weight', 'bert.global_encoder.encoder.x_layers.2.lang_inter.dense.weight', 'bert.global_encoder.encoder.x_layers.2.lang_self_att.output.LayerNorm.bias', 'bert.global_encoder.encoder.x_layers.1.lang_inter.dense.bias', 'bert.global_encoder.encoder.x_layers.0.lang_self_att.self.query.weight', 'bert.global_encoder.encoder.x_layers.0.lang_self_att.output.dense.weight', 'bert.global_encoder.encoder.x_layers.2.lang_self_att.self.value.weight', 'mlm_head.predictions.transform.dense.weight', 'bert.global_encoder.encoder.x_layers.1.lang_self_att.output.LayerNorm.bias', 'bert.global_encoder.encoder.x_layers.3.lang_inter.dense.weight', 'bert.global_encoder.encoder.x_layers.3.lang_self_att.self.query.weight', 'bert.global_encoder.encoder.x_layers.2.lang_self_att.output.dense.bias', 'bert.global_encoder.encoder.x_layers.1.lang_output.dense.bias', 'bert.global_encoder.encoder.x_layers.0.lang_output.dense.bias', 'bert.global_encoder.encoder.x_layers.3.lang_self_att.output.LayerNorm.bias', 'mlm_head.predictions.transform.LayerNorm.bias', 'bert.global_encoder.encoder.x_layers.2.lang_self_att.self.query.bias', 'mlm_head.predictions.transform.dense.bias', 'bert.global_encoder.encoder.x_layers.0.lang_self_att.self.key.bias', 'bert.global_encoder.encoder.x_layers.1.lang_self_att.self.key.bias', 'bert.global_encoder.encoder.x_layers.0.lang_self_att.output.LayerNorm.bias', 'bert.global_encoder.encoder.x_layers.3.lang_self_att.self.query.bias', 'bert.global_encoder.encoder.x_layers.0.lang_output.LayerNorm.bias', 'bert.global_encoder.encoder.x_layers.0.lang_inter.dense.weight', 'bert.global_encoder.encoder.x_layers.3.lang_self_att.self.value.bias', 'bert.global_encoder.encoder.x_layers.0.lang_self_att.output.dense.bias', 'bert.global_encoder.encoder.x_layers.2.lang_self_att.self.key.weight', 'bert.global_encoder.encoder.x_layers.3.lang_output.dense.bias', 'bert.global_encoder.encoder.x_layers.3.lang_self_att.output.dense.bias', 'bert.global_encoder.encoder.x_layers.1.lang_self_att.output.LayerNorm.weight', 'bert.global_encoder.encoder.x_layers.3.lang_self_att.self.key.weight', 'bert.global_encoder.encoder.x_layers.3.lang_self_att.output.dense.weight', 'bert.global_encoder.encoder.x_layers.3.lang_output.dense.weight', 'bert.global_encoder.encoder.x_layers.2.lang_inter.dense.bias', 'bert.global_encoder.encoder.x_layers.0.lang_self_att.self.key.weight', 'bert.global_encoder.encoder.x_layers.1.lang_self_att.self.value.weight', 'bert.global_encoder.encoder.x_layers.2.lang_output.dense.weight', 'bert.global_encoder.encoder.x_layers.3.lang_self_att.self.key.bias', 'bert.global_encoder.encoder.x_layers.1.lang_self_att.output.dense.weight', 'bert.global_encoder.encoder.x_layers.0.lang_inter.dense.bias', 'bert.global_encoder.encoder.x_layers.0.lang_output.LayerNorm.weight', 'bert.global_encoder.encoder.x_layers.0.lang_output.dense.weight', 'bert.global_encoder.encoder.x_layers.2.lang_self_att.self.query.weight', 'bert.global_encoder.encoder.x_layers.2.lang_self_att.self.value.bias', 'bert.global_encoder.encoder.x_layers.2.lang_self_att.self.key.bias', 'bert.global_encoder.encoder.x_layers.1.lang_self_att.output.dense.bias', 'bert.global_encoder.encoder.x_layers.2.lang_output.LayerNorm.weight', 'mlm_head.predictions.decoder.weight', 'bert.global_encoder.encoder.x_layers.1.lang_inter.dense.weight', 'bert.global_encoder.encoder.x_layers.2.lang_output.LayerNorm.bias', 'bert.global_encoder.encoder.x_layers.1.lang_output.LayerNorm.bias', 'bert.global_encoder.encoder.x_layers.1.lang_output.dense.weight', 'bert.global_encoder.encoder.x_layers.0.lang_self_att.output.LayerNorm.weight', 'bert.global_encoder.encoder.x_layers.1.lang_output.LayerNorm.weight', 'bert.global_encoder.encoder.x_layers.2.lang_output.dense.bias', 'bert.global_encoder.encoder.x_layers.0.lang_self_att.self.query.bias', 'bert.global_encoder.encoder.x_layers.3.lang_output.LayerNorm.bias', 'bert.global_encoder.encoder.x_layers.0.lang_self_att.self.value.weight', 'bert.global_encoder.encoder.x_layers.2.lang_self_att.output.LayerNorm.weight', 'bert.global_encoder.encoder.x_layers.1.lang_self_att.self.query.bias', 'bert.global_encoder.encoder.x_layers.0.lang_self_att.self.value.bias', 'mlm_head.predictions.bias', 'bert.global_encoder.encoder.x_layers.3.lang_self_att.self.value.weight', 'bert.global_encoder.encoder.x_layers.3.lang_inter.dense.bias', 'mlm_head.predictions.transform.LayerNorm.weight', 'bert.global_encoder.encoder.x_layers.3.lang_self_att.output.LayerNorm.weight', 'bert.global_encoder.encoder.x_layers.1.lang_self_att.self.query.weight', 'bert.global_encoder.encoder.x_layers.1.lang_self_att.self.value.bias', 'bert.global_encoder.encoder.x_layers.1.lang_self_att.self.key.weight', 'bert.global_encoder.encoder.x_layers.3.lang_output.LayerNorm.weight']
- This IS expected if you are initializing GlocalTextPathNavCMT from the checkpoint of a model trained on another task or with another architecture (e.g. initializing a BertForSequenceClassification model from a BertForPreTraining model).
- This IS NOT expected if you are initializing GlocalTextPathNavCMT from the checkpoint of a model that you expect to be exactly identical (initializing a BertForSequenceClassification model from a BertForSequenceClassification model).
2026-09-29 15:12:15,024 Loaded weights from checkpoint: data/logs/checkpoints/release_r2r/ckpt.iter12000.pth, iteration: 12000
2026-09-29 15:12:15,026 Agent parameters: 299.14 MB. Trainable: 140.79 MB.
2026-09-29 15:12:15,027 Finished setting up policy.
local rank: 0 | dataset length: 15

Initalizing the ETP model ...
  0%|          | 0/15 [00:00<?, ?it/s]  7%|▋         | 1/15 [00:06<01:26,  6.20s/it] 13%|█▎        | 2/15 [00:13<01:31,  7.07s/it] 20%|██        | 3/15 [00:18<01:11,  5.95s/it] 27%|██▋       | 4/15 [00:21<00:53,  4.83s/it] 33%|███▎      | 5/15 [00:26<00:47,  4.76s/it] 40%|████      | 6/15 [00:31<00:44,  4.98s/it] 47%|████▋     | 7/15 [00:37<00:41,  5.13s/it] 53%|█████▎    | 8/15 [00:48<00:50,  7.16s/it] 60%|██████    | 9/15 [00:53<00:38,  6.38s/it] 67%|██████▋   | 10/15 [00:57<00:29,  5.85s/it] 73%|███████▎  | 11/15 [01:07<00:27,  6.90s/it] 80%|████████  | 12/15 [01:17<00:23,  7.87s/it] 87%|████████▋ | 13/15 [01:22<00:14,  7.13s/it] 93%|█████████▎| 14/15 [01:29<00:07,  7.09s/it]100%|██████████| 15/15 [01:39<00:00,  7.77s/it]I0929 15:13:54.114595 35412 PhysicsManager.cpp:33] Deconstructing PhysicsManager
I0929 15:13:54.114612 35412 SemanticScene.h:41] Deconstructing SemanticScene
I0929 15:13:54.116103 35412 SceneManager.h:25] Deconstructing SceneManager
I0929 15:13:54.116120 35412 SceneGraph.h:26] Deconstructing SceneGraph
I0929 15:13:54.116456 35412 Sensor.h:87] Deconstructing Sensor
I0929 15:13:54.116621 35412 Sensor.h:87] Deconstructing Sensor
I0929 15:13:54.116722 35412 Sensor.h:87] Deconstructing Sensor
I0929 15:13:54.116819 35412 Sensor.h:87] Deconstructing Sensor
I0929 15:13:54.116910 35412 Sensor.h:87] Deconstructing Sensor
I0929 15:13:54.116998 35412 Sensor.h:87] Deconstructing Sensor
I0929 15:13:54.117080 35412 Sensor.h:87] Deconstructing Sensor
I0929 15:13:54.117163 35412 Sensor.h:87] Deconstructing Sensor
I0929 15:13:54.117254 35412 Sensor.h:87] Deconstructing Sensor
I0929 15:13:54.117334 35412 Sensor.h:87] Deconstructing Sensor
I0929 15:13:54.117412 35412 Sensor.h:87] Deconstructing Sensor
I0929 15:13:54.117489 35412 Sensor.h:87] Deconstructing Sensor
I0929 15:13:54.117568 35412 Sensor.h:87] Deconstructing Sensor
I0929 15:13:54.117666 35412 Sensor.h:87] Deconstructing Sensor
I0929 15:13:54.117761 35412 Sensor.h:87] Deconstructing Sensor
I0929 15:13:54.117863 35412 Sensor.h:87] Deconstructing Sensor
I0929 15:13:54.117960 35412 Sensor.h:87] Deconstructing Sensor
I0929 15:13:54.118058 35412 Sensor.h:87] Deconstructing Sensor
I0929 15:13:54.118156 35412 Sensor.h:87] Deconstructing Sensor
I0929 15:13:54.118259 35412 Sensor.h:87] Deconstructing Sensor
I0929 15:13:54.118363 35412 Sensor.h:87] Deconstructing Sensor
I0929 15:13:54.118465 35412 Sensor.h:87] Deconstructing Sensor
I0929 15:13:54.118562 35412 Sensor.h:87] Deconstructing Sensor
I0929 15:13:54.118628 35412 Sensor.h:87] Deconstructing Sensor
I0929 15:13:54.119972 35412 Renderer.cpp:34] Deconstructing Renderer
I0929 15:13:54.119982 35412 WindowlessContext.h:17] Deconstructing WindowlessContext
I0929 15:13:54.122248 35412 Simulator.cpp:49] Deconstructing Simulator
2026-09-29 15:13:54,123 Episodes evaluated: 15
2026-09-29 15:13:54,123 Average episode steps_taken: 74.400000
2026-09-29 15:13:54,123 Average episode distance_to_goal: 4.631847
2026-09-29 15:13:54,123 Average episode success: 0.666667
2026-09-29 15:13:54,123 Average episode oracle_success: 0.666667
2026-09-29 15:13:54,123 Average episode path_length: 9.617510
2026-09-29 15:13:54,123 Average episode collisions: 0.618403
2026-09-29 15:13:54,123 Average episode spl: 0.615082
2026-09-29 15:13:54,124 Average episode ndtw: 0.682282
2026-09-29 15:13:54,124 Average episode sdtw: 0.592080
2026-09-29 15:13:54,124 Average episode ghost_cnt: 155.000000
2026-09-29 15:13:54,124 Average episode tour_idx: 7.000000
2026-09-29 15:13:54,124 Average episode g_nodes_total: 63.066667
2026-09-29 15:13:54,124 Average episode g_ghosts_total: 115.733333
2026-09-29 15:13:54,124 Average episode g_active_mean: 14.735633
2026-09-29 15:13:54,124 Average episode g_old_visible_mean: 9.968966
2026-09-29 15:13:54,124 Average episode g_comp_mean: 40.180159
2026-09-29 15:13:54,124 Average episode g_ghosts_visible_mean: 11.225429
2026-09-29 15:13:54,124 Average episode g_reloc_mean: 2.121144
2026-09-29 15:13:54,124 Average episode g_old_visible_max: 13.466667
2026-09-29 15:13:54,124 Average episode g_start_reloc: 0.733333
2026-09-29 15:13:54,124 Average episode g_start_comp: 19.466667
2026-09-29 15:13:54,124 Average episode g_stop_no_vp_left: 0.000000
100%|██████████| 15/15 [01:39<00:00,  6.61s/it]
[guard] finished rc=0 in 110s | peak footprint vs baseline: RAM +5641MiB, VRAM +2675MiB
