[guard] avail RAM 14G | GPU used 808MiB, compute procs 0 | load 1
[guard] hard caps on: RAM<=9G (no swap), CPU<=300%
2026-09-20 13:49:41,972 checkpoint_path: data/logs/checkpoints/release_r2r/ckpt.iter12000.pth
2026-09-20 13:49:41,972 Initializing dataset VLN-CE-v1
2026-09-20 13:49:41,995 SPLTI: tour_zsNo4H_n15_s0_o0, NUMBER OF SCENES: 1
2026-09-20 13:49:57,241 Initializing dataset VLN-CE-v1
2026-09-20 13:49:57,262 initializing sim Sim-v1
WARNING: Logging before InitGoogleLogging() is written to STDERR
I0920 13:49:57.266422 476822 ManagedContainerBase.cpp:19] ManagedContainerBase::convertFilenameToJSON : Filename : default changed to proposed JSON configuration filename : default.scene_dataset_config.json
I0920 13:49:57.266448 476822 AttributesManagerBase.h:283] AttributesManager<T>::createFromJsonOrDefaultInternal  (Dataset) : Proposing JSON name : default.scene_dataset_config.json from original name : default | This file  does not exist.
I0920 13:49:57.266491 476822 AssetAttributesManager.cpp:117] Asset attributes (capsule3DSolid : capsule3DSolid_hemiRings_4_cylRings_1_segments_12_halfLen_0.75_useTexCoords_false_useTangents_false) created and registered.
I0920 13:49:57.266507 476822 AssetAttributesManager.cpp:117] Asset attributes (capsule3DWireframe : capsule3DWireframe_hemiRings_8_cylRings_1_segments_16_halfLen_1) created and registered.
I0920 13:49:57.266523 476822 AssetAttributesManager.cpp:117] Asset attributes (coneSolid : coneSolid_segments_12_halfLen_1.25_rings_1_useTexCoords_false_useTangents_false_capEnd_true) created and registered.
I0920 13:49:57.266532 476822 AssetAttributesManager.cpp:117] Asset attributes (coneWireframe : coneWireframe_segments_32_halfLen_1.25) created and registered.
I0920 13:49:57.266538 476822 AssetAttributesManager.cpp:117] Asset attributes (cubeSolid : cubeSolid) created and registered.
I0920 13:49:57.266543 476822 AssetAttributesManager.cpp:117] Asset attributes (cubeWireframe : cubeWireframe) created and registered.
I0920 13:49:57.266556 476822 AssetAttributesManager.cpp:117] Asset attributes (cylinderSolid : cylinderSolid_rings_1_segments_12_halfLen_1_useTexCoords_false_useTangents_false_capEnds_true) created and registered.
I0920 13:49:57.266566 476822 AssetAttributesManager.cpp:117] Asset attributes (cylinderWireframe : cylinderWireframe_rings_1_segments_32_halfLen_1) created and registered.
I0920 13:49:57.266571 476822 AssetAttributesManager.cpp:117] Asset attributes (icosphereSolid : icosphereSolid_subdivs_1) created and registered.
I0920 13:49:57.266577 476822 AssetAttributesManager.cpp:117] Asset attributes (icosphereWireframe : icosphereWireframe_subdivs_1) created and registered.
I0920 13:49:57.266585 476822 AssetAttributesManager.cpp:117] Asset attributes (uvSphereSolid : uvSphereSolid_rings_8_segments_16_useTexCoords_false_useTangents_false) created and registered.
I0920 13:49:57.266592 476822 AssetAttributesManager.cpp:117] Asset attributes (uvSphereWireframe : uvSphereWireframe_rings_16_segments_32) created and registered.
I0920 13:49:57.266595 476822 AssetAttributesManager.cpp:105] AssetAttributesManager::buildCtorFuncPtrMaps : Built default primitive asset templates : 12
I0920 13:49:57.266848 476822 SceneDatasetAttributesManager.cpp:23] File (default) not found, so new default dataset attributes created and registered.
I0920 13:49:57.266850 476822 MetadataMediator.cpp:47] MetadataMediator::createDataset : Dataset default successfully created.
I0920 13:49:57.268924 476822 AttributesManagerBase.h:283] AttributesManager<T>::createFromJsonOrDefaultInternal  (Physics Manager) : Proposing JSON name : ./data/default.physics_config.json from original name : ./data/default.physics_config.json | This file  does not exist.
I0920 13:49:57.268935 476822 PhysicsAttributesManager.cpp:27] File (./data/default.physics_config.json) not found, so new default physics manager attributes created and registered.
I0920 13:49:57.268939 476822 AbstractObjectAttributesManagerBase.h:175] AbstractObjectAttributesManager<T>::createObject  (Stage) : Making attributes with handle : data/scene_datasets/mp3d/zsNo4HB9uLZ/zsNo4HB9uLZ.glb
I0920 13:49:57.268949 476822 ManagedContainerBase.cpp:19] ManagedContainerBase::convertFilenameToJSON : Filename : data/scene_datasets/mp3d/zsNo4HB9uLZ/zsNo4HB9uLZ.glb changed to proposed JSON configuration filename : data/scene_datasets/mp3d/zsNo4HB9uLZ/zsNo4HB9uLZ.stage_config.json
I0920 13:49:57.268952 476822 AttributesManagerBase.h:283] AttributesManager<T>::createFromJsonOrDefaultInternal  (Stage) : Proposing JSON name : data/scene_datasets/mp3d/zsNo4HB9uLZ/zsNo4HB9uLZ.stage_config.json from original name : data/scene_datasets/mp3d/zsNo4HB9uLZ/zsNo4HB9uLZ.glb | This file  does not exist.
I0920 13:49:57.268985 476822 AbstractObjectAttributesManagerBase.h:181] AbstractObjectAttributesManager<T>::createObject  (Stage) : Done making attributes with handle : data/scene_datasets/mp3d/zsNo4HB9uLZ/zsNo4HB9uLZ.glb
I0920 13:49:57.268985 476822 AbstractObjectAttributesManagerBase.h:188] File (data/scene_datasets/mp3d/zsNo4HB9uLZ/zsNo4HB9uLZ.glb) exists but is not a recognized config filename extension, so new default Stage attributes created and registered.
I0920 13:49:57.268989 476822 Simulator.cpp:156] Loading navmesh from data/scene_datasets/mp3d/zsNo4HB9uLZ/zsNo4HB9uLZ.navmesh
I0920 13:49:57.269044 476822 Simulator.cpp:158] Loaded.
I0920 13:49:57.269053 476822 SceneGraph.h:93] Created DrawableGroup: 
Renderer: NVIDIA T1000 8GB/PCIe/SSE2 by NVIDIA Corporation
OpenGL version: 4.6.0 NVIDIA 595.84
Using optional features:
    GL_ARB_ES2_compatibility
    GL_ARB_direct_state_access
    GL_ARB_get_texture_sub_image
    GL_ARB_invalidate_subdata
    GL_ARB_multi_bind
    GL_ARB_robustness
    GL_ARB_separate_shader_objects
    GL_ARB_texture_filter_anisotropic
    GL_ARB_texture_storage
    GL_ARB_texture_storage_multisample
    GL_ARB_vertex_array_object
    GL_KHR_debug
Using driver workarounds:
    no-forward-compatible-core-context
    nv-egl-incorrect-gl11-function-pointers
    no-layout-qualifiers-on-old-glsl
    nv-zero-context-profile-mask
    nv-implementation-color-read-format-dsa-broken
    nv-cubemap-inconsistent-compressed-image-size
    nv-cubemap-broken-full-compressed-image-query
    nv-compressed-block-size-in-bits
I0920 13:49:57.364367 476822 ResourceManager.cpp:234] ResourceManager::loadStage : Not loading semantic mesh
I0920 13:49:57.364377 476822 ResourceManager.cpp:262] ResourceManager::loadStage : start load render asset data/scene_datasets/mp3d/zsNo4HB9uLZ/zsNo4HB9uLZ.glb.
I0920 13:49:57.364377 476822 ResourceManager.cpp:569] ResourceManager::loadStageInternal : Attempting to load stage data/scene_datasets/mp3d/zsNo4HB9uLZ/zsNo4HB9uLZ.glb 
I0920 13:49:57.364387 476822 ResourceManager.cpp:1119] Importing Basis files as BC7 for zsNo4HB9uLZ.glb
W0920 13:49:58.267385 476822 Simulator.cpp:248] :
---
 The active scene does not contain semantic annotations. 
---
I0920 13:49:58.307163 476822 simulator.py:213] Loaded navmesh data/scene_datasets/mp3d/zsNo4HB9uLZ/zsNo4HB9uLZ.navmesh
2026-09-20 13:49:58,311 Initializing task VLN-v0
You are using a model of type bert to instantiate a model of type . This is not supported for all configurations of models and can yield errors.
Some weights of the model checkpoint at None were not used when initializing GlocalTextPathNavCMT: ['bert.global_encoder.encoder.x_layers.0.lang_output.LayerNorm.bias', 'bert.global_encoder.encoder.x_layers.0.lang_inter.dense.bias', 'bert.global_encoder.encoder.x_layers.3.lang_inter.dense.bias', 'bert.global_encoder.encoder.x_layers.2.lang_self_att.self.key.bias', 'bert.global_encoder.encoder.x_layers.2.lang_output.LayerNorm.weight', 'bert.global_encoder.encoder.x_layers.1.lang_inter.dense.bias', 'bert.global_encoder.encoder.x_layers.1.lang_output.dense.bias', 'bert.global_encoder.encoder.x_layers.0.lang_inter.dense.weight', 'bert.global_encoder.encoder.x_layers.2.lang_self_att.output.LayerNorm.bias', 'bert.global_encoder.encoder.x_layers.0.lang_self_att.self.key.bias', 'bert.global_encoder.encoder.x_layers.3.lang_output.LayerNorm.bias', 'bert.global_encoder.encoder.x_layers.1.lang_self_att.self.key.weight', 'bert.global_encoder.encoder.x_layers.2.lang_self_att.output.dense.bias', 'bert.global_encoder.encoder.x_layers.2.lang_self_att.self.value.weight', 'bert.global_encoder.encoder.x_layers.3.lang_output.dense.bias', 'bert.global_encoder.encoder.x_layers.2.lang_output.dense.weight', 'bert.global_encoder.encoder.x_layers.1.lang_self_att.self.value.bias', 'bert.global_encoder.encoder.x_layers.0.lang_output.LayerNorm.weight', 'bert.global_encoder.encoder.x_layers.0.lang_self_att.self.query.weight', 'bert.global_encoder.encoder.x_layers.1.lang_output.LayerNorm.bias', 'bert.global_encoder.encoder.x_layers.2.lang_inter.dense.bias', 'bert.global_encoder.encoder.x_layers.3.lang_self_att.output.LayerNorm.bias', 'bert.global_encoder.encoder.x_layers.3.lang_self_att.self.value.weight', 'bert.global_encoder.encoder.x_layers.1.lang_self_att.self.key.bias', 'bert.global_encoder.encoder.x_layers.1.lang_inter.dense.weight', 'bert.global_encoder.encoder.x_layers.0.lang_self_att.output.dense.bias', 'bert.global_encoder.encoder.x_layers.2.lang_self_att.output.LayerNorm.weight', 'bert.global_encoder.encoder.x_layers.1.lang_self_att.output.dense.weight', 'bert.global_encoder.encoder.x_layers.2.lang_self_att.self.query.bias', 'mlm_head.predictions.bias', 'bert.global_encoder.encoder.x_layers.3.lang_self_att.self.key.weight', 'bert.global_encoder.encoder.x_layers.0.lang_self_att.output.LayerNorm.weight', 'bert.global_encoder.encoder.x_layers.2.lang_inter.dense.weight', 'bert.global_encoder.encoder.x_layers.2.lang_output.dense.bias', 'mlm_head.predictions.transform.LayerNorm.bias', 'bert.global_encoder.encoder.x_layers.1.lang_self_att.output.dense.bias', 'mlm_head.predictions.transform.dense.weight', 'bert.global_encoder.encoder.x_layers.2.lang_self_att.self.query.weight', 'bert.global_encoder.encoder.x_layers.0.lang_self_att.output.dense.weight', 'bert.global_encoder.encoder.x_layers.1.lang_output.LayerNorm.weight', 'bert.global_encoder.encoder.x_layers.3.lang_self_att.self.query.bias', 'bert.global_encoder.encoder.x_layers.0.lang_self_att.self.query.bias', 'bert.global_encoder.encoder.x_layers.0.lang_self_att.self.value.weight', 'bert.global_encoder.encoder.x_layers.3.lang_output.LayerNorm.weight', 'bert.global_encoder.encoder.x_layers.2.lang_output.LayerNorm.bias', 'bert.global_encoder.encoder.x_layers.3.lang_self_att.self.key.bias', 'mlm_head.predictions.transform.LayerNorm.weight', 'bert.global_encoder.encoder.x_layers.0.lang_self_att.output.LayerNorm.bias', 'bert.global_encoder.encoder.x_layers.2.lang_self_att.self.key.weight', 'bert.global_encoder.encoder.x_layers.2.lang_self_att.output.dense.weight', 'bert.global_encoder.encoder.x_layers.1.lang_self_att.output.LayerNorm.bias', 'mlm_head.predictions.transform.dense.bias', 'bert.global_encoder.encoder.x_layers.3.lang_self_att.output.LayerNorm.weight', 'bert.global_encoder.encoder.x_layers.2.lang_self_att.self.value.bias', 'bert.global_encoder.encoder.x_layers.1.lang_self_att.self.query.weight', 'mlm_head.predictions.decoder.weight', 'bert.global_encoder.encoder.x_layers.0.lang_output.dense.weight', 'bert.global_encoder.encoder.x_layers.0.lang_output.dense.bias', 'bert.global_encoder.encoder.x_layers.1.lang_self_att.self.query.bias', 'bert.global_encoder.encoder.x_layers.1.lang_output.dense.weight', 'bert.global_encoder.encoder.x_layers.3.lang_self_att.self.query.weight', 'bert.global_encoder.encoder.x_layers.0.lang_self_att.self.key.weight', 'bert.global_encoder.encoder.x_layers.3.lang_self_att.self.value.bias', 'bert.global_encoder.encoder.x_layers.3.lang_inter.dense.weight', 'bert.global_encoder.encoder.x_layers.3.lang_self_att.output.dense.weight', 'bert.global_encoder.encoder.x_layers.1.lang_self_att.output.LayerNorm.weight', 'bert.global_encoder.encoder.x_layers.3.lang_output.dense.weight', 'bert.global_encoder.encoder.x_layers.0.lang_self_att.self.value.bias', 'bert.global_encoder.encoder.x_layers.1.lang_self_att.self.value.weight', 'bert.global_encoder.encoder.x_layers.3.lang_self_att.output.dense.bias']
- This IS expected if you are initializing GlocalTextPathNavCMT from the checkpoint of a model trained on another task or with another architecture (e.g. initializing a BertForSequenceClassification model from a BertForPreTraining model).
- This IS NOT expected if you are initializing GlocalTextPathNavCMT from the checkpoint of a model that you expect to be exactly identical (initializing a BertForSequenceClassification model from a BertForSequenceClassification model).
2026-09-20 13:50:08,834 Loaded weights from checkpoint: data/logs/checkpoints/release_r2r/ckpt.iter12000.pth, iteration: 12000
2026-09-20 13:50:08,837 Agent parameters: 299.14 MB. Trainable: 140.79 MB.
2026-09-20 13:50:08,837 Finished setting up policy.
local rank: 0 | dataset length: 15

Initalizing the ETP model ...
  0%|          | 0/15 [00:00<?, ?it/s]  7%|▋         | 1/15 [00:04<00:59,  4.25s/it] 13%|█▎        | 2/15 [00:09<01:02,  4.80s/it] 20%|██        | 3/15 [00:17<01:14,  6.22s/it] 27%|██▋       | 4/15 [00:18<00:48,  4.40s/it] 33%|███▎      | 5/15 [00:22<00:41,  4.18s/it] 40%|████      | 6/15 [00:26<00:36,  4.01s/it] 47%|████▋     | 7/15 [00:27<00:24,  3.06s/it] 53%|█████▎    | 8/15 [00:35<00:32,  4.60s/it] 60%|██████    | 9/15 [00:37<00:22,  3.67s/it] 67%|██████▋   | 10/15 [00:41<00:19,  3.94s/it] 73%|███████▎  | 11/15 [00:42<00:11,  2.91s/it] 80%|████████  | 12/15 [00:43<00:07,  2.54s/it] 87%|████████▋ | 13/15 [00:45<00:04,  2.13s/it] 93%|█████████▎| 14/15 [00:45<00:01,  1.69s/it]100%|██████████| 15/15 [00:46<00:00,  1.52s/it]I0920 13:50:55.704470 476822 PhysicsManager.cpp:33] Deconstructing PhysicsManager
I0920 13:50:55.704491 476822 SemanticScene.h:41] Deconstructing SemanticScene
I0920 13:50:55.705539 476822 SceneManager.h:25] Deconstructing SceneManager
I0920 13:50:55.705549 476822 SceneGraph.h:26] Deconstructing SceneGraph
I0920 13:50:55.705780 476822 Sensor.h:87] Deconstructing Sensor
I0920 13:50:55.705919 476822 Sensor.h:87] Deconstructing Sensor
I0920 13:50:55.706004 476822 Sensor.h:87] Deconstructing Sensor
I0920 13:50:55.706090 476822 Sensor.h:87] Deconstructing Sensor
I0920 13:50:55.706171 476822 Sensor.h:87] Deconstructing Sensor
I0920 13:50:55.706254 476822 Sensor.h:87] Deconstructing Sensor
I0920 13:50:55.706336 476822 Sensor.h:87] Deconstructing Sensor
I0920 13:50:55.706415 476822 Sensor.h:87] Deconstructing Sensor
I0920 13:50:55.706493 476822 Sensor.h:87] Deconstructing Sensor
I0920 13:50:55.706570 476822 Sensor.h:87] Deconstructing Sensor
I0920 13:50:55.706650 476822 Sensor.h:87] Deconstructing Sensor
I0920 13:50:55.706725 476822 Sensor.h:87] Deconstructing Sensor
I0920 13:50:55.706802 476822 Sensor.h:87] Deconstructing Sensor
I0920 13:50:55.706902 476822 Sensor.h:87] Deconstructing Sensor
I0920 13:50:55.706997 476822 Sensor.h:87] Deconstructing Sensor
I0920 13:50:55.707098 476822 Sensor.h:87] Deconstructing Sensor
I0920 13:50:55.707194 476822 Sensor.h:87] Deconstructing Sensor
I0920 13:50:55.707298 476822 Sensor.h:87] Deconstructing Sensor
I0920 13:50:55.707396 476822 Sensor.h:87] Deconstructing Sensor
I0920 13:50:55.707490 476822 Sensor.h:87] Deconstructing Sensor
I0920 13:50:55.707590 476822 Sensor.h:87] Deconstructing Sensor
I0920 13:50:55.707685 476822 Sensor.h:87] Deconstructing Sensor
I0920 13:50:55.707782 476822 Sensor.h:87] Deconstructing Sensor
I0920 13:50:55.707847 476822 Sensor.h:87] Deconstructing Sensor
I0920 13:50:55.709161 476822 Renderer.cpp:34] Deconstructing Renderer
I0920 13:50:55.709170 476822 WindowlessContext.h:17] Deconstructing WindowlessContext
I0920 13:50:55.711143 476822 Simulator.cpp:49] Deconstructing Simulator
2026-09-20 13:50:55,712 Episodes evaluated: 15
2026-09-20 13:50:55,712 Average episode steps_taken: 63.666667
2026-09-20 13:50:55,712 Average episode distance_to_goal: 8.743003
2026-09-20 13:50:55,712 Average episode success: 0.200000
2026-09-20 13:50:55,712 Average episode oracle_success: 0.200000
2026-09-20 13:50:55,712 Average episode path_length: 7.342322
2026-09-20 13:50:55,712 Average episode collisions: 0.585897
2026-09-20 13:50:55,712 Average episode spl: 0.193059
2026-09-20 13:50:55,712 Average episode ndtw: 0.385037
2026-09-20 13:50:55,713 Average episode sdtw: 0.179112
2026-09-20 13:50:55,713 Average episode ghost_cnt: 107.333333
2026-09-20 13:50:55,713 Average episode tour_idx: 7.000000
2026-09-20 13:50:55,713 Average episode g_nodes_total: 58.133333
2026-09-20 13:50:55,713 Average episode g_ghosts_total: 57.200000
2026-09-20 13:50:55,713 Average episode g_active_mean: 32.722222
2026-09-20 13:50:55,713 Average episode g_old_visible_mean: 29.322222
2026-09-20 13:50:55,713 Average episode g_comp_mean: 32.722222
2026-09-20 13:50:55,713 Average episode g_ghosts_visible_mean: 4.620000
2026-09-20 13:50:55,713 Average episode g_reloc_mean: 0.664048
2026-09-20 13:50:55,713 Average episode g_old_visible_max: 37.933333
2026-09-20 13:50:55,713 Average episode g_start_reloc: 0.666667
2026-09-20 13:50:55,713 Average episode g_start_comp: 22.000000
2026-09-20 13:50:55,713 Average episode g_stop_no_vp_left: 0.000000
100%|██████████| 15/15 [00:46<00:00,  3.12s/it]
[guard] finished rc=0 in 91s | peak footprint vs baseline: RAM +6116MiB, VRAM +2678MiB
