[guard] avail RAM 14G | GPU used 845MiB, compute procs 0 | load 1
[guard] hard caps on: RAM<=9G (no swap), CPU<=300%
2026-09-20 13:20:12,825 checkpoint_path: data/logs/checkpoints/release_r2r/ckpt.iter12000.pth
2026-09-20 13:20:12,825 Initializing dataset VLN-CE-v1
2026-09-20 13:20:12,848 SPLTI: tour_zsNo4H_n15_s0_o0, NUMBER OF SCENES: 1
2026-09-20 13:20:28,220 Initializing dataset VLN-CE-v1
2026-09-20 13:20:28,241 initializing sim Sim-v1
WARNING: Logging before InitGoogleLogging() is written to STDERR
I0920 13:20:28.245697 468349 ManagedContainerBase.cpp:19] ManagedContainerBase::convertFilenameToJSON : Filename : default changed to proposed JSON configuration filename : default.scene_dataset_config.json
I0920 13:20:28.245723 468349 AttributesManagerBase.h:283] AttributesManager<T>::createFromJsonOrDefaultInternal  (Dataset) : Proposing JSON name : default.scene_dataset_config.json from original name : default | This file  does not exist.
I0920 13:20:28.245767 468349 AssetAttributesManager.cpp:117] Asset attributes (capsule3DSolid : capsule3DSolid_hemiRings_4_cylRings_1_segments_12_halfLen_0.75_useTexCoords_false_useTangents_false) created and registered.
I0920 13:20:28.245784 468349 AssetAttributesManager.cpp:117] Asset attributes (capsule3DWireframe : capsule3DWireframe_hemiRings_8_cylRings_1_segments_16_halfLen_1) created and registered.
I0920 13:20:28.245801 468349 AssetAttributesManager.cpp:117] Asset attributes (coneSolid : coneSolid_segments_12_halfLen_1.25_rings_1_useTexCoords_false_useTangents_false_capEnd_true) created and registered.
I0920 13:20:28.245811 468349 AssetAttributesManager.cpp:117] Asset attributes (coneWireframe : coneWireframe_segments_32_halfLen_1.25) created and registered.
I0920 13:20:28.245816 468349 AssetAttributesManager.cpp:117] Asset attributes (cubeSolid : cubeSolid) created and registered.
I0920 13:20:28.245821 468349 AssetAttributesManager.cpp:117] Asset attributes (cubeWireframe : cubeWireframe) created and registered.
I0920 13:20:28.245836 468349 AssetAttributesManager.cpp:117] Asset attributes (cylinderSolid : cylinderSolid_rings_1_segments_12_halfLen_1_useTexCoords_false_useTangents_false_capEnds_true) created and registered.
I0920 13:20:28.245847 468349 AssetAttributesManager.cpp:117] Asset attributes (cylinderWireframe : cylinderWireframe_rings_1_segments_32_halfLen_1) created and registered.
I0920 13:20:28.245853 468349 AssetAttributesManager.cpp:117] Asset attributes (icosphereSolid : icosphereSolid_subdivs_1) created and registered.
I0920 13:20:28.245859 468349 AssetAttributesManager.cpp:117] Asset attributes (icosphereWireframe : icosphereWireframe_subdivs_1) created and registered.
I0920 13:20:28.245868 468349 AssetAttributesManager.cpp:117] Asset attributes (uvSphereSolid : uvSphereSolid_rings_8_segments_16_useTexCoords_false_useTangents_false) created and registered.
I0920 13:20:28.245875 468349 AssetAttributesManager.cpp:117] Asset attributes (uvSphereWireframe : uvSphereWireframe_rings_16_segments_32) created and registered.
I0920 13:20:28.245878 468349 AssetAttributesManager.cpp:105] AssetAttributesManager::buildCtorFuncPtrMaps : Built default primitive asset templates : 12
I0920 13:20:28.246174 468349 SceneDatasetAttributesManager.cpp:23] File (default) not found, so new default dataset attributes created and registered.
I0920 13:20:28.246177 468349 MetadataMediator.cpp:47] MetadataMediator::createDataset : Dataset default successfully created.
I0920 13:20:28.248208 468349 AttributesManagerBase.h:283] AttributesManager<T>::createFromJsonOrDefaultInternal  (Physics Manager) : Proposing JSON name : ./data/default.physics_config.json from original name : ./data/default.physics_config.json | This file  does not exist.
I0920 13:20:28.248219 468349 PhysicsAttributesManager.cpp:27] File (./data/default.physics_config.json) not found, so new default physics manager attributes created and registered.
I0920 13:20:28.248220 468349 AbstractObjectAttributesManagerBase.h:175] AbstractObjectAttributesManager<T>::createObject  (Stage) : Making attributes with handle : data/scene_datasets/mp3d/zsNo4HB9uLZ/zsNo4HB9uLZ.glb
I0920 13:20:28.248231 468349 ManagedContainerBase.cpp:19] ManagedContainerBase::convertFilenameToJSON : Filename : data/scene_datasets/mp3d/zsNo4HB9uLZ/zsNo4HB9uLZ.glb changed to proposed JSON configuration filename : data/scene_datasets/mp3d/zsNo4HB9uLZ/zsNo4HB9uLZ.stage_config.json
I0920 13:20:28.248234 468349 AttributesManagerBase.h:283] AttributesManager<T>::createFromJsonOrDefaultInternal  (Stage) : Proposing JSON name : data/scene_datasets/mp3d/zsNo4HB9uLZ/zsNo4HB9uLZ.stage_config.json from original name : data/scene_datasets/mp3d/zsNo4HB9uLZ/zsNo4HB9uLZ.glb | This file  does not exist.
I0920 13:20:28.248263 468349 AbstractObjectAttributesManagerBase.h:181] AbstractObjectAttributesManager<T>::createObject  (Stage) : Done making attributes with handle : data/scene_datasets/mp3d/zsNo4HB9uLZ/zsNo4HB9uLZ.glb
I0920 13:20:28.248265 468349 AbstractObjectAttributesManagerBase.h:188] File (data/scene_datasets/mp3d/zsNo4HB9uLZ/zsNo4HB9uLZ.glb) exists but is not a recognized config filename extension, so new default Stage attributes created and registered.
I0920 13:20:28.248268 468349 Simulator.cpp:156] Loading navmesh from data/scene_datasets/mp3d/zsNo4HB9uLZ/zsNo4HB9uLZ.navmesh
I0920 13:20:28.249240 468349 Simulator.cpp:158] Loaded.
I0920 13:20:28.249257 468349 SceneGraph.h:93] Created DrawableGroup: 
Renderer: NVIDIA T1000 8GB/PCIe/SSE2 by NVIDIA Corporation
OpenGL version: 4.6.0 NVIDIA 595.84
Using optional features:
    GL_ARB_ES2_compatibility
    GL_ARB_direct_state_access
    GL_ARB_get_texture_sub_image
    GL_ARB_invalidate_subdata
    GL_ARB_multi_bind
    GL_ARB_robustness
    GL_ARB_separate_shader_objects
    GL_ARB_texture_filter_anisotropic
    GL_ARB_texture_storage
    GL_ARB_texture_storage_multisample
    GL_ARB_vertex_array_object
    GL_KHR_debug
Using driver workarounds:
    no-forward-compatible-core-context
    nv-egl-incorrect-gl11-function-pointers
    no-layout-qualifiers-on-old-glsl
    nv-zero-context-profile-mask
    nv-implementation-color-read-format-dsa-broken
    nv-cubemap-inconsistent-compressed-image-size
    nv-cubemap-broken-full-compressed-image-query
    nv-compressed-block-size-in-bits
I0920 13:20:28.347151 468349 ResourceManager.cpp:234] ResourceManager::loadStage : Not loading semantic mesh
I0920 13:20:28.347162 468349 ResourceManager.cpp:262] ResourceManager::loadStage : start load render asset data/scene_datasets/mp3d/zsNo4HB9uLZ/zsNo4HB9uLZ.glb.
I0920 13:20:28.347162 468349 ResourceManager.cpp:569] ResourceManager::loadStageInternal : Attempting to load stage data/scene_datasets/mp3d/zsNo4HB9uLZ/zsNo4HB9uLZ.glb 
I0920 13:20:28.347172 468349 ResourceManager.cpp:1119] Importing Basis files as BC7 for zsNo4HB9uLZ.glb
W0920 13:20:29.221117 468349 Simulator.cpp:248] :
---
 The active scene does not contain semantic annotations. 
---
I0920 13:20:29.260523 468349 simulator.py:213] Loaded navmesh data/scene_datasets/mp3d/zsNo4HB9uLZ/zsNo4HB9uLZ.navmesh
2026-09-20 13:20:29,264 Initializing task VLN-v0
You are using a model of type bert to instantiate a model of type . This is not supported for all configurations of models and can yield errors.
Some weights of the model checkpoint at None were not used when initializing GlocalTextPathNavCMT: ['bert.global_encoder.encoder.x_layers.1.lang_self_att.self.query.bias', 'bert.global_encoder.encoder.x_layers.1.lang_self_att.self.query.weight', 'bert.global_encoder.encoder.x_layers.0.lang_self_att.output.LayerNorm.weight', 'bert.global_encoder.encoder.x_layers.2.lang_self_att.output.LayerNorm.weight', 'bert.global_encoder.encoder.x_layers.1.lang_output.LayerNorm.weight', 'bert.global_encoder.encoder.x_layers.0.lang_output.LayerNorm.bias', 'bert.global_encoder.encoder.x_layers.1.lang_self_att.output.LayerNorm.weight', 'mlm_head.predictions.bias', 'bert.global_encoder.encoder.x_layers.0.lang_self_att.self.value.weight', 'bert.global_encoder.encoder.x_layers.3.lang_output.dense.bias', 'bert.global_encoder.encoder.x_layers.2.lang_self_att.self.key.weight', 'bert.global_encoder.encoder.x_layers.3.lang_self_att.self.query.weight', 'bert.global_encoder.encoder.x_layers.3.lang_self_att.output.LayerNorm.bias', 'bert.global_encoder.encoder.x_layers.0.lang_self_att.self.key.weight', 'bert.global_encoder.encoder.x_layers.1.lang_self_att.output.LayerNorm.bias', 'bert.global_encoder.encoder.x_layers.2.lang_output.dense.bias', 'bert.global_encoder.encoder.x_layers.0.lang_self_att.self.value.bias', 'bert.global_encoder.encoder.x_layers.3.lang_self_att.output.dense.bias', 'bert.global_encoder.encoder.x_layers.3.lang_self_att.output.dense.weight', 'bert.global_encoder.encoder.x_layers.1.lang_self_att.self.key.bias', 'bert.global_encoder.encoder.x_layers.2.lang_self_att.self.value.bias', 'bert.global_encoder.encoder.x_layers.1.lang_self_att.self.value.weight', 'bert.global_encoder.encoder.x_layers.2.lang_self_att.output.LayerNorm.bias', 'bert.global_encoder.encoder.x_layers.3.lang_inter.dense.weight', 'bert.global_encoder.encoder.x_layers.3.lang_output.LayerNorm.bias', 'bert.global_encoder.encoder.x_layers.0.lang_self_att.output.dense.bias', 'bert.global_encoder.encoder.x_layers.0.lang_self_att.output.dense.weight', 'bert.global_encoder.encoder.x_layers.2.lang_inter.dense.bias', 'bert.global_encoder.encoder.x_layers.1.lang_output.dense.bias', 'bert.global_encoder.encoder.x_layers.2.lang_output.dense.weight', 'bert.global_encoder.encoder.x_layers.0.lang_self_att.output.LayerNorm.bias', 'bert.global_encoder.encoder.x_layers.1.lang_inter.dense.weight', 'mlm_head.predictions.transform.LayerNorm.bias', 'bert.global_encoder.encoder.x_layers.0.lang_output.dense.bias', 'bert.global_encoder.encoder.x_layers.1.lang_output.LayerNorm.bias', 'bert.global_encoder.encoder.x_layers.0.lang_output.dense.weight', 'bert.global_encoder.encoder.x_layers.3.lang_output.LayerNorm.weight', 'bert.global_encoder.encoder.x_layers.2.lang_self_att.self.query.weight', 'bert.global_encoder.encoder.x_layers.0.lang_self_att.self.query.bias', 'bert.global_encoder.encoder.x_layers.0.lang_inter.dense.weight', 'mlm_head.predictions.transform.dense.weight', 'bert.global_encoder.encoder.x_layers.0.lang_self_att.self.query.weight', 'bert.global_encoder.encoder.x_layers.2.lang_output.LayerNorm.bias', 'mlm_head.predictions.decoder.weight', 'bert.global_encoder.encoder.x_layers.3.lang_self_att.output.LayerNorm.weight', 'bert.global_encoder.encoder.x_layers.1.lang_self_att.self.key.weight', 'bert.global_encoder.encoder.x_layers.3.lang_output.dense.weight', 'bert.global_encoder.encoder.x_layers.3.lang_inter.dense.bias', 'bert.global_encoder.encoder.x_layers.1.lang_self_att.output.dense.bias', 'bert.global_encoder.encoder.x_layers.1.lang_inter.dense.bias', 'bert.global_encoder.encoder.x_layers.2.lang_self_att.self.key.bias', 'bert.global_encoder.encoder.x_layers.3.lang_self_att.self.value.bias', 'bert.global_encoder.encoder.x_layers.2.lang_self_att.output.dense.weight', 'bert.global_encoder.encoder.x_layers.0.lang_output.LayerNorm.weight', 'mlm_head.predictions.transform.dense.bias', 'bert.global_encoder.encoder.x_layers.3.lang_self_att.self.value.weight', 'bert.global_encoder.encoder.x_layers.1.lang_self_att.output.dense.weight', 'bert.global_encoder.encoder.x_layers.0.lang_self_att.self.key.bias', 'mlm_head.predictions.transform.LayerNorm.weight', 'bert.global_encoder.encoder.x_layers.3.lang_self_att.self.key.weight', 'bert.global_encoder.encoder.x_layers.3.lang_self_att.self.query.bias', 'bert.global_encoder.encoder.x_layers.2.lang_self_att.output.dense.bias', 'bert.global_encoder.encoder.x_layers.2.lang_self_att.self.value.weight', 'bert.global_encoder.encoder.x_layers.2.lang_output.LayerNorm.weight', 'bert.global_encoder.encoder.x_layers.1.lang_output.dense.weight', 'bert.global_encoder.encoder.x_layers.3.lang_self_att.self.key.bias', 'bert.global_encoder.encoder.x_layers.2.lang_inter.dense.weight', 'bert.global_encoder.encoder.x_layers.2.lang_self_att.self.query.bias', 'bert.global_encoder.encoder.x_layers.0.lang_inter.dense.bias', 'bert.global_encoder.encoder.x_layers.1.lang_self_att.self.value.bias']
- This IS expected if you are initializing GlocalTextPathNavCMT from the checkpoint of a model trained on another task or with another architecture (e.g. initializing a BertForSequenceClassification model from a BertForPreTraining model).
- This IS NOT expected if you are initializing GlocalTextPathNavCMT from the checkpoint of a model that you expect to be exactly identical (initializing a BertForSequenceClassification model from a BertForSequenceClassification model).
2026-09-20 13:20:39,341 Loaded weights from checkpoint: data/logs/checkpoints/release_r2r/ckpt.iter12000.pth, iteration: 12000
2026-09-20 13:20:39,343 Agent parameters: 299.14 MB. Trainable: 140.79 MB.
2026-09-20 13:20:39,343 Finished setting up policy.
local rank: 0 | dataset length: 15

Initalizing the ETP model ...
  0%|          | 0/15 [00:00<?, ?it/s]  7%|▋         | 1/15 [00:04<00:59,  4.25s/it] 13%|█▎        | 2/15 [00:09<01:02,  4.80s/it] 20%|██        | 3/15 [00:12<00:48,  4.06s/it] 27%|██▋       | 4/15 [00:14<00:36,  3.30s/it] 33%|███▎      | 5/15 [00:15<00:25,  2.52s/it] 40%|████      | 6/15 [00:18<00:23,  2.56s/it] 47%|████▋     | 7/15 [00:19<00:15,  1.91s/it] 53%|█████▎    | 8/15 [00:26<00:26,  3.79s/it] 60%|██████    | 9/15 [00:28<00:18,  3.11s/it] 67%|██████▋   | 10/15 [00:29<00:12,  2.51s/it] 73%|███████▎  | 11/15 [00:31<00:09,  2.41s/it] 80%|████████  | 12/15 [00:33<00:06,  2.04s/it] 87%|████████▋ | 13/15 [00:34<00:03,  1.78s/it] 93%|█████████▎| 14/15 [00:34<00:01,  1.42s/it]100%|██████████| 15/15 [00:36<00:00,  1.51s/it]I0920 13:21:15.933676 468349 PhysicsManager.cpp:33] Deconstructing PhysicsManager
I0920 13:21:15.933701 468349 SemanticScene.h:41] Deconstructing SemanticScene
I0920 13:21:15.935004 468349 SceneManager.h:25] Deconstructing SceneManager
I0920 13:21:15.935020 468349 SceneGraph.h:26] Deconstructing SceneGraph
I0920 13:21:15.935293 468349 Sensor.h:87] Deconstructing Sensor
I0920 13:21:15.935449 468349 Sensor.h:87] Deconstructing Sensor
I0920 13:21:15.935546 468349 Sensor.h:87] Deconstructing Sensor
I0920 13:21:15.935624 468349 Sensor.h:87] Deconstructing Sensor
I0920 13:21:15.935703 468349 Sensor.h:87] Deconstructing Sensor
I0920 13:21:15.935787 468349 Sensor.h:87] Deconstructing Sensor
I0920 13:21:15.935865 468349 Sensor.h:87] Deconstructing Sensor
I0920 13:21:15.935945 468349 Sensor.h:87] Deconstructing Sensor
I0920 13:21:15.936024 468349 Sensor.h:87] Deconstructing Sensor
I0920 13:21:15.936111 468349 Sensor.h:87] Deconstructing Sensor
I0920 13:21:15.936192 468349 Sensor.h:87] Deconstructing Sensor
I0920 13:21:15.936268 468349 Sensor.h:87] Deconstructing Sensor
I0920 13:21:15.936362 468349 Sensor.h:87] Deconstructing Sensor
I0920 13:21:15.936461 468349 Sensor.h:87] Deconstructing Sensor
I0920 13:21:15.936555 468349 Sensor.h:87] Deconstructing Sensor
I0920 13:21:15.936650 468349 Sensor.h:87] Deconstructing Sensor
I0920 13:21:15.936745 468349 Sensor.h:87] Deconstructing Sensor
I0920 13:21:15.936844 468349 Sensor.h:87] Deconstructing Sensor
I0920 13:21:15.936942 468349 Sensor.h:87] Deconstructing Sensor
I0920 13:21:15.937036 468349 Sensor.h:87] Deconstructing Sensor
I0920 13:21:15.937139 468349 Sensor.h:87] Deconstructing Sensor
I0920 13:21:15.937237 468349 Sensor.h:87] Deconstructing Sensor
I0920 13:21:15.937335 468349 Sensor.h:87] Deconstructing Sensor
I0920 13:21:15.937402 468349 Sensor.h:87] Deconstructing Sensor
I0920 13:21:15.938825 468349 Renderer.cpp:34] Deconstructing Renderer
I0920 13:21:15.938834 468349 WindowlessContext.h:17] Deconstructing WindowlessContext
I0920 13:21:15.940892 468349 Simulator.cpp:49] Deconstructing Simulator
2026-09-20 13:21:15,942 Episodes evaluated: 15
2026-09-20 13:21:15,942 Average episode steps_taken: 67.800000
2026-09-20 13:21:15,942 Average episode distance_to_goal: 8.837570
2026-09-20 13:21:15,942 Average episode success: 0.200000
2026-09-20 13:21:15,942 Average episode oracle_success: 0.266667
2026-09-20 13:21:15,942 Average episode path_length: 8.703125
2026-09-20 13:21:15,942 Average episode collisions: 0.618028
2026-09-20 13:21:15,942 Average episode spl: 0.195169
2026-09-20 13:21:15,942 Average episode ndtw: 0.422251
2026-09-20 13:21:15,942 Average episode sdtw: 0.180524
2026-09-20 13:21:15,942 Average episode ghost_cnt: 85.200000
2026-09-20 13:21:15,942 Average episode tour_idx: 7.000000
2026-09-20 13:21:15,942 Average episode g_nodes_total: 43.933333
2026-09-20 13:21:15,942 Average episode g_ghosts_total: 49.266667
2026-09-20 13:21:15,942 Average episode g_active_mean: 25.222222
2026-09-20 13:21:15,942 Average episode g_old_visible_mean: 22.455556
2026-09-20 13:21:15,943 Average episode g_comp_mean: 25.222222
2026-09-20 13:21:15,943 Average episode g_ghosts_visible_mean: 33.062222
2026-09-20 13:21:15,943 Average episode g_reloc_mean: 0.505556
2026-09-20 13:21:15,943 Average episode g_old_visible_max: 28.933333
2026-09-20 13:21:15,943 Average episode g_start_reloc: 0.466667
2026-09-20 13:21:15,943 Average episode g_start_comp: 18.400000
2026-09-20 13:21:15,943 Average episode g_stop_no_vp_left: 0.000000
100%|██████████| 15/15 [00:36<00:00,  2.44s/it]
[guard] finished rc=0 in 79s | peak footprint vs baseline: RAM +5498MiB, VRAM +2675MiB
