[guard] avail RAM 13G | GPU used 847MiB, compute procs 0 | load 3
[guard] hard caps on: RAM<=9G (no swap), CPU<=300%
2026-09-20 13:59:47,836 checkpoint_path: data/logs/checkpoints/release_r2r/ckpt.iter12000.pth
2026-09-20 13:59:47,837 Initializing dataset VLN-CE-v1
2026-09-20 13:59:47,863 SPLTI: tour_zsNo4H_n15_s1_o0, NUMBER OF SCENES: 1
2026-09-20 14:00:03,229 Initializing dataset VLN-CE-v1
2026-09-20 14:00:03,251 initializing sim Sim-v1
WARNING: Logging before InitGoogleLogging() is written to STDERR
I0920 14:00:03.256572 482625 ManagedContainerBase.cpp:19] ManagedContainerBase::convertFilenameToJSON : Filename : default changed to proposed JSON configuration filename : default.scene_dataset_config.json
I0920 14:00:03.256599 482625 AttributesManagerBase.h:283] AttributesManager<T>::createFromJsonOrDefaultInternal  (Dataset) : Proposing JSON name : default.scene_dataset_config.json from original name : default | This file  does not exist.
I0920 14:00:03.256644 482625 AssetAttributesManager.cpp:117] Asset attributes (capsule3DSolid : capsule3DSolid_hemiRings_4_cylRings_1_segments_12_halfLen_0.75_useTexCoords_false_useTangents_false) created and registered.
I0920 14:00:03.256660 482625 AssetAttributesManager.cpp:117] Asset attributes (capsule3DWireframe : capsule3DWireframe_hemiRings_8_cylRings_1_segments_16_halfLen_1) created and registered.
I0920 14:00:03.256676 482625 AssetAttributesManager.cpp:117] Asset attributes (coneSolid : coneSolid_segments_12_halfLen_1.25_rings_1_useTexCoords_false_useTangents_false_capEnd_true) created and registered.
I0920 14:00:03.256686 482625 AssetAttributesManager.cpp:117] Asset attributes (coneWireframe : coneWireframe_segments_32_halfLen_1.25) created and registered.
I0920 14:00:03.256692 482625 AssetAttributesManager.cpp:117] Asset attributes (cubeSolid : cubeSolid) created and registered.
I0920 14:00:03.256696 482625 AssetAttributesManager.cpp:117] Asset attributes (cubeWireframe : cubeWireframe) created and registered.
I0920 14:00:03.256711 482625 AssetAttributesManager.cpp:117] Asset attributes (cylinderSolid : cylinderSolid_rings_1_segments_12_halfLen_1_useTexCoords_false_useTangents_false_capEnds_true) created and registered.
I0920 14:00:03.256721 482625 AssetAttributesManager.cpp:117] Asset attributes (cylinderWireframe : cylinderWireframe_rings_1_segments_32_halfLen_1) created and registered.
I0920 14:00:03.256727 482625 AssetAttributesManager.cpp:117] Asset attributes (icosphereSolid : icosphereSolid_subdivs_1) created and registered.
I0920 14:00:03.256733 482625 AssetAttributesManager.cpp:117] Asset attributes (icosphereWireframe : icosphereWireframe_subdivs_1) created and registered.
I0920 14:00:03.256742 482625 AssetAttributesManager.cpp:117] Asset attributes (uvSphereSolid : uvSphereSolid_rings_8_segments_16_useTexCoords_false_useTangents_false) created and registered.
I0920 14:00:03.256750 482625 AssetAttributesManager.cpp:117] Asset attributes (uvSphereWireframe : uvSphereWireframe_rings_16_segments_32) created and registered.
I0920 14:00:03.256753 482625 AssetAttributesManager.cpp:105] AssetAttributesManager::buildCtorFuncPtrMaps : Built default primitive asset templates : 12
I0920 14:00:03.257040 482625 SceneDatasetAttributesManager.cpp:23] File (default) not found, so new default dataset attributes created and registered.
I0920 14:00:03.257041 482625 MetadataMediator.cpp:47] MetadataMediator::createDataset : Dataset default successfully created.
I0920 14:00:03.259199 482625 AttributesManagerBase.h:283] AttributesManager<T>::createFromJsonOrDefaultInternal  (Physics Manager) : Proposing JSON name : ./data/default.physics_config.json from original name : ./data/default.physics_config.json | This file  does not exist.
I0920 14:00:03.259210 482625 PhysicsAttributesManager.cpp:27] File (./data/default.physics_config.json) not found, so new default physics manager attributes created and registered.
I0920 14:00:03.259213 482625 AbstractObjectAttributesManagerBase.h:175] AbstractObjectAttributesManager<T>::createObject  (Stage) : Making attributes with handle : data/scene_datasets/mp3d/zsNo4HB9uLZ/zsNo4HB9uLZ.glb
I0920 14:00:03.259223 482625 ManagedContainerBase.cpp:19] ManagedContainerBase::convertFilenameToJSON : Filename : data/scene_datasets/mp3d/zsNo4HB9uLZ/zsNo4HB9uLZ.glb changed to proposed JSON configuration filename : data/scene_datasets/mp3d/zsNo4HB9uLZ/zsNo4HB9uLZ.stage_config.json
I0920 14:00:03.259227 482625 AttributesManagerBase.h:283] AttributesManager<T>::createFromJsonOrDefaultInternal  (Stage) : Proposing JSON name : data/scene_datasets/mp3d/zsNo4HB9uLZ/zsNo4HB9uLZ.stage_config.json from original name : data/scene_datasets/mp3d/zsNo4HB9uLZ/zsNo4HB9uLZ.glb | This file  does not exist.
I0920 14:00:03.259258 482625 AbstractObjectAttributesManagerBase.h:181] AbstractObjectAttributesManager<T>::createObject  (Stage) : Done making attributes with handle : data/scene_datasets/mp3d/zsNo4HB9uLZ/zsNo4HB9uLZ.glb
I0920 14:00:03.259258 482625 AbstractObjectAttributesManagerBase.h:188] File (data/scene_datasets/mp3d/zsNo4HB9uLZ/zsNo4HB9uLZ.glb) exists but is not a recognized config filename extension, so new default Stage attributes created and registered.
I0920 14:00:03.259262 482625 Simulator.cpp:156] Loading navmesh from data/scene_datasets/mp3d/zsNo4HB9uLZ/zsNo4HB9uLZ.navmesh
I0920 14:00:03.259318 482625 Simulator.cpp:158] Loaded.
I0920 14:00:03.259328 482625 SceneGraph.h:93] Created DrawableGroup: 
Renderer: NVIDIA T1000 8GB/PCIe/SSE2 by NVIDIA Corporation
OpenGL version: 4.6.0 NVIDIA 595.84
Using optional features:
    GL_ARB_ES2_compatibility
    GL_ARB_direct_state_access
    GL_ARB_get_texture_sub_image
    GL_ARB_invalidate_subdata
    GL_ARB_multi_bind
    GL_ARB_robustness
    GL_ARB_separate_shader_objects
    GL_ARB_texture_filter_anisotropic
    GL_ARB_texture_storage
    GL_ARB_texture_storage_multisample
    GL_ARB_vertex_array_object
    GL_KHR_debug
Using driver workarounds:
    no-forward-compatible-core-context
    nv-egl-incorrect-gl11-function-pointers
    no-layout-qualifiers-on-old-glsl
    nv-zero-context-profile-mask
    nv-implementation-color-read-format-dsa-broken
    nv-cubemap-inconsistent-compressed-image-size
    nv-cubemap-broken-full-compressed-image-query
    nv-compressed-block-size-in-bits
I0920 14:00:03.426630 482625 ResourceManager.cpp:234] ResourceManager::loadStage : Not loading semantic mesh
I0920 14:00:03.426638 482625 ResourceManager.cpp:262] ResourceManager::loadStage : start load render asset data/scene_datasets/mp3d/zsNo4HB9uLZ/zsNo4HB9uLZ.glb.
I0920 14:00:03.426640 482625 ResourceManager.cpp:569] ResourceManager::loadStageInternal : Attempting to load stage data/scene_datasets/mp3d/zsNo4HB9uLZ/zsNo4HB9uLZ.glb 
I0920 14:00:03.426649 482625 ResourceManager.cpp:1119] Importing Basis files as BC7 for zsNo4HB9uLZ.glb
W0920 14:00:04.369027 482625 Simulator.cpp:248] :
---
 The active scene does not contain semantic annotations. 
---
I0920 14:00:04.412430 482625 simulator.py:213] Loaded navmesh data/scene_datasets/mp3d/zsNo4HB9uLZ/zsNo4HB9uLZ.navmesh
2026-09-20 14:00:04,416 Initializing task VLN-v0
You are using a model of type bert to instantiate a model of type . This is not supported for all configurations of models and can yield errors.
Some weights of the model checkpoint at None were not used when initializing GlocalTextPathNavCMT: ['bert.global_encoder.encoder.x_layers.2.lang_output.dense.bias', 'bert.global_encoder.encoder.x_layers.2.lang_self_att.self.key.weight', 'bert.global_encoder.encoder.x_layers.0.lang_self_att.self.query.bias', 'bert.global_encoder.encoder.x_layers.3.lang_output.LayerNorm.bias', 'bert.global_encoder.encoder.x_layers.2.lang_self_att.self.key.bias', 'bert.global_encoder.encoder.x_layers.2.lang_inter.dense.weight', 'bert.global_encoder.encoder.x_layers.1.lang_self_att.self.value.bias', 'mlm_head.predictions.bias', 'bert.global_encoder.encoder.x_layers.1.lang_self_att.self.value.weight', 'bert.global_encoder.encoder.x_layers.0.lang_self_att.self.key.bias', 'bert.global_encoder.encoder.x_layers.3.lang_output.dense.bias', 'bert.global_encoder.encoder.x_layers.0.lang_self_att.self.key.weight', 'bert.global_encoder.encoder.x_layers.1.lang_self_att.self.query.bias', 'bert.global_encoder.encoder.x_layers.1.lang_self_att.self.key.weight', 'mlm_head.predictions.transform.dense.bias', 'bert.global_encoder.encoder.x_layers.2.lang_output.LayerNorm.weight', 'bert.global_encoder.encoder.x_layers.0.lang_inter.dense.weight', 'bert.global_encoder.encoder.x_layers.1.lang_output.dense.bias', 'bert.global_encoder.encoder.x_layers.1.lang_inter.dense.weight', 'bert.global_encoder.encoder.x_layers.3.lang_output.LayerNorm.weight', 'bert.global_encoder.encoder.x_layers.2.lang_self_att.self.query.weight', 'bert.global_encoder.encoder.x_layers.3.lang_self_att.self.query.weight', 'bert.global_encoder.encoder.x_layers.2.lang_self_att.output.dense.bias', 'bert.global_encoder.encoder.x_layers.3.lang_self_att.output.LayerNorm.bias', 'bert.global_encoder.encoder.x_layers.0.lang_self_att.output.LayerNorm.bias', 'bert.global_encoder.encoder.x_layers.2.lang_output.LayerNorm.bias', 'bert.global_encoder.encoder.x_layers.2.lang_output.dense.weight', 'bert.global_encoder.encoder.x_layers.3.lang_inter.dense.bias', 'bert.global_encoder.encoder.x_layers.0.lang_self_att.output.LayerNorm.weight', 'mlm_head.predictions.transform.LayerNorm.bias', 'bert.global_encoder.encoder.x_layers.0.lang_output.LayerNorm.bias', 'bert.global_encoder.encoder.x_layers.3.lang_self_att.output.dense.bias', 'bert.global_encoder.encoder.x_layers.1.lang_inter.dense.bias', 'bert.global_encoder.encoder.x_layers.2.lang_self_att.self.value.weight', 'bert.global_encoder.encoder.x_layers.2.lang_self_att.output.dense.weight', 'bert.global_encoder.encoder.x_layers.1.lang_output.LayerNorm.weight', 'bert.global_encoder.encoder.x_layers.3.lang_self_att.self.key.bias', 'bert.global_encoder.encoder.x_layers.2.lang_self_att.self.value.bias', 'bert.global_encoder.encoder.x_layers.1.lang_self_att.output.LayerNorm.bias', 'bert.global_encoder.encoder.x_layers.1.lang_self_att.output.dense.bias', 'bert.global_encoder.encoder.x_layers.0.lang_self_att.self.query.weight', 'bert.global_encoder.encoder.x_layers.1.lang_self_att.output.LayerNorm.weight', 'bert.global_encoder.encoder.x_layers.2.lang_self_att.output.LayerNorm.bias', 'mlm_head.predictions.transform.LayerNorm.weight', 'bert.global_encoder.encoder.x_layers.1.lang_self_att.self.query.weight', 'bert.global_encoder.encoder.x_layers.0.lang_self_att.output.dense.weight', 'bert.global_encoder.encoder.x_layers.3.lang_self_att.output.dense.weight', 'bert.global_encoder.encoder.x_layers.0.lang_self_att.output.dense.bias', 'bert.global_encoder.encoder.x_layers.0.lang_output.dense.weight', 'bert.global_encoder.encoder.x_layers.3.lang_self_att.self.key.weight', 'bert.global_encoder.encoder.x_layers.0.lang_inter.dense.bias', 'bert.global_encoder.encoder.x_layers.1.lang_output.LayerNorm.bias', 'bert.global_encoder.encoder.x_layers.3.lang_output.dense.weight', 'bert.global_encoder.encoder.x_layers.3.lang_self_att.output.LayerNorm.weight', 'mlm_head.predictions.decoder.weight', 'bert.global_encoder.encoder.x_layers.2.lang_self_att.self.query.bias', 'bert.global_encoder.encoder.x_layers.1.lang_self_att.output.dense.weight', 'mlm_head.predictions.transform.dense.weight', 'bert.global_encoder.encoder.x_layers.2.lang_self_att.output.LayerNorm.weight', 'bert.global_encoder.encoder.x_layers.3.lang_self_att.self.query.bias', 'bert.global_encoder.encoder.x_layers.3.lang_inter.dense.weight', 'bert.global_encoder.encoder.x_layers.0.lang_output.dense.bias', 'bert.global_encoder.encoder.x_layers.1.lang_self_att.self.key.bias', 'bert.global_encoder.encoder.x_layers.0.lang_self_att.self.value.weight', 'bert.global_encoder.encoder.x_layers.3.lang_self_att.self.value.bias', 'bert.global_encoder.encoder.x_layers.3.lang_self_att.self.value.weight', 'bert.global_encoder.encoder.x_layers.1.lang_output.dense.weight', 'bert.global_encoder.encoder.x_layers.0.lang_self_att.self.value.bias', 'bert.global_encoder.encoder.x_layers.0.lang_output.LayerNorm.weight', 'bert.global_encoder.encoder.x_layers.2.lang_inter.dense.bias']
- This IS expected if you are initializing GlocalTextPathNavCMT from the checkpoint of a model trained on another task or with another architecture (e.g. initializing a BertForSequenceClassification model from a BertForPreTraining model).
- This IS NOT expected if you are initializing GlocalTextPathNavCMT from the checkpoint of a model that you expect to be exactly identical (initializing a BertForSequenceClassification model from a BertForSequenceClassification model).
2026-09-20 14:00:25,932 Loaded weights from checkpoint: data/logs/checkpoints/release_r2r/ckpt.iter12000.pth, iteration: 12000
2026-09-20 14:00:25,943 Agent parameters: 299.14 MB. Trainable: 140.79 MB.
2026-09-20 14:00:25,943 Finished setting up policy.
local rank: 0 | dataset length: 15

Initalizing the ETP model ...
  0%|          | 0/15 [00:00<?, ?it/s]  7%|▋         | 1/15 [00:05<01:12,  5.20s/it] 13%|█▎        | 2/15 [00:10<01:06,  5.10s/it] 20%|██        | 3/15 [00:11<00:42,  3.55s/it] 27%|██▋       | 4/15 [00:12<00:26,  2.38s/it] 33%|███▎      | 5/15 [00:19<00:39,  4.00s/it] 40%|████      | 6/15 [00:19<00:25,  2.85s/it] 47%|████▋     | 7/15 [00:20<00:16,  2.12s/it] 53%|█████▎    | 8/15 [00:22<00:14,  2.03s/it] 60%|██████    | 9/15 [00:23<00:09,  1.62s/it] 67%|██████▋   | 10/15 [00:24<00:07,  1.40s/it] 73%|███████▎  | 11/15 [00:27<00:07,  1.92s/it] 80%|████████  | 12/15 [00:28<00:05,  1.69s/it] 87%|████████▋ | 13/15 [00:44<00:11,  5.98s/it] 93%|█████████▎| 14/15 [00:53<00:07,  7.04s/it]100%|██████████| 15/15 [00:54<00:00,  5.31s/it]I0920 14:01:20.942247 482625 PhysicsManager.cpp:33] Deconstructing PhysicsManager
I0920 14:01:20.942270 482625 SemanticScene.h:41] Deconstructing SemanticScene
I0920 14:01:20.943842 482625 SceneManager.h:25] Deconstructing SceneManager
I0920 14:01:20.943856 482625 SceneGraph.h:26] Deconstructing SceneGraph
I0920 14:01:20.944172 482625 Sensor.h:87] Deconstructing Sensor
I0920 14:01:20.944360 482625 Sensor.h:87] Deconstructing Sensor
I0920 14:01:20.944480 482625 Sensor.h:87] Deconstructing Sensor
I0920 14:01:20.944597 482625 Sensor.h:87] Deconstructing Sensor
I0920 14:01:20.944715 482625 Sensor.h:87] Deconstructing Sensor
I0920 14:01:20.944830 482625 Sensor.h:87] Deconstructing Sensor
I0920 14:01:20.944939 482625 Sensor.h:87] Deconstructing Sensor
I0920 14:01:20.945045 482625 Sensor.h:87] Deconstructing Sensor
I0920 14:01:20.945259 482625 Sensor.h:87] Deconstructing Sensor
I0920 14:01:20.945372 482625 Sensor.h:87] Deconstructing Sensor
I0920 14:01:20.945482 482625 Sensor.h:87] Deconstructing Sensor
I0920 14:01:20.945587 482625 Sensor.h:87] Deconstructing Sensor
I0920 14:01:20.945701 482625 Sensor.h:87] Deconstructing Sensor
I0920 14:01:20.945842 482625 Sensor.h:87] Deconstructing Sensor
I0920 14:01:20.945973 482625 Sensor.h:87] Deconstructing Sensor
I0920 14:01:20.946192 482625 Sensor.h:87] Deconstructing Sensor
I0920 14:01:20.946341 482625 Sensor.h:87] Deconstructing Sensor
I0920 14:01:20.946483 482625 Sensor.h:87] Deconstructing Sensor
I0920 14:01:20.946624 482625 Sensor.h:87] Deconstructing Sensor
I0920 14:01:20.946758 482625 Sensor.h:87] Deconstructing Sensor
I0920 14:01:20.946893 482625 Sensor.h:87] Deconstructing Sensor
I0920 14:01:20.947028 482625 Sensor.h:87] Deconstructing Sensor
I0920 14:01:20.947167 482625 Sensor.h:87] Deconstructing Sensor
I0920 14:01:20.947253 482625 Sensor.h:87] Deconstructing Sensor
I0920 14:01:20.949702 482625 Renderer.cpp:34] Deconstructing Renderer
I0920 14:01:20.949718 482625 WindowlessContext.h:17] Deconstructing WindowlessContext
I0920 14:01:20.953169 482625 Simulator.cpp:49] Deconstructing Simulator
2026-09-20 14:01:20,954 Episodes evaluated: 15
2026-09-20 14:01:20,954 Average episode steps_taken: 78.866667
2026-09-20 14:01:20,954 Average episode distance_to_goal: 7.467893
2026-09-20 14:01:20,954 Average episode success: 0.200000
2026-09-20 14:01:20,955 Average episode oracle_success: 0.200000
2026-09-20 14:01:20,955 Average episode path_length: 8.844681
2026-09-20 14:01:20,955 Average episode collisions: 0.034336
2026-09-20 14:01:20,955 Average episode spl: 0.138502
2026-09-20 14:01:20,955 Average episode ndtw: 0.385129
2026-09-20 14:01:20,955 Average episode sdtw: 0.146603
2026-09-20 14:01:20,955 Average episode ghost_cnt: 75.666667
2026-09-20 14:01:20,955 Average episode tour_idx: 7.000000
2026-09-20 14:01:20,959 Average episode g_nodes_total: 39.733333
2026-09-20 14:01:20,959 Average episode g_ghosts_total: 43.933333
2026-09-20 14:01:20,959 Average episode g_active_mean: 22.244444
2026-09-20 14:01:20,959 Average episode g_old_visible_mean: 19.177778
2026-09-20 14:01:20,959 Average episode g_comp_mean: 22.244444
2026-09-20 14:01:20,959 Average episode g_ghosts_visible_mean: 4.650370
2026-09-20 14:01:20,959 Average episode g_reloc_mean: 1.128889
2026-09-20 14:01:20,959 Average episode g_old_visible_max: 22.600000
2026-09-20 14:01:20,959 Average episode g_start_reloc: 1.266667
2026-09-20 14:01:20,959 Average episode g_start_comp: 15.466667
2026-09-20 14:01:20,961 Average episode g_stop_no_vp_left: 0.133333
100%|██████████| 15/15 [00:55<00:00,  3.67s/it]
[guard] finished rc=0 in 112s | peak footprint vs baseline: RAM +5803MiB, VRAM +3934MiB
