[guard] avail RAM 16G | GPU used 81MiB, compute procs 0 | load 1
[guard] hard caps on: RAM<=9G (no swap), CPU<=300%
2026-09-29 13:41:31,331 checkpoint_path: data/logs/checkpoints/release_r2r/ckpt.iter12000.pth
2026-09-29 13:41:31,332 Initializing dataset VLN-CE-v1
2026-09-29 13:41:31,352 SPLTI: tour_zsNo4H_n15_s2_o0, NUMBER OF SCENES: 1
2026-09-29 13:41:33,318 Initializing dataset VLN-CE-v1
2026-09-29 13:41:33,339 initializing sim Sim-v1
WARNING: Logging before InitGoogleLogging() is written to STDERR
I0929 13:41:33.343641 10252 ManagedContainerBase.cpp:19] ManagedContainerBase::convertFilenameToJSON : Filename : default changed to proposed JSON configuration filename : default.scene_dataset_config.json
I0929 13:41:33.343663 10252 AttributesManagerBase.h:283] AttributesManager<T>::createFromJsonOrDefaultInternal  (Dataset) : Proposing JSON name : default.scene_dataset_config.json from original name : default | This file  does not exist.
I0929 13:41:33.343705 10252 AssetAttributesManager.cpp:117] Asset attributes (capsule3DSolid : capsule3DSolid_hemiRings_4_cylRings_1_segments_12_halfLen_0.75_useTexCoords_false_useTangents_false) created and registered.
I0929 13:41:33.343722 10252 AssetAttributesManager.cpp:117] Asset attributes (capsule3DWireframe : capsule3DWireframe_hemiRings_8_cylRings_1_segments_16_halfLen_1) created and registered.
I0929 13:41:33.343737 10252 AssetAttributesManager.cpp:117] Asset attributes (coneSolid : coneSolid_segments_12_halfLen_1.25_rings_1_useTexCoords_false_useTangents_false_capEnd_true) created and registered.
I0929 13:41:33.343746 10252 AssetAttributesManager.cpp:117] Asset attributes (coneWireframe : coneWireframe_segments_32_halfLen_1.25) created and registered.
I0929 13:41:33.343751 10252 AssetAttributesManager.cpp:117] Asset attributes (cubeSolid : cubeSolid) created and registered.
I0929 13:41:33.343755 10252 AssetAttributesManager.cpp:117] Asset attributes (cubeWireframe : cubeWireframe) created and registered.
I0929 13:41:33.343775 10252 AssetAttributesManager.cpp:117] Asset attributes (cylinderSolid : cylinderSolid_rings_1_segments_12_halfLen_1_useTexCoords_false_useTangents_false_capEnds_true) created and registered.
I0929 13:41:33.343786 10252 AssetAttributesManager.cpp:117] Asset attributes (cylinderWireframe : cylinderWireframe_rings_1_segments_32_halfLen_1) created and registered.
I0929 13:41:33.343791 10252 AssetAttributesManager.cpp:117] Asset attributes (icosphereSolid : icosphereSolid_subdivs_1) created and registered.
I0929 13:41:33.343797 10252 AssetAttributesManager.cpp:117] Asset attributes (icosphereWireframe : icosphereWireframe_subdivs_1) created and registered.
I0929 13:41:33.343806 10252 AssetAttributesManager.cpp:117] Asset attributes (uvSphereSolid : uvSphereSolid_rings_8_segments_16_useTexCoords_false_useTangents_false) created and registered.
I0929 13:41:33.343812 10252 AssetAttributesManager.cpp:117] Asset attributes (uvSphereWireframe : uvSphereWireframe_rings_16_segments_32) created and registered.
I0929 13:41:33.343815 10252 AssetAttributesManager.cpp:105] AssetAttributesManager::buildCtorFuncPtrMaps : Built default primitive asset templates : 12
I0929 13:41:33.344076 10252 SceneDatasetAttributesManager.cpp:23] File (default) not found, so new default dataset attributes created and registered.
I0929 13:41:33.344079 10252 MetadataMediator.cpp:47] MetadataMediator::createDataset : Dataset default successfully created.
I0929 13:41:33.346061 10252 AttributesManagerBase.h:283] AttributesManager<T>::createFromJsonOrDefaultInternal  (Physics Manager) : Proposing JSON name : ./data/default.physics_config.json from original name : ./data/default.physics_config.json | This file  does not exist.
I0929 13:41:33.346071 10252 PhysicsAttributesManager.cpp:27] File (./data/default.physics_config.json) not found, so new default physics manager attributes created and registered.
I0929 13:41:33.346072 10252 AbstractObjectAttributesManagerBase.h:175] AbstractObjectAttributesManager<T>::createObject  (Stage) : Making attributes with handle : data/scene_datasets/mp3d/zsNo4HB9uLZ/zsNo4HB9uLZ.glb
I0929 13:41:33.346081 10252 ManagedContainerBase.cpp:19] ManagedContainerBase::convertFilenameToJSON : Filename : data/scene_datasets/mp3d/zsNo4HB9uLZ/zsNo4HB9uLZ.glb changed to proposed JSON configuration filename : data/scene_datasets/mp3d/zsNo4HB9uLZ/zsNo4HB9uLZ.stage_config.json
I0929 13:41:33.346086 10252 AttributesManagerBase.h:283] AttributesManager<T>::createFromJsonOrDefaultInternal  (Stage) : Proposing JSON name : data/scene_datasets/mp3d/zsNo4HB9uLZ/zsNo4HB9uLZ.stage_config.json from original name : data/scene_datasets/mp3d/zsNo4HB9uLZ/zsNo4HB9uLZ.glb | This file  does not exist.
I0929 13:41:33.346115 10252 AbstractObjectAttributesManagerBase.h:181] AbstractObjectAttributesManager<T>::createObject  (Stage) : Done making attributes with handle : data/scene_datasets/mp3d/zsNo4HB9uLZ/zsNo4HB9uLZ.glb
I0929 13:41:33.346117 10252 AbstractObjectAttributesManagerBase.h:188] File (data/scene_datasets/mp3d/zsNo4HB9uLZ/zsNo4HB9uLZ.glb) exists but is not a recognized config filename extension, so new default Stage attributes created and registered.
I0929 13:41:33.346120 10252 Simulator.cpp:156] Loading navmesh from data/scene_datasets/mp3d/zsNo4HB9uLZ/zsNo4HB9uLZ.navmesh
I0929 13:41:33.346174 10252 Simulator.cpp:158] Loaded.
I0929 13:41:33.346180 10252 SceneGraph.h:93] Created DrawableGroup: 
Renderer: NVIDIA T1000 8GB/PCIe/SSE2 by NVIDIA Corporation
OpenGL version: 4.6.0 NVIDIA 590.48.01
Using optional features:
    GL_ARB_ES2_compatibility
    GL_ARB_direct_state_access
    GL_ARB_get_texture_sub_image
    GL_ARB_invalidate_subdata
    GL_ARB_multi_bind
    GL_ARB_robustness
    GL_ARB_separate_shader_objects
    GL_ARB_texture_filter_anisotropic
    GL_ARB_texture_storage
    GL_ARB_texture_storage_multisample
    GL_ARB_vertex_array_object
    GL_KHR_debug
Using driver workarounds:
    no-forward-compatible-core-context
    nv-egl-incorrect-gl11-function-pointers
    no-layout-qualifiers-on-old-glsl
    nv-zero-context-profile-mask
    nv-implementation-color-read-format-dsa-broken
    nv-cubemap-inconsistent-compressed-image-size
    nv-cubemap-broken-full-compressed-image-query
    nv-compressed-block-size-in-bits
I0929 13:41:33.449707 10252 ResourceManager.cpp:234] ResourceManager::loadStage : Not loading semantic mesh
I0929 13:41:33.449715 10252 ResourceManager.cpp:262] ResourceManager::loadStage : start load render asset data/scene_datasets/mp3d/zsNo4HB9uLZ/zsNo4HB9uLZ.glb.
I0929 13:41:33.449717 10252 ResourceManager.cpp:569] ResourceManager::loadStageInternal : Attempting to load stage data/scene_datasets/mp3d/zsNo4HB9uLZ/zsNo4HB9uLZ.glb 
I0929 13:41:33.449729 10252 ResourceManager.cpp:1119] Importing Basis files as BC7 for zsNo4HB9uLZ.glb
W0929 13:41:34.308979 10252 Simulator.cpp:248] :
---
 The active scene does not contain semantic annotations. 
---
I0929 13:41:34.348273 10252 simulator.py:213] Loaded navmesh data/scene_datasets/mp3d/zsNo4HB9uLZ/zsNo4HB9uLZ.navmesh
2026-09-29 13:41:34,352 Initializing task VLN-v0
You are using a model of type bert to instantiate a model of type . This is not supported for all configurations of models and can yield errors.
Some weights of the model checkpoint at None were not used when initializing GlocalTextPathNavCMT: ['bert.global_encoder.encoder.x_layers.1.lang_self_att.output.dense.weight', 'bert.global_encoder.encoder.x_layers.2.lang_self_att.output.dense.bias', 'bert.global_encoder.encoder.x_layers.3.lang_output.dense.bias', 'mlm_head.predictions.transform.LayerNorm.bias', 'bert.global_encoder.encoder.x_layers.2.lang_self_att.output.LayerNorm.weight', 'bert.global_encoder.encoder.x_layers.3.lang_inter.dense.bias', 'bert.global_encoder.encoder.x_layers.3.lang_inter.dense.weight', 'bert.global_encoder.encoder.x_layers.1.lang_self_att.self.key.bias', 'bert.global_encoder.encoder.x_layers.3.lang_output.LayerNorm.weight', 'bert.global_encoder.encoder.x_layers.1.lang_self_att.output.LayerNorm.weight', 'bert.global_encoder.encoder.x_layers.3.lang_self_att.self.key.bias', 'bert.global_encoder.encoder.x_layers.2.lang_inter.dense.bias', 'bert.global_encoder.encoder.x_layers.0.lang_self_att.output.dense.bias', 'bert.global_encoder.encoder.x_layers.2.lang_self_att.output.dense.weight', 'bert.global_encoder.encoder.x_layers.1.lang_self_att.output.dense.bias', 'bert.global_encoder.encoder.x_layers.1.lang_inter.dense.weight', 'mlm_head.predictions.transform.dense.weight', 'bert.global_encoder.encoder.x_layers.2.lang_self_att.self.query.weight', 'bert.global_encoder.encoder.x_layers.2.lang_self_att.self.value.weight', 'bert.global_encoder.encoder.x_layers.0.lang_output.dense.weight', 'bert.global_encoder.encoder.x_layers.2.lang_self_att.self.key.bias', 'bert.global_encoder.encoder.x_layers.2.lang_output.dense.bias', 'bert.global_encoder.encoder.x_layers.2.lang_output.LayerNorm.weight', 'bert.global_encoder.encoder.x_layers.2.lang_output.LayerNorm.bias', 'bert.global_encoder.encoder.x_layers.2.lang_self_att.self.value.bias', 'bert.global_encoder.encoder.x_layers.1.lang_output.dense.bias', 'bert.global_encoder.encoder.x_layers.0.lang_self_att.self.key.weight', 'bert.global_encoder.encoder.x_layers.1.lang_self_att.self.key.weight', 'bert.global_encoder.encoder.x_layers.3.lang_self_att.output.dense.bias', 'bert.global_encoder.encoder.x_layers.0.lang_self_att.self.value.bias', 'mlm_head.predictions.transform.LayerNorm.weight', 'bert.global_encoder.encoder.x_layers.0.lang_self_att.self.query.weight', 'bert.global_encoder.encoder.x_layers.3.lang_self_att.output.LayerNorm.weight', 'bert.global_encoder.encoder.x_layers.3.lang_output.LayerNorm.bias', 'bert.global_encoder.encoder.x_layers.0.lang_inter.dense.bias', 'bert.global_encoder.encoder.x_layers.3.lang_self_att.self.key.weight', 'bert.global_encoder.encoder.x_layers.0.lang_output.dense.bias', 'bert.global_encoder.encoder.x_layers.3.lang_self_att.self.value.weight', 'bert.global_encoder.encoder.x_layers.0.lang_self_att.output.LayerNorm.weight', 'bert.global_encoder.encoder.x_layers.0.lang_inter.dense.weight', 'bert.global_encoder.encoder.x_layers.1.lang_self_att.self.query.weight', 'bert.global_encoder.encoder.x_layers.1.lang_output.dense.weight', 'bert.global_encoder.encoder.x_layers.3.lang_self_att.self.value.bias', 'bert.global_encoder.encoder.x_layers.0.lang_self_att.output.dense.weight', 'bert.global_encoder.encoder.x_layers.1.lang_inter.dense.bias', 'bert.global_encoder.encoder.x_layers.1.lang_self_att.output.LayerNorm.bias', 'mlm_head.predictions.bias', 'bert.global_encoder.encoder.x_layers.3.lang_self_att.self.query.weight', 'bert.global_encoder.encoder.x_layers.0.lang_self_att.self.key.bias', 'bert.global_encoder.encoder.x_layers.1.lang_self_att.self.value.weight', 'bert.global_encoder.encoder.x_layers.0.lang_self_att.output.LayerNorm.bias', 'bert.global_encoder.encoder.x_layers.3.lang_self_att.output.LayerNorm.bias', 'bert.global_encoder.encoder.x_layers.2.lang_output.dense.weight', 'bert.global_encoder.encoder.x_layers.0.lang_output.LayerNorm.weight', 'bert.global_encoder.encoder.x_layers.2.lang_self_att.self.key.weight', 'bert.global_encoder.encoder.x_layers.3.lang_self_att.self.query.bias', 'bert.global_encoder.encoder.x_layers.3.lang_self_att.output.dense.weight', 'bert.global_encoder.encoder.x_layers.2.lang_inter.dense.weight', 'bert.global_encoder.encoder.x_layers.0.lang_self_att.self.query.bias', 'bert.global_encoder.encoder.x_layers.3.lang_output.dense.weight', 'bert.global_encoder.encoder.x_layers.2.lang_self_att.self.query.bias', 'bert.global_encoder.encoder.x_layers.1.lang_self_att.self.query.bias', 'bert.global_encoder.encoder.x_layers.0.lang_self_att.self.value.weight', 'bert.global_encoder.encoder.x_layers.2.lang_self_att.output.LayerNorm.bias', 'mlm_head.predictions.decoder.weight', 'bert.global_encoder.encoder.x_layers.0.lang_output.LayerNorm.bias', 'bert.global_encoder.encoder.x_layers.1.lang_self_att.self.value.bias', 'bert.global_encoder.encoder.x_layers.1.lang_output.LayerNorm.bias', 'mlm_head.predictions.transform.dense.bias', 'bert.global_encoder.encoder.x_layers.1.lang_output.LayerNorm.weight']
- This IS expected if you are initializing GlocalTextPathNavCMT from the checkpoint of a model trained on another task or with another architecture (e.g. initializing a BertForSequenceClassification model from a BertForPreTraining model).
- This IS NOT expected if you are initializing GlocalTextPathNavCMT from the checkpoint of a model that you expect to be exactly identical (initializing a BertForSequenceClassification model from a BertForSequenceClassification model).
2026-09-29 13:41:39,514 Loaded weights from checkpoint: data/logs/checkpoints/release_r2r/ckpt.iter12000.pth, iteration: 12000
2026-09-29 13:41:39,516 Agent parameters: 299.14 MB. Trainable: 140.79 MB.
2026-09-29 13:41:39,517 Finished setting up policy.
local rank: 0 | dataset length: 15

Initalizing the ETP model ...
  0%|          | 0/15 [00:00<?, ?it/s]  7%|▋         | 1/15 [00:05<01:16,  5.44s/it] 13%|█▎        | 2/15 [00:07<00:41,  3.16s/it] 20%|██        | 3/15 [00:12<00:50,  4.18s/it] 27%|██▋       | 4/15 [00:13<00:34,  3.15s/it] 33%|███▎      | 5/15 [00:20<00:45,  4.51s/it] 40%|████      | 6/15 [00:22<00:31,  3.51s/it] 47%|████▋     | 7/15 [00:24<00:25,  3.14s/it] 53%|█████▎    | 8/15 [00:29<00:25,  3.63s/it] 60%|██████    | 9/15 [00:32<00:20,  3.49s/it] 67%|██████▋   | 10/15 [00:35<00:16,  3.40s/it] 73%|███████▎  | 11/15 [00:37<00:11,  2.86s/it] 80%|████████  | 12/15 [00:39<00:07,  2.49s/it] 87%|████████▋ | 13/15 [00:40<00:04,  2.24s/it] 93%|█████████▎| 14/15 [00:43<00:02,  2.31s/it]100%|██████████| 15/15 [00:44<00:00,  2.12s/it]I0929 13:42:24.509012 10252 PhysicsManager.cpp:33] Deconstructing PhysicsManager
I0929 13:42:24.509032 10252 SemanticScene.h:41] Deconstructing SemanticScene
I0929 13:42:24.510084 10252 SceneManager.h:25] Deconstructing SceneManager
I0929 13:42:24.510093 10252 SceneGraph.h:26] Deconstructing SceneGraph
I0929 13:42:24.510313 10252 Sensor.h:87] Deconstructing Sensor
I0929 13:42:24.510453 10252 Sensor.h:87] Deconstructing Sensor
I0929 13:42:24.510562 10252 Sensor.h:87] Deconstructing Sensor
I0929 13:42:24.510670 10252 Sensor.h:87] Deconstructing Sensor
I0929 13:42:24.510751 10252 Sensor.h:87] Deconstructing Sensor
I0929 13:42:24.510849 10252 Sensor.h:87] Deconstructing Sensor
I0929 13:42:24.510936 10252 Sensor.h:87] Deconstructing Sensor
I0929 13:42:24.511022 10252 Sensor.h:87] Deconstructing Sensor
I0929 13:42:24.511101 10252 Sensor.h:87] Deconstructing Sensor
I0929 13:42:24.511181 10252 Sensor.h:87] Deconstructing Sensor
I0929 13:42:24.511262 10252 Sensor.h:87] Deconstructing Sensor
I0929 13:42:24.511339 10252 Sensor.h:87] Deconstructing Sensor
I0929 13:42:24.511420 10252 Sensor.h:87] Deconstructing Sensor
I0929 13:42:24.511554 10252 Sensor.h:87] Deconstructing Sensor
I0929 13:42:24.511655 10252 Sensor.h:87] Deconstructing Sensor
I0929 13:42:24.511768 10252 Sensor.h:87] Deconstructing Sensor
I0929 13:42:24.511873 10252 Sensor.h:87] Deconstructing Sensor
I0929 13:42:24.511976 10252 Sensor.h:87] Deconstructing Sensor
I0929 13:42:24.512077 10252 Sensor.h:87] Deconstructing Sensor
I0929 13:42:24.512176 10252 Sensor.h:87] Deconstructing Sensor
I0929 13:42:24.512276 10252 Sensor.h:87] Deconstructing Sensor
I0929 13:42:24.512375 10252 Sensor.h:87] Deconstructing Sensor
I0929 13:42:24.512473 10252 Sensor.h:87] Deconstructing Sensor
I0929 13:42:24.512553 10252 Sensor.h:87] Deconstructing Sensor
I0929 13:42:24.513944 10252 Renderer.cpp:34] Deconstructing Renderer
I0929 13:42:24.513954 10252 WindowlessContext.h:17] Deconstructing WindowlessContext
I0929 13:42:24.516177 10252 Simulator.cpp:49] Deconstructing Simulator
2026-09-29 13:42:24,517 Episodes evaluated: 15
2026-09-29 13:42:24,517 Average episode steps_taken: 58.666667
2026-09-29 13:42:24,517 Average episode distance_to_goal: 7.463733
2026-09-29 13:42:24,517 Average episode success: 0.200000
2026-09-29 13:42:24,517 Average episode oracle_success: 0.333333
2026-09-29 13:42:24,517 Average episode path_length: 9.902114
2026-09-29 13:42:24,517 Average episode collisions: 0.028209
2026-09-29 13:42:24,517 Average episode spl: 0.184159
2026-09-29 13:42:24,517 Average episode ndtw: 0.527539
2026-09-29 13:42:24,518 Average episode sdtw: 0.171426
2026-09-29 13:42:24,518 Average episode ghost_cnt: 72.666667
2026-09-29 13:42:24,518 Average episode tour_idx: 7.000000
2026-09-29 13:42:24,518 Average episode g_nodes_total: 35.066667
2026-09-29 13:42:24,518 Average episode g_ghosts_total: 45.600000
2026-09-29 13:42:24,518 Average episode g_active_mean: 27.015873
2026-09-29 13:42:24,518 Average episode g_old_visible_mean: 24.615873
2026-09-29 13:42:24,518 Average episode g_comp_mean: 27.015873
2026-09-29 13:42:24,518 Average episode g_ghosts_visible_mean: 34.097090
2026-09-29 13:42:24,518 Average episode g_reloc_mean: 0.826190
2026-09-29 13:42:24,518 Average episode g_old_visible_max: 28.866667
2026-09-29 13:42:24,518 Average episode g_start_reloc: 1.266667
2026-09-29 13:42:24,518 Average episode g_start_comp: 20.866667
2026-09-29 13:42:24,518 Average episode g_stop_no_vp_left: 0.000000
100%|██████████| 15/15 [00:44<00:00,  3.00s/it]
[guard] finished rc=0 in 56s | peak footprint vs baseline: RAM +6459MiB, VRAM +2675MiB
