[guard] avail RAM 16G | GPU used 81MiB, compute procs 0 | load 1
[guard] hard caps on: RAM<=9G (no swap), CPU<=300%
2026-09-29 13:37:11,923 checkpoint_path: data/logs/checkpoints/release_r2r/ckpt.iter12000.pth
2026-09-29 13:37:11,923 Initializing dataset VLN-CE-v1
2026-09-29 13:37:11,944 SPLTI: tour_zsNo4H_n15_s1_o0, NUMBER OF SCENES: 1
2026-09-29 13:37:18,662 Initializing dataset VLN-CE-v1
2026-09-29 13:37:18,683 initializing sim Sim-v1
WARNING: Logging before InitGoogleLogging() is written to STDERR
I0929 13:37:18.688308  8312 ManagedContainerBase.cpp:19] ManagedContainerBase::convertFilenameToJSON : Filename : default changed to proposed JSON configuration filename : default.scene_dataset_config.json
I0929 13:37:18.688337  8312 AttributesManagerBase.h:283] AttributesManager<T>::createFromJsonOrDefaultInternal  (Dataset) : Proposing JSON name : default.scene_dataset_config.json from original name : default | This file  does not exist.
I0929 13:37:18.688380  8312 AssetAttributesManager.cpp:117] Asset attributes (capsule3DSolid : capsule3DSolid_hemiRings_4_cylRings_1_segments_12_halfLen_0.75_useTexCoords_false_useTangents_false) created and registered.
I0929 13:37:18.688396  8312 AssetAttributesManager.cpp:117] Asset attributes (capsule3DWireframe : capsule3DWireframe_hemiRings_8_cylRings_1_segments_16_halfLen_1) created and registered.
I0929 13:37:18.688412  8312 AssetAttributesManager.cpp:117] Asset attributes (coneSolid : coneSolid_segments_12_halfLen_1.25_rings_1_useTexCoords_false_useTangents_false_capEnd_true) created and registered.
I0929 13:37:18.688421  8312 AssetAttributesManager.cpp:117] Asset attributes (coneWireframe : coneWireframe_segments_32_halfLen_1.25) created and registered.
I0929 13:37:18.688426  8312 AssetAttributesManager.cpp:117] Asset attributes (cubeSolid : cubeSolid) created and registered.
I0929 13:37:18.688431  8312 AssetAttributesManager.cpp:117] Asset attributes (cubeWireframe : cubeWireframe) created and registered.
I0929 13:37:18.688444  8312 AssetAttributesManager.cpp:117] Asset attributes (cylinderSolid : cylinderSolid_rings_1_segments_12_halfLen_1_useTexCoords_false_useTangents_false_capEnds_true) created and registered.
I0929 13:37:18.688453  8312 AssetAttributesManager.cpp:117] Asset attributes (cylinderWireframe : cylinderWireframe_rings_1_segments_32_halfLen_1) created and registered.
I0929 13:37:18.688459  8312 AssetAttributesManager.cpp:117] Asset attributes (icosphereSolid : icosphereSolid_subdivs_1) created and registered.
I0929 13:37:18.688465  8312 AssetAttributesManager.cpp:117] Asset attributes (icosphereWireframe : icosphereWireframe_subdivs_1) created and registered.
I0929 13:37:18.688473  8312 AssetAttributesManager.cpp:117] Asset attributes (uvSphereSolid : uvSphereSolid_rings_8_segments_16_useTexCoords_false_useTangents_false) created and registered.
I0929 13:37:18.688481  8312 AssetAttributesManager.cpp:117] Asset attributes (uvSphereWireframe : uvSphereWireframe_rings_16_segments_32) created and registered.
I0929 13:37:18.688484  8312 AssetAttributesManager.cpp:105] AssetAttributesManager::buildCtorFuncPtrMaps : Built default primitive asset templates : 12
I0929 13:37:18.688759  8312 SceneDatasetAttributesManager.cpp:23] File (default) not found, so new default dataset attributes created and registered.
I0929 13:37:18.688761  8312 MetadataMediator.cpp:47] MetadataMediator::createDataset : Dataset default successfully created.
I0929 13:37:18.690797  8312 AttributesManagerBase.h:283] AttributesManager<T>::createFromJsonOrDefaultInternal  (Physics Manager) : Proposing JSON name : ./data/default.physics_config.json from original name : ./data/default.physics_config.json | This file  does not exist.
I0929 13:37:18.690809  8312 PhysicsAttributesManager.cpp:27] File (./data/default.physics_config.json) not found, so new default physics manager attributes created and registered.
I0929 13:37:18.690812  8312 AbstractObjectAttributesManagerBase.h:175] AbstractObjectAttributesManager<T>::createObject  (Stage) : Making attributes with handle : data/scene_datasets/mp3d/zsNo4HB9uLZ/zsNo4HB9uLZ.glb
I0929 13:37:18.690822  8312 ManagedContainerBase.cpp:19] ManagedContainerBase::convertFilenameToJSON : Filename : data/scene_datasets/mp3d/zsNo4HB9uLZ/zsNo4HB9uLZ.glb changed to proposed JSON configuration filename : data/scene_datasets/mp3d/zsNo4HB9uLZ/zsNo4HB9uLZ.stage_config.json
I0929 13:37:18.690827  8312 AttributesManagerBase.h:283] AttributesManager<T>::createFromJsonOrDefaultInternal  (Stage) : Proposing JSON name : data/scene_datasets/mp3d/zsNo4HB9uLZ/zsNo4HB9uLZ.stage_config.json from original name : data/scene_datasets/mp3d/zsNo4HB9uLZ/zsNo4HB9uLZ.glb | This file  does not exist.
I0929 13:37:18.690857  8312 AbstractObjectAttributesManagerBase.h:181] AbstractObjectAttributesManager<T>::createObject  (Stage) : Done making attributes with handle : data/scene_datasets/mp3d/zsNo4HB9uLZ/zsNo4HB9uLZ.glb
I0929 13:37:18.690858  8312 AbstractObjectAttributesManagerBase.h:188] File (data/scene_datasets/mp3d/zsNo4HB9uLZ/zsNo4HB9uLZ.glb) exists but is not a recognized config filename extension, so new default Stage attributes created and registered.
I0929 13:37:18.690862  8312 Simulator.cpp:156] Loading navmesh from data/scene_datasets/mp3d/zsNo4HB9uLZ/zsNo4HB9uLZ.navmesh
I0929 13:37:18.690917  8312 Simulator.cpp:158] Loaded.
I0929 13:37:18.690923  8312 SceneGraph.h:93] Created DrawableGroup: 
Renderer: NVIDIA T1000 8GB/PCIe/SSE2 by NVIDIA Corporation
OpenGL version: 4.6.0 NVIDIA 590.48.01
Using optional features:
    GL_ARB_ES2_compatibility
    GL_ARB_direct_state_access
    GL_ARB_get_texture_sub_image
    GL_ARB_invalidate_subdata
    GL_ARB_multi_bind
    GL_ARB_robustness
    GL_ARB_separate_shader_objects
    GL_ARB_texture_filter_anisotropic
    GL_ARB_texture_storage
    GL_ARB_texture_storage_multisample
    GL_ARB_vertex_array_object
    GL_KHR_debug
Using driver workarounds:
    no-forward-compatible-core-context
    nv-egl-incorrect-gl11-function-pointers
    no-layout-qualifiers-on-old-glsl
    nv-zero-context-profile-mask
    nv-implementation-color-read-format-dsa-broken
    nv-cubemap-inconsistent-compressed-image-size
    nv-cubemap-broken-full-compressed-image-query
    nv-compressed-block-size-in-bits
I0929 13:37:18.777772  8312 ResourceManager.cpp:234] ResourceManager::loadStage : Not loading semantic mesh
I0929 13:37:18.777781  8312 ResourceManager.cpp:262] ResourceManager::loadStage : start load render asset data/scene_datasets/mp3d/zsNo4HB9uLZ/zsNo4HB9uLZ.glb.
I0929 13:37:18.777781  8312 ResourceManager.cpp:569] ResourceManager::loadStageInternal : Attempting to load stage data/scene_datasets/mp3d/zsNo4HB9uLZ/zsNo4HB9uLZ.glb 
I0929 13:37:18.777792  8312 ResourceManager.cpp:1119] Importing Basis files as BC7 for zsNo4HB9uLZ.glb
W0929 13:37:19.639294  8312 Simulator.cpp:248] :
---
 The active scene does not contain semantic annotations. 
---
I0929 13:37:19.677879 8312 simulator.py:213] Loaded navmesh data/scene_datasets/mp3d/zsNo4HB9uLZ/zsNo4HB9uLZ.navmesh
2026-09-29 13:37:19,681 Initializing task VLN-v0
You are using a model of type bert to instantiate a model of type . This is not supported for all configurations of models and can yield errors.
Some weights of the model checkpoint at None were not used when initializing GlocalTextPathNavCMT: ['mlm_head.predictions.transform.dense.bias', 'bert.global_encoder.encoder.x_layers.2.lang_self_att.self.value.bias', 'bert.global_encoder.encoder.x_layers.0.lang_self_att.self.query.weight', 'bert.global_encoder.encoder.x_layers.2.lang_output.dense.weight', 'bert.global_encoder.encoder.x_layers.1.lang_self_att.self.query.bias', 'bert.global_encoder.encoder.x_layers.0.lang_output.LayerNorm.bias', 'bert.global_encoder.encoder.x_layers.1.lang_output.LayerNorm.weight', 'bert.global_encoder.encoder.x_layers.0.lang_output.dense.bias', 'bert.global_encoder.encoder.x_layers.2.lang_self_att.output.dense.bias', 'bert.global_encoder.encoder.x_layers.0.lang_self_att.self.value.weight', 'bert.global_encoder.encoder.x_layers.2.lang_inter.dense.weight', 'bert.global_encoder.encoder.x_layers.1.lang_self_att.self.value.bias', 'bert.global_encoder.encoder.x_layers.3.lang_inter.dense.weight', 'bert.global_encoder.encoder.x_layers.2.lang_self_att.output.LayerNorm.weight', 'bert.global_encoder.encoder.x_layers.3.lang_self_att.self.value.bias', 'bert.global_encoder.encoder.x_layers.3.lang_self_att.output.LayerNorm.bias', 'bert.global_encoder.encoder.x_layers.1.lang_inter.dense.weight', 'bert.global_encoder.encoder.x_layers.1.lang_self_att.self.query.weight', 'bert.global_encoder.encoder.x_layers.1.lang_self_att.output.LayerNorm.weight', 'bert.global_encoder.encoder.x_layers.0.lang_self_att.output.LayerNorm.bias', 'bert.global_encoder.encoder.x_layers.3.lang_self_att.output.dense.weight', 'bert.global_encoder.encoder.x_layers.3.lang_self_att.self.query.weight', 'bert.global_encoder.encoder.x_layers.2.lang_self_att.output.dense.weight', 'bert.global_encoder.encoder.x_layers.3.lang_output.LayerNorm.weight', 'bert.global_encoder.encoder.x_layers.2.lang_self_att.self.value.weight', 'bert.global_encoder.encoder.x_layers.1.lang_output.dense.weight', 'bert.global_encoder.encoder.x_layers.3.lang_output.LayerNorm.bias', 'bert.global_encoder.encoder.x_layers.2.lang_self_att.self.query.weight', 'bert.global_encoder.encoder.x_layers.3.lang_output.dense.bias', 'mlm_head.predictions.transform.dense.weight', 'bert.global_encoder.encoder.x_layers.2.lang_output.LayerNorm.weight', 'bert.global_encoder.encoder.x_layers.3.lang_self_att.self.key.bias', 'bert.global_encoder.encoder.x_layers.1.lang_self_att.self.key.bias', 'bert.global_encoder.encoder.x_layers.2.lang_self_att.output.LayerNorm.bias', 'bert.global_encoder.encoder.x_layers.3.lang_self_att.self.value.weight', 'bert.global_encoder.encoder.x_layers.1.lang_self_att.self.key.weight', 'bert.global_encoder.encoder.x_layers.3.lang_self_att.output.dense.bias', 'bert.global_encoder.encoder.x_layers.0.lang_self_att.self.key.weight', 'bert.global_encoder.encoder.x_layers.3.lang_self_att.output.LayerNorm.weight', 'bert.global_encoder.encoder.x_layers.2.lang_output.LayerNorm.bias', 'bert.global_encoder.encoder.x_layers.0.lang_inter.dense.weight', 'bert.global_encoder.encoder.x_layers.2.lang_self_att.self.query.bias', 'mlm_head.predictions.bias', 'bert.global_encoder.encoder.x_layers.1.lang_self_att.output.LayerNorm.bias', 'bert.global_encoder.encoder.x_layers.3.lang_inter.dense.bias', 'mlm_head.predictions.transform.LayerNorm.bias', 'bert.global_encoder.encoder.x_layers.1.lang_self_att.output.dense.bias', 'bert.global_encoder.encoder.x_layers.1.lang_inter.dense.bias', 'bert.global_encoder.encoder.x_layers.0.lang_inter.dense.bias', 'bert.global_encoder.encoder.x_layers.2.lang_inter.dense.bias', 'bert.global_encoder.encoder.x_layers.1.lang_self_att.output.dense.weight', 'bert.global_encoder.encoder.x_layers.1.lang_self_att.self.value.weight', 'mlm_head.predictions.decoder.weight', 'bert.global_encoder.encoder.x_layers.3.lang_output.dense.weight', 'bert.global_encoder.encoder.x_layers.3.lang_self_att.self.query.bias', 'bert.global_encoder.encoder.x_layers.2.lang_output.dense.bias', 'bert.global_encoder.encoder.x_layers.1.lang_output.LayerNorm.bias', 'bert.global_encoder.encoder.x_layers.0.lang_self_att.output.dense.weight', 'bert.global_encoder.encoder.x_layers.2.lang_self_att.self.key.bias', 'bert.global_encoder.encoder.x_layers.1.lang_output.dense.bias', 'bert.global_encoder.encoder.x_layers.0.lang_output.dense.weight', 'bert.global_encoder.encoder.x_layers.3.lang_self_att.self.key.weight', 'bert.global_encoder.encoder.x_layers.0.lang_self_att.self.value.bias', 'bert.global_encoder.encoder.x_layers.2.lang_self_att.self.key.weight', 'bert.global_encoder.encoder.x_layers.0.lang_self_att.output.dense.bias', 'bert.global_encoder.encoder.x_layers.0.lang_self_att.self.query.bias', 'bert.global_encoder.encoder.x_layers.0.lang_self_att.self.key.bias', 'bert.global_encoder.encoder.x_layers.0.lang_self_att.output.LayerNorm.weight', 'mlm_head.predictions.transform.LayerNorm.weight', 'bert.global_encoder.encoder.x_layers.0.lang_output.LayerNorm.weight']
- This IS expected if you are initializing GlocalTextPathNavCMT from the checkpoint of a model trained on another task or with another architecture (e.g. initializing a BertForSequenceClassification model from a BertForPreTraining model).
- This IS NOT expected if you are initializing GlocalTextPathNavCMT from the checkpoint of a model that you expect to be exactly identical (initializing a BertForSequenceClassification model from a BertForSequenceClassification model).
2026-09-29 13:37:25,610 Loaded weights from checkpoint: data/logs/checkpoints/release_r2r/ckpt.iter12000.pth, iteration: 12000
2026-09-29 13:37:25,612 Agent parameters: 299.14 MB. Trainable: 140.79 MB.
2026-09-29 13:37:25,612 Finished setting up policy.
local rank: 0 | dataset length: 15

Initalizing the ETP model ...
  0%|          | 0/15 [00:00<?, ?it/s]  7%|▋         | 1/15 [00:06<01:37,  6.97s/it] 13%|█▎        | 2/15 [00:13<01:30,  6.93s/it] 20%|██        | 3/15 [00:18<01:10,  5.90s/it] 27%|██▋       | 4/15 [00:20<00:49,  4.49s/it] 33%|███▎      | 5/15 [00:22<00:34,  3.44s/it] 40%|████      | 6/15 [00:24<00:27,  3.08s/it] 47%|████▋     | 7/15 [00:26<00:20,  2.60s/it] 53%|█████▎    | 8/15 [00:29<00:19,  2.78s/it] 60%|██████    | 9/15 [00:30<00:13,  2.17s/it] 67%|██████▋   | 10/15 [00:31<00:08,  1.75s/it] 73%|███████▎  | 11/15 [00:32<00:06,  1.72s/it] 80%|████████  | 12/15 [00:33<00:04,  1.45s/it] 87%|████████▋ | 13/15 [00:35<00:03,  1.51s/it] 93%|█████████▎| 14/15 [00:38<00:02,  2.05s/it]100%|██████████| 15/15 [00:40<00:00,  1.93s/it]I0929 13:38:05.956178  8312 PhysicsManager.cpp:33] Deconstructing PhysicsManager
I0929 13:38:05.956197  8312 SemanticScene.h:41] Deconstructing SemanticScene
I0929 13:38:05.957445  8312 SceneManager.h:25] Deconstructing SceneManager
I0929 13:38:05.957451  8312 SceneGraph.h:26] Deconstructing SceneGraph
I0929 13:38:05.957666  8312 Sensor.h:87] Deconstructing Sensor
I0929 13:38:05.957787  8312 Sensor.h:87] Deconstructing Sensor
I0929 13:38:05.957871  8312 Sensor.h:87] Deconstructing Sensor
I0929 13:38:05.957947  8312 Sensor.h:87] Deconstructing Sensor
I0929 13:38:05.958021  8312 Sensor.h:87] Deconstructing Sensor
I0929 13:38:05.958105  8312 Sensor.h:87] Deconstructing Sensor
I0929 13:38:05.958181  8312 Sensor.h:87] Deconstructing Sensor
I0929 13:38:05.958256  8312 Sensor.h:87] Deconstructing Sensor
I0929 13:38:05.958335  8312 Sensor.h:87] Deconstructing Sensor
I0929 13:38:05.958410  8312 Sensor.h:87] Deconstructing Sensor
I0929 13:38:05.958487  8312 Sensor.h:87] Deconstructing Sensor
I0929 13:38:05.958559  8312 Sensor.h:87] Deconstructing Sensor
I0929 13:38:05.958632  8312 Sensor.h:87] Deconstructing Sensor
I0929 13:38:05.958729  8312 Sensor.h:87] Deconstructing Sensor
I0929 13:38:05.958820  8312 Sensor.h:87] Deconstructing Sensor
I0929 13:38:05.958912  8312 Sensor.h:87] Deconstructing Sensor
I0929 13:38:05.959004  8312 Sensor.h:87] Deconstructing Sensor
I0929 13:38:05.959105  8312 Sensor.h:87] Deconstructing Sensor
I0929 13:38:05.959199  8312 Sensor.h:87] Deconstructing Sensor
I0929 13:38:05.959299  8312 Sensor.h:87] Deconstructing Sensor
I0929 13:38:05.959396  8312 Sensor.h:87] Deconstructing Sensor
I0929 13:38:05.959494  8312 Sensor.h:87] Deconstructing Sensor
I0929 13:38:05.959587  8312 Sensor.h:87] Deconstructing Sensor
I0929 13:38:05.959651  8312 Sensor.h:87] Deconstructing Sensor
I0929 13:38:05.961018  8312 Renderer.cpp:34] Deconstructing Renderer
I0929 13:38:05.961025  8312 WindowlessContext.h:17] Deconstructing WindowlessContext
I0929 13:38:05.963379  8312 Simulator.cpp:49] Deconstructing Simulator
2026-09-29 13:38:05,964 Episodes evaluated: 15
2026-09-29 13:38:05,964 Average episode steps_taken: 71.200000
2026-09-29 13:38:05,964 Average episode distance_to_goal: 6.405435
2026-09-29 13:38:05,964 Average episode success: 0.333333
2026-09-29 13:38:05,964 Average episode oracle_success: 0.533333
2026-09-29 13:38:05,964 Average episode path_length: 11.130685
2026-09-29 13:38:05,964 Average episode collisions: 0.025878
2026-09-29 13:38:05,964 Average episode spl: 0.291901
2026-09-29 13:38:05,965 Average episode ndtw: 0.430756
2026-09-29 13:38:05,965 Average episode sdtw: 0.271085
2026-09-29 13:38:05,965 Average episode ghost_cnt: 71.066667
2026-09-29 13:38:05,965 Average episode tour_idx: 7.000000
2026-09-29 13:38:05,965 Average episode g_nodes_total: 34.666667
2026-09-29 13:38:05,965 Average episode g_ghosts_total: 44.400000
2026-09-29 13:38:05,965 Average episode g_active_mean: 29.088889
2026-09-29 13:38:05,965 Average episode g_old_visible_mean: 26.888889
2026-09-29 13:38:05,965 Average episode g_comp_mean: 29.088889
2026-09-29 13:38:05,965 Average episode g_ghosts_visible_mean: 37.209259
2026-09-29 13:38:05,965 Average episode g_reloc_mean: 0.850000
2026-09-29 13:38:05,965 Average episode g_old_visible_max: 28.866667
2026-09-29 13:38:05,965 Average episode g_start_reloc: 1.066667
2026-09-29 13:38:05,965 Average episode g_start_comp: 25.666667
2026-09-29 13:38:05,965 Average episode g_stop_no_vp_left: 0.000000
100%|██████████| 15/15 [00:40<00:00,  2.69s/it]
[guard] finished rc=0 in 57s | peak footprint vs baseline: RAM +6301MiB, VRAM +2675MiB
