[guard] avail RAM 14G | GPU used 804MiB, compute procs 0 | load 3
[guard] hard caps on: RAM<=9G (no swap), CPU<=300%
2026-09-20 14:23:36,460 checkpoint_path: data/logs/checkpoints/release_r2r/ckpt.iter12000.pth
2026-09-20 14:23:36,460 Initializing dataset VLN-CE-v1
2026-09-20 14:23:36,486 SPLTI: tour_zsNo4H_n15_s2_o0, NUMBER OF SCENES: 1
2026-09-20 14:23:51,806 Initializing dataset VLN-CE-v1
2026-09-20 14:23:51,831 initializing sim Sim-v1
WARNING: Logging before InitGoogleLogging() is written to STDERR
I0920 14:23:51.835865 493750 ManagedContainerBase.cpp:19] ManagedContainerBase::convertFilenameToJSON : Filename : default changed to proposed JSON configuration filename : default.scene_dataset_config.json
I0920 14:23:51.835894 493750 AttributesManagerBase.h:283] AttributesManager<T>::createFromJsonOrDefaultInternal  (Dataset) : Proposing JSON name : default.scene_dataset_config.json from original name : default | This file  does not exist.
I0920 14:23:51.835939 493750 AssetAttributesManager.cpp:117] Asset attributes (capsule3DSolid : capsule3DSolid_hemiRings_4_cylRings_1_segments_12_halfLen_0.75_useTexCoords_false_useTangents_false) created and registered.
I0920 14:23:51.835958 493750 AssetAttributesManager.cpp:117] Asset attributes (capsule3DWireframe : capsule3DWireframe_hemiRings_8_cylRings_1_segments_16_halfLen_1) created and registered.
I0920 14:23:51.835973 493750 AssetAttributesManager.cpp:117] Asset attributes (coneSolid : coneSolid_segments_12_halfLen_1.25_rings_1_useTexCoords_false_useTangents_false_capEnd_true) created and registered.
I0920 14:23:51.835983 493750 AssetAttributesManager.cpp:117] Asset attributes (coneWireframe : coneWireframe_segments_32_halfLen_1.25) created and registered.
I0920 14:23:51.835987 493750 AssetAttributesManager.cpp:117] Asset attributes (cubeSolid : cubeSolid) created and registered.
I0920 14:23:51.835991 493750 AssetAttributesManager.cpp:117] Asset attributes (cubeWireframe : cubeWireframe) created and registered.
I0920 14:23:51.836005 493750 AssetAttributesManager.cpp:117] Asset attributes (cylinderSolid : cylinderSolid_rings_1_segments_12_halfLen_1_useTexCoords_false_useTangents_false_capEnds_true) created and registered.
I0920 14:23:51.836016 493750 AssetAttributesManager.cpp:117] Asset attributes (cylinderWireframe : cylinderWireframe_rings_1_segments_32_halfLen_1) created and registered.
I0920 14:23:51.836022 493750 AssetAttributesManager.cpp:117] Asset attributes (icosphereSolid : icosphereSolid_subdivs_1) created and registered.
I0920 14:23:51.836028 493750 AssetAttributesManager.cpp:117] Asset attributes (icosphereWireframe : icosphereWireframe_subdivs_1) created and registered.
I0920 14:23:51.836037 493750 AssetAttributesManager.cpp:117] Asset attributes (uvSphereSolid : uvSphereSolid_rings_8_segments_16_useTexCoords_false_useTangents_false) created and registered.
I0920 14:23:51.836045 493750 AssetAttributesManager.cpp:117] Asset attributes (uvSphereWireframe : uvSphereWireframe_rings_16_segments_32) created and registered.
I0920 14:23:51.836048 493750 AssetAttributesManager.cpp:105] AssetAttributesManager::buildCtorFuncPtrMaps : Built default primitive asset templates : 12
I0920 14:23:51.836333 493750 SceneDatasetAttributesManager.cpp:23] File (default) not found, so new default dataset attributes created and registered.
I0920 14:23:51.836336 493750 MetadataMediator.cpp:47] MetadataMediator::createDataset : Dataset default successfully created.
I0920 14:23:51.838486 493750 AttributesManagerBase.h:283] AttributesManager<T>::createFromJsonOrDefaultInternal  (Physics Manager) : Proposing JSON name : ./data/default.physics_config.json from original name : ./data/default.physics_config.json | This file  does not exist.
I0920 14:23:51.838502 493750 PhysicsAttributesManager.cpp:27] File (./data/default.physics_config.json) not found, so new default physics manager attributes created and registered.
I0920 14:23:51.838505 493750 AbstractObjectAttributesManagerBase.h:175] AbstractObjectAttributesManager<T>::createObject  (Stage) : Making attributes with handle : data/scene_datasets/mp3d/zsNo4HB9uLZ/zsNo4HB9uLZ.glb
I0920 14:23:51.838516 493750 ManagedContainerBase.cpp:19] ManagedContainerBase::convertFilenameToJSON : Filename : data/scene_datasets/mp3d/zsNo4HB9uLZ/zsNo4HB9uLZ.glb changed to proposed JSON configuration filename : data/scene_datasets/mp3d/zsNo4HB9uLZ/zsNo4HB9uLZ.stage_config.json
I0920 14:23:51.838519 493750 AttributesManagerBase.h:283] AttributesManager<T>::createFromJsonOrDefaultInternal  (Stage) : Proposing JSON name : data/scene_datasets/mp3d/zsNo4HB9uLZ/zsNo4HB9uLZ.stage_config.json from original name : data/scene_datasets/mp3d/zsNo4HB9uLZ/zsNo4HB9uLZ.glb | This file  does not exist.
I0920 14:23:51.838554 493750 AbstractObjectAttributesManagerBase.h:181] AbstractObjectAttributesManager<T>::createObject  (Stage) : Done making attributes with handle : data/scene_datasets/mp3d/zsNo4HB9uLZ/zsNo4HB9uLZ.glb
I0920 14:23:51.838555 493750 AbstractObjectAttributesManagerBase.h:188] File (data/scene_datasets/mp3d/zsNo4HB9uLZ/zsNo4HB9uLZ.glb) exists but is not a recognized config filename extension, so new default Stage attributes created and registered.
I0920 14:23:51.838559 493750 Simulator.cpp:156] Loading navmesh from data/scene_datasets/mp3d/zsNo4HB9uLZ/zsNo4HB9uLZ.navmesh
I0920 14:23:51.838616 493750 Simulator.cpp:158] Loaded.
I0920 14:23:51.838626 493750 SceneGraph.h:93] Created DrawableGroup: 
Renderer: NVIDIA T1000 8GB/PCIe/SSE2 by NVIDIA Corporation
OpenGL version: 4.6.0 NVIDIA 595.84
Using optional features:
    GL_ARB_ES2_compatibility
    GL_ARB_direct_state_access
    GL_ARB_get_texture_sub_image
    GL_ARB_invalidate_subdata
    GL_ARB_multi_bind
    GL_ARB_robustness
    GL_ARB_separate_shader_objects
    GL_ARB_texture_filter_anisotropic
    GL_ARB_texture_storage
    GL_ARB_texture_storage_multisample
    GL_ARB_vertex_array_object
    GL_KHR_debug
Using driver workarounds:
    no-forward-compatible-core-context
    nv-egl-incorrect-gl11-function-pointers
    no-layout-qualifiers-on-old-glsl
    nv-zero-context-profile-mask
    nv-implementation-color-read-format-dsa-broken
    nv-cubemap-inconsistent-compressed-image-size
    nv-cubemap-broken-full-compressed-image-query
    nv-compressed-block-size-in-bits
I0920 14:23:51.946239 493750 ResourceManager.cpp:234] ResourceManager::loadStage : Not loading semantic mesh
I0920 14:23:51.946249 493750 ResourceManager.cpp:262] ResourceManager::loadStage : start load render asset data/scene_datasets/mp3d/zsNo4HB9uLZ/zsNo4HB9uLZ.glb.
I0920 14:23:51.946249 493750 ResourceManager.cpp:569] ResourceManager::loadStageInternal : Attempting to load stage data/scene_datasets/mp3d/zsNo4HB9uLZ/zsNo4HB9uLZ.glb 
I0920 14:23:51.946259 493750 ResourceManager.cpp:1119] Importing Basis files as BC7 for zsNo4HB9uLZ.glb
W0920 14:23:52.961378 493750 Simulator.cpp:248] :
---
 The active scene does not contain semantic annotations. 
---
I0920 14:23:53.004255 493750 simulator.py:213] Loaded navmesh data/scene_datasets/mp3d/zsNo4HB9uLZ/zsNo4HB9uLZ.navmesh
2026-09-20 14:23:53,008 Initializing task VLN-v0
You are using a model of type bert to instantiate a model of type . This is not supported for all configurations of models and can yield errors.
Some weights of the model checkpoint at None were not used when initializing GlocalTextPathNavCMT: ['bert.global_encoder.encoder.x_layers.0.lang_self_att.self.value.bias', 'bert.global_encoder.encoder.x_layers.0.lang_self_att.self.key.bias', 'bert.global_encoder.encoder.x_layers.2.lang_self_att.self.query.bias', 'bert.global_encoder.encoder.x_layers.3.lang_self_att.self.key.bias', 'bert.global_encoder.encoder.x_layers.3.lang_self_att.output.dense.bias', 'bert.global_encoder.encoder.x_layers.3.lang_output.LayerNorm.weight', 'bert.global_encoder.encoder.x_layers.2.lang_output.dense.bias', 'bert.global_encoder.encoder.x_layers.2.lang_self_att.self.key.weight', 'bert.global_encoder.encoder.x_layers.3.lang_output.LayerNorm.bias', 'bert.global_encoder.encoder.x_layers.3.lang_self_att.output.dense.weight', 'bert.global_encoder.encoder.x_layers.1.lang_output.dense.weight', 'bert.global_encoder.encoder.x_layers.2.lang_self_att.output.dense.bias', 'bert.global_encoder.encoder.x_layers.1.lang_self_att.output.dense.weight', 'bert.global_encoder.encoder.x_layers.0.lang_self_att.output.LayerNorm.weight', 'bert.global_encoder.encoder.x_layers.2.lang_self_att.output.dense.weight', 'bert.global_encoder.encoder.x_layers.1.lang_self_att.self.value.weight', 'bert.global_encoder.encoder.x_layers.0.lang_inter.dense.weight', 'mlm_head.predictions.transform.LayerNorm.weight', 'bert.global_encoder.encoder.x_layers.3.lang_self_att.output.LayerNorm.weight', 'mlm_head.predictions.bias', 'mlm_head.predictions.decoder.weight', 'bert.global_encoder.encoder.x_layers.1.lang_self_att.self.key.bias', 'bert.global_encoder.encoder.x_layers.2.lang_output.LayerNorm.weight', 'bert.global_encoder.encoder.x_layers.2.lang_self_att.self.query.weight', 'bert.global_encoder.encoder.x_layers.3.lang_inter.dense.bias', 'bert.global_encoder.encoder.x_layers.0.lang_self_att.self.key.weight', 'bert.global_encoder.encoder.x_layers.2.lang_output.LayerNorm.bias', 'bert.global_encoder.encoder.x_layers.3.lang_inter.dense.weight', 'bert.global_encoder.encoder.x_layers.0.lang_output.LayerNorm.weight', 'bert.global_encoder.encoder.x_layers.3.lang_self_att.output.LayerNorm.bias', 'mlm_head.predictions.transform.dense.weight', 'bert.global_encoder.encoder.x_layers.2.lang_self_att.self.key.bias', 'mlm_head.predictions.transform.dense.bias', 'bert.global_encoder.encoder.x_layers.1.lang_self_att.output.dense.bias', 'bert.global_encoder.encoder.x_layers.0.lang_self_att.output.LayerNorm.bias', 'bert.global_encoder.encoder.x_layers.1.lang_self_att.self.value.bias', 'bert.global_encoder.encoder.x_layers.2.lang_self_att.self.value.weight', 'bert.global_encoder.encoder.x_layers.3.lang_self_att.self.value.bias', 'bert.global_encoder.encoder.x_layers.0.lang_output.LayerNorm.bias', 'bert.global_encoder.encoder.x_layers.0.lang_self_att.self.query.bias', 'bert.global_encoder.encoder.x_layers.0.lang_inter.dense.bias', 'bert.global_encoder.encoder.x_layers.2.lang_output.dense.weight', 'bert.global_encoder.encoder.x_layers.2.lang_inter.dense.bias', 'bert.global_encoder.encoder.x_layers.1.lang_output.dense.bias', 'bert.global_encoder.encoder.x_layers.3.lang_output.dense.bias', 'bert.global_encoder.encoder.x_layers.3.lang_output.dense.weight', 'bert.global_encoder.encoder.x_layers.2.lang_self_att.self.value.bias', 'bert.global_encoder.encoder.x_layers.1.lang_inter.dense.weight', 'bert.global_encoder.encoder.x_layers.3.lang_self_att.self.value.weight', 'bert.global_encoder.encoder.x_layers.0.lang_self_att.output.dense.bias', 'bert.global_encoder.encoder.x_layers.3.lang_self_att.self.query.weight', 'bert.global_encoder.encoder.x_layers.3.lang_self_att.self.query.bias', 'bert.global_encoder.encoder.x_layers.1.lang_self_att.self.query.weight', 'bert.global_encoder.encoder.x_layers.0.lang_output.dense.bias', 'bert.global_encoder.encoder.x_layers.2.lang_self_att.output.LayerNorm.bias', 'bert.global_encoder.encoder.x_layers.1.lang_output.LayerNorm.weight', 'bert.global_encoder.encoder.x_layers.2.lang_self_att.output.LayerNorm.weight', 'bert.global_encoder.encoder.x_layers.0.lang_output.dense.weight', 'bert.global_encoder.encoder.x_layers.0.lang_self_att.self.value.weight', 'bert.global_encoder.encoder.x_layers.1.lang_self_att.output.LayerNorm.bias', 'bert.global_encoder.encoder.x_layers.2.lang_inter.dense.weight', 'bert.global_encoder.encoder.x_layers.0.lang_self_att.output.dense.weight', 'bert.global_encoder.encoder.x_layers.1.lang_inter.dense.bias', 'bert.global_encoder.encoder.x_layers.1.lang_self_att.self.key.weight', 'bert.global_encoder.encoder.x_layers.1.lang_self_att.output.LayerNorm.weight', 'mlm_head.predictions.transform.LayerNorm.bias', 'bert.global_encoder.encoder.x_layers.3.lang_self_att.self.key.weight', 'bert.global_encoder.encoder.x_layers.0.lang_self_att.self.query.weight', 'bert.global_encoder.encoder.x_layers.1.lang_output.LayerNorm.bias', 'bert.global_encoder.encoder.x_layers.1.lang_self_att.self.query.bias']
- This IS expected if you are initializing GlocalTextPathNavCMT from the checkpoint of a model trained on another task or with another architecture (e.g. initializing a BertForSequenceClassification model from a BertForPreTraining model).
- This IS NOT expected if you are initializing GlocalTextPathNavCMT from the checkpoint of a model that you expect to be exactly identical (initializing a BertForSequenceClassification model from a BertForSequenceClassification model).
2026-09-20 14:24:15,490 Loaded weights from checkpoint: data/logs/checkpoints/release_r2r/ckpt.iter12000.pth, iteration: 12000
2026-09-20 14:24:15,492 Agent parameters: 299.14 MB. Trainable: 140.79 MB.
2026-09-20 14:24:15,492 Finished setting up policy.
local rank: 0 | dataset length: 15

Initalizing the ETP model ...
  0%|          | 0/15 [00:00<?, ?it/s]  7%|▋         | 1/15 [00:04<00:57,  4.13s/it] 13%|█▎        | 2/15 [00:05<00:35,  2.71s/it] 20%|██        | 3/15 [00:09<00:39,  3.29s/it] 27%|██▋       | 4/15 [00:11<00:29,  2.68s/it] 33%|███▎      | 5/15 [00:16<00:33,  3.35s/it] 40%|████      | 6/15 [00:17<00:25,  2.83s/it] 47%|████▋     | 7/15 [00:18<00:16,  2.11s/it] 53%|█████▎    | 8/15 [00:21<00:17,  2.53s/it] 60%|██████    | 9/15 [00:24<00:14,  2.46s/it] 67%|██████▋   | 10/15 [00:27<00:12,  2.60s/it] 73%|███████▎  | 11/15 [00:29<00:10,  2.52s/it] 80%|████████  | 12/15 [00:30<00:06,  2.13s/it] 87%|████████▋ | 13/15 [00:32<00:03,  1.87s/it] 93%|█████████▎| 14/15 [00:33<00:01,  1.85s/it]100%|██████████| 15/15 [00:36<00:00,  2.04s/it]I0920 14:24:51.848496 493750 PhysicsManager.cpp:33] Deconstructing PhysicsManager
I0920 14:24:51.848521 493750 SemanticScene.h:41] Deconstructing SemanticScene
I0920 14:24:51.849573 493750 SceneManager.h:25] Deconstructing SceneManager
I0920 14:24:51.849583 493750 SceneGraph.h:26] Deconstructing SceneGraph
I0920 14:24:51.849817 493750 Sensor.h:87] Deconstructing Sensor
I0920 14:24:51.849956 493750 Sensor.h:87] Deconstructing Sensor
I0920 14:24:51.850044 493750 Sensor.h:87] Deconstructing Sensor
I0920 14:24:51.850142 493750 Sensor.h:87] Deconstructing Sensor
I0920 14:24:51.850230 493750 Sensor.h:87] Deconstructing Sensor
I0920 14:24:51.850317 493750 Sensor.h:87] Deconstructing Sensor
I0920 14:24:51.850396 493750 Sensor.h:87] Deconstructing Sensor
I0920 14:24:51.850476 493750 Sensor.h:87] Deconstructing Sensor
I0920 14:24:51.850555 493750 Sensor.h:87] Deconstructing Sensor
I0920 14:24:51.850633 493750 Sensor.h:87] Deconstructing Sensor
I0920 14:24:51.850714 493750 Sensor.h:87] Deconstructing Sensor
I0920 14:24:51.850791 493750 Sensor.h:87] Deconstructing Sensor
I0920 14:24:51.850871 493750 Sensor.h:87] Deconstructing Sensor
I0920 14:24:51.850973 493750 Sensor.h:87] Deconstructing Sensor
I0920 14:24:51.851079 493750 Sensor.h:87] Deconstructing Sensor
I0920 14:24:51.851200 493750 Sensor.h:87] Deconstructing Sensor
I0920 14:24:51.851300 493750 Sensor.h:87] Deconstructing Sensor
I0920 14:24:51.851402 493750 Sensor.h:87] Deconstructing Sensor
I0920 14:24:51.851501 493750 Sensor.h:87] Deconstructing Sensor
I0920 14:24:51.851599 493750 Sensor.h:87] Deconstructing Sensor
I0920 14:24:51.851698 493750 Sensor.h:87] Deconstructing Sensor
I0920 14:24:51.851799 493750 Sensor.h:87] Deconstructing Sensor
I0920 14:24:51.851893 493750 Sensor.h:87] Deconstructing Sensor
I0920 14:24:51.851958 493750 Sensor.h:87] Deconstructing Sensor
I0920 14:24:51.853374 493750 Renderer.cpp:34] Deconstructing Renderer
I0920 14:24:51.853384 493750 WindowlessContext.h:17] Deconstructing WindowlessContext
I0920 14:24:51.855571 493750 Simulator.cpp:49] Deconstructing Simulator
2026-09-20 14:24:51,856 Episodes evaluated: 15
2026-09-20 14:24:51,856 Average episode steps_taken: 69.000000
2026-09-20 14:24:51,857 Average episode distance_to_goal: 6.990066
2026-09-20 14:24:51,857 Average episode success: 0.200000
2026-09-20 14:24:51,857 Average episode oracle_success: 0.333333
2026-09-20 14:24:51,857 Average episode path_length: 10.442391
2026-09-20 14:24:51,857 Average episode collisions: 0.031898
2026-09-20 14:24:51,857 Average episode spl: 0.150206
2026-09-20 14:24:51,857 Average episode ndtw: 0.504862
2026-09-20 14:24:51,857 Average episode sdtw: 0.135510
2026-09-20 14:24:51,857 Average episode ghost_cnt: 72.466667
2026-09-20 14:24:51,857 Average episode tour_idx: 7.000000
2026-09-20 14:24:51,857 Average episode g_nodes_total: 36.733333
2026-09-20 14:24:51,857 Average episode g_ghosts_total: 43.733333
2026-09-20 14:24:51,857 Average episode g_active_mean: 18.612698
2026-09-20 14:24:51,857 Average episode g_old_visible_mean: 16.046032
2026-09-20 14:24:51,857 Average episode g_comp_mean: 21.257143
2026-09-20 14:24:51,858 Average episode g_ghosts_visible_mean: 24.310635
2026-09-20 14:24:51,858 Average episode g_reloc_mean: 0.680635
2026-09-20 14:24:51,858 Average episode g_old_visible_max: 18.066667
2026-09-20 14:24:51,858 Average episode g_start_reloc: 1.066667
2026-09-20 14:24:51,858 Average episode g_start_comp: 15.666667
2026-09-20 14:24:51,858 Average episode g_stop_no_vp_left: 0.000000
100%|██████████| 15/15 [00:36<00:00,  2.42s/it]
[guard] finished rc=0 in 93s | peak footprint vs baseline: RAM +6289MiB, VRAM +2676MiB
