[guard] avail RAM 16G | GPU used 81MiB, compute procs 0 | load 1
[guard] hard caps on: RAM<=9G (no swap), CPU<=300%
2026-09-29 14:45:43,688 checkpoint_path: data/logs/checkpoints/release_r2r/ckpt.iter12000.pth
2026-09-29 14:45:43,688 Initializing dataset VLN-CE-v1
2026-09-29 14:45:43,709 SPLTI: tour_zsNo4H_n15_s2_o0, NUMBER OF SCENES: 1
2026-09-29 14:45:45,788 Initializing dataset VLN-CE-v1
2026-09-29 14:45:45,809 initializing sim Sim-v1
WARNING: Logging before InitGoogleLogging() is written to STDERR
I0929 14:45:45.814324 28128 ManagedContainerBase.cpp:19] ManagedContainerBase::convertFilenameToJSON : Filename : default changed to proposed JSON configuration filename : default.scene_dataset_config.json
I0929 14:45:45.814353 28128 AttributesManagerBase.h:283] AttributesManager<T>::createFromJsonOrDefaultInternal  (Dataset) : Proposing JSON name : default.scene_dataset_config.json from original name : default | This file  does not exist.
I0929 14:45:45.814397 28128 AssetAttributesManager.cpp:117] Asset attributes (capsule3DSolid : capsule3DSolid_hemiRings_4_cylRings_1_segments_12_halfLen_0.75_useTexCoords_false_useTangents_false) created and registered.
I0929 14:45:45.814414 28128 AssetAttributesManager.cpp:117] Asset attributes (capsule3DWireframe : capsule3DWireframe_hemiRings_8_cylRings_1_segments_16_halfLen_1) created and registered.
I0929 14:45:45.814429 28128 AssetAttributesManager.cpp:117] Asset attributes (coneSolid : coneSolid_segments_12_halfLen_1.25_rings_1_useTexCoords_false_useTangents_false_capEnd_true) created and registered.
I0929 14:45:45.814437 28128 AssetAttributesManager.cpp:117] Asset attributes (coneWireframe : coneWireframe_segments_32_halfLen_1.25) created and registered.
I0929 14:45:45.814450 28128 AssetAttributesManager.cpp:117] Asset attributes (cubeSolid : cubeSolid) created and registered.
I0929 14:45:45.814453 28128 AssetAttributesManager.cpp:117] Asset attributes (cubeWireframe : cubeWireframe) created and registered.
I0929 14:45:45.814467 28128 AssetAttributesManager.cpp:117] Asset attributes (cylinderSolid : cylinderSolid_rings_1_segments_12_halfLen_1_useTexCoords_false_useTangents_false_capEnds_true) created and registered.
I0929 14:45:45.814477 28128 AssetAttributesManager.cpp:117] Asset attributes (cylinderWireframe : cylinderWireframe_rings_1_segments_32_halfLen_1) created and registered.
I0929 14:45:45.814483 28128 AssetAttributesManager.cpp:117] Asset attributes (icosphereSolid : icosphereSolid_subdivs_1) created and registered.
I0929 14:45:45.814489 28128 AssetAttributesManager.cpp:117] Asset attributes (icosphereWireframe : icosphereWireframe_subdivs_1) created and registered.
I0929 14:45:45.814497 28128 AssetAttributesManager.cpp:117] Asset attributes (uvSphereSolid : uvSphereSolid_rings_8_segments_16_useTexCoords_false_useTangents_false) created and registered.
I0929 14:45:45.814504 28128 AssetAttributesManager.cpp:117] Asset attributes (uvSphereWireframe : uvSphereWireframe_rings_16_segments_32) created and registered.
I0929 14:45:45.814507 28128 AssetAttributesManager.cpp:105] AssetAttributesManager::buildCtorFuncPtrMaps : Built default primitive asset templates : 12
I0929 14:45:45.814782 28128 SceneDatasetAttributesManager.cpp:23] File (default) not found, so new default dataset attributes created and registered.
I0929 14:45:45.814785 28128 MetadataMediator.cpp:47] MetadataMediator::createDataset : Dataset default successfully created.
I0929 14:45:45.816787 28128 AttributesManagerBase.h:283] AttributesManager<T>::createFromJsonOrDefaultInternal  (Physics Manager) : Proposing JSON name : ./data/default.physics_config.json from original name : ./data/default.physics_config.json | This file  does not exist.
I0929 14:45:45.816797 28128 PhysicsAttributesManager.cpp:27] File (./data/default.physics_config.json) not found, so new default physics manager attributes created and registered.
I0929 14:45:45.816799 28128 AbstractObjectAttributesManagerBase.h:175] AbstractObjectAttributesManager<T>::createObject  (Stage) : Making attributes with handle : data/scene_datasets/mp3d/zsNo4HB9uLZ/zsNo4HB9uLZ.glb
I0929 14:45:45.816809 28128 ManagedContainerBase.cpp:19] ManagedContainerBase::convertFilenameToJSON : Filename : data/scene_datasets/mp3d/zsNo4HB9uLZ/zsNo4HB9uLZ.glb changed to proposed JSON configuration filename : data/scene_datasets/mp3d/zsNo4HB9uLZ/zsNo4HB9uLZ.stage_config.json
I0929 14:45:45.816814 28128 AttributesManagerBase.h:283] AttributesManager<T>::createFromJsonOrDefaultInternal  (Stage) : Proposing JSON name : data/scene_datasets/mp3d/zsNo4HB9uLZ/zsNo4HB9uLZ.stage_config.json from original name : data/scene_datasets/mp3d/zsNo4HB9uLZ/zsNo4HB9uLZ.glb | This file  does not exist.
I0929 14:45:45.816845 28128 AbstractObjectAttributesManagerBase.h:181] AbstractObjectAttributesManager<T>::createObject  (Stage) : Done making attributes with handle : data/scene_datasets/mp3d/zsNo4HB9uLZ/zsNo4HB9uLZ.glb
I0929 14:45:45.816846 28128 AbstractObjectAttributesManagerBase.h:188] File (data/scene_datasets/mp3d/zsNo4HB9uLZ/zsNo4HB9uLZ.glb) exists but is not a recognized config filename extension, so new default Stage attributes created and registered.
I0929 14:45:45.816849 28128 Simulator.cpp:156] Loading navmesh from data/scene_datasets/mp3d/zsNo4HB9uLZ/zsNo4HB9uLZ.navmesh
I0929 14:45:45.816905 28128 Simulator.cpp:158] Loaded.
I0929 14:45:45.816911 28128 SceneGraph.h:93] Created DrawableGroup: 
Renderer: NVIDIA T1000 8GB/PCIe/SSE2 by NVIDIA Corporation
OpenGL version: 4.6.0 NVIDIA 590.48.01
Using optional features:
    GL_ARB_ES2_compatibility
    GL_ARB_direct_state_access
    GL_ARB_get_texture_sub_image
    GL_ARB_invalidate_subdata
    GL_ARB_multi_bind
    GL_ARB_robustness
    GL_ARB_separate_shader_objects
    GL_ARB_texture_filter_anisotropic
    GL_ARB_texture_storage
    GL_ARB_texture_storage_multisample
    GL_ARB_vertex_array_object
    GL_KHR_debug
Using driver workarounds:
    no-forward-compatible-core-context
    nv-egl-incorrect-gl11-function-pointers
    no-layout-qualifiers-on-old-glsl
    nv-zero-context-profile-mask
    nv-implementation-color-read-format-dsa-broken
    nv-cubemap-inconsistent-compressed-image-size
    nv-cubemap-broken-full-compressed-image-query
    nv-compressed-block-size-in-bits
I0929 14:45:45.907325 28128 ResourceManager.cpp:234] ResourceManager::loadStage : Not loading semantic mesh
I0929 14:45:45.907332 28128 ResourceManager.cpp:262] ResourceManager::loadStage : start load render asset data/scene_datasets/mp3d/zsNo4HB9uLZ/zsNo4HB9uLZ.glb.
I0929 14:45:45.907334 28128 ResourceManager.cpp:569] ResourceManager::loadStageInternal : Attempting to load stage data/scene_datasets/mp3d/zsNo4HB9uLZ/zsNo4HB9uLZ.glb 
I0929 14:45:45.907346 28128 ResourceManager.cpp:1119] Importing Basis files as BC7 for zsNo4HB9uLZ.glb
W0929 14:45:46.764122 28128 Simulator.cpp:248] :
---
 The active scene does not contain semantic annotations. 
---
I0929 14:45:46.803056 28128 simulator.py:213] Loaded navmesh data/scene_datasets/mp3d/zsNo4HB9uLZ/zsNo4HB9uLZ.navmesh
2026-09-29 14:45:46,806 Initializing task VLN-v0
You are using a model of type bert to instantiate a model of type . This is not supported for all configurations of models and can yield errors.
Some weights of the model checkpoint at None were not used when initializing GlocalTextPathNavCMT: ['bert.global_encoder.encoder.x_layers.1.lang_self_att.output.dense.weight', 'bert.global_encoder.encoder.x_layers.2.lang_inter.dense.weight', 'mlm_head.predictions.transform.dense.bias', 'bert.global_encoder.encoder.x_layers.3.lang_output.dense.weight', 'bert.global_encoder.encoder.x_layers.2.lang_self_att.self.key.weight', 'bert.global_encoder.encoder.x_layers.3.lang_self_att.output.LayerNorm.bias', 'bert.global_encoder.encoder.x_layers.0.lang_self_att.output.dense.bias', 'bert.global_encoder.encoder.x_layers.1.lang_self_att.self.key.bias', 'bert.global_encoder.encoder.x_layers.2.lang_self_att.self.key.bias', 'bert.global_encoder.encoder.x_layers.2.lang_self_att.self.query.bias', 'mlm_head.predictions.decoder.weight', 'bert.global_encoder.encoder.x_layers.3.lang_self_att.output.LayerNorm.weight', 'bert.global_encoder.encoder.x_layers.2.lang_self_att.self.value.bias', 'bert.global_encoder.encoder.x_layers.2.lang_self_att.output.LayerNorm.weight', 'bert.global_encoder.encoder.x_layers.0.lang_self_att.output.LayerNorm.bias', 'bert.global_encoder.encoder.x_layers.1.lang_self_att.self.value.weight', 'mlm_head.predictions.transform.LayerNorm.bias', 'bert.global_encoder.encoder.x_layers.2.lang_self_att.self.value.weight', 'bert.global_encoder.encoder.x_layers.2.lang_inter.dense.bias', 'bert.global_encoder.encoder.x_layers.3.lang_self_att.output.dense.weight', 'bert.global_encoder.encoder.x_layers.3.lang_self_att.self.query.bias', 'bert.global_encoder.encoder.x_layers.0.lang_output.LayerNorm.bias', 'bert.global_encoder.encoder.x_layers.3.lang_self_att.output.dense.bias', 'mlm_head.predictions.bias', 'bert.global_encoder.encoder.x_layers.2.lang_output.dense.weight', 'bert.global_encoder.encoder.x_layers.3.lang_self_att.self.value.weight', 'bert.global_encoder.encoder.x_layers.0.lang_self_att.self.key.weight', 'bert.global_encoder.encoder.x_layers.3.lang_self_att.self.query.weight', 'mlm_head.predictions.transform.dense.weight', 'bert.global_encoder.encoder.x_layers.1.lang_self_att.self.value.bias', 'bert.global_encoder.encoder.x_layers.0.lang_self_att.self.value.weight', 'bert.global_encoder.encoder.x_layers.0.lang_self_att.output.LayerNorm.weight', 'bert.global_encoder.encoder.x_layers.2.lang_self_att.output.dense.bias', 'bert.global_encoder.encoder.x_layers.3.lang_output.LayerNorm.bias', 'bert.global_encoder.encoder.x_layers.3.lang_inter.dense.weight', 'bert.global_encoder.encoder.x_layers.2.lang_self_att.output.LayerNorm.bias', 'bert.global_encoder.encoder.x_layers.1.lang_inter.dense.weight', 'bert.global_encoder.encoder.x_layers.1.lang_self_att.output.dense.bias', 'bert.global_encoder.encoder.x_layers.3.lang_inter.dense.bias', 'bert.global_encoder.encoder.x_layers.0.lang_output.dense.weight', 'bert.global_encoder.encoder.x_layers.0.lang_output.dense.bias', 'bert.global_encoder.encoder.x_layers.1.lang_self_att.self.query.bias', 'bert.global_encoder.encoder.x_layers.1.lang_self_att.self.key.weight', 'bert.global_encoder.encoder.x_layers.0.lang_self_att.self.query.weight', 'bert.global_encoder.encoder.x_layers.1.lang_self_att.self.query.weight', 'bert.global_encoder.encoder.x_layers.0.lang_self_att.output.dense.weight', 'bert.global_encoder.encoder.x_layers.0.lang_self_att.self.value.bias', 'mlm_head.predictions.transform.LayerNorm.weight', 'bert.global_encoder.encoder.x_layers.3.lang_self_att.self.key.weight', 'bert.global_encoder.encoder.x_layers.3.lang_output.LayerNorm.weight', 'bert.global_encoder.encoder.x_layers.0.lang_output.LayerNorm.weight', 'bert.global_encoder.encoder.x_layers.1.lang_output.LayerNorm.weight', 'bert.global_encoder.encoder.x_layers.0.lang_self_att.self.query.bias', 'bert.global_encoder.encoder.x_layers.1.lang_inter.dense.bias', 'bert.global_encoder.encoder.x_layers.2.lang_self_att.output.dense.weight', 'bert.global_encoder.encoder.x_layers.2.lang_output.LayerNorm.bias', 'bert.global_encoder.encoder.x_layers.0.lang_inter.dense.weight', 'bert.global_encoder.encoder.x_layers.1.lang_output.dense.bias', 'bert.global_encoder.encoder.x_layers.0.lang_inter.dense.bias', 'bert.global_encoder.encoder.x_layers.2.lang_output.dense.bias', 'bert.global_encoder.encoder.x_layers.1.lang_output.dense.weight', 'bert.global_encoder.encoder.x_layers.3.lang_self_att.self.key.bias', 'bert.global_encoder.encoder.x_layers.1.lang_self_att.output.LayerNorm.bias', 'bert.global_encoder.encoder.x_layers.0.lang_self_att.self.key.bias', 'bert.global_encoder.encoder.x_layers.2.lang_output.LayerNorm.weight', 'bert.global_encoder.encoder.x_layers.3.lang_self_att.self.value.bias', 'bert.global_encoder.encoder.x_layers.3.lang_output.dense.bias', 'bert.global_encoder.encoder.x_layers.1.lang_self_att.output.LayerNorm.weight', 'bert.global_encoder.encoder.x_layers.1.lang_output.LayerNorm.bias', 'bert.global_encoder.encoder.x_layers.2.lang_self_att.self.query.weight']
- This IS expected if you are initializing GlocalTextPathNavCMT from the checkpoint of a model trained on another task or with another architecture (e.g. initializing a BertForSequenceClassification model from a BertForPreTraining model).
- This IS NOT expected if you are initializing GlocalTextPathNavCMT from the checkpoint of a model that you expect to be exactly identical (initializing a BertForSequenceClassification model from a BertForSequenceClassification model).
2026-09-29 14:45:51,759 Loaded weights from checkpoint: data/logs/checkpoints/release_r2r/ckpt.iter12000.pth, iteration: 12000
2026-09-29 14:45:51,761 Agent parameters: 299.14 MB. Trainable: 140.79 MB.
2026-09-29 14:45:51,761 Finished setting up policy.
local rank: 0 | dataset length: 15

Initalizing the ETP model ...
  0%|          | 0/15 [00:00<?, ?it/s]  7%|▋         | 1/15 [00:05<01:16,  5.44s/it] 13%|█▎        | 2/15 [00:17<01:58,  9.08s/it] 20%|██        | 3/15 [00:22<01:28,  7.40s/it] 27%|██▋       | 4/15 [00:25<01:02,  5.72s/it] 33%|███▎      | 5/15 [00:32<01:01,  6.15s/it] 40%|████      | 6/15 [00:34<00:43,  4.87s/it] 47%|████▋     | 7/15 [00:41<00:44,  5.57s/it] 53%|█████▎    | 8/15 [00:46<00:36,  5.28s/it] 60%|██████    | 9/15 [00:51<00:30,  5.08s/it] 67%|██████▋   | 10/15 [01:02<00:34,  6.88s/it] 73%|███████▎  | 11/15 [01:06<00:24,  6.20s/it] 80%|████████  | 12/15 [01:10<00:16,  5.50s/it] 87%|████████▋ | 13/15 [01:22<00:14,  7.38s/it] 93%|█████████▎| 14/15 [01:25<00:06,  6.10s/it]100%|██████████| 15/15 [01:30<00:00,  5.68s/it]I0929 14:47:22.022746 28128 PhysicsManager.cpp:33] Deconstructing PhysicsManager
I0929 14:47:22.022775 28128 SemanticScene.h:41] Deconstructing SemanticScene
I0929 14:47:22.023788 28128 SceneManager.h:25] Deconstructing SceneManager
I0929 14:47:22.023795 28128 SceneGraph.h:26] Deconstructing SceneGraph
I0929 14:47:22.024014 28128 Sensor.h:87] Deconstructing Sensor
I0929 14:47:22.024145 28128 Sensor.h:87] Deconstructing Sensor
I0929 14:47:22.024228 28128 Sensor.h:87] Deconstructing Sensor
I0929 14:47:22.024300 28128 Sensor.h:87] Deconstructing Sensor
I0929 14:47:22.024372 28128 Sensor.h:87] Deconstructing Sensor
I0929 14:47:22.024449 28128 Sensor.h:87] Deconstructing Sensor
I0929 14:47:22.024521 28128 Sensor.h:87] Deconstructing Sensor
I0929 14:47:22.024595 28128 Sensor.h:87] Deconstructing Sensor
I0929 14:47:22.024667 28128 Sensor.h:87] Deconstructing Sensor
I0929 14:47:22.024739 28128 Sensor.h:87] Deconstructing Sensor
I0929 14:47:22.024819 28128 Sensor.h:87] Deconstructing Sensor
I0929 14:47:22.024891 28128 Sensor.h:87] Deconstructing Sensor
I0929 14:47:22.024968 28128 Sensor.h:87] Deconstructing Sensor
I0929 14:47:22.025067 28128 Sensor.h:87] Deconstructing Sensor
I0929 14:47:22.025163 28128 Sensor.h:87] Deconstructing Sensor
I0929 14:47:22.025257 28128 Sensor.h:87] Deconstructing Sensor
I0929 14:47:22.025352 28128 Sensor.h:87] Deconstructing Sensor
I0929 14:47:22.025450 28128 Sensor.h:87] Deconstructing Sensor
I0929 14:47:22.025545 28128 Sensor.h:87] Deconstructing Sensor
I0929 14:47:22.025638 28128 Sensor.h:87] Deconstructing Sensor
I0929 14:47:22.025732 28128 Sensor.h:87] Deconstructing Sensor
I0929 14:47:22.025835 28128 Sensor.h:87] Deconstructing Sensor
I0929 14:47:22.025929 28128 Sensor.h:87] Deconstructing Sensor
I0929 14:47:22.025990 28128 Sensor.h:87] Deconstructing Sensor
I0929 14:47:22.027370 28128 Renderer.cpp:34] Deconstructing Renderer
I0929 14:47:22.027380 28128 WindowlessContext.h:17] Deconstructing WindowlessContext
I0929 14:47:22.029552 28128 Simulator.cpp:49] Deconstructing Simulator
2026-09-29 14:47:22,030 Episodes evaluated: 15
2026-09-29 14:47:22,030 Average episode steps_taken: 95.733333
2026-09-29 14:47:22,030 Average episode distance_to_goal: 5.018983
2026-09-29 14:47:22,030 Average episode success: 0.400000
2026-09-29 14:47:22,031 Average episode oracle_success: 0.466667
2026-09-29 14:47:22,031 Average episode path_length: 12.636963
2026-09-29 14:47:22,031 Average episode collisions: 0.051386
2026-09-29 14:47:22,031 Average episode spl: 0.346250
2026-09-29 14:47:22,031 Average episode ndtw: 0.587376
2026-09-29 14:47:22,031 Average episode sdtw: 0.337483
2026-09-29 14:47:22,031 Average episode ghost_cnt: 162.533333
2026-09-29 14:47:22,031 Average episode tour_idx: 7.000000
2026-09-29 14:47:22,031 Average episode g_nodes_total: 63.133333
2026-09-29 14:47:22,031 Average episode g_ghosts_total: 153.066667
2026-09-29 14:47:22,032 Average episode g_active_mean: 16.246667
2026-09-29 14:47:22,032 Average episode g_old_visible_mean: 11.880000
2026-09-29 14:47:22,032 Average episode g_comp_mean: 51.609524
2026-09-29 14:47:22,032 Average episode g_ghosts_visible_mean: 19.321587
2026-09-29 14:47:22,032 Average episode g_reloc_mean: 2.242487
2026-09-29 14:47:22,032 Average episode g_old_visible_max: 15.266667
2026-09-29 14:47:22,032 Average episode g_start_reloc: 1.666667
2026-09-29 14:47:22,032 Average episode g_start_comp: 41.133333
2026-09-29 14:47:22,032 Average episode g_stop_no_vp_left: 0.000000
100%|██████████| 15/15 [01:30<00:00,  6.02s/it]
[guard] finished rc=0 in 101s | peak footprint vs baseline: RAM +6438MiB, VRAM +2677MiB
