[guard] avail RAM 14G | GPU used 868MiB, compute procs 0 | load 2
[guard] hard caps on: RAM<=9G (no swap), CPU<=300%
2026-09-20 14:31:29,166 checkpoint_path: data/logs/checkpoints/release_r2r/ckpt.iter12000.pth
2026-09-20 14:31:29,192 Initializing dataset VLN-CE-v1
2026-09-20 14:31:29,220 SPLTI: tour_zsNo4H_n15_s1_o0, NUMBER OF SCENES: 1
2026-09-20 14:31:44,670 Initializing dataset VLN-CE-v1
2026-09-20 14:31:44,693 initializing sim Sim-v1
WARNING: Logging before InitGoogleLogging() is written to STDERR
I0920 14:31:44.697983 496797 ManagedContainerBase.cpp:19] ManagedContainerBase::convertFilenameToJSON : Filename : default changed to proposed JSON configuration filename : default.scene_dataset_config.json
I0920 14:31:44.698004 496797 AttributesManagerBase.h:283] AttributesManager<T>::createFromJsonOrDefaultInternal  (Dataset) : Proposing JSON name : default.scene_dataset_config.json from original name : default | This file  does not exist.
I0920 14:31:44.698048 496797 AssetAttributesManager.cpp:117] Asset attributes (capsule3DSolid : capsule3DSolid_hemiRings_4_cylRings_1_segments_12_halfLen_0.75_useTexCoords_false_useTangents_false) created and registered.
I0920 14:31:44.698073 496797 AssetAttributesManager.cpp:117] Asset attributes (capsule3DWireframe : capsule3DWireframe_hemiRings_8_cylRings_1_segments_16_halfLen_1) created and registered.
I0920 14:31:44.698091 496797 AssetAttributesManager.cpp:117] Asset attributes (coneSolid : coneSolid_segments_12_halfLen_1.25_rings_1_useTexCoords_false_useTangents_false_capEnd_true) created and registered.
I0920 14:31:44.698101 496797 AssetAttributesManager.cpp:117] Asset attributes (coneWireframe : coneWireframe_segments_32_halfLen_1.25) created and registered.
I0920 14:31:44.698107 496797 AssetAttributesManager.cpp:117] Asset attributes (cubeSolid : cubeSolid) created and registered.
I0920 14:31:44.698112 496797 AssetAttributesManager.cpp:117] Asset attributes (cubeWireframe : cubeWireframe) created and registered.
I0920 14:31:44.698125 496797 AssetAttributesManager.cpp:117] Asset attributes (cylinderSolid : cylinderSolid_rings_1_segments_12_halfLen_1_useTexCoords_false_useTangents_false_capEnds_true) created and registered.
I0920 14:31:44.698136 496797 AssetAttributesManager.cpp:117] Asset attributes (cylinderWireframe : cylinderWireframe_rings_1_segments_32_halfLen_1) created and registered.
I0920 14:31:44.698143 496797 AssetAttributesManager.cpp:117] Asset attributes (icosphereSolid : icosphereSolid_subdivs_1) created and registered.
I0920 14:31:44.698149 496797 AssetAttributesManager.cpp:117] Asset attributes (icosphereWireframe : icosphereWireframe_subdivs_1) created and registered.
I0920 14:31:44.698158 496797 AssetAttributesManager.cpp:117] Asset attributes (uvSphereSolid : uvSphereSolid_rings_8_segments_16_useTexCoords_false_useTangents_false) created and registered.
I0920 14:31:44.698165 496797 AssetAttributesManager.cpp:117] Asset attributes (uvSphereWireframe : uvSphereWireframe_rings_16_segments_32) created and registered.
I0920 14:31:44.698168 496797 AssetAttributesManager.cpp:105] AssetAttributesManager::buildCtorFuncPtrMaps : Built default primitive asset templates : 12
I0920 14:31:44.698465 496797 SceneDatasetAttributesManager.cpp:23] File (default) not found, so new default dataset attributes created and registered.
I0920 14:31:44.698467 496797 MetadataMediator.cpp:47] MetadataMediator::createDataset : Dataset default successfully created.
I0920 14:31:44.700639 496797 AttributesManagerBase.h:283] AttributesManager<T>::createFromJsonOrDefaultInternal  (Physics Manager) : Proposing JSON name : ./data/default.physics_config.json from original name : ./data/default.physics_config.json | This file  does not exist.
I0920 14:31:44.700650 496797 PhysicsAttributesManager.cpp:27] File (./data/default.physics_config.json) not found, so new default physics manager attributes created and registered.
I0920 14:31:44.700654 496797 AbstractObjectAttributesManagerBase.h:175] AbstractObjectAttributesManager<T>::createObject  (Stage) : Making attributes with handle : data/scene_datasets/mp3d/zsNo4HB9uLZ/zsNo4HB9uLZ.glb
I0920 14:31:44.700663 496797 ManagedContainerBase.cpp:19] ManagedContainerBase::convertFilenameToJSON : Filename : data/scene_datasets/mp3d/zsNo4HB9uLZ/zsNo4HB9uLZ.glb changed to proposed JSON configuration filename : data/scene_datasets/mp3d/zsNo4HB9uLZ/zsNo4HB9uLZ.stage_config.json
I0920 14:31:44.700666 496797 AttributesManagerBase.h:283] AttributesManager<T>::createFromJsonOrDefaultInternal  (Stage) : Proposing JSON name : data/scene_datasets/mp3d/zsNo4HB9uLZ/zsNo4HB9uLZ.stage_config.json from original name : data/scene_datasets/mp3d/zsNo4HB9uLZ/zsNo4HB9uLZ.glb | This file  does not exist.
I0920 14:31:44.700699 496797 AbstractObjectAttributesManagerBase.h:181] AbstractObjectAttributesManager<T>::createObject  (Stage) : Done making attributes with handle : data/scene_datasets/mp3d/zsNo4HB9uLZ/zsNo4HB9uLZ.glb
I0920 14:31:44.700701 496797 AbstractObjectAttributesManagerBase.h:188] File (data/scene_datasets/mp3d/zsNo4HB9uLZ/zsNo4HB9uLZ.glb) exists but is not a recognized config filename extension, so new default Stage attributes created and registered.
I0920 14:31:44.700706 496797 Simulator.cpp:156] Loading navmesh from data/scene_datasets/mp3d/zsNo4HB9uLZ/zsNo4HB9uLZ.navmesh
I0920 14:31:44.700759 496797 Simulator.cpp:158] Loaded.
I0920 14:31:44.700767 496797 SceneGraph.h:93] Created DrawableGroup: 
Renderer: NVIDIA T1000 8GB/PCIe/SSE2 by NVIDIA Corporation
OpenGL version: 4.6.0 NVIDIA 595.84
Using optional features:
    GL_ARB_ES2_compatibility
    GL_ARB_direct_state_access
    GL_ARB_get_texture_sub_image
    GL_ARB_invalidate_subdata
    GL_ARB_multi_bind
    GL_ARB_robustness
    GL_ARB_separate_shader_objects
    GL_ARB_texture_filter_anisotropic
    GL_ARB_texture_storage
    GL_ARB_texture_storage_multisample
    GL_ARB_vertex_array_object
    GL_KHR_debug
Using driver workarounds:
    no-forward-compatible-core-context
    nv-egl-incorrect-gl11-function-pointers
    no-layout-qualifiers-on-old-glsl
    nv-zero-context-profile-mask
    nv-implementation-color-read-format-dsa-broken
    nv-cubemap-inconsistent-compressed-image-size
    nv-cubemap-broken-full-compressed-image-query
    nv-compressed-block-size-in-bits
I0920 14:31:44.825098 496797 ResourceManager.cpp:234] ResourceManager::loadStage : Not loading semantic mesh
I0920 14:31:44.825109 496797 ResourceManager.cpp:262] ResourceManager::loadStage : start load render asset data/scene_datasets/mp3d/zsNo4HB9uLZ/zsNo4HB9uLZ.glb.
I0920 14:31:44.825109 496797 ResourceManager.cpp:569] ResourceManager::loadStageInternal : Attempting to load stage data/scene_datasets/mp3d/zsNo4HB9uLZ/zsNo4HB9uLZ.glb 
I0920 14:31:44.825119 496797 ResourceManager.cpp:1119] Importing Basis files as BC7 for zsNo4HB9uLZ.glb
W0920 14:31:46.022840 496797 Simulator.cpp:248] :
---
 The active scene does not contain semantic annotations. 
---
I0920 14:31:46.078343 496797 simulator.py:213] Loaded navmesh data/scene_datasets/mp3d/zsNo4HB9uLZ/zsNo4HB9uLZ.navmesh
2026-09-20 14:31:46,082 Initializing task VLN-v0
You are using a model of type bert to instantiate a model of type . This is not supported for all configurations of models and can yield errors.
Some weights of the model checkpoint at None were not used when initializing GlocalTextPathNavCMT: ['bert.global_encoder.encoder.x_layers.0.lang_self_att.output.dense.weight', 'bert.global_encoder.encoder.x_layers.3.lang_self_att.self.value.weight', 'mlm_head.predictions.decoder.weight', 'bert.global_encoder.encoder.x_layers.2.lang_output.dense.bias', 'bert.global_encoder.encoder.x_layers.0.lang_output.dense.weight', 'bert.global_encoder.encoder.x_layers.0.lang_self_att.self.value.bias', 'bert.global_encoder.encoder.x_layers.2.lang_inter.dense.bias', 'bert.global_encoder.encoder.x_layers.3.lang_inter.dense.bias', 'bert.global_encoder.encoder.x_layers.0.lang_inter.dense.weight', 'bert.global_encoder.encoder.x_layers.2.lang_self_att.self.key.weight', 'bert.global_encoder.encoder.x_layers.3.lang_inter.dense.weight', 'bert.global_encoder.encoder.x_layers.0.lang_self_att.output.LayerNorm.bias', 'bert.global_encoder.encoder.x_layers.0.lang_output.dense.bias', 'bert.global_encoder.encoder.x_layers.0.lang_inter.dense.bias', 'bert.global_encoder.encoder.x_layers.3.lang_output.LayerNorm.bias', 'bert.global_encoder.encoder.x_layers.3.lang_self_att.self.query.bias', 'bert.global_encoder.encoder.x_layers.3.lang_output.LayerNorm.weight', 'bert.global_encoder.encoder.x_layers.1.lang_self_att.output.LayerNorm.weight', 'bert.global_encoder.encoder.x_layers.1.lang_self_att.output.LayerNorm.bias', 'bert.global_encoder.encoder.x_layers.3.lang_self_att.self.query.weight', 'mlm_head.predictions.bias', 'mlm_head.predictions.transform.LayerNorm.weight', 'bert.global_encoder.encoder.x_layers.3.lang_self_att.self.key.weight', 'bert.global_encoder.encoder.x_layers.1.lang_self_att.self.key.bias', 'bert.global_encoder.encoder.x_layers.2.lang_inter.dense.weight', 'bert.global_encoder.encoder.x_layers.0.lang_self_att.output.dense.bias', 'bert.global_encoder.encoder.x_layers.0.lang_output.LayerNorm.weight', 'bert.global_encoder.encoder.x_layers.1.lang_output.LayerNorm.bias', 'bert.global_encoder.encoder.x_layers.1.lang_self_att.self.value.weight', 'mlm_head.predictions.transform.LayerNorm.bias', 'bert.global_encoder.encoder.x_layers.1.lang_output.dense.weight', 'bert.global_encoder.encoder.x_layers.0.lang_self_att.output.LayerNorm.weight', 'bert.global_encoder.encoder.x_layers.1.lang_self_att.self.key.weight', 'bert.global_encoder.encoder.x_layers.1.lang_self_att.self.query.bias', 'bert.global_encoder.encoder.x_layers.2.lang_output.dense.weight', 'mlm_head.predictions.transform.dense.weight', 'bert.global_encoder.encoder.x_layers.2.lang_self_att.self.key.bias', 'bert.global_encoder.encoder.x_layers.1.lang_inter.dense.bias', 'bert.global_encoder.encoder.x_layers.2.lang_self_att.self.value.bias', 'bert.global_encoder.encoder.x_layers.3.lang_self_att.output.LayerNorm.bias', 'bert.global_encoder.encoder.x_layers.2.lang_self_att.output.dense.weight', 'bert.global_encoder.encoder.x_layers.0.lang_self_att.self.key.bias', 'bert.global_encoder.encoder.x_layers.2.lang_self_att.output.dense.bias', 'bert.global_encoder.encoder.x_layers.2.lang_self_att.self.query.bias', 'bert.global_encoder.encoder.x_layers.1.lang_self_att.self.query.weight', 'bert.global_encoder.encoder.x_layers.2.lang_self_att.self.query.weight', 'bert.global_encoder.encoder.x_layers.2.lang_self_att.output.LayerNorm.weight', 'bert.global_encoder.encoder.x_layers.0.lang_self_att.self.value.weight', 'bert.global_encoder.encoder.x_layers.3.lang_self_att.output.dense.bias', 'bert.global_encoder.encoder.x_layers.3.lang_self_att.output.LayerNorm.weight', 'bert.global_encoder.encoder.x_layers.1.lang_self_att.self.value.bias', 'bert.global_encoder.encoder.x_layers.1.lang_output.LayerNorm.weight', 'bert.global_encoder.encoder.x_layers.3.lang_output.dense.bias', 'bert.global_encoder.encoder.x_layers.0.lang_self_att.self.key.weight', 'mlm_head.predictions.transform.dense.bias', 'bert.global_encoder.encoder.x_layers.3.lang_self_att.self.value.bias', 'bert.global_encoder.encoder.x_layers.2.lang_output.LayerNorm.bias', 'bert.global_encoder.encoder.x_layers.1.lang_output.dense.bias', 'bert.global_encoder.encoder.x_layers.3.lang_self_att.output.dense.weight', 'bert.global_encoder.encoder.x_layers.0.lang_self_att.self.query.weight', 'bert.global_encoder.encoder.x_layers.1.lang_self_att.output.dense.bias', 'bert.global_encoder.encoder.x_layers.2.lang_self_att.output.LayerNorm.bias', 'bert.global_encoder.encoder.x_layers.1.lang_inter.dense.weight', 'bert.global_encoder.encoder.x_layers.3.lang_output.dense.weight', 'bert.global_encoder.encoder.x_layers.0.lang_output.LayerNorm.bias', 'bert.global_encoder.encoder.x_layers.3.lang_self_att.self.key.bias', 'bert.global_encoder.encoder.x_layers.2.lang_self_att.self.value.weight', 'bert.global_encoder.encoder.x_layers.0.lang_self_att.self.query.bias', 'bert.global_encoder.encoder.x_layers.1.lang_self_att.output.dense.weight', 'bert.global_encoder.encoder.x_layers.2.lang_output.LayerNorm.weight']
- This IS expected if you are initializing GlocalTextPathNavCMT from the checkpoint of a model trained on another task or with another architecture (e.g. initializing a BertForSequenceClassification model from a BertForPreTraining model).
- This IS NOT expected if you are initializing GlocalTextPathNavCMT from the checkpoint of a model that you expect to be exactly identical (initializing a BertForSequenceClassification model from a BertForSequenceClassification model).
2026-09-20 14:32:14,013 Loaded weights from checkpoint: data/logs/checkpoints/release_r2r/ckpt.iter12000.pth, iteration: 12000
2026-09-20 14:32:14,031 Agent parameters: 299.14 MB. Trainable: 140.79 MB.
2026-09-20 14:32:14,031 Finished setting up policy.
local rank: 0 | dataset length: 15

Initalizing the ETP model ...
  0%|          | 0/15 [00:00<?, ?it/s]  7%|▋         | 1/15 [00:05<01:12,  5.21s/it] 13%|█▎        | 2/15 [00:10<01:06,  5.10s/it] 20%|██        | 3/15 [00:11<00:39,  3.30s/it] 27%|██▋       | 4/15 [00:12<00:27,  2.45s/it] 33%|███▎      | 5/15 [00:14<00:22,  2.22s/it] 40%|████      | 6/15 [00:16<00:18,  2.07s/it] 47%|████▋     | 7/15 [00:17<00:14,  1.78s/it] 53%|█████▎    | 8/15 [00:19<00:13,  1.95s/it] 60%|██████    | 9/15 [00:20<00:09,  1.52s/it] 67%|██████▋   | 10/15 [00:21<00:07,  1.59s/it] 73%|███████▎  | 11/15 [00:22<00:05,  1.29s/it] 80%|████████  | 12/15 [00:23<00:03,  1.08s/it] 87%|████████▋ | 13/15 [00:25<00:02,  1.46s/it] 93%|█████████▎| 14/15 [00:27<00:01,  1.56s/it]100%|██████████| 15/15 [00:29<00:00,  1.78s/it]I0920 14:32:43.641609 496797 PhysicsManager.cpp:33] Deconstructing PhysicsManager
I0920 14:32:43.641630 496797 SemanticScene.h:41] Deconstructing SemanticScene
I0920 14:32:43.642746 496797 SceneManager.h:25] Deconstructing SceneManager
I0920 14:32:43.642757 496797 SceneGraph.h:26] Deconstructing SceneGraph
I0920 14:32:43.643049 496797 Sensor.h:87] Deconstructing Sensor
I0920 14:32:43.643218 496797 Sensor.h:87] Deconstructing Sensor
I0920 14:32:43.643332 496797 Sensor.h:87] Deconstructing Sensor
I0920 14:32:43.643419 496797 Sensor.h:87] Deconstructing Sensor
I0920 14:32:43.643502 496797 Sensor.h:87] Deconstructing Sensor
I0920 14:32:43.643589 496797 Sensor.h:87] Deconstructing Sensor
I0920 14:32:43.643668 496797 Sensor.h:87] Deconstructing Sensor
I0920 14:32:43.643747 496797 Sensor.h:87] Deconstructing Sensor
I0920 14:32:43.643836 496797 Sensor.h:87] Deconstructing Sensor
I0920 14:32:43.643934 496797 Sensor.h:87] Deconstructing Sensor
I0920 14:32:43.644037 496797 Sensor.h:87] Deconstructing Sensor
I0920 14:32:43.644243 496797 Sensor.h:87] Deconstructing Sensor
I0920 14:32:43.644347 496797 Sensor.h:87] Deconstructing Sensor
I0920 14:32:43.644464 496797 Sensor.h:87] Deconstructing Sensor
I0920 14:32:43.644572 496797 Sensor.h:87] Deconstructing Sensor
I0920 14:32:43.644680 496797 Sensor.h:87] Deconstructing Sensor
I0920 14:32:43.644785 496797 Sensor.h:87] Deconstructing Sensor
I0920 14:32:43.644893 496797 Sensor.h:87] Deconstructing Sensor
I0920 14:32:43.644992 496797 Sensor.h:87] Deconstructing Sensor
I0920 14:32:43.645094 496797 Sensor.h:87] Deconstructing Sensor
I0920 14:32:43.645195 496797 Sensor.h:87] Deconstructing Sensor
I0920 14:32:43.645298 496797 Sensor.h:87] Deconstructing Sensor
I0920 14:32:43.645394 496797 Sensor.h:87] Deconstructing Sensor
I0920 14:32:43.645458 496797 Sensor.h:87] Deconstructing Sensor
I0920 14:32:43.647073 496797 Renderer.cpp:34] Deconstructing Renderer
I0920 14:32:43.647085 496797 WindowlessContext.h:17] Deconstructing WindowlessContext
I0920 14:32:43.649104 496797 Simulator.cpp:49] Deconstructing Simulator
2026-09-20 14:32:43,650 Episodes evaluated: 15
2026-09-20 14:32:43,650 Average episode steps_taken: 48.733333
2026-09-20 14:32:43,650 Average episode distance_to_goal: 6.439653
2026-09-20 14:32:43,650 Average episode success: 0.333333
2026-09-20 14:32:43,650 Average episode oracle_success: 0.466667
2026-09-20 14:32:43,650 Average episode path_length: 7.140810
2026-09-20 14:32:43,650 Average episode collisions: 0.029313
2026-09-20 14:32:43,650 Average episode spl: 0.276176
2026-09-20 14:32:43,650 Average episode ndtw: 0.480215
2026-09-20 14:32:43,650 Average episode sdtw: 0.289058
2026-09-20 14:32:43,650 Average episode ghost_cnt: 68.933333
2026-09-20 14:32:43,650 Average episode tour_idx: 7.000000
2026-09-20 14:32:43,651 Average episode g_nodes_total: 32.000000
2026-09-20 14:32:43,651 Average episode g_ghosts_total: 44.933333
2026-09-20 14:32:43,651 Average episode g_active_mean: 13.911111
2026-09-20 14:32:43,651 Average episode g_old_visible_mean: 11.711111
2026-09-20 14:32:43,651 Average episode g_comp_mean: 19.277778
2026-09-20 14:32:43,651 Average episode g_ghosts_visible_mean: 19.953704
2026-09-20 14:32:43,651 Average episode g_reloc_mean: 0.961111
2026-09-20 14:32:43,651 Average episode g_old_visible_max: 13.266667
2026-09-20 14:32:43,651 Average episode g_start_reloc: 1.066667
2026-09-20 14:32:43,651 Average episode g_start_comp: 14.133333
2026-09-20 14:32:43,651 Average episode g_stop_no_vp_left: 0.000000
100%|██████████| 15/15 [00:29<00:00,  1.97s/it]
[guard] finished rc=0 in 92s | peak footprint vs baseline: RAM +6370MiB, VRAM +2671MiB
