[guard] avail RAM 14G | GPU used 845MiB, compute procs 0 | load 1
[guard] hard caps on: RAM<=9G (no swap), CPU<=300%
2026-09-20 13:25:38,706 checkpoint_path: data/logs/checkpoints/release_r2r/ckpt.iter12000.pth
2026-09-20 13:25:38,706 Initializing dataset VLN-CE-v1
2026-09-20 13:25:38,727 SPLTI: tour_zsNo4H_n15_s0_o0, NUMBER OF SCENES: 1
2026-09-20 13:25:54,057 Initializing dataset VLN-CE-v1
2026-09-20 13:25:54,079 initializing sim Sim-v1
WARNING: Logging before InitGoogleLogging() is written to STDERR
I0920 13:25:54.083454 470025 ManagedContainerBase.cpp:19] ManagedContainerBase::convertFilenameToJSON : Filename : default changed to proposed JSON configuration filename : default.scene_dataset_config.json
I0920 13:25:54.083479 470025 AttributesManagerBase.h:283] AttributesManager<T>::createFromJsonOrDefaultInternal  (Dataset) : Proposing JSON name : default.scene_dataset_config.json from original name : default | This file  does not exist.
I0920 13:25:54.083523 470025 AssetAttributesManager.cpp:117] Asset attributes (capsule3DSolid : capsule3DSolid_hemiRings_4_cylRings_1_segments_12_halfLen_0.75_useTexCoords_false_useTangents_false) created and registered.
I0920 13:25:54.083539 470025 AssetAttributesManager.cpp:117] Asset attributes (capsule3DWireframe : capsule3DWireframe_hemiRings_8_cylRings_1_segments_16_halfLen_1) created and registered.
I0920 13:25:54.083555 470025 AssetAttributesManager.cpp:117] Asset attributes (coneSolid : coneSolid_segments_12_halfLen_1.25_rings_1_useTexCoords_false_useTangents_false_capEnd_true) created and registered.
I0920 13:25:54.083564 470025 AssetAttributesManager.cpp:117] Asset attributes (coneWireframe : coneWireframe_segments_32_halfLen_1.25) created and registered.
I0920 13:25:54.083570 470025 AssetAttributesManager.cpp:117] Asset attributes (cubeSolid : cubeSolid) created and registered.
I0920 13:25:54.083575 470025 AssetAttributesManager.cpp:117] Asset attributes (cubeWireframe : cubeWireframe) created and registered.
I0920 13:25:54.083587 470025 AssetAttributesManager.cpp:117] Asset attributes (cylinderSolid : cylinderSolid_rings_1_segments_12_halfLen_1_useTexCoords_false_useTangents_false_capEnds_true) created and registered.
I0920 13:25:54.083597 470025 AssetAttributesManager.cpp:117] Asset attributes (cylinderWireframe : cylinderWireframe_rings_1_segments_32_halfLen_1) created and registered.
I0920 13:25:54.083603 470025 AssetAttributesManager.cpp:117] Asset attributes (icosphereSolid : icosphereSolid_subdivs_1) created and registered.
I0920 13:25:54.083608 470025 AssetAttributesManager.cpp:117] Asset attributes (icosphereWireframe : icosphereWireframe_subdivs_1) created and registered.
I0920 13:25:54.083617 470025 AssetAttributesManager.cpp:117] Asset attributes (uvSphereSolid : uvSphereSolid_rings_8_segments_16_useTexCoords_false_useTangents_false) created and registered.
I0920 13:25:54.083626 470025 AssetAttributesManager.cpp:117] Asset attributes (uvSphereWireframe : uvSphereWireframe_rings_16_segments_32) created and registered.
I0920 13:25:54.083628 470025 AssetAttributesManager.cpp:105] AssetAttributesManager::buildCtorFuncPtrMaps : Built default primitive asset templates : 12
I0920 13:25:54.083899 470025 SceneDatasetAttributesManager.cpp:23] File (default) not found, so new default dataset attributes created and registered.
I0920 13:25:54.083900 470025 MetadataMediator.cpp:47] MetadataMediator::createDataset : Dataset default successfully created.
I0920 13:25:54.085978 470025 AttributesManagerBase.h:283] AttributesManager<T>::createFromJsonOrDefaultInternal  (Physics Manager) : Proposing JSON name : ./data/default.physics_config.json from original name : ./data/default.physics_config.json | This file  does not exist.
I0920 13:25:54.085989 470025 PhysicsAttributesManager.cpp:27] File (./data/default.physics_config.json) not found, so new default physics manager attributes created and registered.
I0920 13:25:54.085992 470025 AbstractObjectAttributesManagerBase.h:175] AbstractObjectAttributesManager<T>::createObject  (Stage) : Making attributes with handle : data/scene_datasets/mp3d/zsNo4HB9uLZ/zsNo4HB9uLZ.glb
I0920 13:25:54.086002 470025 ManagedContainerBase.cpp:19] ManagedContainerBase::convertFilenameToJSON : Filename : data/scene_datasets/mp3d/zsNo4HB9uLZ/zsNo4HB9uLZ.glb changed to proposed JSON configuration filename : data/scene_datasets/mp3d/zsNo4HB9uLZ/zsNo4HB9uLZ.stage_config.json
I0920 13:25:54.086005 470025 AttributesManagerBase.h:283] AttributesManager<T>::createFromJsonOrDefaultInternal  (Stage) : Proposing JSON name : data/scene_datasets/mp3d/zsNo4HB9uLZ/zsNo4HB9uLZ.stage_config.json from original name : data/scene_datasets/mp3d/zsNo4HB9uLZ/zsNo4HB9uLZ.glb | This file  does not exist.
I0920 13:25:54.086036 470025 AbstractObjectAttributesManagerBase.h:181] AbstractObjectAttributesManager<T>::createObject  (Stage) : Done making attributes with handle : data/scene_datasets/mp3d/zsNo4HB9uLZ/zsNo4HB9uLZ.glb
I0920 13:25:54.086038 470025 AbstractObjectAttributesManagerBase.h:188] File (data/scene_datasets/mp3d/zsNo4HB9uLZ/zsNo4HB9uLZ.glb) exists but is not a recognized config filename extension, so new default Stage attributes created and registered.
I0920 13:25:54.086041 470025 Simulator.cpp:156] Loading navmesh from data/scene_datasets/mp3d/zsNo4HB9uLZ/zsNo4HB9uLZ.navmesh
I0920 13:25:54.086103 470025 Simulator.cpp:158] Loaded.
I0920 13:25:54.086113 470025 SceneGraph.h:93] Created DrawableGroup: 
Renderer: NVIDIA T1000 8GB/PCIe/SSE2 by NVIDIA Corporation
OpenGL version: 4.6.0 NVIDIA 595.84
Using optional features:
    GL_ARB_ES2_compatibility
    GL_ARB_direct_state_access
    GL_ARB_get_texture_sub_image
    GL_ARB_invalidate_subdata
    GL_ARB_multi_bind
    GL_ARB_robustness
    GL_ARB_separate_shader_objects
    GL_ARB_texture_filter_anisotropic
    GL_ARB_texture_storage
    GL_ARB_texture_storage_multisample
    GL_ARB_vertex_array_object
    GL_KHR_debug
Using driver workarounds:
    no-forward-compatible-core-context
    nv-egl-incorrect-gl11-function-pointers
    no-layout-qualifiers-on-old-glsl
    nv-zero-context-profile-mask
    nv-implementation-color-read-format-dsa-broken
    nv-cubemap-inconsistent-compressed-image-size
    nv-cubemap-broken-full-compressed-image-query
    nv-compressed-block-size-in-bits
I0920 13:25:54.180451 470025 ResourceManager.cpp:234] ResourceManager::loadStage : Not loading semantic mesh
I0920 13:25:54.180459 470025 ResourceManager.cpp:262] ResourceManager::loadStage : start load render asset data/scene_datasets/mp3d/zsNo4HB9uLZ/zsNo4HB9uLZ.glb.
I0920 13:25:54.180460 470025 ResourceManager.cpp:569] ResourceManager::loadStageInternal : Attempting to load stage data/scene_datasets/mp3d/zsNo4HB9uLZ/zsNo4HB9uLZ.glb 
I0920 13:25:54.180469 470025 ResourceManager.cpp:1119] Importing Basis files as BC7 for zsNo4HB9uLZ.glb
W0920 13:25:55.073891 470025 Simulator.cpp:248] :
---
 The active scene does not contain semantic annotations. 
---
I0920 13:25:55.115077 470025 simulator.py:213] Loaded navmesh data/scene_datasets/mp3d/zsNo4HB9uLZ/zsNo4HB9uLZ.navmesh
2026-09-20 13:25:55,119 Initializing task VLN-v0
You are using a model of type bert to instantiate a model of type . This is not supported for all configurations of models and can yield errors.
Some weights of the model checkpoint at None were not used when initializing GlocalTextPathNavCMT: ['bert.global_encoder.encoder.x_layers.2.lang_self_att.self.query.weight', 'bert.global_encoder.encoder.x_layers.3.lang_self_att.self.query.bias', 'mlm_head.predictions.transform.dense.weight', 'bert.global_encoder.encoder.x_layers.1.lang_output.LayerNorm.bias', 'bert.global_encoder.encoder.x_layers.1.lang_output.LayerNorm.weight', 'bert.global_encoder.encoder.x_layers.1.lang_self_att.self.query.bias', 'bert.global_encoder.encoder.x_layers.1.lang_self_att.self.key.weight', 'bert.global_encoder.encoder.x_layers.0.lang_self_att.self.query.bias', 'bert.global_encoder.encoder.x_layers.0.lang_self_att.output.dense.weight', 'mlm_head.predictions.bias', 'bert.global_encoder.encoder.x_layers.2.lang_inter.dense.bias', 'bert.global_encoder.encoder.x_layers.2.lang_inter.dense.weight', 'bert.global_encoder.encoder.x_layers.2.lang_output.LayerNorm.bias', 'bert.global_encoder.encoder.x_layers.2.lang_output.dense.bias', 'bert.global_encoder.encoder.x_layers.0.lang_self_att.self.key.weight', 'bert.global_encoder.encoder.x_layers.1.lang_output.dense.bias', 'bert.global_encoder.encoder.x_layers.2.lang_output.dense.weight', 'bert.global_encoder.encoder.x_layers.3.lang_output.LayerNorm.bias', 'bert.global_encoder.encoder.x_layers.0.lang_output.dense.bias', 'bert.global_encoder.encoder.x_layers.1.lang_self_att.self.value.bias', 'bert.global_encoder.encoder.x_layers.3.lang_self_att.output.dense.weight', 'bert.global_encoder.encoder.x_layers.2.lang_self_att.self.value.bias', 'bert.global_encoder.encoder.x_layers.1.lang_self_att.output.LayerNorm.bias', 'bert.global_encoder.encoder.x_layers.3.lang_output.LayerNorm.weight', 'bert.global_encoder.encoder.x_layers.3.lang_output.dense.bias', 'bert.global_encoder.encoder.x_layers.0.lang_output.dense.weight', 'bert.global_encoder.encoder.x_layers.0.lang_self_att.self.query.weight', 'bert.global_encoder.encoder.x_layers.1.lang_inter.dense.weight', 'bert.global_encoder.encoder.x_layers.0.lang_self_att.self.key.bias', 'bert.global_encoder.encoder.x_layers.3.lang_self_att.self.key.bias', 'bert.global_encoder.encoder.x_layers.2.lang_self_att.self.query.bias', 'bert.global_encoder.encoder.x_layers.0.lang_self_att.output.LayerNorm.weight', 'bert.global_encoder.encoder.x_layers.3.lang_inter.dense.weight', 'bert.global_encoder.encoder.x_layers.0.lang_inter.dense.weight', 'bert.global_encoder.encoder.x_layers.2.lang_self_att.output.LayerNorm.bias', 'bert.global_encoder.encoder.x_layers.0.lang_self_att.output.dense.bias', 'bert.global_encoder.encoder.x_layers.2.lang_self_att.self.key.weight', 'bert.global_encoder.encoder.x_layers.1.lang_self_att.self.key.bias', 'bert.global_encoder.encoder.x_layers.1.lang_output.dense.weight', 'bert.global_encoder.encoder.x_layers.2.lang_self_att.output.dense.bias', 'mlm_head.predictions.transform.LayerNorm.bias', 'bert.global_encoder.encoder.x_layers.1.lang_self_att.self.query.weight', 'bert.global_encoder.encoder.x_layers.3.lang_output.dense.weight', 'bert.global_encoder.encoder.x_layers.0.lang_output.LayerNorm.weight', 'bert.global_encoder.encoder.x_layers.0.lang_self_att.self.value.bias', 'mlm_head.predictions.transform.dense.bias', 'bert.global_encoder.encoder.x_layers.3.lang_self_att.output.LayerNorm.bias', 'bert.global_encoder.encoder.x_layers.3.lang_self_att.self.value.bias', 'bert.global_encoder.encoder.x_layers.1.lang_self_att.output.dense.weight', 'bert.global_encoder.encoder.x_layers.0.lang_inter.dense.bias', 'bert.global_encoder.encoder.x_layers.3.lang_self_att.self.query.weight', 'bert.global_encoder.encoder.x_layers.3.lang_self_att.output.dense.bias', 'bert.global_encoder.encoder.x_layers.1.lang_self_att.self.value.weight', 'bert.global_encoder.encoder.x_layers.2.lang_output.LayerNorm.weight', 'bert.global_encoder.encoder.x_layers.3.lang_self_att.self.key.weight', 'bert.global_encoder.encoder.x_layers.2.lang_self_att.self.key.bias', 'bert.global_encoder.encoder.x_layers.0.lang_self_att.output.LayerNorm.bias', 'bert.global_encoder.encoder.x_layers.3.lang_self_att.self.value.weight', 'bert.global_encoder.encoder.x_layers.3.lang_inter.dense.bias', 'mlm_head.predictions.transform.LayerNorm.weight', 'bert.global_encoder.encoder.x_layers.3.lang_self_att.output.LayerNorm.weight', 'bert.global_encoder.encoder.x_layers.1.lang_self_att.output.LayerNorm.weight', 'bert.global_encoder.encoder.x_layers.2.lang_self_att.output.dense.weight', 'bert.global_encoder.encoder.x_layers.2.lang_self_att.self.value.weight', 'bert.global_encoder.encoder.x_layers.0.lang_self_att.self.value.weight', 'bert.global_encoder.encoder.x_layers.2.lang_self_att.output.LayerNorm.weight', 'bert.global_encoder.encoder.x_layers.0.lang_output.LayerNorm.bias', 'bert.global_encoder.encoder.x_layers.1.lang_inter.dense.bias', 'mlm_head.predictions.decoder.weight', 'bert.global_encoder.encoder.x_layers.1.lang_self_att.output.dense.bias']
- This IS expected if you are initializing GlocalTextPathNavCMT from the checkpoint of a model trained on another task or with another architecture (e.g. initializing a BertForSequenceClassification model from a BertForPreTraining model).
- This IS NOT expected if you are initializing GlocalTextPathNavCMT from the checkpoint of a model that you expect to be exactly identical (initializing a BertForSequenceClassification model from a BertForSequenceClassification model).
2026-09-20 13:26:06,607 Loaded weights from checkpoint: data/logs/checkpoints/release_r2r/ckpt.iter12000.pth, iteration: 12000
2026-09-20 13:26:06,609 Agent parameters: 299.14 MB. Trainable: 140.79 MB.
2026-09-20 13:26:06,609 Finished setting up policy.
local rank: 0 | dataset length: 15

Initalizing the ETP model ...
  0%|          | 0/15 [00:00<?, ?it/s]  7%|▋         | 1/15 [00:04<00:59,  4.23s/it] 13%|█▎        | 2/15 [00:09<01:02,  4.78s/it] 20%|██        | 3/15 [00:12<00:48,  4.06s/it] 27%|██▋       | 4/15 [00:14<00:36,  3.29s/it] 33%|███▎      | 5/15 [00:15<00:24,  2.50s/it] 40%|████      | 6/15 [00:18<00:22,  2.54s/it] 47%|████▋     | 7/15 [00:20<00:19,  2.43s/it] 53%|█████▎    | 8/15 [00:28<00:29,  4.15s/it] 60%|██████    | 9/15 [00:30<00:21,  3.52s/it] 67%|██████▋   | 10/15 [00:35<00:19,  3.92s/it] 73%|███████▎  | 11/15 [00:37<00:13,  3.38s/it] 80%|████████  | 12/15 [00:39<00:09,  3.01s/it] 87%|████████▋ | 13/15 [00:44<00:06,  3.42s/it] 93%|█████████▎| 14/15 [00:52<00:04,  4.84s/it]100%|██████████| 15/15 [00:54<00:00,  4.04s/it]I0920 13:27:01.009016 470025 PhysicsManager.cpp:33] Deconstructing PhysicsManager
I0920 13:27:01.009037 470025 SemanticScene.h:41] Deconstructing SemanticScene
I0920 13:27:01.010069 470025 SceneManager.h:25] Deconstructing SceneManager
I0920 13:27:01.010076 470025 SceneGraph.h:26] Deconstructing SceneGraph
I0920 13:27:01.010300 470025 Sensor.h:87] Deconstructing Sensor
I0920 13:27:01.010442 470025 Sensor.h:87] Deconstructing Sensor
I0920 13:27:01.010526 470025 Sensor.h:87] Deconstructing Sensor
I0920 13:27:01.010604 470025 Sensor.h:87] Deconstructing Sensor
I0920 13:27:01.010681 470025 Sensor.h:87] Deconstructing Sensor
I0920 13:27:01.010762 470025 Sensor.h:87] Deconstructing Sensor
I0920 13:27:01.010836 470025 Sensor.h:87] Deconstructing Sensor
I0920 13:27:01.010911 470025 Sensor.h:87] Deconstructing Sensor
I0920 13:27:01.010988 470025 Sensor.h:87] Deconstructing Sensor
I0920 13:27:01.011071 470025 Sensor.h:87] Deconstructing Sensor
I0920 13:27:01.011150 470025 Sensor.h:87] Deconstructing Sensor
I0920 13:27:01.011224 470025 Sensor.h:87] Deconstructing Sensor
I0920 13:27:01.011298 470025 Sensor.h:87] Deconstructing Sensor
I0920 13:27:01.011399 470025 Sensor.h:87] Deconstructing Sensor
I0920 13:27:01.011494 470025 Sensor.h:87] Deconstructing Sensor
I0920 13:27:01.011585 470025 Sensor.h:87] Deconstructing Sensor
I0920 13:27:01.011677 470025 Sensor.h:87] Deconstructing Sensor
I0920 13:27:01.011776 470025 Sensor.h:87] Deconstructing Sensor
I0920 13:27:01.011873 470025 Sensor.h:87] Deconstructing Sensor
I0920 13:27:01.011968 470025 Sensor.h:87] Deconstructing Sensor
I0920 13:27:01.012069 470025 Sensor.h:87] Deconstructing Sensor
I0920 13:27:01.012164 470025 Sensor.h:87] Deconstructing Sensor
I0920 13:27:01.012255 470025 Sensor.h:87] Deconstructing Sensor
I0920 13:27:01.012316 470025 Sensor.h:87] Deconstructing Sensor
I0920 13:27:01.013629 470025 Renderer.cpp:34] Deconstructing Renderer
I0920 13:27:01.013638 470025 WindowlessContext.h:17] Deconstructing WindowlessContext
I0920 13:27:01.015564 470025 Simulator.cpp:49] Deconstructing Simulator
2026-09-20 13:27:01,017 Episodes evaluated: 15
2026-09-20 13:27:01,017 Average episode steps_taken: 135.666667
2026-09-20 13:27:01,017 Average episode distance_to_goal: 5.624285
2026-09-20 13:27:01,017 Average episode success: 0.333333
2026-09-20 13:27:01,017 Average episode oracle_success: 0.466667
2026-09-20 13:27:01,017 Average episode path_length: 17.973442
2026-09-20 13:27:01,017 Average episode collisions: 0.633639
2026-09-20 13:27:01,017 Average episode spl: 0.260316
2026-09-20 13:27:01,017 Average episode ndtw: 0.485832
2026-09-20 13:27:01,018 Average episode sdtw: 0.241047
2026-09-20 13:27:01,018 Average episode ghost_cnt: 96.000000
2026-09-20 13:27:01,018 Average episode tour_idx: 7.000000
2026-09-20 13:27:01,018 Average episode g_nodes_total: 52.666667
2026-09-20 13:27:01,018 Average episode g_ghosts_total: 51.333333
2026-09-20 13:27:01,018 Average episode g_active_mean: 15.054815
2026-09-20 13:27:01,018 Average episode g_old_visible_mean: 11.154815
2026-09-20 13:27:01,018 Average episode g_comp_mean: 33.666667
2026-09-20 13:27:01,018 Average episode g_ghosts_visible_mean: 16.192593
2026-09-20 13:27:01,018 Average episode g_reloc_mean: 0.807778
2026-09-20 13:27:01,018 Average episode g_old_visible_max: 14.933333
2026-09-20 13:27:01,019 Average episode g_start_reloc: 0.800000
2026-09-20 13:27:01,019 Average episode g_start_comp: 27.066667
2026-09-20 13:27:01,019 Average episode g_stop_no_vp_left: 0.000000
100%|██████████| 15/15 [00:54<00:00,  3.63s/it]
[guard] finished rc=0 in 98s | peak footprint vs baseline: RAM +6422MiB, VRAM +2675MiB
