[guard] avail RAM 14G | GPU used 805MiB, compute procs 0 | load 2
[guard] hard caps on: RAM<=9G (no swap), CPU<=300%
2026-09-20 14:19:29,484 checkpoint_path: data/logs/checkpoints/release_r2r/ckpt.iter12000.pth
2026-09-20 14:19:29,485 Initializing dataset VLN-CE-v1
2026-09-20 14:19:29,508 SPLTI: tour_zsNo4H_n15_s2_o0, NUMBER OF SCENES: 1
2026-09-20 14:19:45,749 Initializing dataset VLN-CE-v1
2026-09-20 14:19:45,772 initializing sim Sim-v1
WARNING: Logging before InitGoogleLogging() is written to STDERR
I0920 14:19:45.777122 491731 ManagedContainerBase.cpp:19] ManagedContainerBase::convertFilenameToJSON : Filename : default changed to proposed JSON configuration filename : default.scene_dataset_config.json
I0920 14:19:45.777158 491731 AttributesManagerBase.h:283] AttributesManager<T>::createFromJsonOrDefaultInternal  (Dataset) : Proposing JSON name : default.scene_dataset_config.json from original name : default | This file  does not exist.
I0920 14:19:45.777210 491731 AssetAttributesManager.cpp:117] Asset attributes (capsule3DSolid : capsule3DSolid_hemiRings_4_cylRings_1_segments_12_halfLen_0.75_useTexCoords_false_useTangents_false) created and registered.
I0920 14:19:45.777228 491731 AssetAttributesManager.cpp:117] Asset attributes (capsule3DWireframe : capsule3DWireframe_hemiRings_8_cylRings_1_segments_16_halfLen_1) created and registered.
I0920 14:19:45.777245 491731 AssetAttributesManager.cpp:117] Asset attributes (coneSolid : coneSolid_segments_12_halfLen_1.25_rings_1_useTexCoords_false_useTangents_false_capEnd_true) created and registered.
I0920 14:19:45.777256 491731 AssetAttributesManager.cpp:117] Asset attributes (coneWireframe : coneWireframe_segments_32_halfLen_1.25) created and registered.
I0920 14:19:45.777261 491731 AssetAttributesManager.cpp:117] Asset attributes (cubeSolid : cubeSolid) created and registered.
I0920 14:19:45.777266 491731 AssetAttributesManager.cpp:117] Asset attributes (cubeWireframe : cubeWireframe) created and registered.
I0920 14:19:45.777283 491731 AssetAttributesManager.cpp:117] Asset attributes (cylinderSolid : cylinderSolid_rings_1_segments_12_halfLen_1_useTexCoords_false_useTangents_false_capEnds_true) created and registered.
I0920 14:19:45.777294 491731 AssetAttributesManager.cpp:117] Asset attributes (cylinderWireframe : cylinderWireframe_rings_1_segments_32_halfLen_1) created and registered.
I0920 14:19:45.777302 491731 AssetAttributesManager.cpp:117] Asset attributes (icosphereSolid : icosphereSolid_subdivs_1) created and registered.
I0920 14:19:45.777307 491731 AssetAttributesManager.cpp:117] Asset attributes (icosphereWireframe : icosphereWireframe_subdivs_1) created and registered.
I0920 14:19:45.777318 491731 AssetAttributesManager.cpp:117] Asset attributes (uvSphereSolid : uvSphereSolid_rings_8_segments_16_useTexCoords_false_useTangents_false) created and registered.
I0920 14:19:45.777325 491731 AssetAttributesManager.cpp:117] Asset attributes (uvSphereWireframe : uvSphereWireframe_rings_16_segments_32) created and registered.
I0920 14:19:45.777328 491731 AssetAttributesManager.cpp:105] AssetAttributesManager::buildCtorFuncPtrMaps : Built default primitive asset templates : 12
I0920 14:19:45.777619 491731 SceneDatasetAttributesManager.cpp:23] File (default) not found, so new default dataset attributes created and registered.
I0920 14:19:45.777621 491731 MetadataMediator.cpp:47] MetadataMediator::createDataset : Dataset default successfully created.
I0920 14:19:45.779796 491731 AttributesManagerBase.h:283] AttributesManager<T>::createFromJsonOrDefaultInternal  (Physics Manager) : Proposing JSON name : ./data/default.physics_config.json from original name : ./data/default.physics_config.json | This file  does not exist.
I0920 14:19:45.779809 491731 PhysicsAttributesManager.cpp:27] File (./data/default.physics_config.json) not found, so new default physics manager attributes created and registered.
I0920 14:19:45.779812 491731 AbstractObjectAttributesManagerBase.h:175] AbstractObjectAttributesManager<T>::createObject  (Stage) : Making attributes with handle : data/scene_datasets/mp3d/zsNo4HB9uLZ/zsNo4HB9uLZ.glb
I0920 14:19:45.779824 491731 ManagedContainerBase.cpp:19] ManagedContainerBase::convertFilenameToJSON : Filename : data/scene_datasets/mp3d/zsNo4HB9uLZ/zsNo4HB9uLZ.glb changed to proposed JSON configuration filename : data/scene_datasets/mp3d/zsNo4HB9uLZ/zsNo4HB9uLZ.stage_config.json
I0920 14:19:45.779826 491731 AttributesManagerBase.h:283] AttributesManager<T>::createFromJsonOrDefaultInternal  (Stage) : Proposing JSON name : data/scene_datasets/mp3d/zsNo4HB9uLZ/zsNo4HB9uLZ.stage_config.json from original name : data/scene_datasets/mp3d/zsNo4HB9uLZ/zsNo4HB9uLZ.glb | This file  does not exist.
I0920 14:19:45.779860 491731 AbstractObjectAttributesManagerBase.h:181] AbstractObjectAttributesManager<T>::createObject  (Stage) : Done making attributes with handle : data/scene_datasets/mp3d/zsNo4HB9uLZ/zsNo4HB9uLZ.glb
I0920 14:19:45.779860 491731 AbstractObjectAttributesManagerBase.h:188] File (data/scene_datasets/mp3d/zsNo4HB9uLZ/zsNo4HB9uLZ.glb) exists but is not a recognized config filename extension, so new default Stage attributes created and registered.
I0920 14:19:45.779865 491731 Simulator.cpp:156] Loading navmesh from data/scene_datasets/mp3d/zsNo4HB9uLZ/zsNo4HB9uLZ.navmesh
I0920 14:19:45.779928 491731 Simulator.cpp:158] Loaded.
I0920 14:19:45.779937 491731 SceneGraph.h:93] Created DrawableGroup: 
Renderer: NVIDIA T1000 8GB/PCIe/SSE2 by NVIDIA Corporation
OpenGL version: 4.6.0 NVIDIA 595.84
Using optional features:
    GL_ARB_ES2_compatibility
    GL_ARB_direct_state_access
    GL_ARB_get_texture_sub_image
    GL_ARB_invalidate_subdata
    GL_ARB_multi_bind
    GL_ARB_robustness
    GL_ARB_separate_shader_objects
    GL_ARB_texture_filter_anisotropic
    GL_ARB_texture_storage
    GL_ARB_texture_storage_multisample
    GL_ARB_vertex_array_object
    GL_KHR_debug
Using driver workarounds:
    no-forward-compatible-core-context
    nv-egl-incorrect-gl11-function-pointers
    no-layout-qualifiers-on-old-glsl
    nv-zero-context-profile-mask
    nv-implementation-color-read-format-dsa-broken
    nv-cubemap-inconsistent-compressed-image-size
    nv-cubemap-broken-full-compressed-image-query
    nv-compressed-block-size-in-bits
I0920 14:19:45.885809 491731 ResourceManager.cpp:234] ResourceManager::loadStage : Not loading semantic mesh
I0920 14:19:45.885818 491731 ResourceManager.cpp:262] ResourceManager::loadStage : start load render asset data/scene_datasets/mp3d/zsNo4HB9uLZ/zsNo4HB9uLZ.glb.
I0920 14:19:45.885818 491731 ResourceManager.cpp:569] ResourceManager::loadStageInternal : Attempting to load stage data/scene_datasets/mp3d/zsNo4HB9uLZ/zsNo4HB9uLZ.glb 
I0920 14:19:45.885828 491731 ResourceManager.cpp:1119] Importing Basis files as BC7 for zsNo4HB9uLZ.glb
W0920 14:19:46.850270 491731 Simulator.cpp:248] :
---
 The active scene does not contain semantic annotations. 
---
I0920 14:19:46.895256 491731 simulator.py:213] Loaded navmesh data/scene_datasets/mp3d/zsNo4HB9uLZ/zsNo4HB9uLZ.navmesh
2026-09-20 14:19:46,899 Initializing task VLN-v0
You are using a model of type bert to instantiate a model of type . This is not supported for all configurations of models and can yield errors.
Some weights of the model checkpoint at None were not used when initializing GlocalTextPathNavCMT: ['bert.global_encoder.encoder.x_layers.2.lang_output.dense.bias', 'bert.global_encoder.encoder.x_layers.2.lang_inter.dense.bias', 'bert.global_encoder.encoder.x_layers.2.lang_output.dense.weight', 'bert.global_encoder.encoder.x_layers.1.lang_self_att.output.LayerNorm.weight', 'bert.global_encoder.encoder.x_layers.2.lang_self_att.output.dense.weight', 'bert.global_encoder.encoder.x_layers.1.lang_self_att.self.query.weight', 'bert.global_encoder.encoder.x_layers.3.lang_output.dense.bias', 'bert.global_encoder.encoder.x_layers.0.lang_self_att.self.query.weight', 'bert.global_encoder.encoder.x_layers.1.lang_self_att.self.key.bias', 'bert.global_encoder.encoder.x_layers.0.lang_self_att.output.LayerNorm.bias', 'bert.global_encoder.encoder.x_layers.2.lang_self_att.self.key.weight', 'bert.global_encoder.encoder.x_layers.2.lang_self_att.output.LayerNorm.bias', 'mlm_head.predictions.transform.LayerNorm.bias', 'bert.global_encoder.encoder.x_layers.0.lang_self_att.self.query.bias', 'bert.global_encoder.encoder.x_layers.3.lang_self_att.self.value.weight', 'bert.global_encoder.encoder.x_layers.3.lang_self_att.self.key.weight', 'bert.global_encoder.encoder.x_layers.2.lang_self_att.self.value.weight', 'bert.global_encoder.encoder.x_layers.0.lang_inter.dense.bias', 'bert.global_encoder.encoder.x_layers.0.lang_output.LayerNorm.bias', 'bert.global_encoder.encoder.x_layers.2.lang_self_att.self.value.bias', 'bert.global_encoder.encoder.x_layers.3.lang_inter.dense.bias', 'bert.global_encoder.encoder.x_layers.0.lang_output.dense.bias', 'bert.global_encoder.encoder.x_layers.1.lang_inter.dense.weight', 'mlm_head.predictions.decoder.weight', 'bert.global_encoder.encoder.x_layers.1.lang_self_att.output.dense.bias', 'bert.global_encoder.encoder.x_layers.0.lang_self_att.self.key.bias', 'bert.global_encoder.encoder.x_layers.1.lang_self_att.self.value.bias', 'bert.global_encoder.encoder.x_layers.3.lang_self_att.self.key.bias', 'bert.global_encoder.encoder.x_layers.1.lang_output.dense.weight', 'bert.global_encoder.encoder.x_layers.3.lang_output.LayerNorm.weight', 'bert.global_encoder.encoder.x_layers.2.lang_output.LayerNorm.weight', 'bert.global_encoder.encoder.x_layers.1.lang_self_att.self.key.weight', 'mlm_head.predictions.transform.dense.bias', 'bert.global_encoder.encoder.x_layers.3.lang_inter.dense.weight', 'bert.global_encoder.encoder.x_layers.0.lang_self_att.output.dense.bias', 'bert.global_encoder.encoder.x_layers.2.lang_inter.dense.weight', 'bert.global_encoder.encoder.x_layers.0.lang_output.dense.weight', 'bert.global_encoder.encoder.x_layers.1.lang_self_att.output.LayerNorm.bias', 'bert.global_encoder.encoder.x_layers.3.lang_self_att.self.query.bias', 'bert.global_encoder.encoder.x_layers.3.lang_self_att.output.LayerNorm.bias', 'bert.global_encoder.encoder.x_layers.3.lang_output.dense.weight', 'bert.global_encoder.encoder.x_layers.0.lang_self_att.output.LayerNorm.weight', 'bert.global_encoder.encoder.x_layers.3.lang_self_att.self.query.weight', 'bert.global_encoder.encoder.x_layers.2.lang_self_att.self.key.bias', 'bert.global_encoder.encoder.x_layers.0.lang_output.LayerNorm.weight', 'bert.global_encoder.encoder.x_layers.3.lang_self_att.self.value.bias', 'bert.global_encoder.encoder.x_layers.3.lang_self_att.output.dense.weight', 'bert.global_encoder.encoder.x_layers.2.lang_self_att.output.LayerNorm.weight', 'bert.global_encoder.encoder.x_layers.0.lang_self_att.self.value.weight', 'bert.global_encoder.encoder.x_layers.1.lang_inter.dense.bias', 'bert.global_encoder.encoder.x_layers.1.lang_output.LayerNorm.bias', 'bert.global_encoder.encoder.x_layers.2.lang_output.LayerNorm.bias', 'bert.global_encoder.encoder.x_layers.0.lang_self_att.self.key.weight', 'bert.global_encoder.encoder.x_layers.0.lang_inter.dense.weight', 'bert.global_encoder.encoder.x_layers.3.lang_self_att.output.dense.bias', 'bert.global_encoder.encoder.x_layers.1.lang_self_att.output.dense.weight', 'mlm_head.predictions.transform.dense.weight', 'bert.global_encoder.encoder.x_layers.0.lang_self_att.output.dense.weight', 'bert.global_encoder.encoder.x_layers.1.lang_output.dense.bias', 'mlm_head.predictions.bias', 'bert.global_encoder.encoder.x_layers.2.lang_self_att.self.query.bias', 'bert.global_encoder.encoder.x_layers.2.lang_self_att.output.dense.bias', 'bert.global_encoder.encoder.x_layers.1.lang_self_att.self.value.weight', 'bert.global_encoder.encoder.x_layers.3.lang_self_att.output.LayerNorm.weight', 'bert.global_encoder.encoder.x_layers.1.lang_output.LayerNorm.weight', 'mlm_head.predictions.transform.LayerNorm.weight', 'bert.global_encoder.encoder.x_layers.2.lang_self_att.self.query.weight', 'bert.global_encoder.encoder.x_layers.3.lang_output.LayerNorm.bias', 'bert.global_encoder.encoder.x_layers.1.lang_self_att.self.query.bias', 'bert.global_encoder.encoder.x_layers.0.lang_self_att.self.value.bias']
- This IS expected if you are initializing GlocalTextPathNavCMT from the checkpoint of a model trained on another task or with another architecture (e.g. initializing a BertForSequenceClassification model from a BertForPreTraining model).
- This IS NOT expected if you are initializing GlocalTextPathNavCMT from the checkpoint of a model that you expect to be exactly identical (initializing a BertForSequenceClassification model from a BertForSequenceClassification model).
2026-09-20 14:20:12,338 Loaded weights from checkpoint: data/logs/checkpoints/release_r2r/ckpt.iter12000.pth, iteration: 12000
2026-09-20 14:20:12,362 Agent parameters: 299.14 MB. Trainable: 140.79 MB.
2026-09-20 14:20:12,362 Finished setting up policy.
local rank: 0 | dataset length: 15

Initalizing the ETP model ...
  0%|          | 0/15 [00:00<?, ?it/s]  7%|▋         | 1/15 [00:04<00:58,  4.18s/it] 13%|█▎        | 2/15 [00:08<00:57,  4.39s/it] 20%|██        | 3/15 [00:15<01:06,  5.51s/it] 27%|██▋       | 4/15 [00:17<00:44,  4.03s/it] 33%|███▎      | 5/15 [00:21<00:42,  4.23s/it] 40%|████      | 6/15 [00:22<00:26,  3.00s/it] 47%|████▋     | 7/15 [00:23<00:17,  2.22s/it] 53%|█████▎    | 8/15 [00:25<00:15,  2.25s/it] 60%|██████    | 9/15 [00:34<00:26,  4.42s/it] 67%|██████▋   | 10/15 [00:35<00:16,  3.25s/it] 73%|███████▎  | 11/15 [00:36<00:10,  2.65s/it] 80%|████████  | 12/15 [00:39<00:08,  2.82s/it] 87%|████████▋ | 13/15 [00:40<00:04,  2.17s/it] 93%|█████████▎| 14/15 [00:41<00:01,  1.88s/it]100%|██████████| 15/15 [00:44<00:00,  2.28s/it]I0920 14:20:57.250422 491731 PhysicsManager.cpp:33] Deconstructing PhysicsManager
I0920 14:20:57.250444 491731 SemanticScene.h:41] Deconstructing SemanticScene
I0920 14:20:57.251647 491731 SceneManager.h:25] Deconstructing SceneManager
I0920 14:20:57.251657 491731 SceneGraph.h:26] Deconstructing SceneGraph
I0920 14:20:57.251904 491731 Sensor.h:87] Deconstructing Sensor
I0920 14:20:57.252055 491731 Sensor.h:87] Deconstructing Sensor
I0920 14:20:57.252161 491731 Sensor.h:87] Deconstructing Sensor
I0920 14:20:57.252254 491731 Sensor.h:87] Deconstructing Sensor
I0920 14:20:57.252343 491731 Sensor.h:87] Deconstructing Sensor
I0920 14:20:57.252444 491731 Sensor.h:87] Deconstructing Sensor
I0920 14:20:57.252527 491731 Sensor.h:87] Deconstructing Sensor
I0920 14:20:57.252610 491731 Sensor.h:87] Deconstructing Sensor
I0920 14:20:57.252693 491731 Sensor.h:87] Deconstructing Sensor
I0920 14:20:57.252775 491731 Sensor.h:87] Deconstructing Sensor
I0920 14:20:57.252857 491731 Sensor.h:87] Deconstructing Sensor
I0920 14:20:57.252938 491731 Sensor.h:87] Deconstructing Sensor
I0920 14:20:57.253021 491731 Sensor.h:87] Deconstructing Sensor
I0920 14:20:57.253134 491731 Sensor.h:87] Deconstructing Sensor
I0920 14:20:57.253240 491731 Sensor.h:87] Deconstructing Sensor
I0920 14:20:57.253342 491731 Sensor.h:87] Deconstructing Sensor
I0920 14:20:57.253443 491731 Sensor.h:87] Deconstructing Sensor
I0920 14:20:57.253548 491731 Sensor.h:87] Deconstructing Sensor
I0920 14:20:57.253651 491731 Sensor.h:87] Deconstructing Sensor
I0920 14:20:57.253751 491731 Sensor.h:87] Deconstructing Sensor
I0920 14:20:57.253852 491731 Sensor.h:87] Deconstructing Sensor
I0920 14:20:57.253952 491731 Sensor.h:87] Deconstructing Sensor
I0920 14:20:57.254050 491731 Sensor.h:87] Deconstructing Sensor
I0920 14:20:57.254124 491731 Sensor.h:87] Deconstructing Sensor
I0920 14:20:57.255662 491731 Renderer.cpp:34] Deconstructing Renderer
I0920 14:20:57.255672 491731 WindowlessContext.h:17] Deconstructing WindowlessContext
I0920 14:20:57.257889 491731 Simulator.cpp:49] Deconstructing Simulator
2026-09-20 14:20:57,259 Episodes evaluated: 15
2026-09-20 14:20:57,259 Average episode steps_taken: 66.866667
2026-09-20 14:20:57,259 Average episode distance_to_goal: 8.985825
2026-09-20 14:20:57,259 Average episode success: 0.066667
2026-09-20 14:20:57,259 Average episode oracle_success: 0.066667
2026-09-20 14:20:57,259 Average episode path_length: 8.679415
2026-09-20 14:20:57,259 Average episode collisions: 0.054747
2026-09-20 14:20:57,259 Average episode spl: 0.066667
2026-09-20 14:20:57,259 Average episode ndtw: 0.377715
2026-09-20 14:20:57,259 Average episode sdtw: 0.061062
2026-09-20 14:20:57,260 Average episode ghost_cnt: 82.866667
2026-09-20 14:20:57,260 Average episode tour_idx: 7.000000
2026-09-20 14:20:57,260 Average episode g_nodes_total: 46.733333
2026-09-20 14:20:57,260 Average episode g_ghosts_total: 44.133333
2026-09-20 14:20:57,260 Average episode g_active_mean: 38.300000
2026-09-20 14:20:57,260 Average episode g_old_visible_mean: 35.300000
2026-09-20 14:20:57,260 Average episode g_comp_mean: 38.300000
2026-09-20 14:20:57,260 Average episode g_ghosts_visible_mean: 4.144524
2026-09-20 14:20:57,260 Average episode g_reloc_mean: 1.151667
2026-09-20 14:20:57,260 Average episode g_old_visible_max: 41.733333
2026-09-20 14:20:57,260 Average episode g_start_reloc: 1.400000
2026-09-20 14:20:57,260 Average episode g_start_comp: 32.533333
2026-09-20 14:20:57,260 Average episode g_stop_no_vp_left: 0.133333
100%|██████████| 15/15 [00:44<00:00,  2.99s/it]
[guard] finished rc=0 in 106s | peak footprint vs baseline: RAM +6231MiB, VRAM +2678MiB
