[guard] avail RAM 14G | GPU used 808MiB, compute procs 0 | load 1
[guard] hard caps on: RAM<=9G (no swap), CPU<=300%
2026-09-20 13:54:20,348 checkpoint_path: data/logs/checkpoints/release_r2r/ckpt.iter12000.pth
2026-09-20 13:54:20,348 Initializing dataset VLN-CE-v1
2026-09-20 13:54:20,371 SPLTI: tour_zsNo4H_n15_s1_o0, NUMBER OF SCENES: 1
2026-09-20 13:54:34,849 Initializing dataset VLN-CE-v1
2026-09-20 13:54:34,870 initializing sim Sim-v1
WARNING: Logging before InitGoogleLogging() is written to STDERR
I0920 13:54:34.875212 479243 ManagedContainerBase.cpp:19] ManagedContainerBase::convertFilenameToJSON : Filename : default changed to proposed JSON configuration filename : default.scene_dataset_config.json
I0920 13:54:34.875236 479243 AttributesManagerBase.h:283] AttributesManager<T>::createFromJsonOrDefaultInternal  (Dataset) : Proposing JSON name : default.scene_dataset_config.json from original name : default | This file  does not exist.
I0920 13:54:34.875278 479243 AssetAttributesManager.cpp:117] Asset attributes (capsule3DSolid : capsule3DSolid_hemiRings_4_cylRings_1_segments_12_halfLen_0.75_useTexCoords_false_useTangents_false) created and registered.
I0920 13:54:34.875295 479243 AssetAttributesManager.cpp:117] Asset attributes (capsule3DWireframe : capsule3DWireframe_hemiRings_8_cylRings_1_segments_16_halfLen_1) created and registered.
I0920 13:54:34.875310 479243 AssetAttributesManager.cpp:117] Asset attributes (coneSolid : coneSolid_segments_12_halfLen_1.25_rings_1_useTexCoords_false_useTangents_false_capEnd_true) created and registered.
I0920 13:54:34.875320 479243 AssetAttributesManager.cpp:117] Asset attributes (coneWireframe : coneWireframe_segments_32_halfLen_1.25) created and registered.
I0920 13:54:34.875325 479243 AssetAttributesManager.cpp:117] Asset attributes (cubeSolid : cubeSolid) created and registered.
I0920 13:54:34.875329 479243 AssetAttributesManager.cpp:117] Asset attributes (cubeWireframe : cubeWireframe) created and registered.
I0920 13:54:34.875344 479243 AssetAttributesManager.cpp:117] Asset attributes (cylinderSolid : cylinderSolid_rings_1_segments_12_halfLen_1_useTexCoords_false_useTangents_false_capEnds_true) created and registered.
I0920 13:54:34.875353 479243 AssetAttributesManager.cpp:117] Asset attributes (cylinderWireframe : cylinderWireframe_rings_1_segments_32_halfLen_1) created and registered.
I0920 13:54:34.875360 479243 AssetAttributesManager.cpp:117] Asset attributes (icosphereSolid : icosphereSolid_subdivs_1) created and registered.
I0920 13:54:34.875365 479243 AssetAttributesManager.cpp:117] Asset attributes (icosphereWireframe : icosphereWireframe_subdivs_1) created and registered.
I0920 13:54:34.875375 479243 AssetAttributesManager.cpp:117] Asset attributes (uvSphereSolid : uvSphereSolid_rings_8_segments_16_useTexCoords_false_useTangents_false) created and registered.
I0920 13:54:34.875383 479243 AssetAttributesManager.cpp:117] Asset attributes (uvSphereWireframe : uvSphereWireframe_rings_16_segments_32) created and registered.
I0920 13:54:34.875385 479243 AssetAttributesManager.cpp:105] AssetAttributesManager::buildCtorFuncPtrMaps : Built default primitive asset templates : 12
I0920 13:54:34.875661 479243 SceneDatasetAttributesManager.cpp:23] File (default) not found, so new default dataset attributes created and registered.
I0920 13:54:34.875663 479243 MetadataMediator.cpp:47] MetadataMediator::createDataset : Dataset default successfully created.
I0920 13:54:34.877786 479243 AttributesManagerBase.h:283] AttributesManager<T>::createFromJsonOrDefaultInternal  (Physics Manager) : Proposing JSON name : ./data/default.physics_config.json from original name : ./data/default.physics_config.json | This file  does not exist.
I0920 13:54:34.877804 479243 PhysicsAttributesManager.cpp:27] File (./data/default.physics_config.json) not found, so new default physics manager attributes created and registered.
I0920 13:54:34.877808 479243 AbstractObjectAttributesManagerBase.h:175] AbstractObjectAttributesManager<T>::createObject  (Stage) : Making attributes with handle : data/scene_datasets/mp3d/zsNo4HB9uLZ/zsNo4HB9uLZ.glb
I0920 13:54:34.877830 479243 ManagedContainerBase.cpp:19] ManagedContainerBase::convertFilenameToJSON : Filename : data/scene_datasets/mp3d/zsNo4HB9uLZ/zsNo4HB9uLZ.glb changed to proposed JSON configuration filename : data/scene_datasets/mp3d/zsNo4HB9uLZ/zsNo4HB9uLZ.stage_config.json
I0920 13:54:34.877833 479243 AttributesManagerBase.h:283] AttributesManager<T>::createFromJsonOrDefaultInternal  (Stage) : Proposing JSON name : data/scene_datasets/mp3d/zsNo4HB9uLZ/zsNo4HB9uLZ.stage_config.json from original name : data/scene_datasets/mp3d/zsNo4HB9uLZ/zsNo4HB9uLZ.glb | This file  does not exist.
I0920 13:54:34.877876 479243 AbstractObjectAttributesManagerBase.h:181] AbstractObjectAttributesManager<T>::createObject  (Stage) : Done making attributes with handle : data/scene_datasets/mp3d/zsNo4HB9uLZ/zsNo4HB9uLZ.glb
I0920 13:54:34.877878 479243 AbstractObjectAttributesManagerBase.h:188] File (data/scene_datasets/mp3d/zsNo4HB9uLZ/zsNo4HB9uLZ.glb) exists but is not a recognized config filename extension, so new default Stage attributes created and registered.
I0920 13:54:34.877885 479243 Simulator.cpp:156] Loading navmesh from data/scene_datasets/mp3d/zsNo4HB9uLZ/zsNo4HB9uLZ.navmesh
I0920 13:54:34.877964 479243 Simulator.cpp:158] Loaded.
I0920 13:54:34.877976 479243 SceneGraph.h:93] Created DrawableGroup: 
Renderer: NVIDIA T1000 8GB/PCIe/SSE2 by NVIDIA Corporation
OpenGL version: 4.6.0 NVIDIA 595.84
Using optional features:
    GL_ARB_ES2_compatibility
    GL_ARB_direct_state_access
    GL_ARB_get_texture_sub_image
    GL_ARB_invalidate_subdata
    GL_ARB_multi_bind
    GL_ARB_robustness
    GL_ARB_separate_shader_objects
    GL_ARB_texture_filter_anisotropic
    GL_ARB_texture_storage
    GL_ARB_texture_storage_multisample
    GL_ARB_vertex_array_object
    GL_KHR_debug
Using driver workarounds:
    no-forward-compatible-core-context
    nv-egl-incorrect-gl11-function-pointers
    no-layout-qualifiers-on-old-glsl
    nv-zero-context-profile-mask
    nv-implementation-color-read-format-dsa-broken
    nv-cubemap-inconsistent-compressed-image-size
    nv-cubemap-broken-full-compressed-image-query
    nv-compressed-block-size-in-bits
I0920 13:54:34.976773 479243 ResourceManager.cpp:234] ResourceManager::loadStage : Not loading semantic mesh
I0920 13:54:34.976780 479243 ResourceManager.cpp:262] ResourceManager::loadStage : start load render asset data/scene_datasets/mp3d/zsNo4HB9uLZ/zsNo4HB9uLZ.glb.
I0920 13:54:34.976783 479243 ResourceManager.cpp:569] ResourceManager::loadStageInternal : Attempting to load stage data/scene_datasets/mp3d/zsNo4HB9uLZ/zsNo4HB9uLZ.glb 
I0920 13:54:34.976791 479243 ResourceManager.cpp:1119] Importing Basis files as BC7 for zsNo4HB9uLZ.glb
W0920 13:54:35.893620 479243 Simulator.cpp:248] :
---
 The active scene does not contain semantic annotations. 
---
I0920 13:54:35.935994 479243 simulator.py:213] Loaded navmesh data/scene_datasets/mp3d/zsNo4HB9uLZ/zsNo4HB9uLZ.navmesh
2026-09-20 13:54:35,940 Initializing task VLN-v0
You are using a model of type bert to instantiate a model of type . This is not supported for all configurations of models and can yield errors.
Some weights of the model checkpoint at None were not used when initializing GlocalTextPathNavCMT: ['bert.global_encoder.encoder.x_layers.0.lang_self_att.self.query.bias', 'bert.global_encoder.encoder.x_layers.2.lang_inter.dense.weight', 'bert.global_encoder.encoder.x_layers.1.lang_self_att.self.query.weight', 'mlm_head.predictions.transform.LayerNorm.weight', 'bert.global_encoder.encoder.x_layers.0.lang_inter.dense.bias', 'bert.global_encoder.encoder.x_layers.2.lang_self_att.self.query.bias', 'bert.global_encoder.encoder.x_layers.3.lang_output.LayerNorm.weight', 'bert.global_encoder.encoder.x_layers.0.lang_self_att.output.LayerNorm.weight', 'bert.global_encoder.encoder.x_layers.2.lang_self_att.output.dense.bias', 'bert.global_encoder.encoder.x_layers.1.lang_self_att.self.value.bias', 'bert.global_encoder.encoder.x_layers.2.lang_self_att.output.LayerNorm.weight', 'bert.global_encoder.encoder.x_layers.0.lang_self_att.self.value.weight', 'bert.global_encoder.encoder.x_layers.3.lang_self_att.self.value.weight', 'mlm_head.predictions.bias', 'bert.global_encoder.encoder.x_layers.3.lang_self_att.output.dense.bias', 'bert.global_encoder.encoder.x_layers.0.lang_output.dense.bias', 'bert.global_encoder.encoder.x_layers.2.lang_self_att.output.dense.weight', 'bert.global_encoder.encoder.x_layers.1.lang_self_att.output.LayerNorm.weight', 'bert.global_encoder.encoder.x_layers.3.lang_inter.dense.weight', 'bert.global_encoder.encoder.x_layers.3.lang_output.dense.bias', 'bert.global_encoder.encoder.x_layers.3.lang_self_att.self.query.weight', 'bert.global_encoder.encoder.x_layers.3.lang_self_att.self.key.weight', 'bert.global_encoder.encoder.x_layers.0.lang_output.LayerNorm.bias', 'bert.global_encoder.encoder.x_layers.3.lang_self_att.output.LayerNorm.weight', 'bert.global_encoder.encoder.x_layers.1.lang_inter.dense.weight', 'bert.global_encoder.encoder.x_layers.3.lang_self_att.self.key.bias', 'bert.global_encoder.encoder.x_layers.1.lang_output.dense.bias', 'bert.global_encoder.encoder.x_layers.1.lang_self_att.self.key.weight', 'bert.global_encoder.encoder.x_layers.0.lang_self_att.self.key.weight', 'bert.global_encoder.encoder.x_layers.1.lang_output.LayerNorm.bias', 'bert.global_encoder.encoder.x_layers.1.lang_self_att.output.LayerNorm.bias', 'bert.global_encoder.encoder.x_layers.1.lang_self_att.output.dense.bias', 'bert.global_encoder.encoder.x_layers.3.lang_self_att.self.query.bias', 'bert.global_encoder.encoder.x_layers.3.lang_self_att.output.LayerNorm.bias', 'bert.global_encoder.encoder.x_layers.2.lang_self_att.self.key.weight', 'bert.global_encoder.encoder.x_layers.1.lang_self_att.self.value.weight', 'mlm_head.predictions.transform.LayerNorm.bias', 'bert.global_encoder.encoder.x_layers.0.lang_self_att.self.value.bias', 'bert.global_encoder.encoder.x_layers.0.lang_self_att.output.LayerNorm.bias', 'bert.global_encoder.encoder.x_layers.1.lang_output.LayerNorm.weight', 'bert.global_encoder.encoder.x_layers.1.lang_output.dense.weight', 'mlm_head.predictions.transform.dense.bias', 'bert.global_encoder.encoder.x_layers.2.lang_output.LayerNorm.bias', 'bert.global_encoder.encoder.x_layers.0.lang_output.dense.weight', 'bert.global_encoder.encoder.x_layers.2.lang_self_att.output.LayerNorm.bias', 'bert.global_encoder.encoder.x_layers.2.lang_self_att.self.key.bias', 'bert.global_encoder.encoder.x_layers.0.lang_self_att.output.dense.weight', 'bert.global_encoder.encoder.x_layers.3.lang_output.LayerNorm.bias', 'bert.global_encoder.encoder.x_layers.2.lang_output.dense.weight', 'bert.global_encoder.encoder.x_layers.0.lang_output.LayerNorm.weight', 'bert.global_encoder.encoder.x_layers.3.lang_inter.dense.bias', 'bert.global_encoder.encoder.x_layers.0.lang_self_att.output.dense.bias', 'bert.global_encoder.encoder.x_layers.2.lang_self_att.self.query.weight', 'bert.global_encoder.encoder.x_layers.2.lang_inter.dense.bias', 'bert.global_encoder.encoder.x_layers.1.lang_self_att.self.key.bias', 'bert.global_encoder.encoder.x_layers.1.lang_self_att.output.dense.weight', 'mlm_head.predictions.transform.dense.weight', 'bert.global_encoder.encoder.x_layers.2.lang_self_att.self.value.weight', 'bert.global_encoder.encoder.x_layers.1.lang_inter.dense.bias', 'bert.global_encoder.encoder.x_layers.3.lang_self_att.output.dense.weight', 'bert.global_encoder.encoder.x_layers.2.lang_output.LayerNorm.weight', 'bert.global_encoder.encoder.x_layers.2.lang_self_att.self.value.bias', 'bert.global_encoder.encoder.x_layers.0.lang_self_att.self.query.weight', 'mlm_head.predictions.decoder.weight', 'bert.global_encoder.encoder.x_layers.2.lang_output.dense.bias', 'bert.global_encoder.encoder.x_layers.0.lang_self_att.self.key.bias', 'bert.global_encoder.encoder.x_layers.1.lang_self_att.self.query.bias', 'bert.global_encoder.encoder.x_layers.3.lang_self_att.self.value.bias', 'bert.global_encoder.encoder.x_layers.0.lang_inter.dense.weight', 'bert.global_encoder.encoder.x_layers.3.lang_output.dense.weight']
- This IS expected if you are initializing GlocalTextPathNavCMT from the checkpoint of a model trained on another task or with another architecture (e.g. initializing a BertForSequenceClassification model from a BertForPreTraining model).
- This IS NOT expected if you are initializing GlocalTextPathNavCMT from the checkpoint of a model that you expect to be exactly identical (initializing a BertForSequenceClassification model from a BertForSequenceClassification model).
2026-09-20 13:54:44,441 Loaded weights from checkpoint: data/logs/checkpoints/release_r2r/ckpt.iter12000.pth, iteration: 12000
2026-09-20 13:54:44,444 Agent parameters: 299.14 MB. Trainable: 140.79 MB.
2026-09-20 13:54:44,444 Finished setting up policy.
local rank: 0 | dataset length: 15

Initalizing the ETP model ...
  0%|          | 0/15 [00:00<?, ?it/s]  7%|▋         | 1/15 [00:04<01:07,  4.83s/it] 13%|█▎        | 2/15 [00:09<01:01,  4.75s/it] 20%|██        | 3/15 [00:12<00:48,  4.02s/it] 27%|██▋       | 4/15 [00:17<00:49,  4.50s/it] 33%|███▎      | 5/15 [00:21<00:41,  4.19s/it] 40%|████      | 6/15 [00:24<00:34,  3.83s/it] 47%|████▋     | 7/15 [00:26<00:26,  3.26s/it] 53%|█████▎    | 8/15 [00:29<00:22,  3.22s/it] 60%|██████    | 9/15 [00:34<00:22,  3.69s/it] 67%|██████▋   | 10/15 [00:37<00:17,  3.53s/it] 73%|███████▎  | 11/15 [00:40<00:13,  3.42s/it] 80%|████████  | 12/15 [00:43<00:09,  3.18s/it] 87%|████████▋ | 13/15 [00:48<00:07,  3.81s/it] 93%|█████████▎| 14/15 [00:53<00:03,  3.93s/it]100%|██████████| 15/15 [00:55<00:00,  3.54s/it]I0920 13:55:40.194746 479243 PhysicsManager.cpp:33] Deconstructing PhysicsManager
I0920 13:55:40.194765 479243 SemanticScene.h:41] Deconstructing SemanticScene
I0920 13:55:40.195828 479243 SceneManager.h:25] Deconstructing SceneManager
I0920 13:55:40.195837 479243 SceneGraph.h:26] Deconstructing SceneGraph
I0920 13:55:40.196084 479243 Sensor.h:87] Deconstructing Sensor
I0920 13:55:40.196223 479243 Sensor.h:87] Deconstructing Sensor
I0920 13:55:40.196318 479243 Sensor.h:87] Deconstructing Sensor
I0920 13:55:40.196401 479243 Sensor.h:87] Deconstructing Sensor
I0920 13:55:40.196482 479243 Sensor.h:87] Deconstructing Sensor
I0920 13:55:40.196569 479243 Sensor.h:87] Deconstructing Sensor
I0920 13:55:40.196648 479243 Sensor.h:87] Deconstructing Sensor
I0920 13:55:40.196729 479243 Sensor.h:87] Deconstructing Sensor
I0920 13:55:40.196810 479243 Sensor.h:87] Deconstructing Sensor
I0920 13:55:40.196889 479243 Sensor.h:87] Deconstructing Sensor
I0920 13:55:40.196969 479243 Sensor.h:87] Deconstructing Sensor
I0920 13:55:40.197048 479243 Sensor.h:87] Deconstructing Sensor
I0920 13:55:40.197135 479243 Sensor.h:87] Deconstructing Sensor
I0920 13:55:40.197238 479243 Sensor.h:87] Deconstructing Sensor
I0920 13:55:40.197341 479243 Sensor.h:87] Deconstructing Sensor
I0920 13:55:40.197439 479243 Sensor.h:87] Deconstructing Sensor
I0920 13:55:40.197538 479243 Sensor.h:87] Deconstructing Sensor
I0920 13:55:40.197640 479243 Sensor.h:87] Deconstructing Sensor
I0920 13:55:40.197741 479243 Sensor.h:87] Deconstructing Sensor
I0920 13:55:40.197839 479243 Sensor.h:87] Deconstructing Sensor
I0920 13:55:40.197937 479243 Sensor.h:87] Deconstructing Sensor
I0920 13:55:40.198036 479243 Sensor.h:87] Deconstructing Sensor
I0920 13:55:40.198139 479243 Sensor.h:87] Deconstructing Sensor
I0920 13:55:40.198204 479243 Sensor.h:87] Deconstructing Sensor
I0920 13:55:40.199747 479243 Renderer.cpp:34] Deconstructing Renderer
I0920 13:55:40.199759 479243 WindowlessContext.h:17] Deconstructing WindowlessContext
I0920 13:55:40.202116 479243 Simulator.cpp:49] Deconstructing Simulator
2026-09-20 13:55:40,203 Episodes evaluated: 15
2026-09-20 13:55:40,203 Average episode steps_taken: 52.066667
2026-09-20 13:55:40,203 Average episode distance_to_goal: 3.601372
2026-09-20 13:55:40,203 Average episode success: 0.666667
2026-09-20 13:55:40,203 Average episode oracle_success: 0.666667
2026-09-20 13:55:40,203 Average episode path_length: 8.402802
2026-09-20 13:55:40,203 Average episode collisions: 0.024193
2026-09-20 13:55:40,203 Average episode spl: 0.640764
2026-09-20 13:55:40,204 Average episode ndtw: 0.737623
2026-09-20 13:55:40,204 Average episode sdtw: 0.596727
2026-09-20 13:55:40,204 Average episode ghost_cnt: 20.066667
2026-09-20 13:55:40,204 Average episode tour_idx: 7.000000
2026-09-20 13:55:40,204 Average episode g_nodes_total: 7.066667
2026-09-20 13:55:40,204 Average episode g_ghosts_total: 14.000000
100%|██████████| 15/15 [00:55<00:00,  3.72s/it]
[guard] finished rc=0 in 95s | peak footprint vs baseline: RAM +5956MiB, VRAM +2676MiB
