[guard] avail RAM 16G | GPU used 81MiB, compute procs 0 | load 1
[guard] hard caps on: RAM<=9G (no swap), CPU<=300%
2026-09-29 14:42:38,961 checkpoint_path: data/logs/checkpoints/release_r2r/ckpt.iter12000.pth
2026-09-29 14:42:38,963 Initializing dataset VLN-CE-v1
2026-09-29 14:42:38,984 SPLTI: tour_zsNo4H_n15_s0_o0, NUMBER OF SCENES: 1
2026-09-29 14:42:40,853 Initializing dataset VLN-CE-v1
2026-09-29 14:42:40,873 initializing sim Sim-v1
WARNING: Logging before InitGoogleLogging() is written to STDERR
I0929 14:42:40.877650 26695 ManagedContainerBase.cpp:19] ManagedContainerBase::convertFilenameToJSON : Filename : default changed to proposed JSON configuration filename : default.scene_dataset_config.json
I0929 14:42:40.877677 26695 AttributesManagerBase.h:283] AttributesManager<T>::createFromJsonOrDefaultInternal  (Dataset) : Proposing JSON name : default.scene_dataset_config.json from original name : default | This file  does not exist.
I0929 14:42:40.877717 26695 AssetAttributesManager.cpp:117] Asset attributes (capsule3DSolid : capsule3DSolid_hemiRings_4_cylRings_1_segments_12_halfLen_0.75_useTexCoords_false_useTangents_false) created and registered.
I0929 14:42:40.877733 26695 AssetAttributesManager.cpp:117] Asset attributes (capsule3DWireframe : capsule3DWireframe_hemiRings_8_cylRings_1_segments_16_halfLen_1) created and registered.
I0929 14:42:40.877748 26695 AssetAttributesManager.cpp:117] Asset attributes (coneSolid : coneSolid_segments_12_halfLen_1.25_rings_1_useTexCoords_false_useTangents_false_capEnd_true) created and registered.
I0929 14:42:40.877758 26695 AssetAttributesManager.cpp:117] Asset attributes (coneWireframe : coneWireframe_segments_32_halfLen_1.25) created and registered.
I0929 14:42:40.877763 26695 AssetAttributesManager.cpp:117] Asset attributes (cubeSolid : cubeSolid) created and registered.
I0929 14:42:40.877776 26695 AssetAttributesManager.cpp:117] Asset attributes (cubeWireframe : cubeWireframe) created and registered.
I0929 14:42:40.877790 26695 AssetAttributesManager.cpp:117] Asset attributes (cylinderSolid : cylinderSolid_rings_1_segments_12_halfLen_1_useTexCoords_false_useTangents_false_capEnds_true) created and registered.
I0929 14:42:40.877815 26695 AssetAttributesManager.cpp:117] Asset attributes (cylinderWireframe : cylinderWireframe_rings_1_segments_32_halfLen_1) created and registered.
I0929 14:42:40.877820 26695 AssetAttributesManager.cpp:117] Asset attributes (icosphereSolid : icosphereSolid_subdivs_1) created and registered.
I0929 14:42:40.877825 26695 AssetAttributesManager.cpp:117] Asset attributes (icosphereWireframe : icosphereWireframe_subdivs_1) created and registered.
I0929 14:42:40.877833 26695 AssetAttributesManager.cpp:117] Asset attributes (uvSphereSolid : uvSphereSolid_rings_8_segments_16_useTexCoords_false_useTangents_false) created and registered.
I0929 14:42:40.877840 26695 AssetAttributesManager.cpp:117] Asset attributes (uvSphereWireframe : uvSphereWireframe_rings_16_segments_32) created and registered.
I0929 14:42:40.877843 26695 AssetAttributesManager.cpp:105] AssetAttributesManager::buildCtorFuncPtrMaps : Built default primitive asset templates : 12
I0929 14:42:40.878123 26695 SceneDatasetAttributesManager.cpp:23] File (default) not found, so new default dataset attributes created and registered.
I0929 14:42:40.878124 26695 MetadataMediator.cpp:47] MetadataMediator::createDataset : Dataset default successfully created.
I0929 14:42:40.880199 26695 AttributesManagerBase.h:283] AttributesManager<T>::createFromJsonOrDefaultInternal  (Physics Manager) : Proposing JSON name : ./data/default.physics_config.json from original name : ./data/default.physics_config.json | This file  does not exist.
I0929 14:42:40.880223 26695 PhysicsAttributesManager.cpp:27] File (./data/default.physics_config.json) not found, so new default physics manager attributes created and registered.
I0929 14:42:40.880225 26695 AbstractObjectAttributesManagerBase.h:175] AbstractObjectAttributesManager<T>::createObject  (Stage) : Making attributes with handle : data/scene_datasets/mp3d/zsNo4HB9uLZ/zsNo4HB9uLZ.glb
I0929 14:42:40.880236 26695 ManagedContainerBase.cpp:19] ManagedContainerBase::convertFilenameToJSON : Filename : data/scene_datasets/mp3d/zsNo4HB9uLZ/zsNo4HB9uLZ.glb changed to proposed JSON configuration filename : data/scene_datasets/mp3d/zsNo4HB9uLZ/zsNo4HB9uLZ.stage_config.json
I0929 14:42:40.880241 26695 AttributesManagerBase.h:283] AttributesManager<T>::createFromJsonOrDefaultInternal  (Stage) : Proposing JSON name : data/scene_datasets/mp3d/zsNo4HB9uLZ/zsNo4HB9uLZ.stage_config.json from original name : data/scene_datasets/mp3d/zsNo4HB9uLZ/zsNo4HB9uLZ.glb | This file  does not exist.
I0929 14:42:40.880281 26695 AbstractObjectAttributesManagerBase.h:181] AbstractObjectAttributesManager<T>::createObject  (Stage) : Done making attributes with handle : data/scene_datasets/mp3d/zsNo4HB9uLZ/zsNo4HB9uLZ.glb
I0929 14:42:40.880282 26695 AbstractObjectAttributesManagerBase.h:188] File (data/scene_datasets/mp3d/zsNo4HB9uLZ/zsNo4HB9uLZ.glb) exists but is not a recognized config filename extension, so new default Stage attributes created and registered.
I0929 14:42:40.880286 26695 Simulator.cpp:156] Loading navmesh from data/scene_datasets/mp3d/zsNo4HB9uLZ/zsNo4HB9uLZ.navmesh
I0929 14:42:40.880344 26695 Simulator.cpp:158] Loaded.
I0929 14:42:40.880352 26695 SceneGraph.h:93] Created DrawableGroup: 
Renderer: NVIDIA T1000 8GB/PCIe/SSE2 by NVIDIA Corporation
OpenGL version: 4.6.0 NVIDIA 590.48.01
Using optional features:
    GL_ARB_ES2_compatibility
    GL_ARB_direct_state_access
    GL_ARB_get_texture_sub_image
    GL_ARB_invalidate_subdata
    GL_ARB_multi_bind
    GL_ARB_robustness
    GL_ARB_separate_shader_objects
    GL_ARB_texture_filter_anisotropic
    GL_ARB_texture_storage
    GL_ARB_texture_storage_multisample
    GL_ARB_vertex_array_object
    GL_KHR_debug
Using driver workarounds:
    no-forward-compatible-core-context
    nv-egl-incorrect-gl11-function-pointers
    no-layout-qualifiers-on-old-glsl
    nv-zero-context-profile-mask
    nv-implementation-color-read-format-dsa-broken
    nv-cubemap-inconsistent-compressed-image-size
    nv-cubemap-broken-full-compressed-image-query
    nv-compressed-block-size-in-bits
I0929 14:42:40.973043 26695 ResourceManager.cpp:234] ResourceManager::loadStage : Not loading semantic mesh
I0929 14:42:40.973052 26695 ResourceManager.cpp:262] ResourceManager::loadStage : start load render asset data/scene_datasets/mp3d/zsNo4HB9uLZ/zsNo4HB9uLZ.glb.
I0929 14:42:40.973052 26695 ResourceManager.cpp:569] ResourceManager::loadStageInternal : Attempting to load stage data/scene_datasets/mp3d/zsNo4HB9uLZ/zsNo4HB9uLZ.glb 
I0929 14:42:40.973064 26695 ResourceManager.cpp:1119] Importing Basis files as BC7 for zsNo4HB9uLZ.glb
W0929 14:42:41.839529 26695 Simulator.cpp:248] :
---
 The active scene does not contain semantic annotations. 
---
I0929 14:42:41.877989 26695 simulator.py:213] Loaded navmesh data/scene_datasets/mp3d/zsNo4HB9uLZ/zsNo4HB9uLZ.navmesh
2026-09-29 14:42:41,882 Initializing task VLN-v0
You are using a model of type bert to instantiate a model of type . This is not supported for all configurations of models and can yield errors.
Some weights of the model checkpoint at None were not used when initializing GlocalTextPathNavCMT: ['bert.global_encoder.encoder.x_layers.3.lang_self_att.self.query.weight', 'bert.global_encoder.encoder.x_layers.0.lang_output.LayerNorm.bias', 'bert.global_encoder.encoder.x_layers.1.lang_self_att.self.value.bias', 'bert.global_encoder.encoder.x_layers.3.lang_output.LayerNorm.weight', 'bert.global_encoder.encoder.x_layers.3.lang_self_att.output.LayerNorm.weight', 'bert.global_encoder.encoder.x_layers.2.lang_self_att.self.key.weight', 'bert.global_encoder.encoder.x_layers.0.lang_self_att.self.query.bias', 'bert.global_encoder.encoder.x_layers.3.lang_self_att.self.key.bias', 'mlm_head.predictions.transform.LayerNorm.bias', 'bert.global_encoder.encoder.x_layers.1.lang_self_att.output.LayerNorm.bias', 'bert.global_encoder.encoder.x_layers.1.lang_self_att.output.LayerNorm.weight', 'bert.global_encoder.encoder.x_layers.1.lang_self_att.self.value.weight', 'bert.global_encoder.encoder.x_layers.2.lang_inter.dense.weight', 'bert.global_encoder.encoder.x_layers.1.lang_inter.dense.weight', 'bert.global_encoder.encoder.x_layers.2.lang_self_att.self.key.bias', 'bert.global_encoder.encoder.x_layers.3.lang_self_att.self.value.bias', 'bert.global_encoder.encoder.x_layers.2.lang_self_att.output.LayerNorm.bias', 'bert.global_encoder.encoder.x_layers.1.lang_output.dense.bias', 'bert.global_encoder.encoder.x_layers.3.lang_inter.dense.weight', 'bert.global_encoder.encoder.x_layers.0.lang_self_att.output.dense.bias', 'bert.global_encoder.encoder.x_layers.2.lang_self_att.self.query.bias', 'mlm_head.predictions.decoder.weight', 'bert.global_encoder.encoder.x_layers.0.lang_self_att.self.value.weight', 'bert.global_encoder.encoder.x_layers.2.lang_self_att.output.LayerNorm.weight', 'bert.global_encoder.encoder.x_layers.2.lang_inter.dense.bias', 'bert.global_encoder.encoder.x_layers.2.lang_output.LayerNorm.bias', 'bert.global_encoder.encoder.x_layers.2.lang_self_att.self.query.weight', 'bert.global_encoder.encoder.x_layers.1.lang_self_att.self.key.weight', 'mlm_head.predictions.bias', 'bert.global_encoder.encoder.x_layers.2.lang_self_att.output.dense.weight', 'bert.global_encoder.encoder.x_layers.1.lang_self_att.output.dense.weight', 'bert.global_encoder.encoder.x_layers.1.lang_self_att.self.query.weight', 'bert.global_encoder.encoder.x_layers.3.lang_self_att.self.value.weight', 'bert.global_encoder.encoder.x_layers.3.lang_output.dense.weight', 'bert.global_encoder.encoder.x_layers.0.lang_self_att.output.dense.weight', 'bert.global_encoder.encoder.x_layers.2.lang_self_att.output.dense.bias', 'bert.global_encoder.encoder.x_layers.1.lang_output.LayerNorm.weight', 'bert.global_encoder.encoder.x_layers.2.lang_self_att.self.value.weight', 'bert.global_encoder.encoder.x_layers.1.lang_output.dense.weight', 'bert.global_encoder.encoder.x_layers.0.lang_output.dense.weight', 'bert.global_encoder.encoder.x_layers.0.lang_output.dense.bias', 'bert.global_encoder.encoder.x_layers.0.lang_output.LayerNorm.weight', 'bert.global_encoder.encoder.x_layers.3.lang_self_att.output.LayerNorm.bias', 'bert.global_encoder.encoder.x_layers.0.lang_inter.dense.bias', 'bert.global_encoder.encoder.x_layers.3.lang_inter.dense.bias', 'mlm_head.predictions.transform.LayerNorm.weight', 'bert.global_encoder.encoder.x_layers.1.lang_self_att.self.query.bias', 'bert.global_encoder.encoder.x_layers.0.lang_self_att.self.key.bias', 'bert.global_encoder.encoder.x_layers.1.lang_output.LayerNorm.bias', 'bert.global_encoder.encoder.x_layers.3.lang_self_att.self.key.weight', 'bert.global_encoder.encoder.x_layers.3.lang_self_att.self.query.bias', 'bert.global_encoder.encoder.x_layers.3.lang_self_att.output.dense.weight', 'bert.global_encoder.encoder.x_layers.1.lang_inter.dense.bias', 'bert.global_encoder.encoder.x_layers.1.lang_self_att.self.key.bias', 'mlm_head.predictions.transform.dense.weight', 'bert.global_encoder.encoder.x_layers.0.lang_inter.dense.weight', 'bert.global_encoder.encoder.x_layers.2.lang_self_att.self.value.bias', 'bert.global_encoder.encoder.x_layers.3.lang_output.LayerNorm.bias', 'bert.global_encoder.encoder.x_layers.2.lang_output.dense.weight', 'mlm_head.predictions.transform.dense.bias', 'bert.global_encoder.encoder.x_layers.3.lang_self_att.output.dense.bias', 'bert.global_encoder.encoder.x_layers.0.lang_self_att.self.key.weight', 'bert.global_encoder.encoder.x_layers.0.lang_self_att.self.query.weight', 'bert.global_encoder.encoder.x_layers.0.lang_self_att.output.LayerNorm.bias', 'bert.global_encoder.encoder.x_layers.1.lang_self_att.output.dense.bias', 'bert.global_encoder.encoder.x_layers.2.lang_output.dense.bias', 'bert.global_encoder.encoder.x_layers.0.lang_self_att.output.LayerNorm.weight', 'bert.global_encoder.encoder.x_layers.3.lang_output.dense.bias', 'bert.global_encoder.encoder.x_layers.0.lang_self_att.self.value.bias', 'bert.global_encoder.encoder.x_layers.2.lang_output.LayerNorm.weight']
- This IS expected if you are initializing GlocalTextPathNavCMT from the checkpoint of a model trained on another task or with another architecture (e.g. initializing a BertForSequenceClassification model from a BertForPreTraining model).
- This IS NOT expected if you are initializing GlocalTextPathNavCMT from the checkpoint of a model that you expect to be exactly identical (initializing a BertForSequenceClassification model from a BertForSequenceClassification model).
2026-09-29 14:42:46,828 Loaded weights from checkpoint: data/logs/checkpoints/release_r2r/ckpt.iter12000.pth, iteration: 12000
2026-09-29 14:42:46,830 Agent parameters: 299.14 MB. Trainable: 140.79 MB.
2026-09-29 14:42:46,830 Finished setting up policy.
local rank: 0 | dataset length: 15

Initalizing the ETP model ...
  0%|          | 0/15 [00:00<?, ?it/s]  7%|▋         | 1/15 [00:06<01:26,  6.20s/it] 13%|█▎        | 2/15 [00:13<01:31,  7.06s/it] 20%|██        | 3/15 [00:18<01:11,  5.95s/it] 27%|██▋       | 4/15 [00:21<00:53,  4.83s/it] 33%|███▎      | 5/15 [00:27<00:53,  5.34s/it] 40%|████      | 6/15 [00:33<00:48,  5.36s/it] 47%|████▋     | 7/15 [00:38<00:43,  5.39s/it] 53%|█████▎    | 8/15 [00:50<00:51,  7.34s/it] 60%|██████    | 9/15 [00:54<00:37,  6.26s/it] 67%|██████▋   | 10/15 [00:58<00:28,  5.78s/it] 73%|███████▎  | 11/15 [01:08<00:27,  6.85s/it] 80%|████████  | 12/15 [01:16<00:22,  7.37s/it] 87%|████████▋ | 13/15 [01:22<00:13,  6.78s/it] 93%|█████████▎| 14/15 [01:27<00:06,  6.39s/it]100%|██████████| 15/15 [01:31<00:00,  5.65s/it]I0929 14:44:18.320966 26695 PhysicsManager.cpp:33] Deconstructing PhysicsManager
I0929 14:44:18.320987 26695 SemanticScene.h:41] Deconstructing SemanticScene
I0929 14:44:18.322089 26695 SceneManager.h:25] Deconstructing SceneManager
I0929 14:44:18.322098 26695 SceneGraph.h:26] Deconstructing SceneGraph
I0929 14:44:18.322355 26695 Sensor.h:87] Deconstructing Sensor
I0929 14:44:18.322525 26695 Sensor.h:87] Deconstructing Sensor
I0929 14:44:18.322630 26695 Sensor.h:87] Deconstructing Sensor
I0929 14:44:18.322711 26695 Sensor.h:87] Deconstructing Sensor
I0929 14:44:18.322796 26695 Sensor.h:87] Deconstructing Sensor
I0929 14:44:18.322882 26695 Sensor.h:87] Deconstructing Sensor
I0929 14:44:18.322961 26695 Sensor.h:87] Deconstructing Sensor
I0929 14:44:18.323037 26695 Sensor.h:87] Deconstructing Sensor
I0929 14:44:18.323137 26695 Sensor.h:87] Deconstructing Sensor
I0929 14:44:18.323211 26695 Sensor.h:87] Deconstructing Sensor
I0929 14:44:18.323289 26695 Sensor.h:87] Deconstructing Sensor
I0929 14:44:18.323362 26695 Sensor.h:87] Deconstructing Sensor
I0929 14:44:18.323437 26695 Sensor.h:87] Deconstructing Sensor
I0929 14:44:18.323534 26695 Sensor.h:87] Deconstructing Sensor
I0929 14:44:18.323624 26695 Sensor.h:87] Deconstructing Sensor
I0929 14:44:18.323716 26695 Sensor.h:87] Deconstructing Sensor
I0929 14:44:18.323813 26695 Sensor.h:87] Deconstructing Sensor
I0929 14:44:18.323912 26695 Sensor.h:87] Deconstructing Sensor
I0929 14:44:18.324012 26695 Sensor.h:87] Deconstructing Sensor
I0929 14:44:18.324105 26695 Sensor.h:87] Deconstructing Sensor
I0929 14:44:18.324198 26695 Sensor.h:87] Deconstructing Sensor
I0929 14:44:18.324291 26695 Sensor.h:87] Deconstructing Sensor
I0929 14:44:18.324383 26695 Sensor.h:87] Deconstructing Sensor
I0929 14:44:18.324442 26695 Sensor.h:87] Deconstructing Sensor
I0929 14:44:18.325757 26695 Renderer.cpp:34] Deconstructing Renderer
I0929 14:44:18.325778 26695 WindowlessContext.h:17] Deconstructing WindowlessContext
I0929 14:44:18.327930 26695 Simulator.cpp:49] Deconstructing Simulator
2026-09-29 14:44:18,329 Episodes evaluated: 15
2026-09-29 14:44:18,329 Average episode steps_taken: 74.800000
2026-09-29 14:44:18,329 Average episode distance_to_goal: 5.538806
2026-09-29 14:44:18,329 Average episode success: 0.600000
2026-09-29 14:44:18,329 Average episode oracle_success: 0.600000
2026-09-29 14:44:18,329 Average episode path_length: 10.161213
2026-09-29 14:44:18,329 Average episode collisions: 0.609576
2026-09-29 14:44:18,329 Average episode spl: 0.593059
2026-09-29 14:44:18,329 Average episode ndtw: 0.632059
2026-09-29 14:44:18,329 Average episode sdtw: 0.549458
2026-09-29 14:44:18,329 Average episode ghost_cnt: 155.200000
2026-09-29 14:44:18,330 Average episode tour_idx: 7.000000
2026-09-29 14:44:18,330 Average episode g_nodes_total: 62.800000
2026-09-29 14:44:18,330 Average episode g_ghosts_total: 140.533333
2026-09-29 14:44:18,330 Average episode g_active_mean: 14.341631
2026-09-29 14:44:18,330 Average episode g_old_visible_mean: 9.908297
2026-09-29 14:44:18,330 Average episode g_comp_mean: 38.205310
2026-09-29 14:44:18,330 Average episode g_ghosts_visible_mean: 16.933528
2026-09-29 14:44:18,330 Average episode g_reloc_mean: 2.001349
2026-09-29 14:44:18,330 Average episode g_old_visible_max: 13.600000
2026-09-29 14:44:18,330 Average episode g_start_reloc: 0.800000
2026-09-29 14:44:18,330 Average episode g_start_comp: 14.800000
2026-09-29 14:44:18,330 Average episode g_stop_no_vp_left: 0.000000
100%|██████████| 15/15 [01:31<00:00,  6.10s/it]
[guard] finished rc=0 in 102s | peak footprint vs baseline: RAM +5195MiB, VRAM +2675MiB
