[guard] avail RAM 14G | GPU used 813MiB, compute procs 0 | load 4
[guard] hard caps on: RAM<=9G (no swap), CPU<=300%
2026-09-20 14:07:59,285 checkpoint_path: data/logs/checkpoints/release_r2r/ckpt.iter12000.pth
2026-09-20 14:07:59,285 Initializing dataset VLN-CE-v1
2026-09-20 14:07:59,310 SPLTI: tour_zsNo4H_n15_s2_o0, NUMBER OF SCENES: 1
2026-09-20 14:08:15,109 Initializing dataset VLN-CE-v1
2026-09-20 14:08:15,131 initializing sim Sim-v1
WARNING: Logging before InitGoogleLogging() is written to STDERR
I0920 14:08:15.136806 486514 ManagedContainerBase.cpp:19] ManagedContainerBase::convertFilenameToJSON : Filename : default changed to proposed JSON configuration filename : default.scene_dataset_config.json
I0920 14:08:15.136832 486514 AttributesManagerBase.h:283] AttributesManager<T>::createFromJsonOrDefaultInternal  (Dataset) : Proposing JSON name : default.scene_dataset_config.json from original name : default | This file  does not exist.
I0920 14:08:15.136878 486514 AssetAttributesManager.cpp:117] Asset attributes (capsule3DSolid : capsule3DSolid_hemiRings_4_cylRings_1_segments_12_halfLen_0.75_useTexCoords_false_useTangents_false) created and registered.
I0920 14:08:15.136894 486514 AssetAttributesManager.cpp:117] Asset attributes (capsule3DWireframe : capsule3DWireframe_hemiRings_8_cylRings_1_segments_16_halfLen_1) created and registered.
I0920 14:08:15.136911 486514 AssetAttributesManager.cpp:117] Asset attributes (coneSolid : coneSolid_segments_12_halfLen_1.25_rings_1_useTexCoords_false_useTangents_false_capEnd_true) created and registered.
I0920 14:08:15.136922 486514 AssetAttributesManager.cpp:117] Asset attributes (coneWireframe : coneWireframe_segments_32_halfLen_1.25) created and registered.
I0920 14:08:15.136927 486514 AssetAttributesManager.cpp:117] Asset attributes (cubeSolid : cubeSolid) created and registered.
I0920 14:08:15.136932 486514 AssetAttributesManager.cpp:117] Asset attributes (cubeWireframe : cubeWireframe) created and registered.
I0920 14:08:15.136947 486514 AssetAttributesManager.cpp:117] Asset attributes (cylinderSolid : cylinderSolid_rings_1_segments_12_halfLen_1_useTexCoords_false_useTangents_false_capEnds_true) created and registered.
I0920 14:08:15.136958 486514 AssetAttributesManager.cpp:117] Asset attributes (cylinderWireframe : cylinderWireframe_rings_1_segments_32_halfLen_1) created and registered.
I0920 14:08:15.136965 486514 AssetAttributesManager.cpp:117] Asset attributes (icosphereSolid : icosphereSolid_subdivs_1) created and registered.
I0920 14:08:15.136971 486514 AssetAttributesManager.cpp:117] Asset attributes (icosphereWireframe : icosphereWireframe_subdivs_1) created and registered.
I0920 14:08:15.136981 486514 AssetAttributesManager.cpp:117] Asset attributes (uvSphereSolid : uvSphereSolid_rings_8_segments_16_useTexCoords_false_useTangents_false) created and registered.
I0920 14:08:15.136989 486514 AssetAttributesManager.cpp:117] Asset attributes (uvSphereWireframe : uvSphereWireframe_rings_16_segments_32) created and registered.
I0920 14:08:15.136992 486514 AssetAttributesManager.cpp:105] AssetAttributesManager::buildCtorFuncPtrMaps : Built default primitive asset templates : 12
I0920 14:08:15.137288 486514 SceneDatasetAttributesManager.cpp:23] File (default) not found, so new default dataset attributes created and registered.
I0920 14:08:15.137291 486514 MetadataMediator.cpp:47] MetadataMediator::createDataset : Dataset default successfully created.
I0920 14:08:15.139463 486514 AttributesManagerBase.h:283] AttributesManager<T>::createFromJsonOrDefaultInternal  (Physics Manager) : Proposing JSON name : ./data/default.physics_config.json from original name : ./data/default.physics_config.json | This file  does not exist.
I0920 14:08:15.139474 486514 PhysicsAttributesManager.cpp:27] File (./data/default.physics_config.json) not found, so new default physics manager attributes created and registered.
I0920 14:08:15.139477 486514 AbstractObjectAttributesManagerBase.h:175] AbstractObjectAttributesManager<T>::createObject  (Stage) : Making attributes with handle : data/scene_datasets/mp3d/zsNo4HB9uLZ/zsNo4HB9uLZ.glb
I0920 14:08:15.139489 486514 ManagedContainerBase.cpp:19] ManagedContainerBase::convertFilenameToJSON : Filename : data/scene_datasets/mp3d/zsNo4HB9uLZ/zsNo4HB9uLZ.glb changed to proposed JSON configuration filename : data/scene_datasets/mp3d/zsNo4HB9uLZ/zsNo4HB9uLZ.stage_config.json
I0920 14:08:15.139492 486514 AttributesManagerBase.h:283] AttributesManager<T>::createFromJsonOrDefaultInternal  (Stage) : Proposing JSON name : data/scene_datasets/mp3d/zsNo4HB9uLZ/zsNo4HB9uLZ.stage_config.json from original name : data/scene_datasets/mp3d/zsNo4HB9uLZ/zsNo4HB9uLZ.glb | This file  does not exist.
I0920 14:08:15.139524 486514 AbstractObjectAttributesManagerBase.h:181] AbstractObjectAttributesManager<T>::createObject  (Stage) : Done making attributes with handle : data/scene_datasets/mp3d/zsNo4HB9uLZ/zsNo4HB9uLZ.glb
I0920 14:08:15.139526 486514 AbstractObjectAttributesManagerBase.h:188] File (data/scene_datasets/mp3d/zsNo4HB9uLZ/zsNo4HB9uLZ.glb) exists but is not a recognized config filename extension, so new default Stage attributes created and registered.
I0920 14:08:15.139530 486514 Simulator.cpp:156] Loading navmesh from data/scene_datasets/mp3d/zsNo4HB9uLZ/zsNo4HB9uLZ.navmesh
I0920 14:08:15.139585 486514 Simulator.cpp:158] Loaded.
I0920 14:08:15.139595 486514 SceneGraph.h:93] Created DrawableGroup: 
Renderer: NVIDIA T1000 8GB/PCIe/SSE2 by NVIDIA Corporation
OpenGL version: 4.6.0 NVIDIA 595.84
Using optional features:
    GL_ARB_ES2_compatibility
    GL_ARB_direct_state_access
    GL_ARB_get_texture_sub_image
    GL_ARB_invalidate_subdata
    GL_ARB_multi_bind
    GL_ARB_robustness
    GL_ARB_separate_shader_objects
    GL_ARB_texture_filter_anisotropic
    GL_ARB_texture_storage
    GL_ARB_texture_storage_multisample
    GL_ARB_vertex_array_object
    GL_KHR_debug
Using driver workarounds:
    no-forward-compatible-core-context
    nv-egl-incorrect-gl11-function-pointers
    no-layout-qualifiers-on-old-glsl
    nv-zero-context-profile-mask
    nv-implementation-color-read-format-dsa-broken
    nv-cubemap-inconsistent-compressed-image-size
    nv-cubemap-broken-full-compressed-image-query
    nv-compressed-block-size-in-bits
I0920 14:08:15.301851 486514 ResourceManager.cpp:234] ResourceManager::loadStage : Not loading semantic mesh
I0920 14:08:15.301858 486514 ResourceManager.cpp:262] ResourceManager::loadStage : start load render asset data/scene_datasets/mp3d/zsNo4HB9uLZ/zsNo4HB9uLZ.glb.
I0920 14:08:15.301859 486514 ResourceManager.cpp:569] ResourceManager::loadStageInternal : Attempting to load stage data/scene_datasets/mp3d/zsNo4HB9uLZ/zsNo4HB9uLZ.glb 
I0920 14:08:15.301869 486514 ResourceManager.cpp:1119] Importing Basis files as BC7 for zsNo4HB9uLZ.glb
W0920 14:08:16.258715 486514 Simulator.cpp:248] :
---
 The active scene does not contain semantic annotations. 
---
I0920 14:08:16.300105 486514 simulator.py:213] Loaded navmesh data/scene_datasets/mp3d/zsNo4HB9uLZ/zsNo4HB9uLZ.navmesh
2026-09-20 14:08:16,304 Initializing task VLN-v0
You are using a model of type bert to instantiate a model of type . This is not supported for all configurations of models and can yield errors.
Some weights of the model checkpoint at None were not used when initializing GlocalTextPathNavCMT: ['bert.global_encoder.encoder.x_layers.2.lang_self_att.output.dense.weight', 'bert.global_encoder.encoder.x_layers.3.lang_self_att.output.LayerNorm.bias', 'bert.global_encoder.encoder.x_layers.1.lang_inter.dense.weight', 'bert.global_encoder.encoder.x_layers.1.lang_self_att.output.LayerNorm.weight', 'bert.global_encoder.encoder.x_layers.2.lang_self_att.self.value.bias', 'bert.global_encoder.encoder.x_layers.2.lang_self_att.output.dense.bias', 'bert.global_encoder.encoder.x_layers.0.lang_self_att.output.dense.bias', 'bert.global_encoder.encoder.x_layers.0.lang_output.LayerNorm.bias', 'bert.global_encoder.encoder.x_layers.3.lang_output.dense.bias', 'bert.global_encoder.encoder.x_layers.0.lang_output.dense.bias', 'bert.global_encoder.encoder.x_layers.3.lang_output.LayerNorm.bias', 'bert.global_encoder.encoder.x_layers.0.lang_self_att.output.dense.weight', 'mlm_head.predictions.transform.LayerNorm.bias', 'bert.global_encoder.encoder.x_layers.1.lang_output.dense.bias', 'bert.global_encoder.encoder.x_layers.0.lang_self_att.self.value.weight', 'bert.global_encoder.encoder.x_layers.1.lang_self_att.self.value.bias', 'bert.global_encoder.encoder.x_layers.2.lang_inter.dense.weight', 'bert.global_encoder.encoder.x_layers.3.lang_inter.dense.bias', 'bert.global_encoder.encoder.x_layers.1.lang_self_att.output.LayerNorm.bias', 'bert.global_encoder.encoder.x_layers.2.lang_inter.dense.bias', 'mlm_head.predictions.bias', 'bert.global_encoder.encoder.x_layers.3.lang_self_att.self.key.weight', 'bert.global_encoder.encoder.x_layers.2.lang_output.dense.bias', 'bert.global_encoder.encoder.x_layers.1.lang_inter.dense.bias', 'bert.global_encoder.encoder.x_layers.3.lang_self_att.output.dense.bias', 'bert.global_encoder.encoder.x_layers.0.lang_self_att.self.query.weight', 'mlm_head.predictions.transform.LayerNorm.weight', 'bert.global_encoder.encoder.x_layers.1.lang_self_att.self.key.weight', 'bert.global_encoder.encoder.x_layers.1.lang_self_att.self.query.weight', 'bert.global_encoder.encoder.x_layers.0.lang_self_att.self.key.weight', 'bert.global_encoder.encoder.x_layers.1.lang_self_att.output.dense.weight', 'bert.global_encoder.encoder.x_layers.0.lang_inter.dense.weight', 'bert.global_encoder.encoder.x_layers.1.lang_output.dense.weight', 'bert.global_encoder.encoder.x_layers.0.lang_self_att.self.value.bias', 'bert.global_encoder.encoder.x_layers.0.lang_self_att.self.key.bias', 'bert.global_encoder.encoder.x_layers.2.lang_self_att.self.query.bias', 'bert.global_encoder.encoder.x_layers.1.lang_output.LayerNorm.bias', 'bert.global_encoder.encoder.x_layers.0.lang_output.LayerNorm.weight', 'bert.global_encoder.encoder.x_layers.2.lang_output.LayerNorm.weight', 'bert.global_encoder.encoder.x_layers.2.lang_self_att.self.key.bias', 'bert.global_encoder.encoder.x_layers.0.lang_output.dense.weight', 'bert.global_encoder.encoder.x_layers.2.lang_self_att.output.LayerNorm.weight', 'bert.global_encoder.encoder.x_layers.2.lang_self_att.self.query.weight', 'bert.global_encoder.encoder.x_layers.3.lang_self_att.output.LayerNorm.weight', 'bert.global_encoder.encoder.x_layers.3.lang_self_att.output.dense.weight', 'bert.global_encoder.encoder.x_layers.0.lang_self_att.output.LayerNorm.weight', 'bert.global_encoder.encoder.x_layers.0.lang_inter.dense.bias', 'bert.global_encoder.encoder.x_layers.3.lang_output.LayerNorm.weight', 'bert.global_encoder.encoder.x_layers.3.lang_inter.dense.weight', 'bert.global_encoder.encoder.x_layers.1.lang_output.LayerNorm.weight', 'bert.global_encoder.encoder.x_layers.1.lang_self_att.output.dense.bias', 'bert.global_encoder.encoder.x_layers.2.lang_self_att.output.LayerNorm.bias', 'bert.global_encoder.encoder.x_layers.2.lang_self_att.self.key.weight', 'bert.global_encoder.encoder.x_layers.3.lang_output.dense.weight', 'mlm_head.predictions.decoder.weight', 'bert.global_encoder.encoder.x_layers.0.lang_self_att.output.LayerNorm.bias', 'mlm_head.predictions.transform.dense.bias', 'bert.global_encoder.encoder.x_layers.2.lang_self_att.self.value.weight', 'bert.global_encoder.encoder.x_layers.2.lang_output.dense.weight', 'bert.global_encoder.encoder.x_layers.3.lang_self_att.self.query.weight', 'mlm_head.predictions.transform.dense.weight', 'bert.global_encoder.encoder.x_layers.3.lang_self_att.self.key.bias', 'bert.global_encoder.encoder.x_layers.2.lang_output.LayerNorm.bias', 'bert.global_encoder.encoder.x_layers.1.lang_self_att.self.key.bias', 'bert.global_encoder.encoder.x_layers.1.lang_self_att.self.value.weight', 'bert.global_encoder.encoder.x_layers.0.lang_self_att.self.query.bias', 'bert.global_encoder.encoder.x_layers.1.lang_self_att.self.query.bias', 'bert.global_encoder.encoder.x_layers.3.lang_self_att.self.value.weight', 'bert.global_encoder.encoder.x_layers.3.lang_self_att.self.value.bias', 'bert.global_encoder.encoder.x_layers.3.lang_self_att.self.query.bias']
- This IS expected if you are initializing GlocalTextPathNavCMT from the checkpoint of a model trained on another task or with another architecture (e.g. initializing a BertForSequenceClassification model from a BertForPreTraining model).
- This IS NOT expected if you are initializing GlocalTextPathNavCMT from the checkpoint of a model that you expect to be exactly identical (initializing a BertForSequenceClassification model from a BertForSequenceClassification model).
2026-09-20 14:08:42,231 Loaded weights from checkpoint: data/logs/checkpoints/release_r2r/ckpt.iter12000.pth, iteration: 12000
2026-09-20 14:08:42,244 Agent parameters: 299.14 MB. Trainable: 140.79 MB.
2026-09-20 14:08:42,244 Finished setting up policy.
local rank: 0 | dataset length: 15

Initalizing the ETP model ...
  0%|          | 0/15 [00:00<?, ?it/s]  7%|▋         | 1/15 [00:06<01:33,  6.64s/it] 13%|█▎        | 2/15 [00:21<02:25, 11.19s/it] 20%|██        | 3/15 [00:28<01:55,  9.63s/it] 27%|██▋       | 4/15 [00:35<01:32,  8.39s/it] 33%|███▎      | 5/15 [00:43<01:25,  8.50s/it] 40%|████      | 6/15 [00:52<01:17,  8.65s/it] 47%|████▋     | 7/15 [01:00<01:06,  8.35s/it] 53%|█████▎    | 8/15 [01:06<00:53,  7.63s/it] 60%|██████    | 9/15 [01:16<00:49,  8.30s/it] 67%|██████▋   | 10/15 [01:27<00:45,  9.16s/it] 73%|███████▎  | 11/15 [01:37<00:37,  9.38s/it] 80%|████████  | 12/15 [01:42<00:23,  8.00s/it] 87%|████████▋ | 13/15 [01:49<00:15,  7.78s/it] 93%|█████████▎| 14/15 [01:56<00:07,  7.49s/it]100%|██████████| 15/15 [02:02<00:00,  7.17s/it]I0920 14:10:45.112484 486514 PhysicsManager.cpp:33] Deconstructing PhysicsManager
I0920 14:10:45.112504 486514 SemanticScene.h:41] Deconstructing SemanticScene
I0920 14:10:45.113705 486514 SceneManager.h:25] Deconstructing SceneManager
I0920 14:10:45.113716 486514 SceneGraph.h:26] Deconstructing SceneGraph
I0920 14:10:45.113993 486514 Sensor.h:87] Deconstructing Sensor
I0920 14:10:45.114164 486514 Sensor.h:87] Deconstructing Sensor
I0920 14:10:45.114270 486514 Sensor.h:87] Deconstructing Sensor
I0920 14:10:45.114367 486514 Sensor.h:87] Deconstructing Sensor
I0920 14:10:45.114460 486514 Sensor.h:87] Deconstructing Sensor
I0920 14:10:45.114558 486514 Sensor.h:87] Deconstructing Sensor
I0920 14:10:45.114651 486514 Sensor.h:87] Deconstructing Sensor
I0920 14:10:45.114750 486514 Sensor.h:87] Deconstructing Sensor
I0920 14:10:45.114846 486514 Sensor.h:87] Deconstructing Sensor
I0920 14:10:45.114938 486514 Sensor.h:87] Deconstructing Sensor
I0920 14:10:45.115032 486514 Sensor.h:87] Deconstructing Sensor
I0920 14:10:45.115134 486514 Sensor.h:87] Deconstructing Sensor
I0920 14:10:45.115232 486514 Sensor.h:87] Deconstructing Sensor
I0920 14:10:45.115381 486514 Sensor.h:87] Deconstructing Sensor
I0920 14:10:45.115517 486514 Sensor.h:87] Deconstructing Sensor
I0920 14:10:45.115639 486514 Sensor.h:87] Deconstructing Sensor
I0920 14:10:45.115770 486514 Sensor.h:87] Deconstructing Sensor
I0920 14:10:45.115900 486514 Sensor.h:87] Deconstructing Sensor
I0920 14:10:45.116020 486514 Sensor.h:87] Deconstructing Sensor
I0920 14:10:45.116261 486514 Sensor.h:87] Deconstructing Sensor
I0920 14:10:45.116420 486514 Sensor.h:87] Deconstructing Sensor
I0920 14:10:45.116580 486514 Sensor.h:87] Deconstructing Sensor
I0920 14:10:45.116741 486514 Sensor.h:87] Deconstructing Sensor
I0920 14:10:45.116835 486514 Sensor.h:87] Deconstructing Sensor
I0920 14:10:45.118799 486514 Renderer.cpp:34] Deconstructing Renderer
I0920 14:10:45.118813 486514 WindowlessContext.h:17] Deconstructing WindowlessContext
I0920 14:10:45.121205 486514 Simulator.cpp:49] Deconstructing Simulator
2026-09-20 14:10:45,122 Episodes evaluated: 15
2026-09-20 14:10:45,122 Average episode steps_taken: 75.933333
2026-09-20 14:10:45,122 Average episode distance_to_goal: 3.120575
2026-09-20 14:10:45,122 Average episode success: 0.466667
2026-09-20 14:10:45,122 Average episode oracle_success: 0.466667
2026-09-20 14:10:45,122 Average episode path_length: 11.302881
2026-09-20 14:10:45,122 Average episode collisions: 0.029245
2026-09-20 14:10:45,122 Average episode spl: 0.442952
2026-09-20 14:10:45,122 Average episode ndtw: 0.733611
2026-09-20 14:10:45,122 Average episode sdtw: 0.423461
2026-09-20 14:10:45,122 Average episode ghost_cnt: 21.600000
2026-09-20 14:10:45,122 Average episode tour_idx: 7.000000
2026-09-20 14:10:45,126 Average episode g_nodes_total: 8.333333
2026-09-20 14:10:45,126 Average episode g_ghosts_total: 14.266667
100%|██████████| 15/15 [02:02<00:00,  8.19s/it]
[guard] finished rc=0 in 183s | peak footprint vs baseline: RAM +7278MiB, VRAM +3826MiB
