[guard] avail RAM 14G | GPU used 805MiB, compute procs 0 | load 2
[guard] hard caps on: RAM<=9G (no swap), CPU<=300%
2026-09-20 14:21:17,243 checkpoint_path: data/logs/checkpoints/release_r2r/ckpt.iter12000.pth
2026-09-20 14:21:17,243 Initializing dataset VLN-CE-v1
2026-09-20 14:21:17,291 SPLTI: tour_zsNo4H_n15_s2_o0, NUMBER OF SCENES: 1
2026-09-20 14:21:33,713 Initializing dataset VLN-CE-v1
2026-09-20 14:21:33,736 initializing sim Sim-v1
WARNING: Logging before InitGoogleLogging() is written to STDERR
I0920 14:21:33.741557 492642 ManagedContainerBase.cpp:19] ManagedContainerBase::convertFilenameToJSON : Filename : default changed to proposed JSON configuration filename : default.scene_dataset_config.json
I0920 14:21:33.741585 492642 AttributesManagerBase.h:283] AttributesManager<T>::createFromJsonOrDefaultInternal  (Dataset) : Proposing JSON name : default.scene_dataset_config.json from original name : default | This file  does not exist.
I0920 14:21:33.741631 492642 AssetAttributesManager.cpp:117] Asset attributes (capsule3DSolid : capsule3DSolid_hemiRings_4_cylRings_1_segments_12_halfLen_0.75_useTexCoords_false_useTangents_false) created and registered.
I0920 14:21:33.741648 492642 AssetAttributesManager.cpp:117] Asset attributes (capsule3DWireframe : capsule3DWireframe_hemiRings_8_cylRings_1_segments_16_halfLen_1) created and registered.
I0920 14:21:33.741667 492642 AssetAttributesManager.cpp:117] Asset attributes (coneSolid : coneSolid_segments_12_halfLen_1.25_rings_1_useTexCoords_false_useTangents_false_capEnd_true) created and registered.
I0920 14:21:33.741677 492642 AssetAttributesManager.cpp:117] Asset attributes (coneWireframe : coneWireframe_segments_32_halfLen_1.25) created and registered.
I0920 14:21:33.741683 492642 AssetAttributesManager.cpp:117] Asset attributes (cubeSolid : cubeSolid) created and registered.
I0920 14:21:33.741688 492642 AssetAttributesManager.cpp:117] Asset attributes (cubeWireframe : cubeWireframe) created and registered.
I0920 14:21:33.741703 492642 AssetAttributesManager.cpp:117] Asset attributes (cylinderSolid : cylinderSolid_rings_1_segments_12_halfLen_1_useTexCoords_false_useTangents_false_capEnds_true) created and registered.
I0920 14:21:33.741715 492642 AssetAttributesManager.cpp:117] Asset attributes (cylinderWireframe : cylinderWireframe_rings_1_segments_32_halfLen_1) created and registered.
I0920 14:21:33.741722 492642 AssetAttributesManager.cpp:117] Asset attributes (icosphereSolid : icosphereSolid_subdivs_1) created and registered.
I0920 14:21:33.741729 492642 AssetAttributesManager.cpp:117] Asset attributes (icosphereWireframe : icosphereWireframe_subdivs_1) created and registered.
I0920 14:21:33.741739 492642 AssetAttributesManager.cpp:117] Asset attributes (uvSphereSolid : uvSphereSolid_rings_8_segments_16_useTexCoords_false_useTangents_false) created and registered.
I0920 14:21:33.741747 492642 AssetAttributesManager.cpp:117] Asset attributes (uvSphereWireframe : uvSphereWireframe_rings_16_segments_32) created and registered.
I0920 14:21:33.741750 492642 AssetAttributesManager.cpp:105] AssetAttributesManager::buildCtorFuncPtrMaps : Built default primitive asset templates : 12
I0920 14:21:33.742053 492642 SceneDatasetAttributesManager.cpp:23] File (default) not found, so new default dataset attributes created and registered.
I0920 14:21:33.742056 492642 MetadataMediator.cpp:47] MetadataMediator::createDataset : Dataset default successfully created.
I0920 14:21:33.744346 492642 AttributesManagerBase.h:283] AttributesManager<T>::createFromJsonOrDefaultInternal  (Physics Manager) : Proposing JSON name : ./data/default.physics_config.json from original name : ./data/default.physics_config.json | This file  does not exist.
I0920 14:21:33.744364 492642 PhysicsAttributesManager.cpp:27] File (./data/default.physics_config.json) not found, so new default physics manager attributes created and registered.
I0920 14:21:33.744369 492642 AbstractObjectAttributesManagerBase.h:175] AbstractObjectAttributesManager<T>::createObject  (Stage) : Making attributes with handle : data/scene_datasets/mp3d/zsNo4HB9uLZ/zsNo4HB9uLZ.glb
I0920 14:21:33.744379 492642 ManagedContainerBase.cpp:19] ManagedContainerBase::convertFilenameToJSON : Filename : data/scene_datasets/mp3d/zsNo4HB9uLZ/zsNo4HB9uLZ.glb changed to proposed JSON configuration filename : data/scene_datasets/mp3d/zsNo4HB9uLZ/zsNo4HB9uLZ.stage_config.json
I0920 14:21:33.744383 492642 AttributesManagerBase.h:283] AttributesManager<T>::createFromJsonOrDefaultInternal  (Stage) : Proposing JSON name : data/scene_datasets/mp3d/zsNo4HB9uLZ/zsNo4HB9uLZ.stage_config.json from original name : data/scene_datasets/mp3d/zsNo4HB9uLZ/zsNo4HB9uLZ.glb | This file  does not exist.
I0920 14:21:33.744418 492642 AbstractObjectAttributesManagerBase.h:181] AbstractObjectAttributesManager<T>::createObject  (Stage) : Done making attributes with handle : data/scene_datasets/mp3d/zsNo4HB9uLZ/zsNo4HB9uLZ.glb
I0920 14:21:33.744421 492642 AbstractObjectAttributesManagerBase.h:188] File (data/scene_datasets/mp3d/zsNo4HB9uLZ/zsNo4HB9uLZ.glb) exists but is not a recognized config filename extension, so new default Stage attributes created and registered.
I0920 14:21:33.744423 492642 Simulator.cpp:156] Loading navmesh from data/scene_datasets/mp3d/zsNo4HB9uLZ/zsNo4HB9uLZ.navmesh
I0920 14:21:33.744482 492642 Simulator.cpp:158] Loaded.
I0920 14:21:33.744493 492642 SceneGraph.h:93] Created DrawableGroup: 
Renderer: NVIDIA T1000 8GB/PCIe/SSE2 by NVIDIA Corporation
OpenGL version: 4.6.0 NVIDIA 595.84
Using optional features:
    GL_ARB_ES2_compatibility
    GL_ARB_direct_state_access
    GL_ARB_get_texture_sub_image
    GL_ARB_invalidate_subdata
    GL_ARB_multi_bind
    GL_ARB_robustness
    GL_ARB_separate_shader_objects
    GL_ARB_texture_filter_anisotropic
    GL_ARB_texture_storage
    GL_ARB_texture_storage_multisample
    GL_ARB_vertex_array_object
    GL_KHR_debug
Using driver workarounds:
    no-forward-compatible-core-context
    nv-egl-incorrect-gl11-function-pointers
    no-layout-qualifiers-on-old-glsl
    nv-zero-context-profile-mask
    nv-implementation-color-read-format-dsa-broken
    nv-cubemap-inconsistent-compressed-image-size
    nv-cubemap-broken-full-compressed-image-query
    nv-compressed-block-size-in-bits
I0920 14:21:33.902417 492642 ResourceManager.cpp:234] ResourceManager::loadStage : Not loading semantic mesh
I0920 14:21:33.902427 492642 ResourceManager.cpp:262] ResourceManager::loadStage : start load render asset data/scene_datasets/mp3d/zsNo4HB9uLZ/zsNo4HB9uLZ.glb.
I0920 14:21:33.902428 492642 ResourceManager.cpp:569] ResourceManager::loadStageInternal : Attempting to load stage data/scene_datasets/mp3d/zsNo4HB9uLZ/zsNo4HB9uLZ.glb 
I0920 14:21:33.902438 492642 ResourceManager.cpp:1119] Importing Basis files as BC7 for zsNo4HB9uLZ.glb
W0920 14:21:35.090827 492642 Simulator.cpp:248] :
---
 The active scene does not contain semantic annotations. 
---
I0920 14:21:35.134351 492642 simulator.py:213] Loaded navmesh data/scene_datasets/mp3d/zsNo4HB9uLZ/zsNo4HB9uLZ.navmesh
2026-09-20 14:21:35,138 Initializing task VLN-v0
You are using a model of type bert to instantiate a model of type . This is not supported for all configurations of models and can yield errors.
Some weights of the model checkpoint at None were not used when initializing GlocalTextPathNavCMT: ['bert.global_encoder.encoder.x_layers.0.lang_self_att.output.dense.weight', 'bert.global_encoder.encoder.x_layers.0.lang_inter.dense.weight', 'bert.global_encoder.encoder.x_layers.1.lang_inter.dense.bias', 'mlm_head.predictions.transform.dense.bias', 'bert.global_encoder.encoder.x_layers.2.lang_self_att.self.value.weight', 'bert.global_encoder.encoder.x_layers.0.lang_self_att.output.LayerNorm.weight', 'bert.global_encoder.encoder.x_layers.1.lang_self_att.self.query.bias', 'mlm_head.predictions.transform.LayerNorm.weight', 'bert.global_encoder.encoder.x_layers.3.lang_self_att.self.query.weight', 'bert.global_encoder.encoder.x_layers.0.lang_self_att.self.query.weight', 'bert.global_encoder.encoder.x_layers.1.lang_self_att.self.value.weight', 'mlm_head.predictions.bias', 'bert.global_encoder.encoder.x_layers.2.lang_self_att.self.key.bias', 'bert.global_encoder.encoder.x_layers.2.lang_self_att.output.LayerNorm.weight', 'bert.global_encoder.encoder.x_layers.3.lang_self_att.output.LayerNorm.bias', 'bert.global_encoder.encoder.x_layers.3.lang_self_att.output.LayerNorm.weight', 'bert.global_encoder.encoder.x_layers.3.lang_inter.dense.weight', 'bert.global_encoder.encoder.x_layers.1.lang_inter.dense.weight', 'bert.global_encoder.encoder.x_layers.3.lang_self_att.self.key.weight', 'bert.global_encoder.encoder.x_layers.2.lang_self_att.output.dense.weight', 'bert.global_encoder.encoder.x_layers.3.lang_output.dense.bias', 'mlm_head.predictions.transform.dense.weight', 'bert.global_encoder.encoder.x_layers.2.lang_output.LayerNorm.bias', 'mlm_head.predictions.transform.LayerNorm.bias', 'bert.global_encoder.encoder.x_layers.1.lang_self_att.self.query.weight', 'bert.global_encoder.encoder.x_layers.3.lang_self_att.self.key.bias', 'bert.global_encoder.encoder.x_layers.0.lang_self_att.self.key.bias', 'bert.global_encoder.encoder.x_layers.0.lang_inter.dense.bias', 'bert.global_encoder.encoder.x_layers.3.lang_inter.dense.bias', 'bert.global_encoder.encoder.x_layers.0.lang_self_att.self.value.bias', 'bert.global_encoder.encoder.x_layers.2.lang_self_att.self.value.bias', 'bert.global_encoder.encoder.x_layers.0.lang_self_att.self.value.weight', 'bert.global_encoder.encoder.x_layers.2.lang_self_att.self.key.weight', 'bert.global_encoder.encoder.x_layers.3.lang_self_att.self.value.weight', 'bert.global_encoder.encoder.x_layers.1.lang_self_att.self.key.weight', 'bert.global_encoder.encoder.x_layers.0.lang_output.LayerNorm.weight', 'bert.global_encoder.encoder.x_layers.0.lang_self_att.self.query.bias', 'bert.global_encoder.encoder.x_layers.1.lang_output.dense.weight', 'bert.global_encoder.encoder.x_layers.0.lang_output.dense.weight', 'bert.global_encoder.encoder.x_layers.2.lang_output.dense.weight', 'bert.global_encoder.encoder.x_layers.3.lang_self_att.output.dense.weight', 'bert.global_encoder.encoder.x_layers.1.lang_self_att.self.key.bias', 'bert.global_encoder.encoder.x_layers.2.lang_self_att.self.query.bias', 'bert.global_encoder.encoder.x_layers.0.lang_self_att.output.dense.bias', 'mlm_head.predictions.decoder.weight', 'bert.global_encoder.encoder.x_layers.0.lang_output.dense.bias', 'bert.global_encoder.encoder.x_layers.3.lang_self_att.output.dense.bias', 'bert.global_encoder.encoder.x_layers.0.lang_output.LayerNorm.bias', 'bert.global_encoder.encoder.x_layers.1.lang_self_att.output.LayerNorm.bias', 'bert.global_encoder.encoder.x_layers.1.lang_self_att.self.value.bias', 'bert.global_encoder.encoder.x_layers.0.lang_self_att.self.key.weight', 'bert.global_encoder.encoder.x_layers.2.lang_inter.dense.bias', 'bert.global_encoder.encoder.x_layers.1.lang_output.LayerNorm.weight', 'bert.global_encoder.encoder.x_layers.2.lang_self_att.output.dense.bias', 'bert.global_encoder.encoder.x_layers.2.lang_self_att.output.LayerNorm.bias', 'bert.global_encoder.encoder.x_layers.2.lang_self_att.self.query.weight', 'bert.global_encoder.encoder.x_layers.2.lang_output.LayerNorm.weight', 'bert.global_encoder.encoder.x_layers.3.lang_self_att.self.value.bias', 'bert.global_encoder.encoder.x_layers.2.lang_inter.dense.weight', 'bert.global_encoder.encoder.x_layers.3.lang_output.dense.weight', 'bert.global_encoder.encoder.x_layers.1.lang_self_att.output.LayerNorm.weight', 'bert.global_encoder.encoder.x_layers.1.lang_output.LayerNorm.bias', 'bert.global_encoder.encoder.x_layers.0.lang_self_att.output.LayerNorm.bias', 'bert.global_encoder.encoder.x_layers.3.lang_output.LayerNorm.weight', 'bert.global_encoder.encoder.x_layers.3.lang_self_att.self.query.bias', 'bert.global_encoder.encoder.x_layers.1.lang_self_att.output.dense.bias', 'bert.global_encoder.encoder.x_layers.3.lang_output.LayerNorm.bias', 'bert.global_encoder.encoder.x_layers.1.lang_self_att.output.dense.weight', 'bert.global_encoder.encoder.x_layers.2.lang_output.dense.bias', 'bert.global_encoder.encoder.x_layers.1.lang_output.dense.bias']
- This IS expected if you are initializing GlocalTextPathNavCMT from the checkpoint of a model trained on another task or with another architecture (e.g. initializing a BertForSequenceClassification model from a BertForPreTraining model).
- This IS NOT expected if you are initializing GlocalTextPathNavCMT from the checkpoint of a model that you expect to be exactly identical (initializing a BertForSequenceClassification model from a BertForSequenceClassification model).
2026-09-20 14:21:59,249 Loaded weights from checkpoint: data/logs/checkpoints/release_r2r/ckpt.iter12000.pth, iteration: 12000
2026-09-20 14:21:59,264 Agent parameters: 299.14 MB. Trainable: 140.79 MB.
2026-09-20 14:21:59,264 Finished setting up policy.
local rank: 0 | dataset length: 15

Initalizing the ETP model ...
  0%|          | 0/15 [00:00<?, ?it/s]  7%|▋         | 1/15 [00:04<00:56,  4.02s/it] 13%|█▎        | 2/15 [00:05<00:34,  2.66s/it] 20%|██        | 3/15 [00:14<01:03,  5.27s/it] 27%|██▋       | 4/15 [00:16<00:44,  4.08s/it] 33%|███▎      | 5/15 [00:20<00:42,  4.24s/it] 40%|████      | 6/15 [00:23<00:32,  3.58s/it] 47%|████▋     | 7/15 [00:27<00:29,  3.72s/it] 53%|█████▎    | 8/15 [00:29<00:22,  3.26s/it] 60%|██████    | 9/15 [00:38<00:29,  4.92s/it] 67%|██████▋   | 10/15 [00:46<00:30,  6.09s/it] 73%|███████▎  | 11/15 [00:55<00:27,  6.90s/it] 80%|████████  | 12/15 [01:04<00:22,  7.45s/it] 87%|████████▋ | 13/15 [01:12<00:15,  7.83s/it] 93%|█████████▎| 14/15 [01:14<00:05,  6.00s/it]100%|██████████| 15/15 [01:19<00:00,  5.60s/it]I0920 14:23:18.608050 492642 PhysicsManager.cpp:33] Deconstructing PhysicsManager
I0920 14:23:18.608079 492642 SemanticScene.h:41] Deconstructing SemanticScene
I0920 14:23:18.609500 492642 SceneManager.h:25] Deconstructing SceneManager
I0920 14:23:18.609512 492642 SceneGraph.h:26] Deconstructing SceneGraph
I0920 14:23:18.609797 492642 Sensor.h:87] Deconstructing Sensor
I0920 14:23:18.609939 492642 Sensor.h:87] Deconstructing Sensor
I0920 14:23:18.610028 492642 Sensor.h:87] Deconstructing Sensor
I0920 14:23:18.610114 492642 Sensor.h:87] Deconstructing Sensor
I0920 14:23:18.610196 492642 Sensor.h:87] Deconstructing Sensor
I0920 14:23:18.610281 492642 Sensor.h:87] Deconstructing Sensor
I0920 14:23:18.610363 492642 Sensor.h:87] Deconstructing Sensor
I0920 14:23:18.610443 492642 Sensor.h:87] Deconstructing Sensor
I0920 14:23:18.610523 492642 Sensor.h:87] Deconstructing Sensor
I0920 14:23:18.610603 492642 Sensor.h:87] Deconstructing Sensor
I0920 14:23:18.610684 492642 Sensor.h:87] Deconstructing Sensor
I0920 14:23:18.610767 492642 Sensor.h:87] Deconstructing Sensor
I0920 14:23:18.610848 492642 Sensor.h:87] Deconstructing Sensor
I0920 14:23:18.610948 492642 Sensor.h:87] Deconstructing Sensor
I0920 14:23:18.611045 492642 Sensor.h:87] Deconstructing Sensor
I0920 14:23:18.611148 492642 Sensor.h:87] Deconstructing Sensor
I0920 14:23:18.611245 492642 Sensor.h:87] Deconstructing Sensor
I0920 14:23:18.611348 492642 Sensor.h:87] Deconstructing Sensor
I0920 14:23:18.611446 492642 Sensor.h:87] Deconstructing Sensor
I0920 14:23:18.611543 492642 Sensor.h:87] Deconstructing Sensor
I0920 14:23:18.611641 492642 Sensor.h:87] Deconstructing Sensor
I0920 14:23:18.611739 492642 Sensor.h:87] Deconstructing Sensor
I0920 14:23:18.611841 492642 Sensor.h:87] Deconstructing Sensor
I0920 14:23:18.611903 492642 Sensor.h:87] Deconstructing Sensor
I0920 14:23:18.613479 492642 Renderer.cpp:34] Deconstructing Renderer
I0920 14:23:18.613488 492642 WindowlessContext.h:17] Deconstructing WindowlessContext
I0920 14:23:18.615612 492642 Simulator.cpp:49] Deconstructing Simulator
2026-09-20 14:23:18,616 Episodes evaluated: 15
2026-09-20 14:23:18,616 Average episode steps_taken: 166.200000
2026-09-20 14:23:18,617 Average episode distance_to_goal: 8.102173
2026-09-20 14:23:18,617 Average episode success: 0.133333
2026-09-20 14:23:18,617 Average episode oracle_success: 0.200000
2026-09-20 14:23:18,617 Average episode path_length: 19.427095
2026-09-20 14:23:18,617 Average episode collisions: 0.050395
2026-09-20 14:23:18,617 Average episode spl: 0.068052
2026-09-20 14:23:18,617 Average episode ndtw: 0.288366
2026-09-20 14:23:18,617 Average episode sdtw: 0.062794
2026-09-20 14:23:18,617 Average episode ghost_cnt: 97.933333
2026-09-20 14:23:18,617 Average episode tour_idx: 7.000000
2026-09-20 14:23:18,617 Average episode g_nodes_total: 66.800000
2026-09-20 14:23:18,617 Average episode g_ghosts_total: 39.133333
2026-09-20 14:23:18,617 Average episode g_active_mean: 10.065397
2026-09-20 14:23:18,617 Average episode g_old_visible_mean: 4.965397
2026-09-20 14:23:18,617 Average episode g_comp_mean: 59.613333
2026-09-20 14:23:18,618 Average episode g_ghosts_visible_mean: 8.209048
2026-09-20 14:23:18,618 Average episode g_reloc_mean: 1.161190
2026-09-20 14:23:18,618 Average episode g_old_visible_max: 7.533333
2026-09-20 14:23:18,618 Average episode g_start_reloc: 1.600000
2026-09-20 14:23:18,618 Average episode g_start_comp: 48.333333
2026-09-20 14:23:18,618 Average episode g_stop_no_vp_left: 0.066667
100%|██████████| 15/15 [01:19<00:00,  5.29s/it]
[guard] finished rc=0 in 141s | peak footprint vs baseline: RAM +6495MiB, VRAM +2694MiB
