[guard] avail RAM 16G | GPU used 81MiB, compute procs 0 | load 1
[guard] hard caps on: RAM<=9G (no swap), CPU<=300%
2026-09-29 14:39:51,265 checkpoint_path: data/logs/checkpoints/release_r2r/ckpt.iter12000.pth
2026-09-29 14:39:51,266 Initializing dataset VLN-CE-v1
2026-09-29 14:39:51,287 SPLTI: tour_zsNo4H_n15_s1_o0, NUMBER OF SCENES: 1
2026-09-29 14:39:53,136 Initializing dataset VLN-CE-v1
2026-09-29 14:39:53,157 initializing sim Sim-v1
WARNING: Logging before InitGoogleLogging() is written to STDERR
I0929 14:39:53.162057 25367 ManagedContainerBase.cpp:19] ManagedContainerBase::convertFilenameToJSON : Filename : default changed to proposed JSON configuration filename : default.scene_dataset_config.json
I0929 14:39:53.162079 25367 AttributesManagerBase.h:283] AttributesManager<T>::createFromJsonOrDefaultInternal  (Dataset) : Proposing JSON name : default.scene_dataset_config.json from original name : default | This file  does not exist.
I0929 14:39:53.162119 25367 AssetAttributesManager.cpp:117] Asset attributes (capsule3DSolid : capsule3DSolid_hemiRings_4_cylRings_1_segments_12_halfLen_0.75_useTexCoords_false_useTangents_false) created and registered.
I0929 14:39:53.162137 25367 AssetAttributesManager.cpp:117] Asset attributes (capsule3DWireframe : capsule3DWireframe_hemiRings_8_cylRings_1_segments_16_halfLen_1) created and registered.
I0929 14:39:53.162151 25367 AssetAttributesManager.cpp:117] Asset attributes (coneSolid : coneSolid_segments_12_halfLen_1.25_rings_1_useTexCoords_false_useTangents_false_capEnd_true) created and registered.
I0929 14:39:53.162163 25367 AssetAttributesManager.cpp:117] Asset attributes (coneWireframe : coneWireframe_segments_32_halfLen_1.25) created and registered.
I0929 14:39:53.162168 25367 AssetAttributesManager.cpp:117] Asset attributes (cubeSolid : cubeSolid) created and registered.
I0929 14:39:53.162171 25367 AssetAttributesManager.cpp:117] Asset attributes (cubeWireframe : cubeWireframe) created and registered.
I0929 14:39:53.162184 25367 AssetAttributesManager.cpp:117] Asset attributes (cylinderSolid : cylinderSolid_rings_1_segments_12_halfLen_1_useTexCoords_false_useTangents_false_capEnds_true) created and registered.
I0929 14:39:53.162194 25367 AssetAttributesManager.cpp:117] Asset attributes (cylinderWireframe : cylinderWireframe_rings_1_segments_32_halfLen_1) created and registered.
I0929 14:39:53.162199 25367 AssetAttributesManager.cpp:117] Asset attributes (icosphereSolid : icosphereSolid_subdivs_1) created and registered.
I0929 14:39:53.162205 25367 AssetAttributesManager.cpp:117] Asset attributes (icosphereWireframe : icosphereWireframe_subdivs_1) created and registered.
I0929 14:39:53.162213 25367 AssetAttributesManager.cpp:117] Asset attributes (uvSphereSolid : uvSphereSolid_rings_8_segments_16_useTexCoords_false_useTangents_false) created and registered.
I0929 14:39:53.162220 25367 AssetAttributesManager.cpp:117] Asset attributes (uvSphereWireframe : uvSphereWireframe_rings_16_segments_32) created and registered.
I0929 14:39:53.162223 25367 AssetAttributesManager.cpp:105] AssetAttributesManager::buildCtorFuncPtrMaps : Built default primitive asset templates : 12
I0929 14:39:53.162497 25367 SceneDatasetAttributesManager.cpp:23] File (default) not found, so new default dataset attributes created and registered.
I0929 14:39:53.162499 25367 MetadataMediator.cpp:47] MetadataMediator::createDataset : Dataset default successfully created.
I0929 14:39:53.164508 25367 AttributesManagerBase.h:283] AttributesManager<T>::createFromJsonOrDefaultInternal  (Physics Manager) : Proposing JSON name : ./data/default.physics_config.json from original name : ./data/default.physics_config.json | This file  does not exist.
I0929 14:39:53.164518 25367 PhysicsAttributesManager.cpp:27] File (./data/default.physics_config.json) not found, so new default physics manager attributes created and registered.
I0929 14:39:53.164520 25367 AbstractObjectAttributesManagerBase.h:175] AbstractObjectAttributesManager<T>::createObject  (Stage) : Making attributes with handle : data/scene_datasets/mp3d/zsNo4HB9uLZ/zsNo4HB9uLZ.glb
I0929 14:39:53.164530 25367 ManagedContainerBase.cpp:19] ManagedContainerBase::convertFilenameToJSON : Filename : data/scene_datasets/mp3d/zsNo4HB9uLZ/zsNo4HB9uLZ.glb changed to proposed JSON configuration filename : data/scene_datasets/mp3d/zsNo4HB9uLZ/zsNo4HB9uLZ.stage_config.json
I0929 14:39:53.164535 25367 AttributesManagerBase.h:283] AttributesManager<T>::createFromJsonOrDefaultInternal  (Stage) : Proposing JSON name : data/scene_datasets/mp3d/zsNo4HB9uLZ/zsNo4HB9uLZ.stage_config.json from original name : data/scene_datasets/mp3d/zsNo4HB9uLZ/zsNo4HB9uLZ.glb | This file  does not exist.
I0929 14:39:53.164564 25367 AbstractObjectAttributesManagerBase.h:181] AbstractObjectAttributesManager<T>::createObject  (Stage) : Done making attributes with handle : data/scene_datasets/mp3d/zsNo4HB9uLZ/zsNo4HB9uLZ.glb
I0929 14:39:53.164566 25367 AbstractObjectAttributesManagerBase.h:188] File (data/scene_datasets/mp3d/zsNo4HB9uLZ/zsNo4HB9uLZ.glb) exists but is not a recognized config filename extension, so new default Stage attributes created and registered.
I0929 14:39:53.164569 25367 Simulator.cpp:156] Loading navmesh from data/scene_datasets/mp3d/zsNo4HB9uLZ/zsNo4HB9uLZ.navmesh
I0929 14:39:53.164623 25367 Simulator.cpp:158] Loaded.
I0929 14:39:53.164629 25367 SceneGraph.h:93] Created DrawableGroup: 
Renderer: NVIDIA T1000 8GB/PCIe/SSE2 by NVIDIA Corporation
OpenGL version: 4.6.0 NVIDIA 590.48.01
Using optional features:
    GL_ARB_ES2_compatibility
    GL_ARB_direct_state_access
    GL_ARB_get_texture_sub_image
    GL_ARB_invalidate_subdata
    GL_ARB_multi_bind
    GL_ARB_robustness
    GL_ARB_separate_shader_objects
    GL_ARB_texture_filter_anisotropic
    GL_ARB_texture_storage
    GL_ARB_texture_storage_multisample
    GL_ARB_vertex_array_object
    GL_KHR_debug
Using driver workarounds:
    no-forward-compatible-core-context
    nv-egl-incorrect-gl11-function-pointers
    no-layout-qualifiers-on-old-glsl
    nv-zero-context-profile-mask
    nv-implementation-color-read-format-dsa-broken
    nv-cubemap-inconsistent-compressed-image-size
    nv-cubemap-broken-full-compressed-image-query
    nv-compressed-block-size-in-bits
I0929 14:39:53.249274 25367 ResourceManager.cpp:234] ResourceManager::loadStage : Not loading semantic mesh
I0929 14:39:53.249282 25367 ResourceManager.cpp:262] ResourceManager::loadStage : start load render asset data/scene_datasets/mp3d/zsNo4HB9uLZ/zsNo4HB9uLZ.glb.
I0929 14:39:53.249284 25367 ResourceManager.cpp:569] ResourceManager::loadStageInternal : Attempting to load stage data/scene_datasets/mp3d/zsNo4HB9uLZ/zsNo4HB9uLZ.glb 
I0929 14:39:53.249302 25367 ResourceManager.cpp:1119] Importing Basis files as BC7 for zsNo4HB9uLZ.glb
W0929 14:39:54.113977 25367 Simulator.cpp:248] :
---
 The active scene does not contain semantic annotations. 
---
I0929 14:39:54.153053 25367 simulator.py:213] Loaded navmesh data/scene_datasets/mp3d/zsNo4HB9uLZ/zsNo4HB9uLZ.navmesh
2026-09-29 14:39:54,157 Initializing task VLN-v0
You are using a model of type bert to instantiate a model of type . This is not supported for all configurations of models and can yield errors.
Some weights of the model checkpoint at None were not used when initializing GlocalTextPathNavCMT: ['bert.global_encoder.encoder.x_layers.1.lang_self_att.output.LayerNorm.weight', 'mlm_head.predictions.transform.LayerNorm.bias', 'mlm_head.predictions.transform.LayerNorm.weight', 'bert.global_encoder.encoder.x_layers.1.lang_self_att.output.dense.bias', 'bert.global_encoder.encoder.x_layers.1.lang_inter.dense.weight', 'bert.global_encoder.encoder.x_layers.2.lang_output.dense.weight', 'bert.global_encoder.encoder.x_layers.2.lang_self_att.self.value.weight', 'bert.global_encoder.encoder.x_layers.2.lang_inter.dense.bias', 'bert.global_encoder.encoder.x_layers.3.lang_output.dense.bias', 'bert.global_encoder.encoder.x_layers.3.lang_output.dense.weight', 'bert.global_encoder.encoder.x_layers.3.lang_self_att.self.key.bias', 'bert.global_encoder.encoder.x_layers.2.lang_self_att.self.key.weight', 'bert.global_encoder.encoder.x_layers.2.lang_self_att.self.query.weight', 'bert.global_encoder.encoder.x_layers.2.lang_output.dense.bias', 'bert.global_encoder.encoder.x_layers.2.lang_self_att.output.dense.weight', 'bert.global_encoder.encoder.x_layers.3.lang_self_att.self.key.weight', 'bert.global_encoder.encoder.x_layers.0.lang_self_att.self.key.weight', 'bert.global_encoder.encoder.x_layers.1.lang_self_att.self.query.weight', 'bert.global_encoder.encoder.x_layers.3.lang_output.LayerNorm.bias', 'bert.global_encoder.encoder.x_layers.3.lang_self_att.output.dense.weight', 'bert.global_encoder.encoder.x_layers.3.lang_self_att.self.value.bias', 'bert.global_encoder.encoder.x_layers.1.lang_self_att.output.LayerNorm.bias', 'bert.global_encoder.encoder.x_layers.0.lang_self_att.self.value.weight', 'bert.global_encoder.encoder.x_layers.2.lang_self_att.self.query.bias', 'mlm_head.predictions.bias', 'bert.global_encoder.encoder.x_layers.3.lang_inter.dense.weight', 'bert.global_encoder.encoder.x_layers.2.lang_inter.dense.weight', 'bert.global_encoder.encoder.x_layers.3.lang_self_att.output.dense.bias', 'bert.global_encoder.encoder.x_layers.3.lang_output.LayerNorm.weight', 'bert.global_encoder.encoder.x_layers.2.lang_self_att.output.LayerNorm.weight', 'bert.global_encoder.encoder.x_layers.0.lang_output.LayerNorm.weight', 'bert.global_encoder.encoder.x_layers.1.lang_self_att.output.dense.weight', 'bert.global_encoder.encoder.x_layers.0.lang_inter.dense.bias', 'bert.global_encoder.encoder.x_layers.3.lang_self_att.output.LayerNorm.weight', 'bert.global_encoder.encoder.x_layers.1.lang_output.LayerNorm.weight', 'bert.global_encoder.encoder.x_layers.0.lang_output.dense.bias', 'bert.global_encoder.encoder.x_layers.3.lang_self_att.output.LayerNorm.bias', 'mlm_head.predictions.transform.dense.weight', 'bert.global_encoder.encoder.x_layers.0.lang_self_att.output.dense.bias', 'bert.global_encoder.encoder.x_layers.0.lang_inter.dense.weight', 'bert.global_encoder.encoder.x_layers.0.lang_self_att.output.dense.weight', 'bert.global_encoder.encoder.x_layers.2.lang_self_att.self.key.bias', 'bert.global_encoder.encoder.x_layers.1.lang_output.dense.weight', 'bert.global_encoder.encoder.x_layers.1.lang_self_att.self.value.weight', 'bert.global_encoder.encoder.x_layers.1.lang_self_att.self.key.weight', 'bert.global_encoder.encoder.x_layers.1.lang_output.LayerNorm.bias', 'bert.global_encoder.encoder.x_layers.1.lang_self_att.self.query.bias', 'bert.global_encoder.encoder.x_layers.3.lang_self_att.self.query.bias', 'bert.global_encoder.encoder.x_layers.0.lang_self_att.output.LayerNorm.bias', 'bert.global_encoder.encoder.x_layers.3.lang_self_att.self.value.weight', 'bert.global_encoder.encoder.x_layers.0.lang_self_att.self.query.weight', 'bert.global_encoder.encoder.x_layers.0.lang_output.dense.weight', 'bert.global_encoder.encoder.x_layers.0.lang_self_att.self.value.bias', 'bert.global_encoder.encoder.x_layers.2.lang_self_att.output.dense.bias', 'bert.global_encoder.encoder.x_layers.2.lang_output.LayerNorm.bias', 'bert.global_encoder.encoder.x_layers.3.lang_self_att.self.query.weight', 'bert.global_encoder.encoder.x_layers.1.lang_self_att.self.key.bias', 'mlm_head.predictions.transform.dense.bias', 'bert.global_encoder.encoder.x_layers.0.lang_self_att.self.query.bias', 'bert.global_encoder.encoder.x_layers.2.lang_self_att.output.LayerNorm.bias', 'bert.global_encoder.encoder.x_layers.2.lang_self_att.self.value.bias', 'bert.global_encoder.encoder.x_layers.1.lang_self_att.self.value.bias', 'bert.global_encoder.encoder.x_layers.0.lang_output.LayerNorm.bias', 'bert.global_encoder.encoder.x_layers.0.lang_self_att.output.LayerNorm.weight', 'mlm_head.predictions.decoder.weight', 'bert.global_encoder.encoder.x_layers.3.lang_inter.dense.bias', 'bert.global_encoder.encoder.x_layers.2.lang_output.LayerNorm.weight', 'bert.global_encoder.encoder.x_layers.0.lang_self_att.self.key.bias', 'bert.global_encoder.encoder.x_layers.1.lang_inter.dense.bias', 'bert.global_encoder.encoder.x_layers.1.lang_output.dense.bias']
- This IS expected if you are initializing GlocalTextPathNavCMT from the checkpoint of a model trained on another task or with another architecture (e.g. initializing a BertForSequenceClassification model from a BertForPreTraining model).
- This IS NOT expected if you are initializing GlocalTextPathNavCMT from the checkpoint of a model that you expect to be exactly identical (initializing a BertForSequenceClassification model from a BertForSequenceClassification model).
2026-09-29 14:39:59,124 Loaded weights from checkpoint: data/logs/checkpoints/release_r2r/ckpt.iter12000.pth, iteration: 12000
2026-09-29 14:39:59,126 Agent parameters: 299.14 MB. Trainable: 140.79 MB.
2026-09-29 14:39:59,126 Finished setting up policy.
local rank: 0 | dataset length: 15

Initalizing the ETP model ...
  0%|          | 0/15 [00:00<?, ?it/s]  7%|▋         | 1/15 [00:06<01:37,  6.97s/it] 13%|█▎        | 2/15 [00:13<01:30,  6.94s/it] 20%|██        | 3/15 [00:18<01:10,  5.88s/it] 27%|██▋       | 4/15 [00:26<01:12,  6.60s/it] 33%|███▎      | 5/15 [00:31<01:01,  6.18s/it] 40%|████      | 6/15 [00:35<00:48,  5.40s/it] 47%|████▋     | 7/15 [00:37<00:35,  4.40s/it] 53%|█████▎    | 8/15 [00:42<00:31,  4.48s/it] 60%|██████    | 9/15 [00:46<00:25,  4.31s/it] 67%|██████▋   | 10/15 [00:50<00:20,  4.19s/it] 73%|███████▎  | 11/15 [00:54<00:16,  4.10s/it] 80%|████████  | 12/15 [00:56<00:10,  3.57s/it] 87%|████████▋ | 13/15 [00:59<00:06,  3.44s/it] 93%|█████████▎| 14/15 [01:02<00:03,  3.35s/it]100%|██████████| 15/15 [01:06<00:00,  3.28s/it]I0929 14:41:05.191221 25367 PhysicsManager.cpp:33] Deconstructing PhysicsManager
I0929 14:41:05.191239 25367 SemanticScene.h:41] Deconstructing SemanticScene
I0929 14:41:05.192320 25367 SceneManager.h:25] Deconstructing SceneManager
I0929 14:41:05.192330 25367 SceneGraph.h:26] Deconstructing SceneGraph
I0929 14:41:05.192554 25367 Sensor.h:87] Deconstructing Sensor
I0929 14:41:05.192703 25367 Sensor.h:87] Deconstructing Sensor
I0929 14:41:05.192819 25367 Sensor.h:87] Deconstructing Sensor
I0929 14:41:05.192907 25367 Sensor.h:87] Deconstructing Sensor
I0929 14:41:05.193001 25367 Sensor.h:87] Deconstructing Sensor
I0929 14:41:05.193091 25367 Sensor.h:87] Deconstructing Sensor
I0929 14:41:05.193176 25367 Sensor.h:87] Deconstructing Sensor
I0929 14:41:05.193260 25367 Sensor.h:87] Deconstructing Sensor
I0929 14:41:05.193341 25367 Sensor.h:87] Deconstructing Sensor
I0929 14:41:05.193423 25367 Sensor.h:87] Deconstructing Sensor
I0929 14:41:05.193506 25367 Sensor.h:87] Deconstructing Sensor
I0929 14:41:05.193586 25367 Sensor.h:87] Deconstructing Sensor
I0929 14:41:05.193668 25367 Sensor.h:87] Deconstructing Sensor
I0929 14:41:05.193778 25367 Sensor.h:87] Deconstructing Sensor
I0929 14:41:05.193885 25367 Sensor.h:87] Deconstructing Sensor
I0929 14:41:05.194002 25367 Sensor.h:87] Deconstructing Sensor
I0929 14:41:05.194106 25367 Sensor.h:87] Deconstructing Sensor
I0929 14:41:05.194214 25367 Sensor.h:87] Deconstructing Sensor
I0929 14:41:05.194319 25367 Sensor.h:87] Deconstructing Sensor
I0929 14:41:05.194417 25367 Sensor.h:87] Deconstructing Sensor
I0929 14:41:05.194519 25367 Sensor.h:87] Deconstructing Sensor
I0929 14:41:05.194622 25367 Sensor.h:87] Deconstructing Sensor
I0929 14:41:05.194720 25367 Sensor.h:87] Deconstructing Sensor
I0929 14:41:05.194790 25367 Sensor.h:87] Deconstructing Sensor
I0929 14:41:05.196202 25367 Renderer.cpp:34] Deconstructing Renderer
I0929 14:41:05.196211 25367 WindowlessContext.h:17] Deconstructing WindowlessContext
I0929 14:41:05.199188 25367 Simulator.cpp:49] Deconstructing Simulator
2026-09-29 14:41:05,200 Episodes evaluated: 15
2026-09-29 14:41:05,200 Average episode steps_taken: 59.333333
2026-09-29 14:41:05,200 Average episode distance_to_goal: 3.259617
2026-09-29 14:41:05,200 Average episode success: 0.600000
2026-09-29 14:41:05,200 Average episode oracle_success: 0.733333
2026-09-29 14:41:05,200 Average episode path_length: 8.818790
2026-09-29 14:41:05,201 Average episode collisions: 0.032210
2026-09-29 14:41:05,201 Average episode spl: 0.575797
2026-09-29 14:41:05,201 Average episode ndtw: 0.755261
2026-09-29 14:41:05,201 Average episode sdtw: 0.533491
2026-09-29 14:41:05,201 Average episode ghost_cnt: 150.600000
2026-09-29 14:41:05,201 Average episode tour_idx: 7.000000
2026-09-29 14:41:05,201 Average episode g_nodes_total: 52.466667
2026-09-29 14:41:05,201 Average episode g_ghosts_total: 138.133333
2026-09-29 14:41:05,201 Average episode g_active_mean: 15.820000
2026-09-29 14:41:05,201 Average episode g_old_visible_mean: 12.486667
2026-09-29 14:41:05,201 Average episode g_comp_mean: 43.637619
2026-09-29 14:41:05,201 Average episode g_ghosts_visible_mean: 17.793228
2026-09-29 14:41:05,201 Average episode g_reloc_mean: 1.857619
2026-09-29 14:41:05,202 Average episode g_old_visible_max: 14.933333
2026-09-29 14:41:05,202 Average episode g_start_reloc: 1.666667
2026-09-29 14:41:05,202 Average episode g_start_comp: 32.800000
2026-09-29 14:41:05,202 Average episode g_stop_no_vp_left: 0.000000
100%|██████████| 15/15 [01:06<00:00,  4.40s/it]
[guard] finished rc=0 in 76s | peak footprint vs baseline: RAM +5191MiB, VRAM +2677MiB
