[guard] avail RAM 12G | GPU used 958MiB, compute procs 0 | load 3
[guard] hard caps on: RAM<=9G (no swap), CPU<=300%
2026-09-20 14:41:12,215 checkpoint_path: data/logs/checkpoints/release_r2r/ckpt.iter12000.pth
2026-09-20 14:41:12,215 Initializing dataset VLN-CE-v1
2026-09-20 14:41:12,239 SPLTI: tour_zsNo4H_n15_s0_o0, NUMBER OF SCENES: 1
2026-09-20 14:41:28,404 Initializing dataset VLN-CE-v1
2026-09-20 14:41:28,426 initializing sim Sim-v1
WARNING: Logging before InitGoogleLogging() is written to STDERR
I0920 14:41:28.431043 504307 ManagedContainerBase.cpp:19] ManagedContainerBase::convertFilenameToJSON : Filename : default changed to proposed JSON configuration filename : default.scene_dataset_config.json
I0920 14:41:28.431078 504307 AttributesManagerBase.h:283] AttributesManager<T>::createFromJsonOrDefaultInternal  (Dataset) : Proposing JSON name : default.scene_dataset_config.json from original name : default | This file  does not exist.
I0920 14:41:28.431123 504307 AssetAttributesManager.cpp:117] Asset attributes (capsule3DSolid : capsule3DSolid_hemiRings_4_cylRings_1_segments_12_halfLen_0.75_useTexCoords_false_useTangents_false) created and registered.
I0920 14:41:28.431140 504307 AssetAttributesManager.cpp:117] Asset attributes (capsule3DWireframe : capsule3DWireframe_hemiRings_8_cylRings_1_segments_16_halfLen_1) created and registered.
I0920 14:41:28.431157 504307 AssetAttributesManager.cpp:117] Asset attributes (coneSolid : coneSolid_segments_12_halfLen_1.25_rings_1_useTexCoords_false_useTangents_false_capEnd_true) created and registered.
I0920 14:41:28.431167 504307 AssetAttributesManager.cpp:117] Asset attributes (coneWireframe : coneWireframe_segments_32_halfLen_1.25) created and registered.
I0920 14:41:28.431172 504307 AssetAttributesManager.cpp:117] Asset attributes (cubeSolid : cubeSolid) created and registered.
I0920 14:41:28.431178 504307 AssetAttributesManager.cpp:117] Asset attributes (cubeWireframe : cubeWireframe) created and registered.
I0920 14:41:28.431192 504307 AssetAttributesManager.cpp:117] Asset attributes (cylinderSolid : cylinderSolid_rings_1_segments_12_halfLen_1_useTexCoords_false_useTangents_false_capEnds_true) created and registered.
I0920 14:41:28.431203 504307 AssetAttributesManager.cpp:117] Asset attributes (cylinderWireframe : cylinderWireframe_rings_1_segments_32_halfLen_1) created and registered.
I0920 14:41:28.431210 504307 AssetAttributesManager.cpp:117] Asset attributes (icosphereSolid : icosphereSolid_subdivs_1) created and registered.
I0920 14:41:28.431217 504307 AssetAttributesManager.cpp:117] Asset attributes (icosphereWireframe : icosphereWireframe_subdivs_1) created and registered.
I0920 14:41:28.431226 504307 AssetAttributesManager.cpp:117] Asset attributes (uvSphereSolid : uvSphereSolid_rings_8_segments_16_useTexCoords_false_useTangents_false) created and registered.
I0920 14:41:28.431234 504307 AssetAttributesManager.cpp:117] Asset attributes (uvSphereWireframe : uvSphereWireframe_rings_16_segments_32) created and registered.
I0920 14:41:28.431237 504307 AssetAttributesManager.cpp:105] AssetAttributesManager::buildCtorFuncPtrMaps : Built default primitive asset templates : 12
I0920 14:41:28.431528 504307 SceneDatasetAttributesManager.cpp:23] File (default) not found, so new default dataset attributes created and registered.
I0920 14:41:28.431531 504307 MetadataMediator.cpp:47] MetadataMediator::createDataset : Dataset default successfully created.
I0920 14:41:28.433715 504307 AttributesManagerBase.h:283] AttributesManager<T>::createFromJsonOrDefaultInternal  (Physics Manager) : Proposing JSON name : ./data/default.physics_config.json from original name : ./data/default.physics_config.json | This file  does not exist.
I0920 14:41:28.433727 504307 PhysicsAttributesManager.cpp:27] File (./data/default.physics_config.json) not found, so new default physics manager attributes created and registered.
I0920 14:41:28.433729 504307 AbstractObjectAttributesManagerBase.h:175] AbstractObjectAttributesManager<T>::createObject  (Stage) : Making attributes with handle : data/scene_datasets/mp3d/zsNo4HB9uLZ/zsNo4HB9uLZ.glb
I0920 14:41:28.433743 504307 ManagedContainerBase.cpp:19] ManagedContainerBase::convertFilenameToJSON : Filename : data/scene_datasets/mp3d/zsNo4HB9uLZ/zsNo4HB9uLZ.glb changed to proposed JSON configuration filename : data/scene_datasets/mp3d/zsNo4HB9uLZ/zsNo4HB9uLZ.stage_config.json
I0920 14:41:28.433745 504307 AttributesManagerBase.h:283] AttributesManager<T>::createFromJsonOrDefaultInternal  (Stage) : Proposing JSON name : data/scene_datasets/mp3d/zsNo4HB9uLZ/zsNo4HB9uLZ.stage_config.json from original name : data/scene_datasets/mp3d/zsNo4HB9uLZ/zsNo4HB9uLZ.glb | This file  does not exist.
I0920 14:41:28.433779 504307 AbstractObjectAttributesManagerBase.h:181] AbstractObjectAttributesManager<T>::createObject  (Stage) : Done making attributes with handle : data/scene_datasets/mp3d/zsNo4HB9uLZ/zsNo4HB9uLZ.glb
I0920 14:41:28.433780 504307 AbstractObjectAttributesManagerBase.h:188] File (data/scene_datasets/mp3d/zsNo4HB9uLZ/zsNo4HB9uLZ.glb) exists but is not a recognized config filename extension, so new default Stage attributes created and registered.
I0920 14:41:28.433784 504307 Simulator.cpp:156] Loading navmesh from data/scene_datasets/mp3d/zsNo4HB9uLZ/zsNo4HB9uLZ.navmesh
I0920 14:41:28.453410 504307 Simulator.cpp:158] Loaded.
I0920 14:41:28.453438 504307 SceneGraph.h:93] Created DrawableGroup: 
Renderer: NVIDIA T1000 8GB/PCIe/SSE2 by NVIDIA Corporation
OpenGL version: 4.6.0 NVIDIA 595.84
Using optional features:
    GL_ARB_ES2_compatibility
    GL_ARB_direct_state_access
    GL_ARB_get_texture_sub_image
    GL_ARB_invalidate_subdata
    GL_ARB_multi_bind
    GL_ARB_robustness
    GL_ARB_separate_shader_objects
    GL_ARB_texture_filter_anisotropic
    GL_ARB_texture_storage
    GL_ARB_texture_storage_multisample
    GL_ARB_vertex_array_object
    GL_KHR_debug
Using driver workarounds:
    no-forward-compatible-core-context
    nv-egl-incorrect-gl11-function-pointers
    no-layout-qualifiers-on-old-glsl
    nv-zero-context-profile-mask
    nv-implementation-color-read-format-dsa-broken
    nv-cubemap-inconsistent-compressed-image-size
    nv-cubemap-broken-full-compressed-image-query
    nv-compressed-block-size-in-bits
I0920 14:41:28.563083 504307 ResourceManager.cpp:234] ResourceManager::loadStage : Not loading semantic mesh
I0920 14:41:28.563093 504307 ResourceManager.cpp:262] ResourceManager::loadStage : start load render asset data/scene_datasets/mp3d/zsNo4HB9uLZ/zsNo4HB9uLZ.glb.
I0920 14:41:28.563094 504307 ResourceManager.cpp:569] ResourceManager::loadStageInternal : Attempting to load stage data/scene_datasets/mp3d/zsNo4HB9uLZ/zsNo4HB9uLZ.glb 
I0920 14:41:28.563104 504307 ResourceManager.cpp:1119] Importing Basis files as BC7 for zsNo4HB9uLZ.glb
W0920 14:41:29.777578 504307 Simulator.cpp:248] :
---
 The active scene does not contain semantic annotations. 
---
I0920 14:41:29.857895 504307 simulator.py:213] Loaded navmesh data/scene_datasets/mp3d/zsNo4HB9uLZ/zsNo4HB9uLZ.navmesh
2026-09-20 14:41:29,862 Initializing task VLN-v0
You are using a model of type bert to instantiate a model of type . This is not supported for all configurations of models and can yield errors.
Some weights of the model checkpoint at None were not used when initializing GlocalTextPathNavCMT: ['bert.global_encoder.encoder.x_layers.1.lang_self_att.self.query.bias', 'bert.global_encoder.encoder.x_layers.3.lang_inter.dense.bias', 'bert.global_encoder.encoder.x_layers.2.lang_self_att.self.key.weight', 'bert.global_encoder.encoder.x_layers.0.lang_self_att.self.key.weight', 'bert.global_encoder.encoder.x_layers.0.lang_self_att.output.dense.bias', 'bert.global_encoder.encoder.x_layers.0.lang_output.LayerNorm.weight', 'bert.global_encoder.encoder.x_layers.3.lang_output.LayerNorm.weight', 'mlm_head.predictions.decoder.weight', 'mlm_head.predictions.transform.LayerNorm.weight', 'bert.global_encoder.encoder.x_layers.1.lang_inter.dense.bias', 'bert.global_encoder.encoder.x_layers.0.lang_output.LayerNorm.bias', 'bert.global_encoder.encoder.x_layers.2.lang_self_att.self.query.bias', 'mlm_head.predictions.transform.dense.bias', 'bert.global_encoder.encoder.x_layers.3.lang_self_att.self.key.weight', 'bert.global_encoder.encoder.x_layers.0.lang_inter.dense.bias', 'bert.global_encoder.encoder.x_layers.0.lang_self_att.self.value.weight', 'bert.global_encoder.encoder.x_layers.1.lang_self_att.self.value.weight', 'bert.global_encoder.encoder.x_layers.3.lang_self_att.self.query.weight', 'bert.global_encoder.encoder.x_layers.2.lang_inter.dense.weight', 'bert.global_encoder.encoder.x_layers.1.lang_self_att.self.key.weight', 'bert.global_encoder.encoder.x_layers.1.lang_self_att.self.query.weight', 'bert.global_encoder.encoder.x_layers.2.lang_self_att.output.LayerNorm.weight', 'bert.global_encoder.encoder.x_layers.1.lang_self_att.output.LayerNorm.weight', 'bert.global_encoder.encoder.x_layers.2.lang_self_att.output.dense.weight', 'bert.global_encoder.encoder.x_layers.0.lang_self_att.self.query.weight', 'bert.global_encoder.encoder.x_layers.2.lang_output.dense.bias', 'bert.global_encoder.encoder.x_layers.3.lang_self_att.self.key.bias', 'bert.global_encoder.encoder.x_layers.1.lang_output.LayerNorm.weight', 'bert.global_encoder.encoder.x_layers.1.lang_inter.dense.weight', 'bert.global_encoder.encoder.x_layers.2.lang_self_att.self.value.weight', 'bert.global_encoder.encoder.x_layers.0.lang_self_att.self.query.bias', 'bert.global_encoder.encoder.x_layers.3.lang_self_att.output.LayerNorm.weight', 'bert.global_encoder.encoder.x_layers.2.lang_output.LayerNorm.weight', 'bert.global_encoder.encoder.x_layers.1.lang_self_att.output.dense.bias', 'bert.global_encoder.encoder.x_layers.3.lang_self_att.output.dense.weight', 'bert.global_encoder.encoder.x_layers.3.lang_inter.dense.weight', 'bert.global_encoder.encoder.x_layers.2.lang_self_att.self.query.weight', 'bert.global_encoder.encoder.x_layers.3.lang_self_att.output.LayerNorm.bias', 'bert.global_encoder.encoder.x_layers.0.lang_output.dense.bias', 'bert.global_encoder.encoder.x_layers.2.lang_self_att.self.key.bias', 'bert.global_encoder.encoder.x_layers.3.lang_self_att.self.query.bias', 'bert.global_encoder.encoder.x_layers.0.lang_inter.dense.weight', 'bert.global_encoder.encoder.x_layers.1.lang_output.dense.bias', 'bert.global_encoder.encoder.x_layers.0.lang_self_att.output.dense.weight', 'bert.global_encoder.encoder.x_layers.0.lang_output.dense.weight', 'bert.global_encoder.encoder.x_layers.1.lang_self_att.self.key.bias', 'bert.global_encoder.encoder.x_layers.0.lang_self_att.self.key.bias', 'bert.global_encoder.encoder.x_layers.3.lang_output.dense.bias', 'bert.global_encoder.encoder.x_layers.1.lang_output.LayerNorm.bias', 'bert.global_encoder.encoder.x_layers.3.lang_output.dense.weight', 'bert.global_encoder.encoder.x_layers.1.lang_output.dense.weight', 'mlm_head.predictions.transform.LayerNorm.bias', 'bert.global_encoder.encoder.x_layers.2.lang_output.dense.weight', 'bert.global_encoder.encoder.x_layers.2.lang_output.LayerNorm.bias', 'bert.global_encoder.encoder.x_layers.2.lang_self_att.output.LayerNorm.bias', 'bert.global_encoder.encoder.x_layers.1.lang_self_att.output.LayerNorm.bias', 'bert.global_encoder.encoder.x_layers.3.lang_output.LayerNorm.bias', 'bert.global_encoder.encoder.x_layers.2.lang_self_att.self.value.bias', 'mlm_head.predictions.transform.dense.weight', 'bert.global_encoder.encoder.x_layers.1.lang_self_att.output.dense.weight', 'bert.global_encoder.encoder.x_layers.0.lang_self_att.output.LayerNorm.weight', 'bert.global_encoder.encoder.x_layers.3.lang_self_att.output.dense.bias', 'bert.global_encoder.encoder.x_layers.0.lang_self_att.self.value.bias', 'bert.global_encoder.encoder.x_layers.0.lang_self_att.output.LayerNorm.bias', 'bert.global_encoder.encoder.x_layers.2.lang_self_att.output.dense.bias', 'mlm_head.predictions.bias', 'bert.global_encoder.encoder.x_layers.3.lang_self_att.self.value.weight', 'bert.global_encoder.encoder.x_layers.1.lang_self_att.self.value.bias', 'bert.global_encoder.encoder.x_layers.3.lang_self_att.self.value.bias', 'bert.global_encoder.encoder.x_layers.2.lang_inter.dense.bias']
- This IS expected if you are initializing GlocalTextPathNavCMT from the checkpoint of a model trained on another task or with another architecture (e.g. initializing a BertForSequenceClassification model from a BertForPreTraining model).
- This IS NOT expected if you are initializing GlocalTextPathNavCMT from the checkpoint of a model that you expect to be exactly identical (initializing a BertForSequenceClassification model from a BertForSequenceClassification model).
2026-09-20 14:42:02,706 Loaded weights from checkpoint: data/logs/checkpoints/release_r2r/ckpt.iter12000.pth, iteration: 12000
2026-09-20 14:42:02,721 Agent parameters: 299.14 MB. Trainable: 140.79 MB.
2026-09-20 14:42:02,721 Finished setting up policy.
local rank: 0 | dataset length: 15

Initalizing the ETP model ...
  0%|          | 0/15 [00:00<?, ?it/s]  7%|▋         | 1/15 [00:06<01:24,  6.04s/it] 13%|█▎        | 2/15 [00:11<01:16,  5.85s/it] 20%|██        | 3/15 [00:20<01:25,  7.13s/it] 27%|██▋       | 4/15 [00:23<01:00,  5.48s/it] 33%|███▎      | 5/15 [00:28<00:51,  5.19s/it] 40%|████      | 6/15 [00:32<00:43,  4.81s/it] 47%|████▋     | 7/15 [00:40<00:48,  6.12s/it] 53%|█████▎    | 8/15 [00:47<00:43,  6.22s/it] 60%|██████    | 9/15 [00:50<00:31,  5.19s/it] 67%|██████▋   | 10/15 [00:59<00:31,  6.33s/it] 73%|███████▎  | 11/15 [01:08<00:28,  7.12s/it] 80%|████████  | 12/15 [01:17<00:23,  7.67s/it] 87%|████████▋ | 13/15 [01:21<00:13,  6.75s/it] 93%|█████████▎| 14/15 [01:23<00:05,  5.24s/it]100%|██████████| 15/15 [01:24<00:00,  3.84s/it]I0920 14:43:26.738227 504307 PhysicsManager.cpp:33] Deconstructing PhysicsManager
I0920 14:43:26.738250 504307 SemanticScene.h:41] Deconstructing SemanticScene
I0920 14:43:26.739477 504307 SceneManager.h:25] Deconstructing SceneManager
I0920 14:43:26.739485 504307 SceneGraph.h:26] Deconstructing SceneGraph
I0920 14:43:26.739724 504307 Sensor.h:87] Deconstructing Sensor
I0920 14:43:26.739869 504307 Sensor.h:87] Deconstructing Sensor
I0920 14:43:26.739960 504307 Sensor.h:87] Deconstructing Sensor
I0920 14:43:26.740043 504307 Sensor.h:87] Deconstructing Sensor
I0920 14:43:26.740135 504307 Sensor.h:87] Deconstructing Sensor
I0920 14:43:26.740226 504307 Sensor.h:87] Deconstructing Sensor
I0920 14:43:26.740307 504307 Sensor.h:87] Deconstructing Sensor
I0920 14:43:26.740389 504307 Sensor.h:87] Deconstructing Sensor
I0920 14:43:26.740470 504307 Sensor.h:87] Deconstructing Sensor
I0920 14:43:26.740550 504307 Sensor.h:87] Deconstructing Sensor
I0920 14:43:26.740635 504307 Sensor.h:87] Deconstructing Sensor
I0920 14:43:26.740715 504307 Sensor.h:87] Deconstructing Sensor
I0920 14:43:26.740795 504307 Sensor.h:87] Deconstructing Sensor
I0920 14:43:26.740906 504307 Sensor.h:87] Deconstructing Sensor
I0920 14:43:26.741004 504307 Sensor.h:87] Deconstructing Sensor
I0920 14:43:26.741111 504307 Sensor.h:87] Deconstructing Sensor
I0920 14:43:26.741210 504307 Sensor.h:87] Deconstructing Sensor
I0920 14:43:26.741315 504307 Sensor.h:87] Deconstructing Sensor
I0920 14:43:26.741418 504307 Sensor.h:87] Deconstructing Sensor
I0920 14:43:26.741518 504307 Sensor.h:87] Deconstructing Sensor
I0920 14:43:26.741618 504307 Sensor.h:87] Deconstructing Sensor
I0920 14:43:26.741719 504307 Sensor.h:87] Deconstructing Sensor
I0920 14:43:26.741912 504307 Sensor.h:87] Deconstructing Sensor
I0920 14:43:26.742008 504307 Sensor.h:87] Deconstructing Sensor
I0920 14:43:26.743404 504307 Renderer.cpp:34] Deconstructing Renderer
I0920 14:43:26.743413 504307 WindowlessContext.h:17] Deconstructing WindowlessContext
I0920 14:43:26.745570 504307 Simulator.cpp:49] Deconstructing Simulator
2026-09-20 14:43:26,746 Episodes evaluated: 15
2026-09-20 14:43:26,746 Average episode steps_taken: 141.800000
2026-09-20 14:43:26,747 Average episode distance_to_goal: 7.131238
2026-09-20 14:43:26,747 Average episode success: 0.266667
2026-09-20 14:43:26,747 Average episode oracle_success: 0.266667
2026-09-20 14:43:26,747 Average episode path_length: 16.892632
2026-09-20 14:43:26,747 Average episode collisions: 0.091474
2026-09-20 14:43:26,747 Average episode spl: 0.217537
2026-09-20 14:43:26,747 Average episode ndtw: 0.380458
2026-09-20 14:43:26,747 Average episode sdtw: 0.209237
2026-09-20 14:43:26,747 Average episode ghost_cnt: 117.666667
2026-09-20 14:43:26,747 Average episode tour_idx: 7.000000
2026-09-20 14:43:26,747 Average episode g_nodes_total: 79.133333
2026-09-20 14:43:26,748 Average episode g_ghosts_total: 46.533333
2026-09-20 14:43:26,748 Average episode g_active_mean: 15.791515
2026-09-20 14:43:26,748 Average episode g_old_visible_mean: 10.591515
2026-09-20 14:43:26,748 Average episode g_comp_mean: 66.970101
2026-09-20 14:43:26,748 Average episode g_ghosts_visible_mean: 4.794877
2026-09-20 14:43:26,748 Average episode g_reloc_mean: 1.097424
2026-09-20 14:43:26,748 Average episode g_old_visible_max: 14.133333
2026-09-20 14:43:26,748 Average episode g_start_reloc: 1.066667
2026-09-20 14:43:26,748 Average episode g_start_comp: 45.466667
2026-09-20 14:43:26,748 Average episode g_stop_no_vp_left: 0.266667
100%|██████████| 15/15 [01:24<00:00,  5.60s/it]
[guard] finished rc=0 in 158s | peak footprint vs baseline: RAM +6321MiB, VRAM +2671MiB
