[guard] avail RAM 14G | GPU used 804MiB, compute procs 0 | load 1
[guard] hard caps on: RAM<=9G (no swap), CPU<=300%
2026-09-20 14:29:29,155 checkpoint_path: data/logs/checkpoints/release_r2r/ckpt.iter12000.pth
2026-09-20 14:29:29,161 Initializing dataset VLN-CE-v1
2026-09-20 14:29:29,186 SPLTI: tour_zsNo4H_n15_s0_o0, NUMBER OF SCENES: 1
2026-09-20 14:29:44,923 Initializing dataset VLN-CE-v1
2026-09-20 14:29:44,945 initializing sim Sim-v1
WARNING: Logging before InitGoogleLogging() is written to STDERR
I0920 14:29:44.950032 495456 ManagedContainerBase.cpp:19] ManagedContainerBase::convertFilenameToJSON : Filename : default changed to proposed JSON configuration filename : default.scene_dataset_config.json
I0920 14:29:44.950069 495456 AttributesManagerBase.h:283] AttributesManager<T>::createFromJsonOrDefaultInternal  (Dataset) : Proposing JSON name : default.scene_dataset_config.json from original name : default | This file  does not exist.
I0920 14:29:44.950117 495456 AssetAttributesManager.cpp:117] Asset attributes (capsule3DSolid : capsule3DSolid_hemiRings_4_cylRings_1_segments_12_halfLen_0.75_useTexCoords_false_useTangents_false) created and registered.
I0920 14:29:44.950135 495456 AssetAttributesManager.cpp:117] Asset attributes (capsule3DWireframe : capsule3DWireframe_hemiRings_8_cylRings_1_segments_16_halfLen_1) created and registered.
I0920 14:29:44.950152 495456 AssetAttributesManager.cpp:117] Asset attributes (coneSolid : coneSolid_segments_12_halfLen_1.25_rings_1_useTexCoords_false_useTangents_false_capEnd_true) created and registered.
I0920 14:29:44.950162 495456 AssetAttributesManager.cpp:117] Asset attributes (coneWireframe : coneWireframe_segments_32_halfLen_1.25) created and registered.
I0920 14:29:44.950167 495456 AssetAttributesManager.cpp:117] Asset attributes (cubeSolid : cubeSolid) created and registered.
I0920 14:29:44.950173 495456 AssetAttributesManager.cpp:117] Asset attributes (cubeWireframe : cubeWireframe) created and registered.
I0920 14:29:44.950187 495456 AssetAttributesManager.cpp:117] Asset attributes (cylinderSolid : cylinderSolid_rings_1_segments_12_halfLen_1_useTexCoords_false_useTangents_false_capEnds_true) created and registered.
I0920 14:29:44.950198 495456 AssetAttributesManager.cpp:117] Asset attributes (cylinderWireframe : cylinderWireframe_rings_1_segments_32_halfLen_1) created and registered.
I0920 14:29:44.950204 495456 AssetAttributesManager.cpp:117] Asset attributes (icosphereSolid : icosphereSolid_subdivs_1) created and registered.
I0920 14:29:44.950212 495456 AssetAttributesManager.cpp:117] Asset attributes (icosphereWireframe : icosphereWireframe_subdivs_1) created and registered.
I0920 14:29:44.950222 495456 AssetAttributesManager.cpp:117] Asset attributes (uvSphereSolid : uvSphereSolid_rings_8_segments_16_useTexCoords_false_useTangents_false) created and registered.
I0920 14:29:44.950229 495456 AssetAttributesManager.cpp:117] Asset attributes (uvSphereWireframe : uvSphereWireframe_rings_16_segments_32) created and registered.
I0920 14:29:44.950233 495456 AssetAttributesManager.cpp:105] AssetAttributesManager::buildCtorFuncPtrMaps : Built default primitive asset templates : 12
I0920 14:29:44.950517 495456 SceneDatasetAttributesManager.cpp:23] File (default) not found, so new default dataset attributes created and registered.
I0920 14:29:44.950519 495456 MetadataMediator.cpp:47] MetadataMediator::createDataset : Dataset default successfully created.
I0920 14:29:44.952665 495456 AttributesManagerBase.h:283] AttributesManager<T>::createFromJsonOrDefaultInternal  (Physics Manager) : Proposing JSON name : ./data/default.physics_config.json from original name : ./data/default.physics_config.json | This file  does not exist.
I0920 14:29:44.952677 495456 PhysicsAttributesManager.cpp:27] File (./data/default.physics_config.json) not found, so new default physics manager attributes created and registered.
I0920 14:29:44.952680 495456 AbstractObjectAttributesManagerBase.h:175] AbstractObjectAttributesManager<T>::createObject  (Stage) : Making attributes with handle : data/scene_datasets/mp3d/zsNo4HB9uLZ/zsNo4HB9uLZ.glb
I0920 14:29:44.952692 495456 ManagedContainerBase.cpp:19] ManagedContainerBase::convertFilenameToJSON : Filename : data/scene_datasets/mp3d/zsNo4HB9uLZ/zsNo4HB9uLZ.glb changed to proposed JSON configuration filename : data/scene_datasets/mp3d/zsNo4HB9uLZ/zsNo4HB9uLZ.stage_config.json
I0920 14:29:44.952693 495456 AttributesManagerBase.h:283] AttributesManager<T>::createFromJsonOrDefaultInternal  (Stage) : Proposing JSON name : data/scene_datasets/mp3d/zsNo4HB9uLZ/zsNo4HB9uLZ.stage_config.json from original name : data/scene_datasets/mp3d/zsNo4HB9uLZ/zsNo4HB9uLZ.glb | This file  does not exist.
I0920 14:29:44.952724 495456 AbstractObjectAttributesManagerBase.h:181] AbstractObjectAttributesManager<T>::createObject  (Stage) : Done making attributes with handle : data/scene_datasets/mp3d/zsNo4HB9uLZ/zsNo4HB9uLZ.glb
I0920 14:29:44.952726 495456 AbstractObjectAttributesManagerBase.h:188] File (data/scene_datasets/mp3d/zsNo4HB9uLZ/zsNo4HB9uLZ.glb) exists but is not a recognized config filename extension, so new default Stage attributes created and registered.
I0920 14:29:44.952729 495456 Simulator.cpp:156] Loading navmesh from data/scene_datasets/mp3d/zsNo4HB9uLZ/zsNo4HB9uLZ.navmesh
I0920 14:29:44.952785 495456 Simulator.cpp:158] Loaded.
I0920 14:29:44.952795 495456 SceneGraph.h:93] Created DrawableGroup: 
Renderer: NVIDIA T1000 8GB/PCIe/SSE2 by NVIDIA Corporation
OpenGL version: 4.6.0 NVIDIA 595.84
Using optional features:
    GL_ARB_ES2_compatibility
    GL_ARB_direct_state_access
    GL_ARB_get_texture_sub_image
    GL_ARB_invalidate_subdata
    GL_ARB_multi_bind
    GL_ARB_robustness
    GL_ARB_separate_shader_objects
    GL_ARB_texture_filter_anisotropic
    GL_ARB_texture_storage
    GL_ARB_texture_storage_multisample
    GL_ARB_vertex_array_object
    GL_KHR_debug
Using driver workarounds:
    no-forward-compatible-core-context
    nv-egl-incorrect-gl11-function-pointers
    no-layout-qualifiers-on-old-glsl
    nv-zero-context-profile-mask
    nv-implementation-color-read-format-dsa-broken
    nv-cubemap-inconsistent-compressed-image-size
    nv-cubemap-broken-full-compressed-image-query
    nv-compressed-block-size-in-bits
I0920 14:29:45.150193 495456 ResourceManager.cpp:234] ResourceManager::loadStage : Not loading semantic mesh
I0920 14:29:45.150202 495456 ResourceManager.cpp:262] ResourceManager::loadStage : start load render asset data/scene_datasets/mp3d/zsNo4HB9uLZ/zsNo4HB9uLZ.glb.
I0920 14:29:45.150203 495456 ResourceManager.cpp:569] ResourceManager::loadStageInternal : Attempting to load stage data/scene_datasets/mp3d/zsNo4HB9uLZ/zsNo4HB9uLZ.glb 
I0920 14:29:45.150213 495456 ResourceManager.cpp:1119] Importing Basis files as BC7 for zsNo4HB9uLZ.glb
W0920 14:29:46.318589 495456 Simulator.cpp:248] :
---
 The active scene does not contain semantic annotations. 
---
I0920 14:29:46.405654 495456 simulator.py:213] Loaded navmesh data/scene_datasets/mp3d/zsNo4HB9uLZ/zsNo4HB9uLZ.navmesh
2026-09-20 14:29:46,409 Initializing task VLN-v0
You are using a model of type bert to instantiate a model of type . This is not supported for all configurations of models and can yield errors.
Some weights of the model checkpoint at None were not used when initializing GlocalTextPathNavCMT: ['bert.global_encoder.encoder.x_layers.2.lang_output.LayerNorm.bias', 'bert.global_encoder.encoder.x_layers.0.lang_self_att.output.LayerNorm.weight', 'bert.global_encoder.encoder.x_layers.3.lang_output.LayerNorm.weight', 'bert.global_encoder.encoder.x_layers.2.lang_self_att.output.dense.weight', 'bert.global_encoder.encoder.x_layers.3.lang_output.LayerNorm.bias', 'bert.global_encoder.encoder.x_layers.3.lang_self_att.output.dense.bias', 'bert.global_encoder.encoder.x_layers.1.lang_inter.dense.weight', 'bert.global_encoder.encoder.x_layers.3.lang_inter.dense.bias', 'bert.global_encoder.encoder.x_layers.0.lang_output.LayerNorm.weight', 'bert.global_encoder.encoder.x_layers.0.lang_self_att.self.key.bias', 'bert.global_encoder.encoder.x_layers.3.lang_output.dense.weight', 'bert.global_encoder.encoder.x_layers.0.lang_self_att.output.dense.weight', 'mlm_head.predictions.bias', 'bert.global_encoder.encoder.x_layers.0.lang_self_att.output.LayerNorm.bias', 'bert.global_encoder.encoder.x_layers.1.lang_output.dense.weight', 'bert.global_encoder.encoder.x_layers.0.lang_self_att.self.value.bias', 'bert.global_encoder.encoder.x_layers.2.lang_self_att.self.query.weight', 'bert.global_encoder.encoder.x_layers.0.lang_self_att.self.key.weight', 'bert.global_encoder.encoder.x_layers.3.lang_output.dense.bias', 'bert.global_encoder.encoder.x_layers.2.lang_output.LayerNorm.weight', 'bert.global_encoder.encoder.x_layers.0.lang_output.dense.bias', 'bert.global_encoder.encoder.x_layers.3.lang_self_att.self.key.bias', 'bert.global_encoder.encoder.x_layers.1.lang_self_att.self.key.bias', 'bert.global_encoder.encoder.x_layers.3.lang_self_att.output.LayerNorm.weight', 'mlm_head.predictions.transform.dense.weight', 'bert.global_encoder.encoder.x_layers.0.lang_inter.dense.bias', 'bert.global_encoder.encoder.x_layers.0.lang_self_att.output.dense.bias', 'bert.global_encoder.encoder.x_layers.2.lang_output.dense.bias', 'bert.global_encoder.encoder.x_layers.1.lang_self_att.self.key.weight', 'bert.global_encoder.encoder.x_layers.2.lang_self_att.self.value.bias', 'bert.global_encoder.encoder.x_layers.1.lang_self_att.self.query.weight', 'bert.global_encoder.encoder.x_layers.1.lang_output.LayerNorm.bias', 'bert.global_encoder.encoder.x_layers.2.lang_self_att.self.key.bias', 'bert.global_encoder.encoder.x_layers.2.lang_inter.dense.bias', 'mlm_head.predictions.transform.dense.bias', 'bert.global_encoder.encoder.x_layers.3.lang_self_att.self.value.bias', 'bert.global_encoder.encoder.x_layers.1.lang_self_att.self.value.weight', 'mlm_head.predictions.transform.LayerNorm.bias', 'bert.global_encoder.encoder.x_layers.1.lang_self_att.output.dense.weight', 'bert.global_encoder.encoder.x_layers.0.lang_self_att.self.query.bias', 'bert.global_encoder.encoder.x_layers.2.lang_self_att.output.dense.bias', 'bert.global_encoder.encoder.x_layers.3.lang_self_att.output.LayerNorm.bias', 'bert.global_encoder.encoder.x_layers.3.lang_self_att.self.value.weight', 'bert.global_encoder.encoder.x_layers.0.lang_output.dense.weight', 'mlm_head.predictions.decoder.weight', 'bert.global_encoder.encoder.x_layers.1.lang_self_att.output.LayerNorm.bias', 'bert.global_encoder.encoder.x_layers.3.lang_self_att.self.query.bias', 'bert.global_encoder.encoder.x_layers.2.lang_self_att.output.LayerNorm.weight', 'bert.global_encoder.encoder.x_layers.3.lang_self_att.output.dense.weight', 'bert.global_encoder.encoder.x_layers.3.lang_inter.dense.weight', 'bert.global_encoder.encoder.x_layers.2.lang_self_att.self.key.weight', 'bert.global_encoder.encoder.x_layers.2.lang_self_att.output.LayerNorm.bias', 'mlm_head.predictions.transform.LayerNorm.weight', 'bert.global_encoder.encoder.x_layers.1.lang_self_att.self.query.bias', 'bert.global_encoder.encoder.x_layers.1.lang_output.dense.bias', 'bert.global_encoder.encoder.x_layers.2.lang_self_att.self.query.bias', 'bert.global_encoder.encoder.x_layers.1.lang_output.LayerNorm.weight', 'bert.global_encoder.encoder.x_layers.0.lang_output.LayerNorm.bias', 'bert.global_encoder.encoder.x_layers.0.lang_self_att.self.query.weight', 'bert.global_encoder.encoder.x_layers.1.lang_self_att.output.dense.bias', 'bert.global_encoder.encoder.x_layers.0.lang_inter.dense.weight', 'bert.global_encoder.encoder.x_layers.0.lang_self_att.self.value.weight', 'bert.global_encoder.encoder.x_layers.1.lang_self_att.output.LayerNorm.weight', 'bert.global_encoder.encoder.x_layers.3.lang_self_att.self.query.weight', 'bert.global_encoder.encoder.x_layers.2.lang_self_att.self.value.weight', 'bert.global_encoder.encoder.x_layers.1.lang_self_att.self.value.bias', 'bert.global_encoder.encoder.x_layers.2.lang_inter.dense.weight', 'bert.global_encoder.encoder.x_layers.2.lang_output.dense.weight', 'bert.global_encoder.encoder.x_layers.3.lang_self_att.self.key.weight', 'bert.global_encoder.encoder.x_layers.1.lang_inter.dense.bias']
- This IS expected if you are initializing GlocalTextPathNavCMT from the checkpoint of a model trained on another task or with another architecture (e.g. initializing a BertForSequenceClassification model from a BertForPreTraining model).
- This IS NOT expected if you are initializing GlocalTextPathNavCMT from the checkpoint of a model that you expect to be exactly identical (initializing a BertForSequenceClassification model from a BertForSequenceClassification model).
2026-09-20 14:30:12,822 Loaded weights from checkpoint: data/logs/checkpoints/release_r2r/ckpt.iter12000.pth, iteration: 12000
2026-09-20 14:30:12,835 Agent parameters: 299.14 MB. Trainable: 140.79 MB.
2026-09-20 14:30:12,835 Finished setting up policy.
local rank: 0 | dataset length: 15

Initalizing the ETP model ...
  0%|          | 0/15 [00:00<?, ?it/s]  7%|▋         | 1/15 [00:04<01:05,  4.65s/it] 13%|█▎        | 2/15 [00:10<01:07,  5.21s/it] 20%|██        | 3/15 [00:13<00:52,  4.42s/it] 27%|██▋       | 4/15 [00:16<00:39,  3.58s/it] 33%|███▎      | 5/15 [00:17<00:27,  2.72s/it] 40%|████      | 6/15 [00:20<00:24,  2.76s/it] 47%|████▋     | 7/15 [00:22<00:21,  2.64s/it] 53%|█████▎    | 8/15 [00:30<00:31,  4.51s/it] 60%|██████    | 9/15 [00:33<00:22,  3.82s/it] 67%|██████▋   | 10/15 [00:38<00:21,  4.27s/it] 73%|███████▎  | 11/15 [00:40<00:14,  3.62s/it] 80%|████████  | 12/15 [00:42<00:09,  3.19s/it] 87%|████████▋ | 13/15 [00:47<00:07,  3.55s/it] 93%|█████████▎| 14/15 [00:55<00:04,  4.94s/it]100%|██████████| 15/15 [00:57<00:00,  4.11s/it]I0920 14:31:10.480752 495456 PhysicsManager.cpp:33] Deconstructing PhysicsManager
I0920 14:31:10.480773 495456 SemanticScene.h:41] Deconstructing SemanticScene
I0920 14:31:10.481850 495456 SceneManager.h:25] Deconstructing SceneManager
I0920 14:31:10.481859 495456 SceneGraph.h:26] Deconstructing SceneGraph
I0920 14:31:10.482113 495456 Sensor.h:87] Deconstructing Sensor
I0920 14:31:10.482260 495456 Sensor.h:87] Deconstructing Sensor
I0920 14:31:10.482349 495456 Sensor.h:87] Deconstructing Sensor
I0920 14:31:10.482430 495456 Sensor.h:87] Deconstructing Sensor
I0920 14:31:10.482511 495456 Sensor.h:87] Deconstructing Sensor
I0920 14:31:10.482596 495456 Sensor.h:87] Deconstructing Sensor
I0920 14:31:10.482677 495456 Sensor.h:87] Deconstructing Sensor
I0920 14:31:10.482756 495456 Sensor.h:87] Deconstructing Sensor
I0920 14:31:10.482841 495456 Sensor.h:87] Deconstructing Sensor
I0920 14:31:10.482923 495456 Sensor.h:87] Deconstructing Sensor
I0920 14:31:10.483003 495456 Sensor.h:87] Deconstructing Sensor
I0920 14:31:10.483088 495456 Sensor.h:87] Deconstructing Sensor
I0920 14:31:10.483167 495456 Sensor.h:87] Deconstructing Sensor
I0920 14:31:10.483269 495456 Sensor.h:87] Deconstructing Sensor
I0920 14:31:10.483367 495456 Sensor.h:87] Deconstructing Sensor
I0920 14:31:10.483462 495456 Sensor.h:87] Deconstructing Sensor
I0920 14:31:10.483559 495456 Sensor.h:87] Deconstructing Sensor
I0920 14:31:10.483664 495456 Sensor.h:87] Deconstructing Sensor
I0920 14:31:10.483763 495456 Sensor.h:87] Deconstructing Sensor
I0920 14:31:10.483865 495456 Sensor.h:87] Deconstructing Sensor
I0920 14:31:10.483964 495456 Sensor.h:87] Deconstructing Sensor
I0920 14:31:10.484069 495456 Sensor.h:87] Deconstructing Sensor
I0920 14:31:10.484166 495456 Sensor.h:87] Deconstructing Sensor
I0920 14:31:10.484230 495456 Sensor.h:87] Deconstructing Sensor
I0920 14:31:10.485725 495456 Renderer.cpp:34] Deconstructing Renderer
I0920 14:31:10.485734 495456 WindowlessContext.h:17] Deconstructing WindowlessContext
I0920 14:31:10.487756 495456 Simulator.cpp:49] Deconstructing Simulator
2026-09-20 14:31:10,489 Episodes evaluated: 15
2026-09-20 14:31:10,489 Average episode steps_taken: 135.666667
2026-09-20 14:31:10,489 Average episode distance_to_goal: 5.624285
2026-09-20 14:31:10,489 Average episode success: 0.333333
2026-09-20 14:31:10,489 Average episode oracle_success: 0.466667
2026-09-20 14:31:10,489 Average episode path_length: 17.973442
2026-09-20 14:31:10,489 Average episode collisions: 0.633639
2026-09-20 14:31:10,489 Average episode spl: 0.260316
2026-09-20 14:31:10,489 Average episode ndtw: 0.485832
2026-09-20 14:31:10,489 Average episode sdtw: 0.241047
2026-09-20 14:31:10,489 Average episode ghost_cnt: 96.000000
2026-09-20 14:31:10,489 Average episode tour_idx: 7.000000
2026-09-20 14:31:10,489 Average episode g_nodes_total: 52.666667
2026-09-20 14:31:10,489 Average episode g_ghosts_total: 51.333333
2026-09-20 14:31:10,490 Average episode g_active_mean: 15.054815
2026-09-20 14:31:10,490 Average episode g_old_visible_mean: 11.154815
2026-09-20 14:31:10,490 Average episode g_comp_mean: 33.666667
2026-09-20 14:31:10,490 Average episode g_ghosts_visible_mean: 16.192593
2026-09-20 14:31:10,490 Average episode g_reloc_mean: 0.807778
2026-09-20 14:31:10,490 Average episode g_old_visible_max: 14.933333
2026-09-20 14:31:10,490 Average episode g_start_reloc: 0.800000
2026-09-20 14:31:10,490 Average episode g_start_comp: 27.066667
2026-09-20 14:31:10,490 Average episode g_stop_no_vp_left: 0.000000
100%|██████████| 15/15 [00:57<00:00,  3.84s/it]
[guard] finished rc=0 in 121s | peak footprint vs baseline: RAM +6234MiB, VRAM +2775MiB
