[guard] avail RAM 14G | GPU used 808MiB, compute procs 0 | load 1
[guard] hard caps on: RAM<=9G (no swap), CPU<=300%
2026-09-20 13:46:24,315 checkpoint_path: data/logs/checkpoints/release_r2r/ckpt.iter12000.pth
2026-09-20 13:46:24,316 Initializing dataset VLN-CE-v1
2026-09-20 13:46:24,339 SPLTI: tour_zsNo4H_n15_s0_o0, NUMBER OF SCENES: 1
2026-09-20 13:46:38,928 Initializing dataset VLN-CE-v1
2026-09-20 13:46:38,949 initializing sim Sim-v1
WARNING: Logging before InitGoogleLogging() is written to STDERR
I0920 13:46:38.953924 475097 ManagedContainerBase.cpp:19] ManagedContainerBase::convertFilenameToJSON : Filename : default changed to proposed JSON configuration filename : default.scene_dataset_config.json
I0920 13:46:38.953948 475097 AttributesManagerBase.h:283] AttributesManager<T>::createFromJsonOrDefaultInternal  (Dataset) : Proposing JSON name : default.scene_dataset_config.json from original name : default | This file  does not exist.
I0920 13:46:38.953990 475097 AssetAttributesManager.cpp:117] Asset attributes (capsule3DSolid : capsule3DSolid_hemiRings_4_cylRings_1_segments_12_halfLen_0.75_useTexCoords_false_useTangents_false) created and registered.
I0920 13:46:38.954006 475097 AssetAttributesManager.cpp:117] Asset attributes (capsule3DWireframe : capsule3DWireframe_hemiRings_8_cylRings_1_segments_16_halfLen_1) created and registered.
I0920 13:46:38.954021 475097 AssetAttributesManager.cpp:117] Asset attributes (coneSolid : coneSolid_segments_12_halfLen_1.25_rings_1_useTexCoords_false_useTangents_false_capEnd_true) created and registered.
I0920 13:46:38.954030 475097 AssetAttributesManager.cpp:117] Asset attributes (coneWireframe : coneWireframe_segments_32_halfLen_1.25) created and registered.
I0920 13:46:38.954036 475097 AssetAttributesManager.cpp:117] Asset attributes (cubeSolid : cubeSolid) created and registered.
I0920 13:46:38.954041 475097 AssetAttributesManager.cpp:117] Asset attributes (cubeWireframe : cubeWireframe) created and registered.
I0920 13:46:38.954053 475097 AssetAttributesManager.cpp:117] Asset attributes (cylinderSolid : cylinderSolid_rings_1_segments_12_halfLen_1_useTexCoords_false_useTangents_false_capEnds_true) created and registered.
I0920 13:46:38.954075 475097 AssetAttributesManager.cpp:117] Asset attributes (cylinderWireframe : cylinderWireframe_rings_1_segments_32_halfLen_1) created and registered.
I0920 13:46:38.954082 475097 AssetAttributesManager.cpp:117] Asset attributes (icosphereSolid : icosphereSolid_subdivs_1) created and registered.
I0920 13:46:38.954088 475097 AssetAttributesManager.cpp:117] Asset attributes (icosphereWireframe : icosphereWireframe_subdivs_1) created and registered.
I0920 13:46:38.954097 475097 AssetAttributesManager.cpp:117] Asset attributes (uvSphereSolid : uvSphereSolid_rings_8_segments_16_useTexCoords_false_useTangents_false) created and registered.
I0920 13:46:38.954104 475097 AssetAttributesManager.cpp:117] Asset attributes (uvSphereWireframe : uvSphereWireframe_rings_16_segments_32) created and registered.
I0920 13:46:38.954107 475097 AssetAttributesManager.cpp:105] AssetAttributesManager::buildCtorFuncPtrMaps : Built default primitive asset templates : 12
I0920 13:46:38.954383 475097 SceneDatasetAttributesManager.cpp:23] File (default) not found, so new default dataset attributes created and registered.
I0920 13:46:38.954385 475097 MetadataMediator.cpp:47] MetadataMediator::createDataset : Dataset default successfully created.
I0920 13:46:38.956462 475097 AttributesManagerBase.h:283] AttributesManager<T>::createFromJsonOrDefaultInternal  (Physics Manager) : Proposing JSON name : ./data/default.physics_config.json from original name : ./data/default.physics_config.json | This file  does not exist.
I0920 13:46:38.956473 475097 PhysicsAttributesManager.cpp:27] File (./data/default.physics_config.json) not found, so new default physics manager attributes created and registered.
I0920 13:46:38.956475 475097 AbstractObjectAttributesManagerBase.h:175] AbstractObjectAttributesManager<T>::createObject  (Stage) : Making attributes with handle : data/scene_datasets/mp3d/zsNo4HB9uLZ/zsNo4HB9uLZ.glb
I0920 13:46:38.956487 475097 ManagedContainerBase.cpp:19] ManagedContainerBase::convertFilenameToJSON : Filename : data/scene_datasets/mp3d/zsNo4HB9uLZ/zsNo4HB9uLZ.glb changed to proposed JSON configuration filename : data/scene_datasets/mp3d/zsNo4HB9uLZ/zsNo4HB9uLZ.stage_config.json
I0920 13:46:38.956489 475097 AttributesManagerBase.h:283] AttributesManager<T>::createFromJsonOrDefaultInternal  (Stage) : Proposing JSON name : data/scene_datasets/mp3d/zsNo4HB9uLZ/zsNo4HB9uLZ.stage_config.json from original name : data/scene_datasets/mp3d/zsNo4HB9uLZ/zsNo4HB9uLZ.glb | This file  does not exist.
I0920 13:46:38.956521 475097 AbstractObjectAttributesManagerBase.h:181] AbstractObjectAttributesManager<T>::createObject  (Stage) : Done making attributes with handle : data/scene_datasets/mp3d/zsNo4HB9uLZ/zsNo4HB9uLZ.glb
I0920 13:46:38.956522 475097 AbstractObjectAttributesManagerBase.h:188] File (data/scene_datasets/mp3d/zsNo4HB9uLZ/zsNo4HB9uLZ.glb) exists but is not a recognized config filename extension, so new default Stage attributes created and registered.
I0920 13:46:38.956525 475097 Simulator.cpp:156] Loading navmesh from data/scene_datasets/mp3d/zsNo4HB9uLZ/zsNo4HB9uLZ.navmesh
I0920 13:46:38.956583 475097 Simulator.cpp:158] Loaded.
I0920 13:46:38.956591 475097 SceneGraph.h:93] Created DrawableGroup: 
Renderer: NVIDIA T1000 8GB/PCIe/SSE2 by NVIDIA Corporation
OpenGL version: 4.6.0 NVIDIA 595.84
Using optional features:
    GL_ARB_ES2_compatibility
    GL_ARB_direct_state_access
    GL_ARB_get_texture_sub_image
    GL_ARB_invalidate_subdata
    GL_ARB_multi_bind
    GL_ARB_robustness
    GL_ARB_separate_shader_objects
    GL_ARB_texture_filter_anisotropic
    GL_ARB_texture_storage
    GL_ARB_texture_storage_multisample
    GL_ARB_vertex_array_object
    GL_KHR_debug
Using driver workarounds:
    no-forward-compatible-core-context
    nv-egl-incorrect-gl11-function-pointers
    no-layout-qualifiers-on-old-glsl
    nv-zero-context-profile-mask
    nv-implementation-color-read-format-dsa-broken
    nv-cubemap-inconsistent-compressed-image-size
    nv-cubemap-broken-full-compressed-image-query
    nv-compressed-block-size-in-bits
I0920 13:46:39.051163 475097 ResourceManager.cpp:234] ResourceManager::loadStage : Not loading semantic mesh
I0920 13:46:39.051172 475097 ResourceManager.cpp:262] ResourceManager::loadStage : start load render asset data/scene_datasets/mp3d/zsNo4HB9uLZ/zsNo4HB9uLZ.glb.
I0920 13:46:39.051174 475097 ResourceManager.cpp:569] ResourceManager::loadStageInternal : Attempting to load stage data/scene_datasets/mp3d/zsNo4HB9uLZ/zsNo4HB9uLZ.glb 
I0920 13:46:39.051182 475097 ResourceManager.cpp:1119] Importing Basis files as BC7 for zsNo4HB9uLZ.glb
W0920 13:46:40.213737 475097 Simulator.cpp:248] :
---
 The active scene does not contain semantic annotations. 
---
I0920 13:46:40.276596 475097 simulator.py:213] Loaded navmesh data/scene_datasets/mp3d/zsNo4HB9uLZ/zsNo4HB9uLZ.navmesh
2026-09-20 13:46:40,281 Initializing task VLN-v0
You are using a model of type bert to instantiate a model of type . This is not supported for all configurations of models and can yield errors.
Some weights of the model checkpoint at None were not used when initializing GlocalTextPathNavCMT: ['bert.global_encoder.encoder.x_layers.2.lang_inter.dense.weight', 'bert.global_encoder.encoder.x_layers.1.lang_self_att.output.LayerNorm.bias', 'bert.global_encoder.encoder.x_layers.3.lang_self_att.self.value.weight', 'bert.global_encoder.encoder.x_layers.1.lang_self_att.output.dense.weight', 'bert.global_encoder.encoder.x_layers.2.lang_output.LayerNorm.weight', 'bert.global_encoder.encoder.x_layers.3.lang_self_att.self.query.bias', 'bert.global_encoder.encoder.x_layers.3.lang_output.dense.weight', 'bert.global_encoder.encoder.x_layers.2.lang_output.dense.bias', 'bert.global_encoder.encoder.x_layers.3.lang_inter.dense.weight', 'mlm_head.predictions.transform.dense.weight', 'bert.global_encoder.encoder.x_layers.1.lang_self_att.self.key.weight', 'mlm_head.predictions.decoder.weight', 'bert.global_encoder.encoder.x_layers.0.lang_inter.dense.weight', 'bert.global_encoder.encoder.x_layers.3.lang_self_att.self.key.bias', 'bert.global_encoder.encoder.x_layers.0.lang_self_att.self.query.bias', 'bert.global_encoder.encoder.x_layers.2.lang_output.LayerNorm.bias', 'bert.global_encoder.encoder.x_layers.0.lang_self_att.self.key.weight', 'bert.global_encoder.encoder.x_layers.2.lang_self_att.output.dense.bias', 'bert.global_encoder.encoder.x_layers.1.lang_output.LayerNorm.bias', 'bert.global_encoder.encoder.x_layers.1.lang_inter.dense.bias', 'bert.global_encoder.encoder.x_layers.3.lang_self_att.self.value.bias', 'bert.global_encoder.encoder.x_layers.1.lang_output.LayerNorm.weight', 'bert.global_encoder.encoder.x_layers.1.lang_inter.dense.weight', 'bert.global_encoder.encoder.x_layers.3.lang_output.dense.bias', 'mlm_head.predictions.transform.dense.bias', 'bert.global_encoder.encoder.x_layers.2.lang_self_att.self.query.weight', 'bert.global_encoder.encoder.x_layers.0.lang_self_att.self.value.weight', 'bert.global_encoder.encoder.x_layers.3.lang_inter.dense.bias', 'bert.global_encoder.encoder.x_layers.1.lang_self_att.self.value.bias', 'bert.global_encoder.encoder.x_layers.1.lang_self_att.output.dense.bias', 'bert.global_encoder.encoder.x_layers.1.lang_self_att.output.LayerNorm.weight', 'bert.global_encoder.encoder.x_layers.0.lang_output.dense.bias', 'bert.global_encoder.encoder.x_layers.1.lang_self_att.self.value.weight', 'bert.global_encoder.encoder.x_layers.3.lang_self_att.output.dense.bias', 'bert.global_encoder.encoder.x_layers.0.lang_output.LayerNorm.weight', 'bert.global_encoder.encoder.x_layers.1.lang_self_att.self.query.bias', 'bert.global_encoder.encoder.x_layers.2.lang_self_att.output.dense.weight', 'bert.global_encoder.encoder.x_layers.2.lang_self_att.self.value.weight', 'bert.global_encoder.encoder.x_layers.0.lang_self_att.output.LayerNorm.bias', 'bert.global_encoder.encoder.x_layers.3.lang_output.LayerNorm.weight', 'bert.global_encoder.encoder.x_layers.3.lang_self_att.output.LayerNorm.weight', 'bert.global_encoder.encoder.x_layers.2.lang_self_att.output.LayerNorm.bias', 'bert.global_encoder.encoder.x_layers.3.lang_self_att.output.LayerNorm.bias', 'bert.global_encoder.encoder.x_layers.2.lang_self_att.self.value.bias', 'bert.global_encoder.encoder.x_layers.3.lang_self_att.self.query.weight', 'bert.global_encoder.encoder.x_layers.2.lang_self_att.output.LayerNorm.weight', 'bert.global_encoder.encoder.x_layers.2.lang_inter.dense.bias', 'bert.global_encoder.encoder.x_layers.0.lang_inter.dense.bias', 'bert.global_encoder.encoder.x_layers.0.lang_output.dense.weight', 'bert.global_encoder.encoder.x_layers.0.lang_self_att.self.value.bias', 'bert.global_encoder.encoder.x_layers.1.lang_output.dense.weight', 'bert.global_encoder.encoder.x_layers.2.lang_self_att.self.key.weight', 'bert.global_encoder.encoder.x_layers.0.lang_self_att.output.LayerNorm.weight', 'bert.global_encoder.encoder.x_layers.0.lang_self_att.self.key.bias', 'mlm_head.predictions.transform.LayerNorm.bias', 'bert.global_encoder.encoder.x_layers.3.lang_output.LayerNorm.bias', 'bert.global_encoder.encoder.x_layers.0.lang_self_att.self.query.weight', 'bert.global_encoder.encoder.x_layers.3.lang_self_att.self.key.weight', 'bert.global_encoder.encoder.x_layers.1.lang_output.dense.bias', 'bert.global_encoder.encoder.x_layers.1.lang_self_att.self.query.weight', 'mlm_head.predictions.transform.LayerNorm.weight', 'bert.global_encoder.encoder.x_layers.3.lang_self_att.output.dense.weight', 'mlm_head.predictions.bias', 'bert.global_encoder.encoder.x_layers.0.lang_output.LayerNorm.bias', 'bert.global_encoder.encoder.x_layers.0.lang_self_att.output.dense.weight', 'bert.global_encoder.encoder.x_layers.1.lang_self_att.self.key.bias', 'bert.global_encoder.encoder.x_layers.2.lang_self_att.self.key.bias', 'bert.global_encoder.encoder.x_layers.2.lang_self_att.self.query.bias', 'bert.global_encoder.encoder.x_layers.0.lang_self_att.output.dense.bias', 'bert.global_encoder.encoder.x_layers.2.lang_output.dense.weight']
- This IS expected if you are initializing GlocalTextPathNavCMT from the checkpoint of a model trained on another task or with another architecture (e.g. initializing a BertForSequenceClassification model from a BertForPreTraining model).
- This IS NOT expected if you are initializing GlocalTextPathNavCMT from the checkpoint of a model that you expect to be exactly identical (initializing a BertForSequenceClassification model from a BertForSequenceClassification model).
2026-09-20 13:46:52,479 Loaded weights from checkpoint: data/logs/checkpoints/release_r2r/ckpt.iter12000.pth, iteration: 12000
2026-09-20 13:46:52,481 Agent parameters: 299.14 MB. Trainable: 140.79 MB.
2026-09-20 13:46:52,481 Finished setting up policy.
local rank: 0 | dataset length: 15

Initalizing the ETP model ...
  0%|          | 0/15 [00:00<?, ?it/s]  7%|▋         | 1/15 [00:04<00:58,  4.21s/it] 13%|█▎        | 2/15 [00:09<01:02,  4.79s/it] 20%|██        | 3/15 [00:17<01:14,  6.22s/it] 27%|██▋       | 4/15 [00:18<00:48,  4.39s/it] 33%|███▎      | 5/15 [00:21<00:37,  3.76s/it] 40%|████      | 6/15 [00:25<00:33,  3.74s/it] 47%|████▋     | 7/15 [00:29<00:31,  3.91s/it] 53%|█████▎    | 8/15 [00:37<00:36,  5.17s/it] 60%|██████    | 9/15 [00:40<00:26,  4.39s/it] 67%|██████▋   | 10/15 [00:48<00:27,  5.52s/it] 73%|███████▎  | 11/15 [00:50<00:17,  4.49s/it] 80%|████████  | 12/15 [00:58<00:16,  5.57s/it] 87%|████████▋ | 13/15 [01:05<00:11,  6.00s/it] 93%|█████████▎| 14/15 [01:10<00:05,  5.82s/it]100%|██████████| 15/15 [01:11<00:00,  4.24s/it]I0920 13:48:03.792935 475097 PhysicsManager.cpp:33] Deconstructing PhysicsManager
I0920 13:48:03.792956 475097 SemanticScene.h:41] Deconstructing SemanticScene
I0920 13:48:03.794121 475097 SceneManager.h:25] Deconstructing SceneManager
I0920 13:48:03.794131 475097 SceneGraph.h:26] Deconstructing SceneGraph
I0920 13:48:03.794373 475097 Sensor.h:87] Deconstructing Sensor
I0920 13:48:03.794507 475097 Sensor.h:87] Deconstructing Sensor
I0920 13:48:03.794593 475097 Sensor.h:87] Deconstructing Sensor
I0920 13:48:03.794672 475097 Sensor.h:87] Deconstructing Sensor
I0920 13:48:03.794749 475097 Sensor.h:87] Deconstructing Sensor
I0920 13:48:03.794831 475097 Sensor.h:87] Deconstructing Sensor
I0920 13:48:03.794907 475097 Sensor.h:87] Deconstructing Sensor
I0920 13:48:03.794988 475097 Sensor.h:87] Deconstructing Sensor
I0920 13:48:03.795075 475097 Sensor.h:87] Deconstructing Sensor
I0920 13:48:03.795153 475097 Sensor.h:87] Deconstructing Sensor
I0920 13:48:03.795231 475097 Sensor.h:87] Deconstructing Sensor
I0920 13:48:03.795306 475097 Sensor.h:87] Deconstructing Sensor
I0920 13:48:03.795382 475097 Sensor.h:87] Deconstructing Sensor
I0920 13:48:03.795482 475097 Sensor.h:87] Deconstructing Sensor
I0920 13:48:03.795576 475097 Sensor.h:87] Deconstructing Sensor
I0920 13:48:03.795670 475097 Sensor.h:87] Deconstructing Sensor
I0920 13:48:03.795763 475097 Sensor.h:87] Deconstructing Sensor
I0920 13:48:03.795861 475097 Sensor.h:87] Deconstructing Sensor
I0920 13:48:03.795957 475097 Sensor.h:87] Deconstructing Sensor
I0920 13:48:03.796056 475097 Sensor.h:87] Deconstructing Sensor
I0920 13:48:03.796156 475097 Sensor.h:87] Deconstructing Sensor
I0920 13:48:03.796252 475097 Sensor.h:87] Deconstructing Sensor
I0920 13:48:03.796343 475097 Sensor.h:87] Deconstructing Sensor
I0920 13:48:03.796404 475097 Sensor.h:87] Deconstructing Sensor
I0920 13:48:03.797812 475097 Renderer.cpp:34] Deconstructing Renderer
I0920 13:48:03.797821 475097 WindowlessContext.h:17] Deconstructing WindowlessContext
I0920 13:48:03.799825 475097 Simulator.cpp:49] Deconstructing Simulator
2026-09-20 13:48:03,800 Episodes evaluated: 15
2026-09-20 13:48:03,801 Average episode steps_taken: 122.866667
2026-09-20 13:48:03,801 Average episode distance_to_goal: 7.868301
2026-09-20 13:48:03,801 Average episode success: 0.266667
2026-09-20 13:48:03,801 Average episode oracle_success: 0.266667
2026-09-20 13:48:03,801 Average episode path_length: 13.613683
2026-09-20 13:48:03,801 Average episode collisions: 0.632721
2026-09-20 13:48:03,801 Average episode spl: 0.233864
2026-09-20 13:48:03,801 Average episode ndtw: 0.418333
2026-09-20 13:48:03,801 Average episode sdtw: 0.233899
2026-09-20 13:48:03,801 Average episode ghost_cnt: 116.533333
2026-09-20 13:48:03,801 Average episode tour_idx: 7.000000
2026-09-20 13:48:03,802 Average episode g_nodes_total: 71.533333
2026-09-20 13:48:03,802 Average episode g_ghosts_total: 53.000000
2026-09-20 13:48:03,802 Average episode g_active_mean: 14.868333
2026-09-20 13:48:03,802 Average episode g_old_visible_mean: 9.901667
2026-09-20 13:48:03,802 Average episode g_comp_mean: 49.731667
2026-09-20 13:48:03,802 Average episode g_ghosts_visible_mean: 4.833199
2026-09-20 13:48:03,802 Average episode g_reloc_mean: 1.147735
2026-09-20 13:48:03,802 Average episode g_old_visible_max: 12.933333
2026-09-20 13:48:03,802 Average episode g_start_reloc: 1.000000
2026-09-20 13:48:03,802 Average episode g_start_comp: 35.600000
2026-09-20 13:48:03,802 Average episode g_stop_no_vp_left: 0.200000
100%|██████████| 15/15 [01:11<00:00,  4.75s/it]
[guard] finished rc=0 in 115s | peak footprint vs baseline: RAM +6394MiB, VRAM +2678MiB
