[guard] avail RAM 13G | GPU used 829MiB, compute procs 0 | load 4
[guard] hard caps on: RAM<=9G (no swap), CPU<=300%
2026-09-20 14:33:02,810 checkpoint_path: data/logs/checkpoints/release_r2r/ckpt.iter12000.pth
2026-09-20 14:33:02,817 Initializing dataset VLN-CE-v1
2026-09-20 14:33:02,842 SPLTI: tour_zsNo4H_n15_s2_o0, NUMBER OF SCENES: 1
2026-09-20 14:33:18,099 Initializing dataset VLN-CE-v1
2026-09-20 14:33:18,121 initializing sim Sim-v1
WARNING: Logging before InitGoogleLogging() is written to STDERR
I0920 14:33:18.125967 498005 ManagedContainerBase.cpp:19] ManagedContainerBase::convertFilenameToJSON : Filename : default changed to proposed JSON configuration filename : default.scene_dataset_config.json
I0920 14:33:18.125996 498005 AttributesManagerBase.h:283] AttributesManager<T>::createFromJsonOrDefaultInternal  (Dataset) : Proposing JSON name : default.scene_dataset_config.json from original name : default | This file  does not exist.
I0920 14:33:18.126050 498005 AssetAttributesManager.cpp:117] Asset attributes (capsule3DSolid : capsule3DSolid_hemiRings_4_cylRings_1_segments_12_halfLen_0.75_useTexCoords_false_useTangents_false) created and registered.
I0920 14:33:18.126078 498005 AssetAttributesManager.cpp:117] Asset attributes (capsule3DWireframe : capsule3DWireframe_hemiRings_8_cylRings_1_segments_16_halfLen_1) created and registered.
I0920 14:33:18.126096 498005 AssetAttributesManager.cpp:117] Asset attributes (coneSolid : coneSolid_segments_12_halfLen_1.25_rings_1_useTexCoords_false_useTangents_false_capEnd_true) created and registered.
I0920 14:33:18.126106 498005 AssetAttributesManager.cpp:117] Asset attributes (coneWireframe : coneWireframe_segments_32_halfLen_1.25) created and registered.
I0920 14:33:18.126111 498005 AssetAttributesManager.cpp:117] Asset attributes (cubeSolid : cubeSolid) created and registered.
I0920 14:33:18.126116 498005 AssetAttributesManager.cpp:117] Asset attributes (cubeWireframe : cubeWireframe) created and registered.
I0920 14:33:18.126130 498005 AssetAttributesManager.cpp:117] Asset attributes (cylinderSolid : cylinderSolid_rings_1_segments_12_halfLen_1_useTexCoords_false_useTangents_false_capEnds_true) created and registered.
I0920 14:33:18.126142 498005 AssetAttributesManager.cpp:117] Asset attributes (cylinderWireframe : cylinderWireframe_rings_1_segments_32_halfLen_1) created and registered.
I0920 14:33:18.126149 498005 AssetAttributesManager.cpp:117] Asset attributes (icosphereSolid : icosphereSolid_subdivs_1) created and registered.
I0920 14:33:18.126155 498005 AssetAttributesManager.cpp:117] Asset attributes (icosphereWireframe : icosphereWireframe_subdivs_1) created and registered.
I0920 14:33:18.126164 498005 AssetAttributesManager.cpp:117] Asset attributes (uvSphereSolid : uvSphereSolid_rings_8_segments_16_useTexCoords_false_useTangents_false) created and registered.
I0920 14:33:18.126173 498005 AssetAttributesManager.cpp:117] Asset attributes (uvSphereWireframe : uvSphereWireframe_rings_16_segments_32) created and registered.
I0920 14:33:18.126176 498005 AssetAttributesManager.cpp:105] AssetAttributesManager::buildCtorFuncPtrMaps : Built default primitive asset templates : 12
I0920 14:33:18.126467 498005 SceneDatasetAttributesManager.cpp:23] File (default) not found, so new default dataset attributes created and registered.
I0920 14:33:18.126470 498005 MetadataMediator.cpp:47] MetadataMediator::createDataset : Dataset default successfully created.
I0920 14:33:18.128710 498005 AttributesManagerBase.h:283] AttributesManager<T>::createFromJsonOrDefaultInternal  (Physics Manager) : Proposing JSON name : ./data/default.physics_config.json from original name : ./data/default.physics_config.json | This file  does not exist.
I0920 14:33:18.128731 498005 PhysicsAttributesManager.cpp:27] File (./data/default.physics_config.json) not found, so new default physics manager attributes created and registered.
I0920 14:33:18.128736 498005 AbstractObjectAttributesManagerBase.h:175] AbstractObjectAttributesManager<T>::createObject  (Stage) : Making attributes with handle : data/scene_datasets/mp3d/zsNo4HB9uLZ/zsNo4HB9uLZ.glb
I0920 14:33:18.128747 498005 ManagedContainerBase.cpp:19] ManagedContainerBase::convertFilenameToJSON : Filename : data/scene_datasets/mp3d/zsNo4HB9uLZ/zsNo4HB9uLZ.glb changed to proposed JSON configuration filename : data/scene_datasets/mp3d/zsNo4HB9uLZ/zsNo4HB9uLZ.stage_config.json
I0920 14:33:18.128750 498005 AttributesManagerBase.h:283] AttributesManager<T>::createFromJsonOrDefaultInternal  (Stage) : Proposing JSON name : data/scene_datasets/mp3d/zsNo4HB9uLZ/zsNo4HB9uLZ.stage_config.json from original name : data/scene_datasets/mp3d/zsNo4HB9uLZ/zsNo4HB9uLZ.glb | This file  does not exist.
I0920 14:33:18.128785 498005 AbstractObjectAttributesManagerBase.h:181] AbstractObjectAttributesManager<T>::createObject  (Stage) : Done making attributes with handle : data/scene_datasets/mp3d/zsNo4HB9uLZ/zsNo4HB9uLZ.glb
I0920 14:33:18.128787 498005 AbstractObjectAttributesManagerBase.h:188] File (data/scene_datasets/mp3d/zsNo4HB9uLZ/zsNo4HB9uLZ.glb) exists but is not a recognized config filename extension, so new default Stage attributes created and registered.
I0920 14:33:18.128791 498005 Simulator.cpp:156] Loading navmesh from data/scene_datasets/mp3d/zsNo4HB9uLZ/zsNo4HB9uLZ.navmesh
I0920 14:33:18.128854 498005 Simulator.cpp:158] Loaded.
I0920 14:33:18.128863 498005 SceneGraph.h:93] Created DrawableGroup: 
Renderer: NVIDIA T1000 8GB/PCIe/SSE2 by NVIDIA Corporation
OpenGL version: 4.6.0 NVIDIA 595.84
Using optional features:
    GL_ARB_ES2_compatibility
    GL_ARB_direct_state_access
    GL_ARB_get_texture_sub_image
    GL_ARB_invalidate_subdata
    GL_ARB_multi_bind
    GL_ARB_robustness
    GL_ARB_separate_shader_objects
    GL_ARB_texture_filter_anisotropic
    GL_ARB_texture_storage
    GL_ARB_texture_storage_multisample
    GL_ARB_vertex_array_object
    GL_KHR_debug
Using driver workarounds:
    no-forward-compatible-core-context
    nv-egl-incorrect-gl11-function-pointers
    no-layout-qualifiers-on-old-glsl
    nv-zero-context-profile-mask
    nv-implementation-color-read-format-dsa-broken
    nv-cubemap-inconsistent-compressed-image-size
    nv-cubemap-broken-full-compressed-image-query
    nv-compressed-block-size-in-bits
I0920 14:33:18.257716 498005 ResourceManager.cpp:234] ResourceManager::loadStage : Not loading semantic mesh
I0920 14:33:18.257726 498005 ResourceManager.cpp:262] ResourceManager::loadStage : start load render asset data/scene_datasets/mp3d/zsNo4HB9uLZ/zsNo4HB9uLZ.glb.
I0920 14:33:18.257727 498005 ResourceManager.cpp:569] ResourceManager::loadStageInternal : Attempting to load stage data/scene_datasets/mp3d/zsNo4HB9uLZ/zsNo4HB9uLZ.glb 
I0920 14:33:18.257737 498005 ResourceManager.cpp:1119] Importing Basis files as BC7 for zsNo4HB9uLZ.glb
W0920 14:33:19.475446 498005 Simulator.cpp:248] :
---
 The active scene does not contain semantic annotations. 
---
I0920 14:33:19.562608 498005 simulator.py:213] Loaded navmesh data/scene_datasets/mp3d/zsNo4HB9uLZ/zsNo4HB9uLZ.navmesh
2026-09-20 14:33:19,566 Initializing task VLN-v0
You are using a model of type bert to instantiate a model of type . This is not supported for all configurations of models and can yield errors.
Some weights of the model checkpoint at None were not used when initializing GlocalTextPathNavCMT: ['bert.global_encoder.encoder.x_layers.2.lang_output.dense.weight', 'bert.global_encoder.encoder.x_layers.1.lang_self_att.output.LayerNorm.bias', 'bert.global_encoder.encoder.x_layers.2.lang_self_att.self.value.bias', 'bert.global_encoder.encoder.x_layers.2.lang_output.LayerNorm.bias', 'bert.global_encoder.encoder.x_layers.0.lang_output.LayerNorm.bias', 'bert.global_encoder.encoder.x_layers.3.lang_output.LayerNorm.weight', 'bert.global_encoder.encoder.x_layers.1.lang_self_att.output.dense.bias', 'bert.global_encoder.encoder.x_layers.1.lang_self_att.self.key.weight', 'bert.global_encoder.encoder.x_layers.0.lang_self_att.self.query.bias', 'bert.global_encoder.encoder.x_layers.0.lang_output.LayerNorm.weight', 'bert.global_encoder.encoder.x_layers.3.lang_self_att.output.dense.bias', 'bert.global_encoder.encoder.x_layers.2.lang_self_att.output.dense.weight', 'bert.global_encoder.encoder.x_layers.2.lang_self_att.output.LayerNorm.bias', 'bert.global_encoder.encoder.x_layers.0.lang_self_att.output.dense.bias', 'mlm_head.predictions.transform.dense.bias', 'bert.global_encoder.encoder.x_layers.0.lang_self_att.self.key.weight', 'bert.global_encoder.encoder.x_layers.0.lang_self_att.output.LayerNorm.weight', 'bert.global_encoder.encoder.x_layers.2.lang_self_att.self.key.bias', 'bert.global_encoder.encoder.x_layers.1.lang_self_att.self.value.weight', 'bert.global_encoder.encoder.x_layers.3.lang_self_att.output.dense.weight', 'bert.global_encoder.encoder.x_layers.3.lang_output.LayerNorm.bias', 'bert.global_encoder.encoder.x_layers.1.lang_self_att.output.LayerNorm.weight', 'bert.global_encoder.encoder.x_layers.3.lang_output.dense.bias', 'bert.global_encoder.encoder.x_layers.0.lang_self_att.output.dense.weight', 'bert.global_encoder.encoder.x_layers.1.lang_self_att.output.dense.weight', 'bert.global_encoder.encoder.x_layers.2.lang_self_att.self.key.weight', 'bert.global_encoder.encoder.x_layers.0.lang_self_att.self.value.bias', 'mlm_head.predictions.transform.dense.weight', 'mlm_head.predictions.transform.LayerNorm.bias', 'bert.global_encoder.encoder.x_layers.0.lang_self_att.output.LayerNorm.bias', 'bert.global_encoder.encoder.x_layers.0.lang_self_att.self.query.weight', 'bert.global_encoder.encoder.x_layers.0.lang_inter.dense.bias', 'bert.global_encoder.encoder.x_layers.1.lang_output.dense.bias', 'bert.global_encoder.encoder.x_layers.0.lang_output.dense.weight', 'bert.global_encoder.encoder.x_layers.3.lang_self_att.self.query.weight', 'bert.global_encoder.encoder.x_layers.2.lang_inter.dense.bias', 'bert.global_encoder.encoder.x_layers.3.lang_self_att.self.key.bias', 'bert.global_encoder.encoder.x_layers.3.lang_self_att.output.LayerNorm.bias', 'bert.global_encoder.encoder.x_layers.3.lang_self_att.self.value.bias', 'bert.global_encoder.encoder.x_layers.3.lang_self_att.self.query.bias', 'bert.global_encoder.encoder.x_layers.1.lang_self_att.self.value.bias', 'bert.global_encoder.encoder.x_layers.1.lang_inter.dense.bias', 'bert.global_encoder.encoder.x_layers.3.lang_self_att.self.value.weight', 'bert.global_encoder.encoder.x_layers.2.lang_self_att.self.value.weight', 'bert.global_encoder.encoder.x_layers.1.lang_output.LayerNorm.bias', 'bert.global_encoder.encoder.x_layers.2.lang_self_att.output.dense.bias', 'bert.global_encoder.encoder.x_layers.2.lang_self_att.output.LayerNorm.weight', 'bert.global_encoder.encoder.x_layers.3.lang_output.dense.weight', 'mlm_head.predictions.transform.LayerNorm.weight', 'bert.global_encoder.encoder.x_layers.0.lang_inter.dense.weight', 'bert.global_encoder.encoder.x_layers.1.lang_self_att.self.query.bias', 'bert.global_encoder.encoder.x_layers.2.lang_inter.dense.weight', 'mlm_head.predictions.bias', 'bert.global_encoder.encoder.x_layers.3.lang_inter.dense.bias', 'bert.global_encoder.encoder.x_layers.1.lang_self_att.self.key.bias', 'bert.global_encoder.encoder.x_layers.0.lang_self_att.self.value.weight', 'mlm_head.predictions.decoder.weight', 'bert.global_encoder.encoder.x_layers.0.lang_self_att.self.key.bias', 'bert.global_encoder.encoder.x_layers.0.lang_output.dense.bias', 'bert.global_encoder.encoder.x_layers.3.lang_self_att.output.LayerNorm.weight', 'bert.global_encoder.encoder.x_layers.2.lang_output.LayerNorm.weight', 'bert.global_encoder.encoder.x_layers.1.lang_inter.dense.weight', 'bert.global_encoder.encoder.x_layers.1.lang_output.LayerNorm.weight', 'bert.global_encoder.encoder.x_layers.1.lang_output.dense.weight', 'bert.global_encoder.encoder.x_layers.2.lang_output.dense.bias', 'bert.global_encoder.encoder.x_layers.3.lang_self_att.self.key.weight', 'bert.global_encoder.encoder.x_layers.1.lang_self_att.self.query.weight', 'bert.global_encoder.encoder.x_layers.2.lang_self_att.self.query.weight', 'bert.global_encoder.encoder.x_layers.3.lang_inter.dense.weight', 'bert.global_encoder.encoder.x_layers.2.lang_self_att.self.query.bias']
- This IS expected if you are initializing GlocalTextPathNavCMT from the checkpoint of a model trained on another task or with another architecture (e.g. initializing a BertForSequenceClassification model from a BertForPreTraining model).
- This IS NOT expected if you are initializing GlocalTextPathNavCMT from the checkpoint of a model that you expect to be exactly identical (initializing a BertForSequenceClassification model from a BertForSequenceClassification model).
2026-09-20 14:33:44,116 Loaded weights from checkpoint: data/logs/checkpoints/release_r2r/ckpt.iter12000.pth, iteration: 12000
2026-09-20 14:33:44,131 Agent parameters: 299.14 MB. Trainable: 140.79 MB.
2026-09-20 14:33:44,131 Finished setting up policy.
local rank: 0 | dataset length: 15

Initalizing the ETP model ...
  0%|          | 0/15 [00:00<?, ?it/s]  7%|▋         | 1/15 [00:03<00:54,  3.90s/it] 13%|█▎        | 2/15 [00:05<00:33,  2.55s/it] 20%|██        | 3/15 [00:09<00:36,  3.07s/it] 27%|██▋       | 4/15 [00:10<00:27,  2.50s/it] 33%|███▎      | 5/15 [00:15<00:31,  3.12s/it] 40%|████      | 6/15 [00:16<00:23,  2.61s/it] 47%|████▋     | 7/15 [00:22<00:29,  3.73s/it] 53%|█████▎    | 8/15 [00:25<00:24,  3.56s/it] 60%|██████    | 9/15 [00:28<00:18,  3.13s/it] 67%|██████▋   | 10/15 [00:30<00:15,  3.01s/it] 73%|███████▎  | 11/15 [00:33<00:11,  2.76s/it] 80%|████████  | 12/15 [00:35<00:07,  2.59s/it] 87%|████████▋ | 13/15 [00:41<00:07,  3.64s/it] 93%|█████████▎| 14/15 [00:42<00:03,  3.04s/it]100%|██████████| 15/15 [00:48<00:00,  3.95s/it]I0920 14:34:33.117702 498005 PhysicsManager.cpp:33] Deconstructing PhysicsManager
I0920 14:34:33.117722 498005 SemanticScene.h:41] Deconstructing SemanticScene
I0920 14:34:33.118758 498005 SceneManager.h:25] Deconstructing SceneManager
I0920 14:34:33.118768 498005 SceneGraph.h:26] Deconstructing SceneGraph
I0920 14:34:33.118990 498005 Sensor.h:87] Deconstructing Sensor
I0920 14:34:33.119143 498005 Sensor.h:87] Deconstructing Sensor
I0920 14:34:33.119232 498005 Sensor.h:87] Deconstructing Sensor
I0920 14:34:33.119313 498005 Sensor.h:87] Deconstructing Sensor
I0920 14:34:33.119397 498005 Sensor.h:87] Deconstructing Sensor
I0920 14:34:33.119493 498005 Sensor.h:87] Deconstructing Sensor
I0920 14:34:33.119585 498005 Sensor.h:87] Deconstructing Sensor
I0920 14:34:33.119675 498005 Sensor.h:87] Deconstructing Sensor
I0920 14:34:33.119766 498005 Sensor.h:87] Deconstructing Sensor
I0920 14:34:33.119846 498005 Sensor.h:87] Deconstructing Sensor
I0920 14:34:33.119930 498005 Sensor.h:87] Deconstructing Sensor
I0920 14:34:33.120011 498005 Sensor.h:87] Deconstructing Sensor
I0920 14:34:33.120112 498005 Sensor.h:87] Deconstructing Sensor
I0920 14:34:33.120226 498005 Sensor.h:87] Deconstructing Sensor
I0920 14:34:33.120326 498005 Sensor.h:87] Deconstructing Sensor
I0920 14:34:33.120425 498005 Sensor.h:87] Deconstructing Sensor
I0920 14:34:33.120524 498005 Sensor.h:87] Deconstructing Sensor
I0920 14:34:33.120628 498005 Sensor.h:87] Deconstructing Sensor
I0920 14:34:33.120728 498005 Sensor.h:87] Deconstructing Sensor
I0920 14:34:33.120832 498005 Sensor.h:87] Deconstructing Sensor
I0920 14:34:33.120930 498005 Sensor.h:87] Deconstructing Sensor
I0920 14:34:33.121029 498005 Sensor.h:87] Deconstructing Sensor
I0920 14:34:33.121130 498005 Sensor.h:87] Deconstructing Sensor
I0920 14:34:33.121194 498005 Sensor.h:87] Deconstructing Sensor
I0920 14:34:33.122562 498005 Renderer.cpp:34] Deconstructing Renderer
I0920 14:34:33.122574 498005 WindowlessContext.h:17] Deconstructing WindowlessContext
I0920 14:34:33.124603 498005 Simulator.cpp:49] Deconstructing Simulator
2026-09-20 14:34:33,126 Episodes evaluated: 15
2026-09-20 14:34:33,126 Average episode steps_taken: 146.200000
2026-09-20 14:34:33,126 Average episode distance_to_goal: 6.293886
2026-09-20 14:34:33,126 Average episode success: 0.333333
2026-09-20 14:34:33,126 Average episode oracle_success: 0.400000
2026-09-20 14:34:33,126 Average episode path_length: 20.789250
2026-09-20 14:34:33,126 Average episode collisions: 0.032998
2026-09-20 14:34:33,126 Average episode spl: 0.131111
2026-09-20 14:34:33,126 Average episode ndtw: 0.434602
2026-09-20 14:34:33,126 Average episode sdtw: 0.121934
2026-09-20 14:34:33,126 Average episode ghost_cnt: 81.933333
2026-09-20 14:34:33,126 Average episode tour_idx: 7.000000
2026-09-20 14:34:33,126 Average episode g_nodes_total: 45.533333
2026-09-20 14:34:33,127 Average episode g_ghosts_total: 44.400000
2026-09-20 14:34:33,127 Average episode g_active_mean: 13.901082
2026-09-20 14:34:33,127 Average episode g_old_visible_mean: 10.401082
2026-09-20 14:34:33,127 Average episode g_comp_mean: 25.664214
2026-09-20 14:34:33,127 Average episode g_ghosts_visible_mean: 15.399019
2026-09-20 14:34:33,127 Average episode g_reloc_mean: 0.870534
2026-09-20 14:34:33,127 Average episode g_old_visible_max: 12.133333
2026-09-20 14:34:33,127 Average episode g_start_reloc: 1.200000
2026-09-20 14:34:33,127 Average episode g_start_comp: 21.066667
2026-09-20 14:34:33,127 Average episode g_stop_no_vp_left: 0.000000
100%|██████████| 15/15 [00:48<00:00,  3.27s/it]
[guard] finished rc=0 in 109s | peak footprint vs baseline: RAM +6445MiB, VRAM +2702MiB
