[guard] avail RAM 16G | GPU used 81MiB, compute procs 0 | load 1
[guard] hard caps on: RAM<=9G (no swap), CPU<=300%
2026-09-29 14:41:08,341 checkpoint_path: data/logs/checkpoints/release_r2r/ckpt.iter12000.pth
2026-09-29 14:41:08,341 Initializing dataset VLN-CE-v1
2026-09-29 14:41:08,362 SPLTI: tour_zsNo4H_n15_s2_o0, NUMBER OF SCENES: 1
2026-09-29 14:41:11,296 Initializing dataset VLN-CE-v1
2026-09-29 14:41:11,317 initializing sim Sim-v1
WARNING: Logging before InitGoogleLogging() is written to STDERR
I0929 14:41:11.322340 25977 ManagedContainerBase.cpp:19] ManagedContainerBase::convertFilenameToJSON : Filename : default changed to proposed JSON configuration filename : default.scene_dataset_config.json
I0929 14:41:11.322365 25977 AttributesManagerBase.h:283] AttributesManager<T>::createFromJsonOrDefaultInternal  (Dataset) : Proposing JSON name : default.scene_dataset_config.json from original name : default | This file  does not exist.
I0929 14:41:11.322405 25977 AssetAttributesManager.cpp:117] Asset attributes (capsule3DSolid : capsule3DSolid_hemiRings_4_cylRings_1_segments_12_halfLen_0.75_useTexCoords_false_useTangents_false) created and registered.
I0929 14:41:11.322422 25977 AssetAttributesManager.cpp:117] Asset attributes (capsule3DWireframe : capsule3DWireframe_hemiRings_8_cylRings_1_segments_16_halfLen_1) created and registered.
I0929 14:41:11.322436 25977 AssetAttributesManager.cpp:117] Asset attributes (coneSolid : coneSolid_segments_12_halfLen_1.25_rings_1_useTexCoords_false_useTangents_false_capEnd_true) created and registered.
I0929 14:41:11.322445 25977 AssetAttributesManager.cpp:117] Asset attributes (coneWireframe : coneWireframe_segments_32_halfLen_1.25) created and registered.
I0929 14:41:11.322450 25977 AssetAttributesManager.cpp:117] Asset attributes (cubeSolid : cubeSolid) created and registered.
I0929 14:41:11.322454 25977 AssetAttributesManager.cpp:117] Asset attributes (cubeWireframe : cubeWireframe) created and registered.
I0929 14:41:11.322468 25977 AssetAttributesManager.cpp:117] Asset attributes (cylinderSolid : cylinderSolid_rings_1_segments_12_halfLen_1_useTexCoords_false_useTangents_false_capEnds_true) created and registered.
I0929 14:41:11.322479 25977 AssetAttributesManager.cpp:117] Asset attributes (cylinderWireframe : cylinderWireframe_rings_1_segments_32_halfLen_1) created and registered.
I0929 14:41:11.322484 25977 AssetAttributesManager.cpp:117] Asset attributes (icosphereSolid : icosphereSolid_subdivs_1) created and registered.
I0929 14:41:11.322490 25977 AssetAttributesManager.cpp:117] Asset attributes (icosphereWireframe : icosphereWireframe_subdivs_1) created and registered.
I0929 14:41:11.322499 25977 AssetAttributesManager.cpp:117] Asset attributes (uvSphereSolid : uvSphereSolid_rings_8_segments_16_useTexCoords_false_useTangents_false) created and registered.
I0929 14:41:11.322506 25977 AssetAttributesManager.cpp:117] Asset attributes (uvSphereWireframe : uvSphereWireframe_rings_16_segments_32) created and registered.
I0929 14:41:11.322510 25977 AssetAttributesManager.cpp:105] AssetAttributesManager::buildCtorFuncPtrMaps : Built default primitive asset templates : 12
I0929 14:41:11.322777 25977 SceneDatasetAttributesManager.cpp:23] File (default) not found, so new default dataset attributes created and registered.
I0929 14:41:11.322780 25977 MetadataMediator.cpp:47] MetadataMediator::createDataset : Dataset default successfully created.
I0929 14:41:11.324769 25977 AttributesManagerBase.h:283] AttributesManager<T>::createFromJsonOrDefaultInternal  (Physics Manager) : Proposing JSON name : ./data/default.physics_config.json from original name : ./data/default.physics_config.json | This file  does not exist.
I0929 14:41:11.324779 25977 PhysicsAttributesManager.cpp:27] File (./data/default.physics_config.json) not found, so new default physics manager attributes created and registered.
I0929 14:41:11.324782 25977 AbstractObjectAttributesManagerBase.h:175] AbstractObjectAttributesManager<T>::createObject  (Stage) : Making attributes with handle : data/scene_datasets/mp3d/zsNo4HB9uLZ/zsNo4HB9uLZ.glb
I0929 14:41:11.324791 25977 ManagedContainerBase.cpp:19] ManagedContainerBase::convertFilenameToJSON : Filename : data/scene_datasets/mp3d/zsNo4HB9uLZ/zsNo4HB9uLZ.glb changed to proposed JSON configuration filename : data/scene_datasets/mp3d/zsNo4HB9uLZ/zsNo4HB9uLZ.stage_config.json
I0929 14:41:11.324796 25977 AttributesManagerBase.h:283] AttributesManager<T>::createFromJsonOrDefaultInternal  (Stage) : Proposing JSON name : data/scene_datasets/mp3d/zsNo4HB9uLZ/zsNo4HB9uLZ.stage_config.json from original name : data/scene_datasets/mp3d/zsNo4HB9uLZ/zsNo4HB9uLZ.glb | This file  does not exist.
I0929 14:41:11.324826 25977 AbstractObjectAttributesManagerBase.h:181] AbstractObjectAttributesManager<T>::createObject  (Stage) : Done making attributes with handle : data/scene_datasets/mp3d/zsNo4HB9uLZ/zsNo4HB9uLZ.glb
I0929 14:41:11.324826 25977 AbstractObjectAttributesManagerBase.h:188] File (data/scene_datasets/mp3d/zsNo4HB9uLZ/zsNo4HB9uLZ.glb) exists but is not a recognized config filename extension, so new default Stage attributes created and registered.
I0929 14:41:11.324829 25977 Simulator.cpp:156] Loading navmesh from data/scene_datasets/mp3d/zsNo4HB9uLZ/zsNo4HB9uLZ.navmesh
I0929 14:41:11.324884 25977 Simulator.cpp:158] Loaded.
I0929 14:41:11.324890 25977 SceneGraph.h:93] Created DrawableGroup: 
Renderer: NVIDIA T1000 8GB/PCIe/SSE2 by NVIDIA Corporation
OpenGL version: 4.6.0 NVIDIA 590.48.01
Using optional features:
    GL_ARB_ES2_compatibility
    GL_ARB_direct_state_access
    GL_ARB_get_texture_sub_image
    GL_ARB_invalidate_subdata
    GL_ARB_multi_bind
    GL_ARB_robustness
    GL_ARB_separate_shader_objects
    GL_ARB_texture_filter_anisotropic
    GL_ARB_texture_storage
    GL_ARB_texture_storage_multisample
    GL_ARB_vertex_array_object
    GL_KHR_debug
Using driver workarounds:
    no-forward-compatible-core-context
    nv-egl-incorrect-gl11-function-pointers
    no-layout-qualifiers-on-old-glsl
    nv-zero-context-profile-mask
    nv-implementation-color-read-format-dsa-broken
    nv-cubemap-inconsistent-compressed-image-size
    nv-cubemap-broken-full-compressed-image-query
    nv-compressed-block-size-in-bits
I0929 14:41:11.410348 25977 ResourceManager.cpp:234] ResourceManager::loadStage : Not loading semantic mesh
I0929 14:41:11.410355 25977 ResourceManager.cpp:262] ResourceManager::loadStage : start load render asset data/scene_datasets/mp3d/zsNo4HB9uLZ/zsNo4HB9uLZ.glb.
I0929 14:41:11.410357 25977 ResourceManager.cpp:569] ResourceManager::loadStageInternal : Attempting to load stage data/scene_datasets/mp3d/zsNo4HB9uLZ/zsNo4HB9uLZ.glb 
I0929 14:41:11.410367 25977 ResourceManager.cpp:1119] Importing Basis files as BC7 for zsNo4HB9uLZ.glb
W0929 14:41:12.289286 25977 Simulator.cpp:248] :
---
 The active scene does not contain semantic annotations. 
---
I0929 14:41:12.329454 25977 simulator.py:213] Loaded navmesh data/scene_datasets/mp3d/zsNo4HB9uLZ/zsNo4HB9uLZ.navmesh
2026-09-29 14:41:12,333 Initializing task VLN-v0
You are using a model of type bert to instantiate a model of type . This is not supported for all configurations of models and can yield errors.
Some weights of the model checkpoint at None were not used when initializing GlocalTextPathNavCMT: ['bert.global_encoder.encoder.x_layers.2.lang_self_att.output.LayerNorm.bias', 'bert.global_encoder.encoder.x_layers.1.lang_self_att.output.LayerNorm.weight', 'bert.global_encoder.encoder.x_layers.2.lang_self_att.self.query.bias', 'mlm_head.predictions.bias', 'bert.global_encoder.encoder.x_layers.3.lang_self_att.self.query.bias', 'mlm_head.predictions.transform.dense.bias', 'bert.global_encoder.encoder.x_layers.2.lang_self_att.output.dense.weight', 'bert.global_encoder.encoder.x_layers.0.lang_self_att.self.value.weight', 'bert.global_encoder.encoder.x_layers.0.lang_self_att.self.key.bias', 'bert.global_encoder.encoder.x_layers.2.lang_output.LayerNorm.weight', 'bert.global_encoder.encoder.x_layers.0.lang_self_att.output.dense.weight', 'bert.global_encoder.encoder.x_layers.1.lang_self_att.self.key.weight', 'bert.global_encoder.encoder.x_layers.0.lang_inter.dense.bias', 'bert.global_encoder.encoder.x_layers.1.lang_self_att.output.dense.bias', 'bert.global_encoder.encoder.x_layers.0.lang_self_att.self.key.weight', 'bert.global_encoder.encoder.x_layers.2.lang_self_att.output.LayerNorm.weight', 'bert.global_encoder.encoder.x_layers.2.lang_self_att.self.value.weight', 'bert.global_encoder.encoder.x_layers.1.lang_inter.dense.bias', 'bert.global_encoder.encoder.x_layers.2.lang_output.dense.weight', 'bert.global_encoder.encoder.x_layers.3.lang_output.LayerNorm.bias', 'bert.global_encoder.encoder.x_layers.0.lang_output.dense.weight', 'bert.global_encoder.encoder.x_layers.0.lang_output.LayerNorm.bias', 'bert.global_encoder.encoder.x_layers.3.lang_self_att.self.value.bias', 'bert.global_encoder.encoder.x_layers.3.lang_self_att.output.dense.bias', 'bert.global_encoder.encoder.x_layers.1.lang_self_att.output.dense.weight', 'bert.global_encoder.encoder.x_layers.1.lang_self_att.self.query.bias', 'bert.global_encoder.encoder.x_layers.2.lang_self_att.output.dense.bias', 'bert.global_encoder.encoder.x_layers.3.lang_self_att.self.value.weight', 'bert.global_encoder.encoder.x_layers.1.lang_self_att.output.LayerNorm.bias', 'bert.global_encoder.encoder.x_layers.3.lang_inter.dense.weight', 'bert.global_encoder.encoder.x_layers.0.lang_inter.dense.weight', 'bert.global_encoder.encoder.x_layers.0.lang_output.LayerNorm.weight', 'bert.global_encoder.encoder.x_layers.3.lang_self_att.self.key.weight', 'bert.global_encoder.encoder.x_layers.3.lang_self_att.self.key.bias', 'mlm_head.predictions.decoder.weight', 'bert.global_encoder.encoder.x_layers.2.lang_self_att.self.key.weight', 'bert.global_encoder.encoder.x_layers.2.lang_self_att.self.key.bias', 'bert.global_encoder.encoder.x_layers.3.lang_self_att.self.query.weight', 'bert.global_encoder.encoder.x_layers.0.lang_self_att.output.dense.bias', 'bert.global_encoder.encoder.x_layers.3.lang_self_att.output.LayerNorm.bias', 'bert.global_encoder.encoder.x_layers.3.lang_inter.dense.bias', 'mlm_head.predictions.transform.LayerNorm.bias', 'bert.global_encoder.encoder.x_layers.0.lang_output.dense.bias', 'bert.global_encoder.encoder.x_layers.3.lang_self_att.output.LayerNorm.weight', 'bert.global_encoder.encoder.x_layers.2.lang_self_att.self.query.weight', 'bert.global_encoder.encoder.x_layers.1.lang_output.dense.bias', 'mlm_head.predictions.transform.LayerNorm.weight', 'bert.global_encoder.encoder.x_layers.1.lang_self_att.self.query.weight', 'bert.global_encoder.encoder.x_layers.1.lang_output.LayerNorm.weight', 'bert.global_encoder.encoder.x_layers.1.lang_output.LayerNorm.bias', 'bert.global_encoder.encoder.x_layers.3.lang_output.dense.bias', 'bert.global_encoder.encoder.x_layers.3.lang_self_att.output.dense.weight', 'bert.global_encoder.encoder.x_layers.0.lang_self_att.self.value.bias', 'bert.global_encoder.encoder.x_layers.2.lang_self_att.self.value.bias', 'bert.global_encoder.encoder.x_layers.2.lang_output.dense.bias', 'bert.global_encoder.encoder.x_layers.1.lang_self_att.self.value.weight', 'bert.global_encoder.encoder.x_layers.0.lang_self_att.output.LayerNorm.weight', 'bert.global_encoder.encoder.x_layers.2.lang_output.LayerNorm.bias', 'bert.global_encoder.encoder.x_layers.0.lang_self_att.self.query.bias', 'bert.global_encoder.encoder.x_layers.3.lang_output.LayerNorm.weight', 'bert.global_encoder.encoder.x_layers.0.lang_self_att.self.query.weight', 'bert.global_encoder.encoder.x_layers.1.lang_self_att.self.value.bias', 'bert.global_encoder.encoder.x_layers.1.lang_inter.dense.weight', 'bert.global_encoder.encoder.x_layers.2.lang_inter.dense.bias', 'bert.global_encoder.encoder.x_layers.2.lang_inter.dense.weight', 'bert.global_encoder.encoder.x_layers.0.lang_self_att.output.LayerNorm.bias', 'bert.global_encoder.encoder.x_layers.3.lang_output.dense.weight', 'mlm_head.predictions.transform.dense.weight', 'bert.global_encoder.encoder.x_layers.1.lang_output.dense.weight', 'bert.global_encoder.encoder.x_layers.1.lang_self_att.self.key.bias']
- This IS expected if you are initializing GlocalTextPathNavCMT from the checkpoint of a model trained on another task or with another architecture (e.g. initializing a BertForSequenceClassification model from a BertForPreTraining model).
- This IS NOT expected if you are initializing GlocalTextPathNavCMT from the checkpoint of a model that you expect to be exactly identical (initializing a BertForSequenceClassification model from a BertForSequenceClassification model).
2026-09-29 14:41:17,265 Loaded weights from checkpoint: data/logs/checkpoints/release_r2r/ckpt.iter12000.pth, iteration: 12000
2026-09-29 14:41:17,267 Agent parameters: 299.14 MB. Trainable: 140.79 MB.
2026-09-29 14:41:17,267 Finished setting up policy.
local rank: 0 | dataset length: 15

Initalizing the ETP model ...
  0%|          | 0/15 [00:00<?, ?it/s]  7%|▋         | 1/15 [00:05<01:16,  5.43s/it] 13%|█▎        | 2/15 [00:10<01:10,  5.42s/it] 20%|██        | 3/15 [00:16<01:04,  5.40s/it] 27%|██▋       | 4/15 [00:18<00:46,  4.20s/it] 33%|███▎      | 5/15 [00:25<00:51,  5.18s/it] 40%|████      | 6/15 [00:27<00:37,  4.22s/it] 47%|████▋     | 7/15 [00:34<00:39,  4.88s/it] 53%|█████▎    | 8/15 [00:38<00:33,  4.80s/it] 60%|██████    | 9/15 [00:43<00:28,  4.75s/it] 67%|██████▋   | 10/15 [00:51<00:29,  5.91s/it] 73%|███████▎  | 11/15 [00:56<00:22,  5.53s/it] 80%|████████  | 12/15 [01:00<00:15,  5.03s/it] 87%|████████▋ | 13/15 [01:10<00:13,  6.57s/it] 93%|█████████▎| 14/15 [01:13<00:05,  5.54s/it]100%|██████████| 15/15 [01:18<00:00,  5.28s/it]I0929 14:42:35.663853 25977 PhysicsManager.cpp:33] Deconstructing PhysicsManager
I0929 14:42:35.663877 25977 SemanticScene.h:41] Deconstructing SemanticScene
I0929 14:42:35.665226 25977 SceneManager.h:25] Deconstructing SceneManager
I0929 14:42:35.665234 25977 SceneGraph.h:26] Deconstructing SceneGraph
I0929 14:42:35.665455 25977 Sensor.h:87] Deconstructing Sensor
I0929 14:42:35.665627 25977 Sensor.h:87] Deconstructing Sensor
I0929 14:42:35.665723 25977 Sensor.h:87] Deconstructing Sensor
I0929 14:42:35.665818 25977 Sensor.h:87] Deconstructing Sensor
I0929 14:42:35.665905 25977 Sensor.h:87] Deconstructing Sensor
I0929 14:42:35.665992 25977 Sensor.h:87] Deconstructing Sensor
I0929 14:42:35.666076 25977 Sensor.h:87] Deconstructing Sensor
I0929 14:42:35.666160 25977 Sensor.h:87] Deconstructing Sensor
I0929 14:42:35.666242 25977 Sensor.h:87] Deconstructing Sensor
I0929 14:42:35.666326 25977 Sensor.h:87] Deconstructing Sensor
I0929 14:42:35.666410 25977 Sensor.h:87] Deconstructing Sensor
I0929 14:42:35.666495 25977 Sensor.h:87] Deconstructing Sensor
I0929 14:42:35.666579 25977 Sensor.h:87] Deconstructing Sensor
I0929 14:42:35.666684 25977 Sensor.h:87] Deconstructing Sensor
I0929 14:42:35.666792 25977 Sensor.h:87] Deconstructing Sensor
I0929 14:42:35.666898 25977 Sensor.h:87] Deconstructing Sensor
I0929 14:42:35.667001 25977 Sensor.h:87] Deconstructing Sensor
I0929 14:42:35.667109 25977 Sensor.h:87] Deconstructing Sensor
I0929 14:42:35.667212 25977 Sensor.h:87] Deconstructing Sensor
I0929 14:42:35.667318 25977 Sensor.h:87] Deconstructing Sensor
I0929 14:42:35.667421 25977 Sensor.h:87] Deconstructing Sensor
I0929 14:42:35.667531 25977 Sensor.h:87] Deconstructing Sensor
I0929 14:42:35.667631 25977 Sensor.h:87] Deconstructing Sensor
I0929 14:42:35.667697 25977 Sensor.h:87] Deconstructing Sensor
I0929 14:42:35.669423 25977 Renderer.cpp:34] Deconstructing Renderer
I0929 14:42:35.669435 25977 WindowlessContext.h:17] Deconstructing WindowlessContext
I0929 14:42:35.671823 25977 Simulator.cpp:49] Deconstructing Simulator
2026-09-29 14:42:35,672 Episodes evaluated: 15
2026-09-29 14:42:35,673 Average episode steps_taken: 68.466667
2026-09-29 14:42:35,673 Average episode distance_to_goal: 5.134036
2026-09-29 14:42:35,673 Average episode success: 0.333333
2026-09-29 14:42:35,673 Average episode oracle_success: 0.400000
2026-09-29 14:42:35,673 Average episode path_length: 9.910535
2026-09-29 14:42:35,673 Average episode collisions: 0.045911
2026-09-29 14:42:35,673 Average episode spl: 0.268871
2026-09-29 14:42:35,673 Average episode ndtw: 0.620431
2026-09-29 14:42:35,673 Average episode sdtw: 0.278761
2026-09-29 14:42:35,673 Average episode ghost_cnt: 141.200000
2026-09-29 14:42:35,673 Average episode tour_idx: 7.000000
2026-09-29 14:42:35,673 Average episode g_nodes_total: 52.666667
2026-09-29 14:42:35,673 Average episode g_ghosts_total: 123.733333
2026-09-29 14:42:35,674 Average episode g_active_mean: 15.295566
2026-09-29 14:42:35,674 Average episode g_old_visible_mean: 11.428899
2026-09-29 14:42:35,674 Average episode g_comp_mean: 39.590909
2026-09-29 14:42:35,674 Average episode g_ghosts_visible_mean: 15.135967
2026-09-29 14:42:35,674 Average episode g_reloc_mean: 1.783821
2026-09-29 14:42:35,674 Average episode g_old_visible_max: 14.400000
2026-09-29 14:42:35,674 Average episode g_start_reloc: 1.533333
2026-09-29 14:42:35,674 Average episode g_start_comp: 34.200000
2026-09-29 14:42:35,674 Average episode g_stop_no_vp_left: 0.000000
100%|██████████| 15/15 [01:18<00:00,  5.23s/it]
[guard] finished rc=0 in 90s | peak footprint vs baseline: RAM +5354MiB, VRAM +2677MiB
