[guard] avail RAM 16G | GPU used 81MiB, compute procs 0 | load 1
[guard] hard caps on: RAM<=9G (no swap), CPU<=300%
2026-09-29 14:47:25,278 checkpoint_path: data/logs/checkpoints/release_r2r/ckpt.iter12000.pth
2026-09-29 14:47:25,278 Initializing dataset VLN-CE-v1
2026-09-29 14:47:25,300 SPLTI: tour_zsNo4H_n15_s0_o0, NUMBER OF SCENES: 1
2026-09-29 14:47:27,265 Initializing dataset VLN-CE-v1
2026-09-29 14:47:27,286 initializing sim Sim-v1
WARNING: Logging before InitGoogleLogging() is written to STDERR
I0929 14:47:27.290926 28880 ManagedContainerBase.cpp:19] ManagedContainerBase::convertFilenameToJSON : Filename : default changed to proposed JSON configuration filename : default.scene_dataset_config.json
I0929 14:47:27.290948 28880 AttributesManagerBase.h:283] AttributesManager<T>::createFromJsonOrDefaultInternal  (Dataset) : Proposing JSON name : default.scene_dataset_config.json from original name : default | This file  does not exist.
I0929 14:47:27.290988 28880 AssetAttributesManager.cpp:117] Asset attributes (capsule3DSolid : capsule3DSolid_hemiRings_4_cylRings_1_segments_12_halfLen_0.75_useTexCoords_false_useTangents_false) created and registered.
I0929 14:47:27.291004 28880 AssetAttributesManager.cpp:117] Asset attributes (capsule3DWireframe : capsule3DWireframe_hemiRings_8_cylRings_1_segments_16_halfLen_1) created and registered.
I0929 14:47:27.291025 28880 AssetAttributesManager.cpp:117] Asset attributes (coneSolid : coneSolid_segments_12_halfLen_1.25_rings_1_useTexCoords_false_useTangents_false_capEnd_true) created and registered.
I0929 14:47:27.291035 28880 AssetAttributesManager.cpp:117] Asset attributes (coneWireframe : coneWireframe_segments_32_halfLen_1.25) created and registered.
I0929 14:47:27.291040 28880 AssetAttributesManager.cpp:117] Asset attributes (cubeSolid : cubeSolid) created and registered.
I0929 14:47:27.291044 28880 AssetAttributesManager.cpp:117] Asset attributes (cubeWireframe : cubeWireframe) created and registered.
I0929 14:47:27.291059 28880 AssetAttributesManager.cpp:117] Asset attributes (cylinderSolid : cylinderSolid_rings_1_segments_12_halfLen_1_useTexCoords_false_useTangents_false_capEnds_true) created and registered.
I0929 14:47:27.291069 28880 AssetAttributesManager.cpp:117] Asset attributes (cylinderWireframe : cylinderWireframe_rings_1_segments_32_halfLen_1) created and registered.
I0929 14:47:27.291075 28880 AssetAttributesManager.cpp:117] Asset attributes (icosphereSolid : icosphereSolid_subdivs_1) created and registered.
I0929 14:47:27.291080 28880 AssetAttributesManager.cpp:117] Asset attributes (icosphereWireframe : icosphereWireframe_subdivs_1) created and registered.
I0929 14:47:27.291088 28880 AssetAttributesManager.cpp:117] Asset attributes (uvSphereSolid : uvSphereSolid_rings_8_segments_16_useTexCoords_false_useTangents_false) created and registered.
I0929 14:47:27.291096 28880 AssetAttributesManager.cpp:117] Asset attributes (uvSphereWireframe : uvSphereWireframe_rings_16_segments_32) created and registered.
I0929 14:47:27.291100 28880 AssetAttributesManager.cpp:105] AssetAttributesManager::buildCtorFuncPtrMaps : Built default primitive asset templates : 12
I0929 14:47:27.291366 28880 SceneDatasetAttributesManager.cpp:23] File (default) not found, so new default dataset attributes created and registered.
I0929 14:47:27.291368 28880 MetadataMediator.cpp:47] MetadataMediator::createDataset : Dataset default successfully created.
I0929 14:47:27.293401 28880 AttributesManagerBase.h:283] AttributesManager<T>::createFromJsonOrDefaultInternal  (Physics Manager) : Proposing JSON name : ./data/default.physics_config.json from original name : ./data/default.physics_config.json | This file  does not exist.
I0929 14:47:27.293412 28880 PhysicsAttributesManager.cpp:27] File (./data/default.physics_config.json) not found, so new default physics manager attributes created and registered.
I0929 14:47:27.293414 28880 AbstractObjectAttributesManagerBase.h:175] AbstractObjectAttributesManager<T>::createObject  (Stage) : Making attributes with handle : data/scene_datasets/mp3d/zsNo4HB9uLZ/zsNo4HB9uLZ.glb
I0929 14:47:27.293424 28880 ManagedContainerBase.cpp:19] ManagedContainerBase::convertFilenameToJSON : Filename : data/scene_datasets/mp3d/zsNo4HB9uLZ/zsNo4HB9uLZ.glb changed to proposed JSON configuration filename : data/scene_datasets/mp3d/zsNo4HB9uLZ/zsNo4HB9uLZ.stage_config.json
I0929 14:47:27.293429 28880 AttributesManagerBase.h:283] AttributesManager<T>::createFromJsonOrDefaultInternal  (Stage) : Proposing JSON name : data/scene_datasets/mp3d/zsNo4HB9uLZ/zsNo4HB9uLZ.stage_config.json from original name : data/scene_datasets/mp3d/zsNo4HB9uLZ/zsNo4HB9uLZ.glb | This file  does not exist.
I0929 14:47:27.293460 28880 AbstractObjectAttributesManagerBase.h:181] AbstractObjectAttributesManager<T>::createObject  (Stage) : Done making attributes with handle : data/scene_datasets/mp3d/zsNo4HB9uLZ/zsNo4HB9uLZ.glb
I0929 14:47:27.293462 28880 AbstractObjectAttributesManagerBase.h:188] File (data/scene_datasets/mp3d/zsNo4HB9uLZ/zsNo4HB9uLZ.glb) exists but is not a recognized config filename extension, so new default Stage attributes created and registered.
I0929 14:47:27.293464 28880 Simulator.cpp:156] Loading navmesh from data/scene_datasets/mp3d/zsNo4HB9uLZ/zsNo4HB9uLZ.navmesh
I0929 14:47:27.293516 28880 Simulator.cpp:158] Loaded.
I0929 14:47:27.293522 28880 SceneGraph.h:93] Created DrawableGroup: 
Renderer: NVIDIA T1000 8GB/PCIe/SSE2 by NVIDIA Corporation
OpenGL version: 4.6.0 NVIDIA 590.48.01
Using optional features:
    GL_ARB_ES2_compatibility
    GL_ARB_direct_state_access
    GL_ARB_get_texture_sub_image
    GL_ARB_invalidate_subdata
    GL_ARB_multi_bind
    GL_ARB_robustness
    GL_ARB_separate_shader_objects
    GL_ARB_texture_filter_anisotropic
    GL_ARB_texture_storage
    GL_ARB_texture_storage_multisample
    GL_ARB_vertex_array_object
    GL_KHR_debug
Using driver workarounds:
    no-forward-compatible-core-context
    nv-egl-incorrect-gl11-function-pointers
    no-layout-qualifiers-on-old-glsl
    nv-zero-context-profile-mask
    nv-implementation-color-read-format-dsa-broken
    nv-cubemap-inconsistent-compressed-image-size
    nv-cubemap-broken-full-compressed-image-query
    nv-compressed-block-size-in-bits
I0929 14:47:27.381731 28880 ResourceManager.cpp:234] ResourceManager::loadStage : Not loading semantic mesh
I0929 14:47:27.381742 28880 ResourceManager.cpp:262] ResourceManager::loadStage : start load render asset data/scene_datasets/mp3d/zsNo4HB9uLZ/zsNo4HB9uLZ.glb.
I0929 14:47:27.381742 28880 ResourceManager.cpp:569] ResourceManager::loadStageInternal : Attempting to load stage data/scene_datasets/mp3d/zsNo4HB9uLZ/zsNo4HB9uLZ.glb 
I0929 14:47:27.381754 28880 ResourceManager.cpp:1119] Importing Basis files as BC7 for zsNo4HB9uLZ.glb
W0929 14:47:28.249481 28880 Simulator.cpp:248] :
---
 The active scene does not contain semantic annotations. 
---
I0929 14:47:28.288736 28880 simulator.py:213] Loaded navmesh data/scene_datasets/mp3d/zsNo4HB9uLZ/zsNo4HB9uLZ.navmesh
2026-09-29 14:47:28,292 Initializing task VLN-v0
You are using a model of type bert to instantiate a model of type . This is not supported for all configurations of models and can yield errors.
Some weights of the model checkpoint at None were not used when initializing GlocalTextPathNavCMT: ['bert.global_encoder.encoder.x_layers.3.lang_output.dense.weight', 'bert.global_encoder.encoder.x_layers.2.lang_self_att.self.value.weight', 'mlm_head.predictions.transform.dense.weight', 'bert.global_encoder.encoder.x_layers.0.lang_self_att.self.query.bias', 'bert.global_encoder.encoder.x_layers.3.lang_self_att.output.LayerNorm.bias', 'bert.global_encoder.encoder.x_layers.2.lang_inter.dense.weight', 'bert.global_encoder.encoder.x_layers.1.lang_output.LayerNorm.bias', 'bert.global_encoder.encoder.x_layers.1.lang_self_att.self.query.weight', 'bert.global_encoder.encoder.x_layers.3.lang_self_att.self.value.weight', 'bert.global_encoder.encoder.x_layers.3.lang_self_att.self.key.weight', 'bert.global_encoder.encoder.x_layers.3.lang_output.dense.bias', 'bert.global_encoder.encoder.x_layers.1.lang_inter.dense.weight', 'bert.global_encoder.encoder.x_layers.1.lang_self_att.self.key.weight', 'bert.global_encoder.encoder.x_layers.1.lang_self_att.output.dense.weight', 'bert.global_encoder.encoder.x_layers.0.lang_self_att.self.key.bias', 'bert.global_encoder.encoder.x_layers.3.lang_output.LayerNorm.weight', 'bert.global_encoder.encoder.x_layers.1.lang_self_att.self.value.weight', 'bert.global_encoder.encoder.x_layers.2.lang_inter.dense.bias', 'bert.global_encoder.encoder.x_layers.3.lang_self_att.self.key.bias', 'bert.global_encoder.encoder.x_layers.3.lang_inter.dense.bias', 'bert.global_encoder.encoder.x_layers.2.lang_output.LayerNorm.bias', 'bert.global_encoder.encoder.x_layers.3.lang_inter.dense.weight', 'bert.global_encoder.encoder.x_layers.3.lang_self_att.self.value.bias', 'mlm_head.predictions.transform.LayerNorm.weight', 'bert.global_encoder.encoder.x_layers.3.lang_output.LayerNorm.bias', 'bert.global_encoder.encoder.x_layers.2.lang_self_att.output.dense.bias', 'bert.global_encoder.encoder.x_layers.0.lang_self_att.output.LayerNorm.bias', 'bert.global_encoder.encoder.x_layers.1.lang_self_att.self.query.bias', 'mlm_head.predictions.transform.dense.bias', 'bert.global_encoder.encoder.x_layers.0.lang_self_att.output.dense.weight', 'bert.global_encoder.encoder.x_layers.0.lang_self_att.self.key.weight', 'bert.global_encoder.encoder.x_layers.2.lang_output.dense.bias', 'bert.global_encoder.encoder.x_layers.1.lang_self_att.output.LayerNorm.bias', 'bert.global_encoder.encoder.x_layers.2.lang_self_att.self.query.bias', 'bert.global_encoder.encoder.x_layers.1.lang_self_att.output.LayerNorm.weight', 'bert.global_encoder.encoder.x_layers.2.lang_self_att.self.key.weight', 'bert.global_encoder.encoder.x_layers.1.lang_self_att.output.dense.bias', 'bert.global_encoder.encoder.x_layers.0.lang_self_att.self.value.bias', 'bert.global_encoder.encoder.x_layers.1.lang_output.LayerNorm.weight', 'bert.global_encoder.encoder.x_layers.0.lang_output.LayerNorm.weight', 'bert.global_encoder.encoder.x_layers.1.lang_inter.dense.bias', 'bert.global_encoder.encoder.x_layers.0.lang_output.dense.bias', 'bert.global_encoder.encoder.x_layers.2.lang_self_att.output.LayerNorm.weight', 'mlm_head.predictions.decoder.weight', 'bert.global_encoder.encoder.x_layers.2.lang_self_att.self.key.bias', 'mlm_head.predictions.transform.LayerNorm.bias', 'bert.global_encoder.encoder.x_layers.0.lang_self_att.self.query.weight', 'bert.global_encoder.encoder.x_layers.3.lang_self_att.self.query.weight', 'bert.global_encoder.encoder.x_layers.2.lang_self_att.output.LayerNorm.bias', 'mlm_head.predictions.bias', 'bert.global_encoder.encoder.x_layers.2.lang_output.LayerNorm.weight', 'bert.global_encoder.encoder.x_layers.2.lang_output.dense.weight', 'bert.global_encoder.encoder.x_layers.0.lang_output.dense.weight', 'bert.global_encoder.encoder.x_layers.3.lang_self_att.self.query.bias', 'bert.global_encoder.encoder.x_layers.1.lang_self_att.self.key.bias', 'bert.global_encoder.encoder.x_layers.2.lang_self_att.output.dense.weight', 'bert.global_encoder.encoder.x_layers.0.lang_inter.dense.bias', 'bert.global_encoder.encoder.x_layers.1.lang_output.dense.bias', 'bert.global_encoder.encoder.x_layers.1.lang_self_att.self.value.bias', 'bert.global_encoder.encoder.x_layers.2.lang_self_att.self.query.weight', 'bert.global_encoder.encoder.x_layers.3.lang_self_att.output.dense.bias', 'bert.global_encoder.encoder.x_layers.0.lang_self_att.self.value.weight', 'bert.global_encoder.encoder.x_layers.1.lang_output.dense.weight', 'bert.global_encoder.encoder.x_layers.3.lang_self_att.output.dense.weight', 'bert.global_encoder.encoder.x_layers.0.lang_self_att.output.dense.bias', 'bert.global_encoder.encoder.x_layers.0.lang_self_att.output.LayerNorm.weight', 'bert.global_encoder.encoder.x_layers.3.lang_self_att.output.LayerNorm.weight', 'bert.global_encoder.encoder.x_layers.2.lang_self_att.self.value.bias', 'bert.global_encoder.encoder.x_layers.0.lang_output.LayerNorm.bias', 'bert.global_encoder.encoder.x_layers.0.lang_inter.dense.weight']
- This IS expected if you are initializing GlocalTextPathNavCMT from the checkpoint of a model trained on another task or with another architecture (e.g. initializing a BertForSequenceClassification model from a BertForPreTraining model).
- This IS NOT expected if you are initializing GlocalTextPathNavCMT from the checkpoint of a model that you expect to be exactly identical (initializing a BertForSequenceClassification model from a BertForSequenceClassification model).
2026-09-29 14:47:33,234 Loaded weights from checkpoint: data/logs/checkpoints/release_r2r/ckpt.iter12000.pth, iteration: 12000
2026-09-29 14:47:33,236 Agent parameters: 299.14 MB. Trainable: 140.79 MB.
2026-09-29 14:47:33,236 Finished setting up policy.
local rank: 0 | dataset length: 15

Initalizing the ETP model ...
  0%|          | 0/15 [00:00<?, ?it/s]  7%|▋         | 1/15 [00:06<01:26,  6.20s/it] 13%|█▎        | 2/15 [00:13<01:31,  7.07s/it] 20%|██        | 3/15 [00:18<01:11,  5.96s/it] 27%|██▋       | 4/15 [00:20<00:49,  4.53s/it] 33%|███▎      | 5/15 [00:26<00:48,  4.86s/it] 40%|████      | 6/15 [00:31<00:45,  5.05s/it] 47%|████▋     | 7/15 [00:37<00:41,  5.18s/it] 53%|█████▎    | 8/15 [00:48<00:50,  7.19s/it] 60%|██████    | 9/15 [00:51<00:35,  5.92s/it] 67%|██████▋   | 10/15 [00:54<00:24,  4.82s/it] 73%|███████▎  | 11/15 [01:02<00:23,  5.95s/it] 80%|████████  | 12/15 [01:09<00:18,  6.28s/it] 87%|████████▋ | 13/15 [01:14<00:11,  5.79s/it] 93%|█████████▎| 14/15 [01:18<00:05,  5.23s/it]100%|██████████| 15/15 [01:22<00:00,  5.07s/it]I0929 14:48:56.233522 28880 PhysicsManager.cpp:33] Deconstructing PhysicsManager
I0929 14:48:56.233548 28880 SemanticScene.h:41] Deconstructing SemanticScene
I0929 14:48:56.235201 28880 SceneManager.h:25] Deconstructing SceneManager
I0929 14:48:56.235235 28880 SceneGraph.h:26] Deconstructing SceneGraph
I0929 14:48:56.235730 28880 Sensor.h:87] Deconstructing Sensor
I0929 14:48:56.235904 28880 Sensor.h:87] Deconstructing Sensor
I0929 14:48:56.236022 28880 Sensor.h:87] Deconstructing Sensor
I0929 14:48:56.236128 28880 Sensor.h:87] Deconstructing Sensor
I0929 14:48:56.236224 28880 Sensor.h:87] Deconstructing Sensor
I0929 14:48:56.236315 28880 Sensor.h:87] Deconstructing Sensor
I0929 14:48:56.236416 28880 Sensor.h:87] Deconstructing Sensor
I0929 14:48:56.236511 28880 Sensor.h:87] Deconstructing Sensor
I0929 14:48:56.236586 28880 Sensor.h:87] Deconstructing Sensor
I0929 14:48:56.236660 28880 Sensor.h:87] Deconstructing Sensor
I0929 14:48:56.236734 28880 Sensor.h:87] Deconstructing Sensor
I0929 14:48:56.236815 28880 Sensor.h:87] Deconstructing Sensor
I0929 14:48:56.236889 28880 Sensor.h:87] Deconstructing Sensor
I0929 14:48:56.236986 28880 Sensor.h:87] Deconstructing Sensor
I0929 14:48:56.237078 28880 Sensor.h:87] Deconstructing Sensor
I0929 14:48:56.237171 28880 Sensor.h:87] Deconstructing Sensor
I0929 14:48:56.237264 28880 Sensor.h:87] Deconstructing Sensor
I0929 14:48:56.237378 28880 Sensor.h:87] Deconstructing Sensor
I0929 14:48:56.237476 28880 Sensor.h:87] Deconstructing Sensor
I0929 14:48:56.237567 28880 Sensor.h:87] Deconstructing Sensor
I0929 14:48:56.237659 28880 Sensor.h:87] Deconstructing Sensor
I0929 14:48:56.237751 28880 Sensor.h:87] Deconstructing Sensor
I0929 14:48:56.237867 28880 Sensor.h:87] Deconstructing Sensor
I0929 14:48:56.237927 28880 Sensor.h:87] Deconstructing Sensor
I0929 14:48:56.239187 28880 Renderer.cpp:34] Deconstructing Renderer
I0929 14:48:56.239195 28880 WindowlessContext.h:17] Deconstructing WindowlessContext
I0929 14:48:56.241434 28880 Simulator.cpp:49] Deconstructing Simulator
2026-09-29 14:48:56,242 Episodes evaluated: 15
2026-09-29 14:48:56,242 Average episode steps_taken: 74.200000
2026-09-29 14:48:56,242 Average episode distance_to_goal: 6.500990
2026-09-29 14:48:56,242 Average episode success: 0.533333
2026-09-29 14:48:56,243 Average episode oracle_success: 0.533333
2026-09-29 14:48:56,243 Average episode path_length: 9.560955
2026-09-29 14:48:56,243 Average episode collisions: 0.616526
2026-09-29 14:48:56,243 Average episode spl: 0.510720
2026-09-29 14:48:56,243 Average episode ndtw: 0.564348
2026-09-29 14:48:56,243 Average episode sdtw: 0.463287
2026-09-29 14:48:56,243 Average episode ghost_cnt: 145.133333
2026-09-29 14:48:56,243 Average episode tour_idx: 7.000000
2026-09-29 14:48:56,243 Average episode g_nodes_total: 58.333333
2026-09-29 14:48:56,243 Average episode g_ghosts_total: 134.066667
2026-09-29 14:48:56,243 Average episode g_active_mean: 14.503583
2026-09-29 14:48:56,243 Average episode g_old_visible_mean: 10.436917
2026-09-29 14:48:56,243 Average episode g_comp_mean: 35.712698
2026-09-29 14:48:56,243 Average episode g_ghosts_visible_mean: 17.534353
2026-09-29 14:48:56,244 Average episode g_reloc_mean: 1.713699
2026-09-29 14:48:56,244 Average episode g_old_visible_max: 13.866667
2026-09-29 14:48:56,244 Average episode g_start_reloc: 0.733333
2026-09-29 14:48:56,244 Average episode g_start_comp: 13.800000
2026-09-29 14:48:56,244 Average episode g_stop_no_vp_left: 0.000000
100%|██████████| 15/15 [01:23<00:00,  5.53s/it]
[guard] finished rc=0 in 93s | peak footprint vs baseline: RAM +5265MiB, VRAM +2677MiB
